127.0.0.1 - - [25/Dec/2022:11:08:48 +0100] "GET / HTTP/1.1" 404 681
0:0:0:0:0:0:0:1 - - [25/Dec/2022:11:09:01 +0100] "GET /Veltri_GiftList/connection HTTP/1.1" 200 1366
0:0:0:0:0:0:0:1 - - [25/Dec/2022:11:09:01 +0100] "GET /Veltri_GiftList/IMG/background.jpg HTTP/1.1" 304 -
0:0:0:0:0:0:0:1 - - [25/Dec/2022:11:09:01 +0100] "GET /favicon.ico HTTP/1.1" 404 692
127.0.0.1 - - [25/Dec/2022:11:09:08 +0100] "POST /Veltri_GiftListAPI/api/user/login HTTP/1.1" 200 779
0:0:0:0:0:0:0:1 - - [25/Dec/2022:11:09:08 +0100] "POST /Veltri_GiftList/authentication HTTP/1.1" 200 2276
0:0:0:0:0:0:0:1 - - [25/Dec/2022:11:09:13 +0100] "GET /Veltri_GiftList/getInfoList?from=my&orderId=0 HTTP/1.1" 200 3792
0:0:0:0:0:0:0:1 - - [25/Dec/2022:11:09:13 +0100] "GET /Veltri_GiftList/IMG/pen.png HTTP/1.1" 304 -
0:0:0:0:0:0:0:1 - - [25/Dec/2022:11:20:39 +0100] "GET /Veltri_GiftList/getInfoList?from=my&orderId=1 HTTP/1.1" 200 3368
0:0:0:0:0:0:0:1 - - [25/Dec/2022:11:20:44 +0100] "GET /Veltri_GiftList/getInfoList?from=my&orderId=0 HTTP/1.1" 200 3792
127.0.0.1 - - [25/Dec/2022:14:38:39 +0100] "GET / HTTP/1.1" 404 681
0:0:0:0:0:0:0:1 - - [25/Dec/2022:14:38:45 +0100] "GET /Veltri_GiftList/con?from=my&orderId=0 HTTP/1.1" 404 704
0:0:0:0:0:0:0:1 - - [25/Dec/2022:14:38:52 +0100] "GET /Veltri_GiftList/connection HTTP/1.1" 200 1366
127.0.0.1 - - [25/Dec/2022:14:38:59 +0100] "POST /Veltri_GiftListAPI/api/user/login HTTP/1.1" 200 800
0:0:0:0:0:0:0:1 - - [25/Dec/2022:14:38:59 +0100] "POST /Veltri_GiftList/authentication HTTP/1.1" 200 1466
127.0.0.1 - - [25/Dec/2022:14:39:11 +0100] "POST /Veltri_GiftListAPI/api/user/login HTTP/1.1" 200 800
0:0:0:0:0:0:0:1 - - [25/Dec/2022:14:39:11 +0100] "POST /Veltri_GiftList/authentication HTTP/1.1" 200 1466
127.0.0.1 - - [25/Dec/2022:14:41:03 +0100] "POST /Veltri_GiftListAPI/api/user/login HTTP/1.1" 200 800
0:0:0:0:0:0:0:1 - - [25/Dec/2022:14:41:03 +0100] "POST /Veltri_GiftList/authentication HTTP/1.1" 200 1466
127.0.0.1 - - [25/Dec/2022:14:43:07 +0100] "POST /Veltri_GiftListAPI/api/user/login HTTP/1.1" 200 779
0:0:0:0:0:0:0:1 - - [25/Dec/2022:14:43:07 +0100] "POST /Veltri_GiftList/authentication HTTP/1.1" 200 2276
127.0.0.1 - - [25/Dec/2022:14:43:13 +0100] "POST /Veltri_GiftListAPI/api/giftList/find HTTP/1.1" 200 1273
0:0:0:0:0:0:0:1 - - [25/Dec/2022:14:43:13 +0100] "GET /Veltri_GiftList/getInfoList?from=my&orderId=0 HTTP/1.1" 200 -
127.0.0.1 - - [25/Dec/2022:14:44:46 +0100] "POST /Veltri_GiftListAPI/api/giftList/find HTTP/1.1" 200 1240
0:0:0:0:0:0:0:1 - - [25/Dec/2022:14:44:46 +0100] "GET /Veltri_GiftList/getInfoList?from=my&orderId=0 HTTP/1.1" 500 3673
127.0.0.1 - - [25/Dec/2022:14:45:48 +0100] "GET / HTTP/1.1" 404 681
127.0.0.1 - - [25/Dec/2022:14:45:53 +0100] "POST /Veltri_GiftListAPI/api/giftList/find HTTP/1.1" 200 1240
0:0:0:0:0:0:0:1 - - [25/Dec/2022:14:45:54 +0100] "GET /Veltri_GiftList/getInfoList?from=my&orderId=0 HTTP/1.1" 500 10316
127.0.0.1 - - [25/Dec/2022:14:46:51 +0100] "GET / HTTP/1.1" 404 681
127.0.0.1 - - [25/Dec/2022:14:46:55 +0100] "POST /Veltri_GiftListAPI/api/giftList/find HTTP/1.1" 200 1240
0:0:0:0:0:0:0:1 - - [25/Dec/2022:14:46:56 +0100] "GET /Veltri_GiftList/getInfoList?from=my&orderId=0 HTTP/1.1" 500 6388
0:0:0:0:0:0:0:1 - - [25/Dec/2022:14:47:05 +0100] "GET /Veltri_GiftList/connection HTTP/1.1" 200 1366
127.0.0.1 - - [25/Dec/2022:14:47:10 +0100] "POST /Veltri_GiftListAPI/api/user/login HTTP/1.1" 200 779
0:0:0:0:0:0:0:1 - - [25/Dec/2022:14:47:10 +0100] "POST /Veltri_GiftList/authentication HTTP/1.1" 200 2276
127.0.0.1 - - [25/Dec/2022:14:47:12 +0100] "POST /Veltri_GiftListAPI/api/giftList/find HTTP/1.1" 200 1240
0:0:0:0:0:0:0:1 - - [25/Dec/2022:14:47:12 +0100] "GET /Veltri_GiftList/getInfoList?from=my&orderId=0 HTTP/1.1" 500 6388
127.0.0.1 - - [25/Dec/2022:14:48:47 +0100] "GET / HTTP/1.1" 404 681
127.0.0.1 - - [25/Dec/2022:14:48:52 +0100] "POST /Veltri_GiftListAPI/api/giftList/find HTTP/1.1" 200 1240
0:0:0:0:0:0:0:1 - - [25/Dec/2022:14:48:54 +0100] "GET /Veltri_GiftList/getInfoList?from=my&orderId=0 HTTP/1.1" 200 4446
0:0:0:0:0:0:0:1 - - [25/Dec/2022:14:49:15 +0100] "GET /Veltri_GiftList/connection HTTP/1.1" 200 1366
127.0.0.1 - - [25/Dec/2022:14:49:21 +0100] "POST /Veltri_GiftListAPI/api/user/login HTTP/1.1" 200 779
0:0:0:0:0:0:0:1 - - [25/Dec/2022:14:49:21 +0100] "POST /Veltri_GiftList/authentication HTTP/1.1" 200 2276
127.0.0.1 - - [25/Dec/2022:14:49:24 +0100] "POST /Veltri_GiftListAPI/api/giftList/find HTTP/1.1" 200 1240
0:0:0:0:0:0:0:1 - - [25/Dec/2022:14:49:24 +0100] "GET /Veltri_GiftList/getInfoList?from=my&orderId=0 HTTP/1.1" 200 4446
0:0:0:0:0:0:0:1 - - [25/Dec/2022:14:49:44 +0100] "GET /Veltri_GiftList/home HTTP/1.1" 200 2276
127.0.0.1 - - [25/Dec/2022:14:49:46 +0100] "POST /Veltri_GiftListAPI/api/giftList/find HTTP/1.1" 200 1240
0:0:0:0:0:0:0:1 - - [25/Dec/2022:14:49:46 +0100] "GET /Veltri_GiftList/getInfoList?from=my&orderId=0 HTTP/1.1" 200 4446
127.0.0.1 - - [25/Dec/2022:14:51:22 +0100] "POST /Veltri_GiftListAPI/api/giftList/find HTTP/1.1" 200 1240
0:0:0:0:0:0:0:1 - - [25/Dec/2022:14:51:22 +0100] "GET /Veltri_GiftList/getInfoList?from=my&orderId=0 HTTP/1.1" 200 4487
127.0.0.1 - - [25/Dec/2022:14:51:46 +0100] "POST /Veltri_GiftListAPI/api/giftList/find HTTP/1.1" 200 1240
0:0:0:0:0:0:0:1 - - [25/Dec/2022:14:51:46 +0100] "GET /Veltri_GiftList/getInfoList?from=my&orderId=0 HTTP/1.1" 200 4473
127.0.0.1 - - [25/Dec/2022:14:51:54 +0100] "POST /Veltri_GiftListAPI/api/giftList/find HTTP/1.1" 200 1240
0:0:0:0:0:0:0:1 - - [25/Dec/2022:14:51:55 +0100] "GET /Veltri_GiftList/getInfoList?from=my&orderId=0 HTTP/1.1" 200 4487
127.0.0.1 - - [25/Dec/2022:14:57:27 +0100] "POST /Veltri_GiftListAPI/api/giftList/find HTTP/1.1" 204 -
0:0:0:0:0:0:0:1 - - [25/Dec/2022:14:57:27 +0100] "GET /Veltri_GiftList/getInfoList?from=my&orderId=0 HTTP/1.1" 200 -
0:0:0:0:0:0:0:1 - - [25/Dec/2022:14:57:41 +0100] "GET /Veltri_GiftList/connection HTTP/1.1" 200 1366
127.0.0.1 - - [25/Dec/2022:14:57:46 +0100] "POST /Veltri_GiftListAPI/api/user/login HTTP/1.1" 204 -
0:0:0:0:0:0:0:1 - - [25/Dec/2022:14:57:46 +0100] "POST /Veltri_GiftList/authentication HTTP/1.1" 200 1466
127.0.0.1 - - [25/Dec/2022:14:57:47 +0100] "POST /Veltri_GiftListAPI/api/user/login HTTP/1.1" 204 -
0:0:0:0:0:0:0:1 - - [25/Dec/2022:14:57:47 +0100] "POST /Veltri_GiftList/authentication HTTP/1.1" 200 1466
127.0.0.1 - - [25/Dec/2022:14:58:03 +0100] "GET / HTTP/1.1" 404 681
127.0.0.1 - - [25/Dec/2022:14:58:09 +0100] "POST /Veltri_GiftListAPI/api/user/login HTTP/1.1" 200 779
0:0:0:0:0:0:0:1 - - [25/Dec/2022:14:58:09 +0100] "POST /Veltri_GiftList/authentication HTTP/1.1" 200 2276
127.0.0.1 - - [25/Dec/2022:14:58:11 +0100] "POST /Veltri_GiftListAPI/api/giftList/find HTTP/1.1" 200 1240
0:0:0:0:0:0:0:1 - - [25/Dec/2022:14:58:12 +0100] "GET /Veltri_GiftList/getInfoList?from=my&orderId=0 HTTP/1.1" 200 4738
127.0.0.1 - - [25/Dec/2022:15:09:44 +0100] "POST /Veltri_GiftListAPI/api/giftList/find HTTP/1.1" 204 -
0:0:0:0:0:0:0:1 - - [25/Dec/2022:15:09:44 +0100] "GET /Veltri_GiftList/getInfoList?from=my&orderId=0 HTTP/1.1" 200 -
127.0.0.1 - - [25/Dec/2022:15:10:02 +0100] "GET / HTTP/1.1" 404 681
127.0.0.1 - - [25/Dec/2022:15:10:06 +0100] "POST /Veltri_GiftListAPI/api/giftList/find HTTP/1.1" 200 1240
0:0:0:0:0:0:0:1 - - [25/Dec/2022:15:10:08 +0100] "GET /Veltri_GiftList/getInfoList?from=my&orderId=0 HTTP/1.1" 200 5654
0:0:0:0:0:0:0:1 - - [25/Dec/2022:15:10:08 +0100] "GET /Veltri_GiftList/IMG/delete.png HTTP/1.1" 200 8709
127.0.0.1 - - [25/Dec/2022:15:10:27 +0100] "POST /Veltri_GiftListAPI/api/giftList/find HTTP/1.1" 200 1240
0:0:0:0:0:0:0:1 - - [25/Dec/2022:15:10:27 +0100] "GET /Veltri_GiftList/getInfoList?from=my&orderId=0 HTTP/1.1" 200 5642
0:0:0:0:0:0:0:1 - - [25/Dec/2022:15:10:27 +0100] "GET /Veltri_GiftList/IMG/delete.png HTTP/1.1" 304 -
127.0.0.1 - - [25/Dec/2022:15:10:32 +0100] "POST /Veltri_GiftListAPI/api/giftList/find HTTP/1.1" 200 1240
0:0:0:0:0:0:0:1 - - [25/Dec/2022:15:10:33 +0100] "GET /Veltri_GiftList/getInfoList?from=my&orderId=0 HTTP/1.1" 200 5612
0:0:0:0:0:0:0:1 - - [25/Dec/2022:15:11:07 +0100] "GET /Veltri_GiftList/home HTTP/1.1" 200 2276
127.0.0.1 - - [25/Dec/2022:15:11:08 +0100] "POST /Veltri_GiftListAPI/api/giftList/find HTTP/1.1" 200 1240
0:0:0:0:0:0:0:1 - - [25/Dec/2022:15:11:08 +0100] "GET /Veltri_GiftList/getInfoList?from=my&orderId=0 HTTP/1.1" 200 5612
0:0:0:0:0:0:0:1 - - [25/Dec/2022:15:11:08 +0100] "GET /Veltri_GiftList/IMG/delete.png HTTP/1.1" 304 -
0:0:0:0:0:0:0:1 - - [25/Dec/2022:15:11:11 +0100] "GET /Veltri_GiftList/home HTTP/1.1" 200 2276
127.0.0.1 - - [25/Dec/2022:15:11:12 +0100] "POST /Veltri_GiftListAPI/api/giftList/find HTTP/1.1" 200 303
0:0:0:0:0:0:0:1 - - [25/Dec/2022:15:11:12 +0100] "GET /Veltri_GiftList/getInfoList?from=my&orderId=1 HTTP/1.1" 200 3616
0:0:0:0:0:0:0:1 - - [25/Dec/2022:15:11:18 +0100] "GET /Veltri_GiftList/home HTTP/1.1" 200 2276
127.0.0.1 - - [25/Dec/2022:15:11:19 +0100] "POST /Veltri_GiftListAPI/api/giftList/find HTTP/1.1" 200 1240
0:0:0:0:0:0:0:1 - - [25/Dec/2022:15:11:19 +0100] "GET /Veltri_GiftList/getInfoList?from=my&orderId=0 HTTP/1.1" 200 5612
0:0:0:0:0:0:0:1 - - [25/Dec/2022:15:11:23 +0100] "GET /Veltri_GiftList/home HTTP/1.1" 200 2276
127.0.0.1 - - [25/Dec/2022:15:11:31 +0100] "POST /Veltri_GiftListAPI/api/giftList/find HTTP/1.1" 200 1240
0:0:0:0:0:0:0:1 - - [25/Dec/2022:15:11:31 +0100] "GET /Veltri_GiftList/getInfoList?from=my&orderId=0 HTTP/1.1" 200 5612
0:0:0:0:0:0:0:1 - - [25/Dec/2022:15:11:31 +0100] "GET /Veltri_GiftList/IMG/delete.png HTTP/1.1" 304 -
127.0.0.1 - - [25/Dec/2022:15:18:13 +0100] "POST /Veltri_GiftListAPI/api/giftList/find HTTP/1.1" 204 -
0:0:0:0:0:0:0:1 - - [25/Dec/2022:15:18:13 +0100] "GET /Veltri_GiftList/getInfoList?from=my&orderId=0 HTTP/1.1" 200 -
127.0.0.1 - - [25/Dec/2022:15:18:35 +0100] "GET / HTTP/1.1" 404 681
0:0:0:0:0:0:0:1 - - [25/Dec/2022:15:18:37 +0100] "GET /Veltri_GiftList/connection HTTP/1.1" 200 1366
127.0.0.1 - - [25/Dec/2022:15:18:44 +0100] "POST /Veltri_GiftListAPI/api/user/login HTTP/1.1" 200 779
0:0:0:0:0:0:0:1 - - [25/Dec/2022:15:18:45 +0100] "POST /Veltri_GiftList/authentication HTTP/1.1" 200 2276
127.0.0.1 - - [25/Dec/2022:15:18:46 +0100] "POST /Veltri_GiftListAPI/api/giftList/find HTTP/1.1" 200 1240
0:0:0:0:0:0:0:1 - - [25/Dec/2022:15:18:48 +0100] "GET /Veltri_GiftList/getInfoList?from=my&orderId=0 HTTP/1.1" 200 4309
0:0:0:0:0:0:0:1 - - [25/Dec/2022:15:18:48 +0100] "GET /CSS/infoListCSS.css HTTP/1.1" 404 704
0:0:0:0:0:0:0:1 - - [25/Dec/2022:15:18:48 +0100] "GET /Veltri_GiftList/IMG/delete.png HTTP/1.1" 304 -
127.0.0.1 - - [25/Dec/2022:15:19:34 +0100] "POST /Veltri_GiftListAPI/api/giftList/find HTTP/1.1" 200 1240
0:0:0:0:0:0:0:1 - - [25/Dec/2022:15:19:34 +0100] "GET /Veltri_GiftList/getInfoList?from=my&orderId=0 HTTP/1.1" 200 4323
0:0:0:0:0:0:0:1 - - [25/Dec/2022:15:19:34 +0100] "GET /Veltri_GiftList/CSS/infoListCSS.css HTTP/1.1" 200 1374
127.0.0.1 - - [25/Dec/2022:15:29:08 +0100] "POST /Veltri_GiftListAPI/api/giftList/find HTTP/1.1" 500 5219
0:0:0:0:0:0:0:1 - - [25/Dec/2022:15:29:08 +0100] "GET /Veltri_GiftList/getInfoList?from=my&orderId=0 HTTP/1.1" 200 -
127.0.0.1 - - [25/Dec/2022:15:29:26 +0100] "GET / HTTP/1.1" 404 681
127.0.0.1 - - [25/Dec/2022:15:29:38 +0100] "POST /Veltri_GiftListAPI/api/giftList/find HTTP/1.1" 200 1028
0:0:0:0:0:0:0:1 - - [25/Dec/2022:15:29:38 +0100] "GET /Veltri_GiftList/getInfoList?from=my&orderId=0 HTTP/1.1" 500 3730
127.0.0.1 - - [25/Dec/2022:15:34:38 +0100] "POST /Veltri_GiftListAPI/api/giftList/find HTTP/1.1" 200 1028
0:0:0:0:0:0:0:1 - - [25/Dec/2022:15:34:39 +0100] "GET /Veltri_GiftList/getInfoList?from=my&orderId=0 HTTP/1.1" 500 3730
127.0.0.1 - - [25/Dec/2022:15:36:03 +0100] "GET / HTTP/1.1" 404 681
0:0:0:0:0:0:0:1 - - [25/Dec/2022:15:36:04 +0100] "GET /Veltri_GiftList/WEB-INF/JSP/InfoList.jsp HTTP/1.1" 404 604
0:0:0:0:0:0:0:1 - - [25/Dec/2022:15:36:10 +0100] "GET /Veltri_GiftList/connection HTTP/1.1" 200 1366
127.0.0.1 - - [25/Dec/2022:15:36:16 +0100] "POST /Veltri_GiftListAPI/api/user/login HTTP/1.1" 200 779
0:0:0:0:0:0:0:1 - - [25/Dec/2022:15:36:16 +0100] "POST /Veltri_GiftList/authentication HTTP/1.1" 200 2276
127.0.0.1 - - [25/Dec/2022:15:36:18 +0100] "POST /Veltri_GiftListAPI/api/giftList/find HTTP/1.1" 200 1028
0:0:0:0:0:0:0:1 - - [25/Dec/2022:15:36:18 +0100] "GET /Veltri_GiftList/getInfoList?from=my&orderId=0 HTTP/1.1" 500 3730
127.0.0.1 - - [25/Dec/2022:15:36:53 +0100] "POST /Veltri_GiftListAPI/api/giftList/find HTTP/1.1" 200 1028
0:0:0:0:0:0:0:1 - - [25/Dec/2022:15:36:53 +0100] "GET /Veltri_GiftList/getInfoList?from=my&orderId=0 HTTP/1.1" 500 3730
127.0.0.1 - - [25/Dec/2022:15:39:12 +0100] "GET / HTTP/1.1" 404 681
0:0:0:0:0:0:0:1 - - [25/Dec/2022:15:39:18 +0100] "GET /Veltri_GiftList/connection HTTP/1.1" 200 1366
0:0:0:0:0:0:0:1 - - [25/Dec/2022:15:40:01 +0100] "GET /Veltri_GiftList/getInfoList HTTP/1.1" 500 1327
127.0.0.1 - - [25/Dec/2022:15:40:10 +0100] "POST /Veltri_GiftListAPI/api/user/login HTTP/1.1" 500 4224
0:0:0:0:0:0:0:1 - - [25/Dec/2022:15:40:10 +0100] "POST /Veltri_GiftList/authentication HTTP/1.1" 200 1466
127.0.0.1 - - [25/Dec/2022:15:40:12 +0100] "POST /Veltri_GiftListAPI/api/user/login HTTP/1.1" 200 779
0:0:0:0:0:0:0:1 - - [25/Dec/2022:15:40:12 +0100] "POST /Veltri_GiftList/authentication HTTP/1.1" 200 2276
127.0.0.1 - - [25/Dec/2022:15:40:56 +0100] "POST /Veltri_GiftListAPI/api/giftList/find HTTP/1.1" 200 1028
0:0:0:0:0:0:0:1 - - [25/Dec/2022:15:42:15 +0100] "GET /Veltri_GiftList/getInfoList?from=my&orderId=0 HTTP/1.1" 500 3730
0:0:0:0:0:0:0:1 - - [25/Dec/2022:15:44:02 +0100] "GET /Veltri_GiftListAPI/WEB-INF/classes/be/veltri/DAO/GiftDAO.java HTTP/1.1" 404 604
0:0:0:0:0:0:0:1 - - [25/Dec/2022:15:44:09 +0100] "GET /Veltri_GiftListAPI/c HTTP/1.1" 404 705
0:0:0:0:0:0:0:1 - - [25/Dec/2022:15:44:20 +0100] "GET /Veltri_GiftListAPI/connection HTTP/1.1" 404 714
0:0:0:0:0:0:0:1 - - [25/Dec/2022:15:44:27 +0100] "GET /Veltri_GiftList/connection HTTP/1.1" 200 1366
127.0.0.1 - - [25/Dec/2022:15:44:34 +0100] "POST /Veltri_GiftListAPI/api/user/login HTTP/1.1" 200 779
0:0:0:0:0:0:0:1 - - [25/Dec/2022:15:44:34 +0100] "POST /Veltri_GiftList/authentication HTTP/1.1" 200 2276
127.0.0.1 - - [25/Dec/2022:15:45:23 +0100] "POST /Veltri_GiftListAPI/api/giftList/find HTTP/1.1" 200 1028
0:0:0:0:0:0:0:1 - - [25/Dec/2022:15:45:44 +0100] "GET /Veltri_GiftList/getInfoList?from=my&orderId=0 HTTP/1.1" 500 3730
0:0:0:0:0:0:0:1 - - [25/Dec/2022:15:51:32 +0100] "POST /Veltri_GiftListAPI/api/giftList/find HTTP/1.1" 204 -
0:0:0:0:0:0:0:1 - - [25/Dec/2022:15:52:13 +0100] "POST /Veltri_GiftListAPI/api/giftList/find HTTP/1.1" 204 -
0:0:0:0:0:0:0:1 - - [25/Dec/2022:15:52:41 +0100] "POST /Veltri_GiftListAPI/api/giftList/find HTTP/1.1" 200 1240
127.0.0.1 - - [25/Dec/2022:15:54:25 +0100] "POST /Veltri_GiftListAPI/api/giftList/find HTTP/1.1" 200 1240
0:0:0:0:0:0:0:1 - - [25/Dec/2022:15:54:25 +0100] "GET /Veltri_GiftList/getInfoList?from=my&orderId=0 HTTP/1.1" 200 4323
0:0:0:0:0:0:0:1 - - [25/Dec/2022:15:54:25 +0100] "GET /Veltri_GiftList/CSS/infoListCSS.css HTTP/1.1" 304 -
0:0:0:0:0:0:0:1 - - [25/Dec/2022:15:54:25 +0100] "GET /Veltri_GiftList/IMG/delete.png HTTP/1.1" 304 -
0:0:0:0:0:0:0:1 - - [25/Dec/2022:16:03:29 +0100] "POST /Veltri_GiftListAPI/api/giftList/find HTTP/1.1" 200 1028
0:0:0:0:0:0:0:1 - - [25/Dec/2022:16:06:09 +0100] "POST /Veltri_GiftListAPI/api/giftList/find HTTP/1.1" 200 1028
0:0:0:0:0:0:0:1 - - [25/Dec/2022:18:51:23 +0100] "POST /Veltri_GiftListAPI/api/giftList/find HTTP/1.1" 200 1421
0:0:0:0:0:0:0:1 - - [25/Dec/2022:18:51:45 +0100] "GET /Veltri_GiftList/getInfoList?from=my&orderId=0 HTTP/1.1" 500 1348
0:0:0:0:0:0:0:1 - - [25/Dec/2022:18:51:51 +0100] "GET /Veltri_GiftList/connection HTTP/1.1" 200 1366
127.0.0.1 - - [25/Dec/2022:18:51:55 +0100] "POST /Veltri_GiftListAPI/api/user/login HTTP/1.1" 200 779
0:0:0:0:0:0:0:1 - - [25/Dec/2022:18:51:55 +0100] "POST /Veltri_GiftList/authentication HTTP/1.1" 200 2276
127.0.0.1 - - [25/Dec/2022:18:52:06 +0100] "POST /Veltri_GiftListAPI/api/giftList/find HTTP/1.1" 200 1421
0:0:0:0:0:0:0:1 - - [25/Dec/2022:18:52:06 +0100] "GET /Veltri_GiftList/getInfoList?from=my&orderId=0 HTTP/1.1" 200 4359
0:0:0:0:0:0:0:1 - - [25/Dec/2022:18:52:06 +0100] "GET /Veltri_GiftList/CSS/infoListCSS.css HTTP/1.1" 304 -
0:0:0:0:0:0:0:1 - - [25/Dec/2022:18:52:06 +0100] "GET /Veltri_GiftList/IMG/delete.png HTTP/1.1" 304 -
127.0.0.1 - - [25/Dec/2022:18:52:39 +0100] "GET / HTTP/1.1" 404 681
0:0:0:0:0:0:0:1 - - [25/Dec/2022:18:52:40 +0100] "GET /Veltri_GiftListAPI/WEB-INF/classes/be/veltri/DAO/GiftDAO.java HTTP/1.1" 404 604
0:0:0:0:0:0:0:1 - - [25/Dec/2022:18:52:45 +0100] "GET /Veltri_GiftListAPI/c HTTP/1.1" 404 705
0:0:0:0:0:0:0:1 - - [25/Dec/2022:18:52:51 +0100] "GET /Veltri_GiftList/connection HTTP/1.1" 200 1366
127.0.0.1 - - [25/Dec/2022:18:52:58 +0100] "POST /Veltri_GiftListAPI/api/user/login HTTP/1.1" 200 779
0:0:0:0:0:0:0:1 - - [25/Dec/2022:18:52:58 +0100] "POST /Veltri_GiftList/authentication HTTP/1.1" 200 2276
127.0.0.1 - - [25/Dec/2022:18:53:47 +0100] "GET / HTTP/1.1" 404 681
0:0:0:0:0:0:0:1 - - [25/Dec/2022:18:53:57 +0100] "GET /Veltri_GiftList/connection HTTP/1.1" 200 1366
127.0.0.1 - - [25/Dec/2022:18:54:06 +0100] "POST /Veltri_GiftListAPI/api/user/login HTTP/1.1" 200 779
0:0:0:0:0:0:0:1 - - [25/Dec/2022:18:54:06 +0100] "POST /Veltri_GiftList/authentication HTTP/1.1" 200 2276
127.0.0.1 - - [25/Dec/2022:18:54:08 +0100] "POST /Veltri_GiftListAPI/api/giftList/find HTTP/1.1" 200 1421
0:0:0:0:0:0:0:1 - - [25/Dec/2022:18:54:08 +0100] "GET /Veltri_GiftList/getInfoList?from=my&orderId=0 HTTP/1.1" 200 4359
127.0.0.1 - - [25/Dec/2022:18:55:11 +0100] "POST /Veltri_GiftListAPI/api/giftList/find HTTP/1.1" 200 303
0:0:0:0:0:0:0:1 - - [25/Dec/2022:18:55:12 +0100] "GET /Veltri_GiftList/getInfoList?from=my&orderId=1 HTTP/1.1" 200 2327
127.0.0.1 - - [25/Dec/2022:18:55:15 +0100] "POST /Veltri_GiftListAPI/api/giftList/find HTTP/1.1" 200 1421
0:0:0:0:0:0:0:1 - - [25/Dec/2022:18:55:15 +0100] "GET /Veltri_GiftList/getInfoList?from=my&orderId=0 HTTP/1.1" 200 4359
127.0.0.1 - - [25/Dec/2022:18:56:47 +0100] "POST /Veltri_GiftListAPI/api/giftList/find HTTP/1.1" 200 1421
0:0:0:0:0:0:0:1 - - [25/Dec/2022:18:56:47 +0100] "GET /Veltri_GiftList/getInfoList?from=my&orderId=0 HTTP/1.1" 200 4359
0:0:0:0:0:0:0:1 - - [25/Dec/2022:18:57:02 +0100] "GET /Veltri_GiftList/home HTTP/1.1" 200 2276
0:0:0:0:0:0:0:1 - - [25/Dec/2022:18:57:06 +0100] "GET /Veltri_GiftList/connection HTTP/1.1" 200 1366
0:0:0:0:0:0:0:1 - - [25/Dec/2022:18:57:16 +0100] "GET /Veltri_GiftList/authentication HTTP/1.1" 200 1439
127.0.0.1 - - [25/Dec/2022:18:57:24 +0100] "POST /Veltri_GiftListAPI/api/user/login HTTP/1.1" 200 779
0:0:0:0:0:0:0:1 - - [25/Dec/2022:18:57:24 +0100] "POST /Veltri_GiftList/authentication HTTP/1.1" 200 2276
0:0:0:0:0:0:0:1 - - [25/Dec/2022:18:57:26 +0100] "GET /Veltri_GiftList/addList HTTP/1.1" 200 1386
0:0:0:0:0:0:0:1 - - [25/Dec/2022:18:57:29 +0100] "GET /Veltri_GiftList/connection HTTP/1.1" 200 1366
0:0:0:0:0:0:0:1 - - [25/Dec/2022:18:57:32 +0100] "GET /Veltri_GiftList/addList HTTP/1.1" 200 1386
0:0:0:0:0:0:0:1 - - [25/Dec/2022:18:57:35 +0100] "GET /Veltri_GiftList/addList HTTP/1.1" 200 1386
0:0:0:0:0:0:0:1 - - [25/Dec/2022:18:57:36 +0100] "GET /Veltri_GiftList/home HTTP/1.1" 200 2276
0:0:0:0:0:0:0:1 - - [25/Dec/2022:18:57:36 +0100] "GET /Veltri_GiftList/myGifts HTTP/1.1" 200 1386
0:0:0:0:0:0:0:1 - - [25/Dec/2022:18:57:37 +0100] "GET /Veltri_GiftList/addList HTTP/1.1" 200 1386
0:0:0:0:0:0:0:1 - - [25/Dec/2022:18:57:38 +0100] "GET /Veltri_GiftList/home HTTP/1.1" 200 2276
127.0.0.1 - - [25/Dec/2022:19:00:38 +0100] "POST /Veltri_GiftListAPI/api/user/login HTTP/1.1" 200 779
0:0:0:0:0:0:0:1 - - [25/Dec/2022:19:00:38 +0100] "POST /Veltri_GiftList/authentication HTTP/1.1" 200 2276
0:0:0:0:0:0:0:1 - - [25/Dec/2022:19:01:11 +0100] "GET /Veltri_GiftList/home HTTP/1.1" 200 2276
0:0:0:0:0:0:0:1 - - [25/Dec/2022:19:01:39 +0100] "GET /Veltri_GiftList/addList HTTP/1.1" 200 1386
0:0:0:0:0:0:0:1 - - [25/Dec/2022:19:01:41 +0100] "GET /Veltri_GiftList/myGifts HTTP/1.1" 200 1386
0:0:0:0:0:0:0:1 - - [25/Dec/2022:19:01:42 +0100] "GET /Veltri_GiftList/home HTTP/1.1" 200 2276
0:0:0:0:0:0:0:1 - - [25/Dec/2022:19:01:48 +0100] "GET /Veltri_GiftList/myNotifications HTTP/1.1" 200 1393
0:0:0:0:0:0:0:1 - - [25/Dec/2022:19:01:49 +0100] "GET /Veltri_GiftList/myAccount HTTP/1.1" 200 1388
0:0:0:0:0:0:0:1 - - [25/Dec/2022:19:01:50 +0100] "GET /Veltri_GiftList/myGifts HTTP/1.1" 200 1386
0:0:0:0:0:0:0:1 - - [25/Dec/2022:19:01:50 +0100] "GET /Veltri_GiftList/addList HTTP/1.1" 200 1386
0:0:0:0:0:0:0:1 - - [25/Dec/2022:19:01:51 +0100] "GET /Veltri_GiftList/home HTTP/1.1" 200 2276
0:0:0:0:0:0:0:1 - - [25/Dec/2022:19:01:53 +0100] "GET /Veltri_GiftList/addList HTTP/1.1" 200 1386
0:0:0:0:0:0:0:1 - - [25/Dec/2022:19:01:54 +0100] "GET /Veltri_GiftList/myGifts HTTP/1.1" 200 1386
0:0:0:0:0:0:0:1 - - [25/Dec/2022:19:01:55 +0100] "GET /Veltri_GiftList/myAccount HTTP/1.1" 200 1388
0:0:0:0:0:0:0:1 - - [25/Dec/2022:19:01:55 +0100] "GET /Veltri_GiftList/myNotifications HTTP/1.1" 200 1393
0:0:0:0:0:0:0:1 - - [25/Dec/2022:19:01:56 +0100] "GET /Veltri_GiftList/home HTTP/1.1" 200 2276
0:0:0:0:0:0:0:1 - - [25/Dec/2022:19:02:18 +0100] "GET /Veltri_GiftList/home HTTP/1.1" 200 2276
127.0.0.1 - - [25/Dec/2022:19:05:56 +0100] "GET / HTTP/1.1" 404 681
0:0:0:0:0:0:0:1 - - [25/Dec/2022:19:05:56 +0100] "GET /Veltri_GiftList/connection HTTP/1.1" 200 1366
127.0.0.1 - - [25/Dec/2022:19:06:08 +0100] "POST /Veltri_GiftListAPI/api/user/login HTTP/1.1" 200 779
0:0:0:0:0:0:0:1 - - [25/Dec/2022:19:06:09 +0100] "POST /Veltri_GiftList/authentication HTTP/1.1" 200 2276
127.0.0.1 - - [25/Dec/2022:19:06:21 +0100] "POST /Veltri_GiftListAPI/api/giftList/find HTTP/1.1" 200 1421
0:0:0:0:0:0:0:1 - - [25/Dec/2022:19:06:21 +0100] "GET /Veltri_GiftList/getInfoList?from=my&orderId=0 HTTP/1.1" 200 4359
127.0.0.1 - - [25/Dec/2022:19:09:23 +0100] "POST /Veltri_GiftListAPI/api/giftList/find HTTP/1.1" 200 1421
0:0:0:0:0:0:0:1 - - [25/Dec/2022:19:09:25 +0100] "GET /Veltri_GiftList/getInfoList?from=my&orderId=0 HTTP/1.1" 200 4330
127.0.0.1 - - [25/Dec/2022:19:09:35 +0100] "POST /Veltri_GiftListAPI/api/giftList/find HTTP/1.1" 200 1421
0:0:0:0:0:0:0:1 - - [25/Dec/2022:19:09:35 +0100] "GET /Veltri_GiftList/getInfoList?from=my&orderId=0 HTTP/1.1" 200 4334
127.0.0.1 - - [25/Dec/2022:19:10:14 +0100] "POST /Veltri_GiftListAPI/api/giftList/find HTTP/1.1" 200 1421
0:0:0:0:0:0:0:1 - - [25/Dec/2022:19:10:14 +0100] "GET /Veltri_GiftList/getInfoList?from=my&orderId=0 HTTP/1.1" 200 4349
127.0.0.1 - - [25/Dec/2022:19:10:23 +0100] "POST /Veltri_GiftListAPI/api/giftList/find HTTP/1.1" 200 1421
0:0:0:0:0:0:0:1 - - [25/Dec/2022:19:10:23 +0100] "GET /Veltri_GiftList/getInfoList?from=my&orderId=0 HTTP/1.1" 200 4355
127.0.0.1 - - [25/Dec/2022:19:10:50 +0100] "POST /Veltri_GiftListAPI/api/giftList/find HTTP/1.1" 200 1421
0:0:0:0:0:0:0:1 - - [25/Dec/2022:19:10:50 +0100] "GET /Veltri_GiftList/getInfoList?from=my&orderId=0 HTTP/1.1" 200 4352
127.0.0.1 - - [25/Dec/2022:19:13:39 +0100] "POST /Veltri_GiftListAPI/api/giftList/find HTTP/1.1" 200 1421
0:0:0:0:0:0:0:1 - - [25/Dec/2022:19:13:40 +0100] "GET /Veltri_GiftList/getInfoList?from=my&orderId=0 HTTP/1.1" 200 4458
0:0:0:0:0:0:0:1 - - [25/Dec/2022:19:13:40 +0100] "GET /Veltri_GiftList/CSS/infoListCSS.css HTTP/1.1" 304 -
127.0.0.1 - - [25/Dec/2022:19:14:21 +0100] "POST /Veltri_GiftListAPI/api/giftList/find HTTP/1.1" 200 1421
0:0:0:0:0:0:0:1 - - [25/Dec/2022:19:14:21 +0100] "GET /Veltri_GiftList/getInfoList?from=my&orderId=0 HTTP/1.1" 200 4473
127.0.0.1 - - [25/Dec/2022:19:16:23 +0100] "POST /Veltri_GiftListAPI/api/giftList/find HTTP/1.1" 200 1421
0:0:0:0:0:0:0:1 - - [25/Dec/2022:19:16:24 +0100] "GET /Veltri_GiftList/getInfoList?from=my&orderId=0 HTTP/1.1" 200 4502
0:0:0:0:0:0:0:1 - - [25/Dec/2022:19:16:24 +0100] "GET /Veltri_GiftList/IMG/delete.png HTTP/1.1" 304 -
127.0.0.1 - - [25/Dec/2022:19:18:00 +0100] "POST /Veltri_GiftListAPI/api/giftList/find HTTP/1.1" 200 1421
0:0:0:0:0:0:0:1 - - [25/Dec/2022:19:18:01 +0100] "GET /Veltri_GiftList/getInfoList?from=my&orderId=0 HTTP/1.1" 200 4502
127.0.0.1 - - [25/Dec/2022:19:18:04 +0100] "POST /Veltri_GiftListAPI/api/giftList/find HTTP/1.1" 200 1421
0:0:0:0:0:0:0:1 - - [25/Dec/2022:19:18:04 +0100] "GET /Veltri_GiftList/getInfoList?from=my&orderId=0 HTTP/1.1" 200 4502
127.0.0.1 - - [25/Dec/2022:19:18:58 +0100] "POST /Veltri_GiftListAPI/api/giftList/find HTTP/1.1" 200 1421
0:0:0:0:0:0:0:1 - - [25/Dec/2022:19:18:58 +0100] "GET /Veltri_GiftList/getInfoList?from=my&orderId=0 HTTP/1.1" 200 4502
127.0.0.1 - - [25/Dec/2022:19:19:25 +0100] "POST /Veltri_GiftListAPI/api/giftList/find HTTP/1.1" 200 1421
0:0:0:0:0:0:0:1 - - [25/Dec/2022:19:19:25 +0100] "GET /Veltri_GiftList/getInfoList?from=my&orderId=0 HTTP/1.1" 200 4502
127.0.0.1 - - [25/Dec/2022:19:19:48 +0100] "GET / HTTP/1.1" 404 681
127.0.0.1 - - [25/Dec/2022:19:19:53 +0100] "POST /Veltri_GiftListAPI/api/giftList/find HTTP/1.1" 200 1421
0:0:0:0:0:0:0:1 - - [25/Dec/2022:19:19:54 +0100] "GET /Veltri_GiftList/getInfoList?from=my&orderId=0 HTTP/1.1" 200 4502
0:0:0:0:0:0:0:1 - - [25/Dec/2022:19:20:13 +0100] "GET /Veltri_GiftList/connection HTTP/1.1" 200 1366
127.0.0.1 - - [25/Dec/2022:19:20:17 +0100] "POST /Veltri_GiftListAPI/api/user/login HTTP/1.1" 200 779
0:0:0:0:0:0:0:1 - - [25/Dec/2022:19:20:17 +0100] "POST /Veltri_GiftList/authentication HTTP/1.1" 200 2276
127.0.0.1 - - [25/Dec/2022:19:20:19 +0100] "POST /Veltri_GiftListAPI/api/giftList/find HTTP/1.1" 200 1421
0:0:0:0:0:0:0:1 - - [25/Dec/2022:19:20:19 +0100] "GET /Veltri_GiftList/getInfoList?from=my&orderId=0 HTTP/1.1" 200 4502
127.0.0.1 - - [25/Dec/2022:19:20:50 +0100] "POST /Veltri_GiftListAPI/api/giftList/find HTTP/1.1" 200 1421
0:0:0:0:0:0:0:1 - - [25/Dec/2022:19:20:52 +0100] "GET /Veltri_GiftList/getInfoList?from=my&orderId=0 HTTP/1.1" 200 4509
127.0.0.1 - - [25/Dec/2022:19:21:39 +0100] "POST /Veltri_GiftListAPI/api/giftList/find HTTP/1.1" 200 1421
0:0:0:0:0:0:0:1 - - [25/Dec/2022:19:21:39 +0100] "GET /Veltri_GiftList/getInfoList?from=my&orderId=0 HTTP/1.1" 200 4523
127.0.0.1 - - [25/Dec/2022:19:22:36 +0100] "POST /Veltri_GiftListAPI/api/giftList/find HTTP/1.1" 200 1421
0:0:0:0:0:0:0:1 - - [25/Dec/2022:19:22:36 +0100] "GET /Veltri_GiftList/getInfoList?from=my&orderId=0 HTTP/1.1" 200 4523
127.0.0.1 - - [25/Dec/2022:19:22:45 +0100] "POST /Veltri_GiftListAPI/api/giftList/find HTTP/1.1" 200 1421
0:0:0:0:0:0:0:1 - - [25/Dec/2022:19:22:45 +0100] "GET /Veltri_GiftList/getInfoList?from=my&orderId=0 HTTP/1.1" 200 6426
127.0.0.1 - - [25/Dec/2022:19:25:05 +0100] "POST /Veltri_GiftListAPI/api/giftList/find HTTP/1.1" 200 1421
0:0:0:0:0:0:0:1 - - [25/Dec/2022:19:25:05 +0100] "GET /Veltri_GiftList/getInfoList?from=my&orderId=0 HTTP/1.1" 200 5118
127.0.0.1 - - [25/Dec/2022:19:25:42 +0100] "POST /Veltri_GiftListAPI/api/giftList/find HTTP/1.1" 200 1421
0:0:0:0:0:0:0:1 - - [25/Dec/2022:19:25:43 +0100] "GET /Veltri_GiftList/getInfoList?from=my&orderId=0 HTTP/1.1" 200 5066
127.0.0.1 - - [25/Dec/2022:19:28:20 +0100] "POST /Veltri_GiftListAPI/api/giftList/find HTTP/1.1" 200 1421
0:0:0:0:0:0:0:1 - - [25/Dec/2022:19:28:21 +0100] "GET /Veltri_GiftList/getInfoList?from=my&orderId=0 HTTP/1.1" 200 5023
127.0.0.1 - - [25/Dec/2022:19:28:47 +0100] "POST /Veltri_GiftListAPI/api/giftList/find HTTP/1.1" 200 1421
0:0:0:0:0:0:0:1 - - [25/Dec/2022:19:28:48 +0100] "GET /Veltri_GiftList/getInfoList?from=my&orderId=0 HTTP/1.1" 200 5023
127.0.0.1 - - [25/Dec/2022:19:29:04 +0100] "POST /Veltri_GiftListAPI/api/giftList/find HTTP/1.1" 200 1421
0:0:0:0:0:0:0:1 - - [25/Dec/2022:19:29:05 +0100] "GET /Veltri_GiftList/getInfoList?from=my&orderId=0 HTTP/1.1" 200 5026
127.0.0.1 - - [25/Dec/2022:19:31:03 +0100] "POST /Veltri_GiftListAPI/api/giftList/find HTTP/1.1" 200 1421
0:0:0:0:0:0:0:1 - - [25/Dec/2022:19:31:04 +0100] "GET /Veltri_GiftList/getInfoList?from=my&orderId=0 HTTP/1.1" 200 5064
127.0.0.1 - - [25/Dec/2022:19:31:25 +0100] "POST /Veltri_GiftListAPI/api/giftList/find HTTP/1.1" 200 1421
0:0:0:0:0:0:0:1 - - [25/Dec/2022:19:31:25 +0100] "GET /Veltri_GiftList/getInfoList?from=my&orderId=0 HTTP/1.1" 200 5079
127.0.0.1 - - [25/Dec/2022:19:31:52 +0100] "POST /Veltri_GiftListAPI/api/giftList/find HTTP/1.1" 200 1421
0:0:0:0:0:0:0:1 - - [25/Dec/2022:19:31:53 +0100] "GET /Veltri_GiftList/getInfoList?from=my&orderId=0 HTTP/1.1" 200 5051
127.0.0.1 - - [25/Dec/2022:19:38:55 +0100] "POST /Veltri_GiftListAPI/api/giftList/find HTTP/1.1" 404 729
0:0:0:0:0:0:0:1 - - [25/Dec/2022:19:38:55 +0100] "GET /Veltri_GiftList/getInfoList?from=my&orderId=0 HTTP/1.1" 200 -
127.0.0.1 - - [25/Dec/2022:19:39:00 +0100] "POST /Veltri_GiftListAPI/api/giftList/find HTTP/1.1" 404 729
0:0:0:0:0:0:0:1 - - [25/Dec/2022:19:39:00 +0100] "GET /Veltri_GiftList/getInfoList?from=my&orderId=0 HTTP/1.1" 200 -
0:0:0:0:0:0:0:1 - - [25/Dec/2022:19:39:04 +0100] "GET /Veltri_GiftList/connection HTTP/1.1" 200 1366
127.0.0.1 - - [25/Dec/2022:19:39:09 +0100] "POST /Veltri_GiftListAPI/api/user/login HTTP/1.1" 404 726
0:0:0:0:0:0:0:1 - - [25/Dec/2022:19:39:09 +0100] "POST /Veltri_GiftList/authentication HTTP/1.1" 200 1466
127.0.0.1 - - [25/Dec/2022:19:39:33 +0100] "GET / HTTP/1.1" 404 681
0:0:0:0:0:0:0:1 - - [25/Dec/2022:19:39:37 +0100] "GET /Veltri_GiftList/connection HTTP/1.1" 200 1393
127.0.0.1 - - [25/Dec/2022:19:39:42 +0100] "POST /Veltri_GiftListAPI/api/user/login HTTP/1.1" 200 779
0:0:0:0:0:0:0:1 - - [25/Dec/2022:19:39:45 +0100] "POST /Veltri_GiftList/authentication HTTP/1.1" 200 2552
127.0.0.1 - - [25/Dec/2022:19:39:57 +0100] "POST /Veltri_GiftListAPI/api/giftList/find HTTP/1.1" 200 1421
0:0:0:0:0:0:0:1 - - [25/Dec/2022:19:39:57 +0100] "GET /Veltri_GiftList/getInfoList?from=my&orderId=0 HTTP/1.1" 200 5051
0:0:0:0:0:0:0:1 - - [25/Dec/2022:19:39:57 +0100] "GET /Veltri_GiftList/CSS/infoListCSS.css HTTP/1.1" 200 1376
0:0:0:0:0:0:0:1 - - [25/Dec/2022:19:40:02 +0100] "GET /Veltri_GiftList/home HTTP/1.1" 200 2552
0:0:0:0:0:0:0:1 - - [25/Dec/2022:19:40:14 +0100] "GET /Veltri_GiftList/home HTTP/1.1" 200 2551
0:0:0:0:0:0:0:1 - - [25/Dec/2022:19:40:23 +0100] "GET /Veltri_GiftList/home HTTP/1.1" 200 2551
0:0:0:0:0:0:0:1 - - [25/Dec/2022:19:40:27 +0100] "GET /Veltri_GiftList/home HTTP/1.1" 200 2551
0:0:0:0:0:0:0:1 - - [25/Dec/2022:19:40:35 +0100] "GET /Veltri_GiftList/home HTTP/1.1" 200 2552
0:0:0:0:0:0:0:1 - - [25/Dec/2022:19:40:44 +0100] "GET /Veltri_GiftList/home HTTP/1.1" 200 2551
0:0:0:0:0:0:0:1 - - [25/Dec/2022:19:40:58 +0100] "GET /Veltri_GiftList/home HTTP/1.1" 200 2551
0:0:0:0:0:0:0:1 - - [25/Dec/2022:19:41:04 +0100] "GET /Veltri_GiftList/home HTTP/1.1" 200 2551
0:0:0:0:0:0:0:1 - - [25/Dec/2022:19:41:34 +0100] "GET /Veltri_GiftList/home HTTP/1.1" 200 2553
0:0:0:0:0:0:0:1 - - [25/Dec/2022:19:41:46 +0100] "GET /Veltri_GiftList/home HTTP/1.1" 200 2553
0:0:0:0:0:0:0:1 - - [25/Dec/2022:19:42:44 +0100] "GET /Veltri_GiftList/home HTTP/1.1" 200 2575
0:0:0:0:0:0:0:1 - - [25/Dec/2022:19:43:10 +0100] "GET /Veltri_GiftList/home HTTP/1.1" 200 2563
0:0:0:0:0:0:0:1 - - [25/Dec/2022:19:44:40 +0100] "GET /Veltri_GiftList/home HTTP/1.1" 200 2563
0:0:0:0:0:0:0:1 - - [25/Dec/2022:19:47:56 +0100] "GET /Veltri_GiftList/home HTTP/1.1" 200 2563
0:0:0:0:0:0:0:1 - - [25/Dec/2022:19:47:58 +0100] "GET /Veltri_GiftList/addList HTTP/1.1" 200 1725
0:0:0:0:0:0:0:1 - - [25/Dec/2022:19:47:59 +0100] "GET /Veltri_GiftList/myGifts HTTP/1.1" 200 1724
0:0:0:0:0:0:0:1 - - [25/Dec/2022:19:48:00 +0100] "GET /Veltri_GiftList/myAccount HTTP/1.1" 200 1728
0:0:0:0:0:0:0:1 - - [25/Dec/2022:19:48:01 +0100] "GET /Veltri_GiftList/myNotifications HTTP/1.1" 200 1731
0:0:0:0:0:0:0:1 - - [25/Dec/2022:19:48:02 +0100] "GET /Veltri_GiftList/home HTTP/1.1" 200 2563
0:0:0:0:0:0:0:1 - - [25/Dec/2022:19:48:24 +0100] "GET /Veltri_GiftList/home HTTP/1.1" 200 2562
0:0:0:0:0:0:0:1 - - [25/Dec/2022:19:48:31 +0100] "GET /Veltri_GiftList/home HTTP/1.1" 200 2562
0:0:0:0:0:0:0:1 - - [25/Dec/2022:19:49:32 +0100] "GET /Veltri_GiftList/home HTTP/1.1" 200 2562
0:0:0:0:0:0:0:1 - - [25/Dec/2022:19:49:37 +0100] "GET /Veltri_GiftList/home HTTP/1.1" 200 2562
0:0:0:0:0:0:0:1 - - [25/Dec/2022:19:49:39 +0100] "GET /Veltri_GiftList/home HTTP/1.1" 200 2562
0:0:0:0:0:0:0:1 - - [25/Dec/2022:19:49:40 +0100] "GET /Veltri_GiftList/addList HTTP/1.1" 200 1724
0:0:0:0:0:0:0:1 - - [25/Dec/2022:19:49:41 +0100] "GET /Veltri_GiftList/home HTTP/1.1" 200 2635
0:0:0:0:0:0:0:1 - - [25/Dec/2022:19:49:58 +0100] "GET /Veltri_GiftList/home HTTP/1.1" 200 2635
0:0:0:0:0:0:0:1 - - [25/Dec/2022:19:49:59 +0100] "GET /Veltri_GiftList/home HTTP/1.1" 200 2635
0:0:0:0:0:0:0:1 - - [25/Dec/2022:19:49:59 +0100] "GET /Veltri_GiftList/home HTTP/1.1" 200 2635
0:0:0:0:0:0:0:1 - - [25/Dec/2022:19:50:00 +0100] "GET /Veltri_GiftList/home HTTP/1.1" 200 2635
0:0:0:0:0:0:0:1 - - [25/Dec/2022:19:50:01 +0100] "GET /Veltri_GiftList/addList HTTP/1.1" 200 1724
0:0:0:0:0:0:0:1 - - [25/Dec/2022:19:50:02 +0100] "GET /Veltri_GiftList/home HTTP/1.1" 200 2635
0:0:0:0:0:0:0:1 - - [25/Dec/2022:19:50:19 +0100] "GET /Veltri_GiftList/home HTTP/1.1" 200 2639
0:0:0:0:0:0:0:1 - - [25/Dec/2022:19:51:47 +0100] "GET /Veltri_GiftList/home HTTP/1.1" 200 2675
0:0:0:0:0:0:0:1 - - [25/Dec/2022:19:52:09 +0100] "GET /Veltri_GiftList/home HTTP/1.1" 200 2675
0:0:0:0:0:0:0:1 - - [25/Dec/2022:19:52:11 +0100] "GET /Veltri_GiftList/home HTTP/1.1" 200 2675
0:0:0:0:0:0:0:1 - - [25/Dec/2022:19:52:12 +0100] "GET /Veltri_GiftList/home HTTP/1.1" 200 2675
0:0:0:0:0:0:0:1 - - [25/Dec/2022:19:52:15 +0100] "GET /Veltri_GiftList/addList HTTP/1.1" 200 1724
0:0:0:0:0:0:0:1 - - [25/Dec/2022:19:52:17 +0100] "GET /Veltri_GiftList/home HTTP/1.1" 200 2675
0:0:0:0:0:0:0:1 - - [25/Dec/2022:19:52:18 +0100] "GET /Veltri_GiftList/home HTTP/1.1" 200 2675
0:0:0:0:0:0:0:1 - - [25/Dec/2022:19:52:56 +0100] "GET /Veltri_GiftList/home HTTP/1.1" 200 2657
0:0:0:0:0:0:0:1 - - [25/Dec/2022:19:53:59 +0100] "GET /Veltri_GiftList/home HTTP/1.1" 200 2657
0:0:0:0:0:0:0:1 - - [25/Dec/2022:19:54:07 +0100] "GET /Veltri_GiftList/home HTTP/1.1" 200 2637
0:0:0:0:0:0:0:1 - - [25/Dec/2022:19:54:25 +0100] "GET /Veltri_GiftList/home HTTP/1.1" 200 2637
0:0:0:0:0:0:0:1 - - [25/Dec/2022:19:54:26 +0100] "GET /Veltri_GiftList/home HTTP/1.1" 200 2637
0:0:0:0:0:0:0:1 - - [25/Dec/2022:19:54:27 +0100] "GET /Veltri_GiftList/home HTTP/1.1" 200 2637
0:0:0:0:0:0:0:1 - - [25/Dec/2022:19:54:27 +0100] "GET /Veltri_GiftList/home HTTP/1.1" 200 2637
0:0:0:0:0:0:0:1 - - [25/Dec/2022:19:54:28 +0100] "GET /Veltri_GiftList/home HTTP/1.1" 200 2637
0:0:0:0:0:0:0:1 - - [25/Dec/2022:19:54:28 +0100] "GET /Veltri_GiftList/home HTTP/1.1" 200 2637
0:0:0:0:0:0:0:1 - - [25/Dec/2022:19:54:28 +0100] "GET /Veltri_GiftList/home HTTP/1.1" 200 2637
0:0:0:0:0:0:0:1 - - [25/Dec/2022:19:54:29 +0100] "GET /Veltri_GiftList/home HTTP/1.1" 200 2637
0:0:0:0:0:0:0:1 - - [25/Dec/2022:19:54:29 +0100] "GET /Veltri_GiftList/home HTTP/1.1" 200 2637
0:0:0:0:0:0:0:1 - - [25/Dec/2022:19:54:30 +0100] "GET /Veltri_GiftList/home HTTP/1.1" 200 2637
0:0:0:0:0:0:0:1 - - [25/Dec/2022:19:54:30 +0100] "GET /Veltri_GiftList/home HTTP/1.1" 200 2637
0:0:0:0:0:0:0:1 - - [25/Dec/2022:19:54:31 +0100] "GET /Veltri_GiftList/home HTTP/1.1" 200 2637
0:0:0:0:0:0:0:1 - - [25/Dec/2022:19:54:31 +0100] "GET /Veltri_GiftList/home HTTP/1.1" 200 2637
0:0:0:0:0:0:0:1 - - [25/Dec/2022:19:54:31 +0100] "GET /Veltri_GiftList/home HTTP/1.1" 200 2637
0:0:0:0:0:0:0:1 - - [25/Dec/2022:19:54:32 +0100] "GET /Veltri_GiftList/home HTTP/1.1" 200 2637
0:0:0:0:0:0:0:1 - - [25/Dec/2022:19:54:32 +0100] "GET /Veltri_GiftList/IMG/logOut.png HTTP/1.1" 200 1901
0:0:0:0:0:0:0:1 - - [25/Dec/2022:19:54:32 +0100] "GET /Veltri_GiftList/home HTTP/1.1" 200 2637
0:0:0:0:0:0:0:1 - - [25/Dec/2022:19:54:32 +0100] "GET /Veltri_GiftList/IMG/logOut.png HTTP/1.1" 200 1901
0:0:0:0:0:0:0:1 - - [25/Dec/2022:19:54:32 +0100] "GET /favicon.ico HTTP/1.1" 404 692
0:0:0:0:0:0:0:1 - - [25/Dec/2022:19:54:34 +0100] "GET /Veltri_GiftList/home HTTP/1.1" 200 2660
0:0:0:0:0:0:0:1 - - [25/Dec/2022:19:54:34 +0100] "GET /Veltri_GiftList/IMG/logOut.png HTTP/1.1" 200 1901
0:0:0:0:0:0:0:1 - - [25/Dec/2022:19:54:35 +0100] "GET /favicon.ico HTTP/1.1" 404 692
0:0:0:0:0:0:0:1 - - [25/Dec/2022:19:54:42 +0100] "GET /Veltri_GiftList/home HTTP/1.1" 200 2660
127.0.0.1 - - [25/Dec/2022:19:55:03 +0100] "POST /Veltri_GiftListAPI/api/giftList/find HTTP/1.1" 204 -
0:0:0:0:0:0:0:1 - - [25/Dec/2022:19:55:03 +0100] "GET /Veltri_GiftList/getInfoList?from=my&orderId=0 HTTP/1.1" 200 -
127.0.0.1 - - [25/Dec/2022:19:55:26 +0100] "GET / HTTP/1.1" 404 681
0:0:0:0:0:0:0:1 - - [25/Dec/2022:19:55:30 +0100] "GET /Veltri_GiftList/connection HTTP/1.1" 200 1366
127.0.0.1 - - [25/Dec/2022:19:55:38 +0100] "POST /Veltri_GiftListAPI/api/user/login HTTP/1.1" 200 779
0:0:0:0:0:0:0:1 - - [25/Dec/2022:19:55:39 +0100] "POST /Veltri_GiftList/authentication HTTP/1.1" 200 2660
0:0:0:0:0:0:0:1 - - [25/Dec/2022:19:55:42 +0100] "GET /Veltri_GiftList/home HTTP/1.1" 200 2660
127.0.0.1 - - [25/Dec/2022:19:55:43 +0100] "POST /Veltri_GiftListAPI/api/giftList/find HTTP/1.1" 200 1421
0:0:0:0:0:0:0:1 - - [25/Dec/2022:19:55:45 +0100] "GET /Veltri_GiftList/getInfoList?from=my&orderId=0 HTTP/1.1" 200 6290
0:0:0:0:0:0:0:1 - - [25/Dec/2022:19:55:45 +0100] "GET /Veltri_GiftList/CSS/infoListCSS.css HTTP/1.1" 304 -
0:0:0:0:0:0:0:1 - - [25/Dec/2022:19:55:45 +0100] "GET /Veltri_GiftList/IMG/delete.png HTTP/1.1" 304 -
127.0.0.1 - - [25/Dec/2022:19:56:05 +0100] "POST /Veltri_GiftListAPI/api/giftList/find HTTP/1.1" 200 1421
0:0:0:0:0:0:0:1 - - [25/Dec/2022:19:56:05 +0100] "GET /Veltri_GiftList/getInfoList?from=my&orderId=0 HTTP/1.1" 200 5337
127.0.0.1 - - [25/Dec/2022:19:57:21 +0100] "POST /Veltri_GiftListAPI/api/giftList/find HTTP/1.1" 200 1421
0:0:0:0:0:0:0:1 - - [25/Dec/2022:19:57:21 +0100] "GET /Veltri_GiftList/getInfoList?from=my&orderId=0 HTTP/1.1" 200 5518
127.0.0.1 - - [25/Dec/2022:19:57:33 +0100] "POST /Veltri_GiftListAPI/api/giftList/find HTTP/1.1" 200 1421
0:0:0:0:0:0:0:1 - - [25/Dec/2022:19:57:33 +0100] "GET /Veltri_GiftList/getInfoList?from=my&orderId=0 HTTP/1.1" 200 5519
127.0.0.1 - - [25/Dec/2022:19:59:26 +0100] "POST /Veltri_GiftListAPI/api/giftList/find HTTP/1.1" 200 1421
0:0:0:0:0:0:0:1 - - [25/Dec/2022:19:59:26 +0100] "GET /Veltri_GiftList/getInfoList?from=my&orderId=0 HTTP/1.1" 200 5509
0:0:0:0:0:0:0:1 - - [25/Dec/2022:19:59:26 +0100] "GET /Veltri_GiftList/CSS/infoListCSS.css HTTP/1.1" 304 -
0:0:0:0:0:0:0:1 - - [25/Dec/2022:19:59:44 +0100] "GET /Veltri_GiftList/home HTTP/1.1" 200 2832
127.0.0.1 - - [25/Dec/2022:19:59:48 +0100] "POST /Veltri_GiftListAPI/api/giftList/find HTTP/1.1" 200 1421
0:0:0:0:0:0:0:1 - - [25/Dec/2022:19:59:48 +0100] "GET /Veltri_GiftList/getInfoList?from=my&orderId=0 HTTP/1.1" 200 5509
0:0:0:0:0:0:0:1 - - [25/Dec/2022:19:59:57 +0100] "GET /Veltri_GiftList/connection HTTP/1.1" 200 1366
127.0.0.1 - - [25/Dec/2022:20:00:25 +0100] "GET / HTTP/1.1" 404 681
0:0:0:0:0:0:0:1 - - [25/Dec/2022:20:00:32 +0100] "GET /Veltri_GiftList/connection HTTP/1.1" 200 1366
127.0.0.1 - - [25/Dec/2022:20:00:47 +0100] "POST /Veltri_GiftListAPI/api/user/login HTTP/1.1" 200 779
0:0:0:0:0:0:0:1 - - [25/Dec/2022:20:00:48 +0100] "POST /Veltri_GiftList/authentication HTTP/1.1" 200 2832
127.0.0.1 - - [25/Dec/2022:20:00:53 +0100] "POST /Veltri_GiftListAPI/api/giftList/find HTTP/1.1" 200 1421
0:0:0:0:0:0:0:1 - - [25/Dec/2022:20:00:53 +0100] "GET /Veltri_GiftList/getInfoList?from=my&orderId=0 HTTP/1.1" 200 5509
127.0.0.1 - - [25/Dec/2022:20:03:19 +0100] "POST /Veltri_GiftListAPI/api/giftList/find HTTP/1.1" 200 1421
0:0:0:0:0:0:0:1 - - [25/Dec/2022:20:03:21 +0100] "GET /Veltri_GiftList/getInfoList?from=my&orderId=0 HTTP/1.1" 200 5536
0:0:0:0:0:0:0:1 - - [25/Dec/2022:20:03:21 +0100] "GET /Veltri_GiftList/CSS/infoListCSS.css HTTP/1.1" 304 -
127.0.0.1 - - [25/Dec/2022:20:03:32 +0100] "POST /Veltri_GiftListAPI/api/giftList/find HTTP/1.1" 200 1421
0:0:0:0:0:0:0:1 - - [25/Dec/2022:20:03:33 +0100] "GET /Veltri_GiftList/getInfoList?from=my&orderId=0 HTTP/1.1" 200 5541
127.0.0.1 - - [25/Dec/2022:20:04:08 +0100] "POST /Veltri_GiftListAPI/api/giftList/find HTTP/1.1" 200 1421
0:0:0:0:0:0:0:1 - - [25/Dec/2022:20:04:09 +0100] "GET /Veltri_GiftList/getInfoList?from=my&orderId=0 HTTP/1.1" 200 5538
127.0.0.1 - - [25/Dec/2022:20:04:49 +0100] "POST /Veltri_GiftListAPI/api/giftList/find HTTP/1.1" 200 1421
0:0:0:0:0:0:0:1 - - [25/Dec/2022:20:04:49 +0100] "GET /Veltri_GiftList/getInfoList?from=my&orderId=0 HTTP/1.1" 200 5540
127.0.0.1 - - [25/Dec/2022:20:05:02 +0100] "POST /Veltri_GiftListAPI/api/giftList/find HTTP/1.1" 200 1421
0:0:0:0:0:0:0:1 - - [25/Dec/2022:20:05:03 +0100] "GET /Veltri_GiftList/getInfoList?from=my&orderId=0 HTTP/1.1" 200 5538
127.0.0.1 - - [25/Dec/2022:20:05:14 +0100] "POST /Veltri_GiftListAPI/api/giftList/find HTTP/1.1" 200 1421
0:0:0:0:0:0:0:1 - - [25/Dec/2022:20:05:14 +0100] "GET /Veltri_GiftList/getInfoList?from=my&orderId=0 HTTP/1.1" 200 5536
0:0:0:0:0:0:0:1 - - [25/Dec/2022:20:52:47 +0100] "GET /Veltri_GiftList/home HTTP/1.1" 500 3111
0:0:0:0:0:0:0:1 - - [25/Dec/2022:20:53:00 +0100] "GET /Veltri_GiftList/connection HTTP/1.1" 200 1366
127.0.0.1 - - [25/Dec/2022:20:53:24 +0100] "POST /Veltri_GiftListAPI/api/user/login HTTP/1.1" 204 -
127.0.0.1 - - [25/Dec/2022:20:53:24 +0100] "POST /Veltri_GiftListAPI/api/user/login HTTP/1.1" 204 -
0:0:0:0:0:0:0:1 - - [25/Dec/2022:20:53:24 +0100] "POST /Veltri_GiftList/authentication HTTP/1.1" 200 1466
0:0:0:0:0:0:0:1 - - [25/Dec/2022:20:53:24 +0100] "POST /Veltri_GiftList/authentication HTTP/1.1" 200 1466
