127.0.0.1 - - [28/Dec/2022:11:27:14 +0100] "GET / HTTP/1.1" 404 681
0:0:0:0:0:0:0:1 - - [28/Dec/2022:11:27:16 +0100] "GET /Veltri_GiftList/verifAddGift HTTP/1.1" 500 3351
0:0:0:0:0:0:0:1 - - [28/Dec/2022:11:27:16 +0100] "GET /favicon.ico HTTP/1.1" 404 692
0:0:0:0:0:0:0:1 - - [28/Dec/2022:11:27:24 +0100] "GET /Veltri_GiftList/connection HTTP/1.1" 200 1366
0:0:0:0:0:0:0:1 - - [28/Dec/2022:11:27:24 +0100] "GET /Veltri_GiftList/IMG/background.jpg HTTP/1.1" 304 -
127.0.0.1 - - [28/Dec/2022:11:27:39 +0100] "POST /Veltri_GiftListAPI/api/user/login HTTP/1.1" 200 779
127.0.0.1 - - [28/Dec/2022:11:27:39 +0100] "POST /Veltri_GiftListAPI/api/user/login HTTP/1.1" 200 779
0:0:0:0:0:0:0:1 - - [28/Dec/2022:11:27:40 +0100] "POST /Veltri_GiftList/authentication HTTP/1.1" 500 1423
0:0:0:0:0:0:0:1 - - [28/Dec/2022:11:27:40 +0100] "POST /Veltri_GiftList/authentication HTTP/1.1" 200 2859
0:0:0:0:0:0:0:1 - - [28/Dec/2022:11:27:42 +0100] "GET /Veltri_GiftList/addList HTTP/1.1" 200 4278
0:0:0:0:0:0:0:1 - - [28/Dec/2022:11:27:42 +0100] "GET /Veltri_GiftList/IMG/plus.png HTTP/1.1" 304 -
0:0:0:0:0:0:0:1 - - [28/Dec/2022:11:27:44 +0100] "GET /Veltri_GiftList/addGift?nameList=&limitDate=&isActive=on&occasion=wedding HTTP/1.1" 200 3391
127.0.0.1 - - [28/Dec/2022:11:32:26 +0100] "GET / HTTP/1.1" 404 681
0:0:0:0:0:0:0:1 - - [28/Dec/2022:11:32:27 +0100] "GET /Veltri_GiftList/verifAddGift HTTP/1.1" 500 3351
0:0:0:0:0:0:0:1 - - [28/Dec/2022:11:33:01 +0100] "GET /Veltri_GiftList/connection HTTP/1.1" 200 1366
127.0.0.1 - - [28/Dec/2022:11:33:11 +0100] "POST /Veltri_GiftListAPI/api/user/login HTTP/1.1" 200 779
0:0:0:0:0:0:0:1 - - [28/Dec/2022:11:33:12 +0100] "POST /Veltri_GiftList/authentication HTTP/1.1" 200 2859
0:0:0:0:0:0:0:1 - - [28/Dec/2022:11:33:15 +0100] "GET /Veltri_GiftList/addList HTTP/1.1" 200 4278
0:0:0:0:0:0:0:1 - - [28/Dec/2022:11:33:20 +0100] "GET /Veltri_GiftList/addList HTTP/1.1" 200 4278
0:0:0:0:0:0:0:1 - - [28/Dec/2022:11:33:25 +0100] "GET /Veltri_GiftList/addGift?nameList=g&limitDate=&isActive=on&occasion=wedding HTTP/1.1" 200 3391
0:0:0:0:0:0:0:1 - - [28/Dec/2022:11:33:39 +0100] "POST /Veltri_GiftList/verifAddGift HTTP/1.1" 500 1249
0:0:0:0:0:0:0:1 - - [28/Dec/2022:11:35:26 +0100] "POST /Veltri_GiftList/verifAddGift HTTP/1.1" 500 1403
0:0:0:0:0:0:0:1 - - [28/Dec/2022:11:35:33 +0100] "POST /Veltri_GiftList/verifAddGift HTTP/1.1" 500 1403
0:0:0:0:0:0:0:1 - - [28/Dec/2022:11:36:08 +0100] "POST /Veltri_GiftList/verifAddGift HTTP/1.1" 500 1249
127.0.0.1 - - [28/Dec/2022:11:42:29 +0100] "GET / HTTP/1.1" 404 681
0:0:0:0:0:0:0:1 - - [28/Dec/2022:11:42:30 +0100] "GET /Veltri_GiftList/verifAddGift HTTP/1.1" 500 3351
0:0:0:0:0:0:0:1 - - [28/Dec/2022:11:42:35 +0100] "GET /Veltri_GiftList/connection HTTP/1.1" 200 1366
127.0.0.1 - - [28/Dec/2022:11:42:47 +0100] "POST /Veltri_GiftListAPI/api/user/login HTTP/1.1" 200 779
0:0:0:0:0:0:0:1 - - [28/Dec/2022:11:42:48 +0100] "POST /Veltri_GiftList/authentication HTTP/1.1" 200 2859
0:0:0:0:0:0:0:1 - - [28/Dec/2022:11:42:49 +0100] "GET /Veltri_GiftList/addList HTTP/1.1" 200 4278
0:0:0:0:0:0:0:1 - - [28/Dec/2022:11:42:52 +0100] "GET /Veltri_GiftList/addGift?nameList=g&limitDate=&isActive=on&occasion=wedding HTTP/1.1" 200 3391
0:0:0:0:0:0:0:1 - - [28/Dec/2022:11:43:59 +0100] "POST /Veltri_GiftList/verifAddGift HTTP/1.1" 200 4803
0:0:0:0:0:0:0:1 - - [28/Dec/2022:11:43:59 +0100] "GET /Veltri_GiftList/IMG/pen.png HTTP/1.1" 304 -
0:0:0:0:0:0:0:1 - - [28/Dec/2022:11:43:59 +0100] "GET /Veltri_GiftList/IMG/delete.png HTTP/1.1" 304 -
0:0:0:0:0:0:0:1 - - [28/Dec/2022:11:47:30 +0100] "GET /Veltri_GiftList/connection HTTP/1.1" 200 1366
0:0:0:0:0:0:0:1 - - [28/Dec/2022:11:47:33 +0100] "POST /Veltri_GiftList/authentication HTTP/1.1" 200 1431
0:0:0:0:0:0:0:1 - - [28/Dec/2022:11:47:40 +0100] "GET /Veltri_GiftList/home HTTP/1.1" 200 2859
0:0:0:0:0:0:0:1 - - [28/Dec/2022:11:48:43 +0100] "GET /Veltri_GiftList/home HTTP/1.1" 200 2861
0:0:0:0:0:0:0:1 - - [28/Dec/2022:11:48:47 +0100] "GET /Veltri_GiftList/Deconnection HTTP/1.1" 404 713
127.0.0.1 - - [28/Dec/2022:11:52:10 +0100] "GET / HTTP/1.1" 404 681
0:0:0:0:0:0:0:1 - - [28/Dec/2022:11:52:11 +0100] "GET /Veltri_GiftList/WEB-INF/web.xml HTTP/1.1" 404 604
0:0:0:0:0:0:0:1 - - [28/Dec/2022:11:52:21 +0100] "GET /Veltri_GiftList/connection HTTP/1.1" 200 1366
127.0.0.1 - - [28/Dec/2022:11:52:28 +0100] "POST /Veltri_GiftListAPI/api/user/login HTTP/1.1" 200 779
0:0:0:0:0:0:0:1 - - [28/Dec/2022:11:52:31 +0100] "POST /Veltri_GiftList/authentication HTTP/1.1" 200 2861
0:0:0:0:0:0:0:1 - - [28/Dec/2022:11:52:47 +0100] "GET /Veltri_GiftList/deconnection HTTP/1.1" 302 -
0:0:0:0:0:0:0:1 - - [28/Dec/2022:11:52:47 +0100] "GET /connection HTTP/1.1" 404 691
0:0:0:0:0:0:0:1 - - [28/Dec/2022:11:55:27 +0100] "GET /Veltri_GiftList/home HTTP/1.1" 500 3111
0:0:0:0:0:0:0:1 - - [28/Dec/2022:11:55:33 +0100] "GET /Veltri_GiftList/connection HTTP/1.1" 200 1366
127.0.0.1 - - [28/Dec/2022:11:55:37 +0100] "POST /Veltri_GiftListAPI/api/user/login HTTP/1.1" 200 779
0:0:0:0:0:0:0:1 - - [28/Dec/2022:11:55:38 +0100] "POST /Veltri_GiftList/authentication HTTP/1.1" 200 2861
0:0:0:0:0:0:0:1 - - [28/Dec/2022:11:55:39 +0100] "GET /Veltri_GiftList/deconnection HTTP/1.1" 302 -
0:0:0:0:0:0:0:1 - - [28/Dec/2022:11:55:39 +0100] "GET /Veltri_GiftList/connection HTTP/1.1" 200 1366
0:0:0:0:0:0:0:1 - - [28/Dec/2022:11:55:56 +0100] "GET /Veltri_GiftList/home HTTP/1.1" 500 3111
0:0:0:0:0:0:0:1 - - [28/Dec/2022:11:56:02 +0100] "GET /Veltri_GiftList/connection HTTP/1.1" 200 1366
127.0.0.1 - - [28/Dec/2022:11:56:05 +0100] "POST /Veltri_GiftListAPI/api/user/login HTTP/1.1" 200 779
0:0:0:0:0:0:0:1 - - [28/Dec/2022:11:56:05 +0100] "POST /Veltri_GiftList/authentication HTTP/1.1" 200 2861
0:0:0:0:0:0:0:1 - - [28/Dec/2022:11:56:08 +0100] "GET /Veltri_GiftList/addList HTTP/1.1" 200 4280
0:0:0:0:0:0:0:1 - - [28/Dec/2022:11:56:13 +0100] "GET /Veltri_GiftList/addGift?nameList=g&limitDate=&isActive=on&occasion=wedding HTTP/1.1" 200 3393
0:0:0:0:0:0:0:1 - - [28/Dec/2022:11:56:22 +0100] "POST /Veltri_GiftList/verifAddGift HTTP/1.1" 200 4799
0:0:0:0:0:0:0:1 - - [28/Dec/2022:12:03:55 +0100] "POST /Veltri_GiftList/verifAddGift HTTP/1.1" 200 96675
0:0:0:0:0:0:0:1 - - [28/Dec/2022:12:03:55 +0100] "GET null HTTP/1.1" 400 1863
0:0:0:0:0:0:0:1 - - [28/Dec/2022:12:04:07 +0100] "GET /Veltri_GiftList/addList HTTP/1.1" 200 4282
0:0:0:0:0:0:0:1 - - [28/Dec/2022:12:04:09 +0100] "GET /Veltri_GiftList/addGift?nameList=&limitDate=&isActive=on&occasion=wedding HTTP/1.1" 200 3393
0:0:0:0:0:0:0:1 - - [28/Dec/2022:12:04:18 +0100] "POST /Veltri_GiftList/verifAddGift HTTP/1.1" 200 50483
0:0:0:0:0:0:0:1 - - [28/Dec/2022:12:04:18 +0100] "GET null HTTP/1.1" 400 1863
0:0:0:0:0:0:0:1 - - [28/Dec/2022:12:04:31 +0100] "POST /Veltri_GiftList/verifAddGift HTTP/1.1" 200 51007
0:0:0:0:0:0:0:1 - - [28/Dec/2022:12:04:31 +0100] "GET null HTTP/1.1" 400 1863
0:0:0:0:0:0:0:1 - - [28/Dec/2022:12:06:12 +0100] "POST /Veltri_GiftList/verifAddGift HTTP/1.1" 200 51594
0:0:0:0:0:0:0:1 - - [28/Dec/2022:12:07:08 +0100] "GET /Veltri_GiftList/addList HTTP/1.1" 200 4282
0:0:0:0:0:0:0:1 - - [28/Dec/2022:12:07:10 +0100] "GET /Veltri_GiftList/addGift?nameList=&limitDate=&isActive=on&occasion=wedding HTTP/1.1" 200 3393
0:0:0:0:0:0:0:1 - - [28/Dec/2022:12:07:22 +0100] "POST /Veltri_GiftList/verifAddGift HTTP/1.1" 200 50504
0:0:0:0:0:0:0:1 - - [28/Dec/2022:12:08:16 +0100] "POST /Veltri_GiftList/verifAddGift HTTP/1.1" 200 96724
0:0:0:0:0:0:0:1 - - [28/Dec/2022:12:09:18 +0100] "POST /Veltri_GiftList/verifAddGift HTTP/1.1" 200 143026
0:0:0:0:0:0:0:1 - - [28/Dec/2022:12:10:54 +0100] "POST /Veltri_GiftList/verifAddGift HTTP/1.1" 200 189315
0:0:0:0:0:0:0:1 - - [28/Dec/2022:12:11:06 +0100] "POST /Veltri_GiftList/verifAddGift HTTP/1.1" 200 235567
0:0:0:0:0:0:0:1 - - [28/Dec/2022:12:11:06 +0100] "GET /Veltri_GiftList/IMG/logOut.png HTTP/1.1" 200 1901
0:0:0:0:0:0:0:1 - - [28/Dec/2022:12:11:06 +0100] "GET /Veltri_GiftList/IMG/pen.png HTTP/1.1" 200 15056
0:0:0:0:0:0:0:1 - - [28/Dec/2022:12:11:06 +0100] "GET /Veltri_GiftList/IMG/delete.png HTTP/1.1" 200 8709
0:0:0:0:0:0:0:1 - - [28/Dec/2022:12:11:06 +0100] "GET /Veltri_GiftList/IMG/plus.png HTTP/1.1" 200 6948
0:0:0:0:0:0:0:1 - - [28/Dec/2022:12:11:07 +0100] "GET /favicon.ico HTTP/1.1" 404 692
0:0:0:0:0:0:0:1 - - [28/Dec/2022:12:11:25 +0100] "POST /Veltri_GiftList/verifAddGift HTTP/1.1" 200 281807
0:0:0:0:0:0:0:1 - - [28/Dec/2022:12:13:08 +0100] "POST /Veltri_GiftList/verifAddGift HTTP/1.1" 200 328149
0:0:0:0:0:0:0:1 - - [28/Dec/2022:12:13:08 +0100] "GET /Veltri_GiftList/CSS/infoListCSS.css HTTP/1.1" 304 -
0:0:0:0:0:0:0:1 - - [28/Dec/2022:12:14:59 +0100] "POST /Veltri_GiftList/verifAddGift HTTP/1.1" 200 374399
0:0:0:0:0:0:0:1 - - [28/Dec/2022:12:15:02 +0100] "GET /Veltri_GiftList/addGift?nameList=&limitDate=&isActive=on&occasion=wedding HTTP/1.1" 200 3388
127.0.0.1 - - [28/Dec/2022:12:16:00 +0100] "GET / HTTP/1.1" 404 681
0:0:0:0:0:0:0:1 - - [28/Dec/2022:12:16:07 +0100] "GET /Veltri_GiftList/connection HTTP/1.1" 200 1366
127.0.0.1 - - [28/Dec/2022:12:16:14 +0100] "POST /Veltri_GiftListAPI/api/user/login HTTP/1.1" 200 779
0:0:0:0:0:0:0:1 - - [28/Dec/2022:12:16:15 +0100] "POST /Veltri_GiftList/authentication HTTP/1.1" 200 2861
0:0:0:0:0:0:0:1 - - [28/Dec/2022:12:16:17 +0100] "GET /Veltri_GiftList/addList HTTP/1.1" 200 4369
0:0:0:0:0:0:0:1 - - [28/Dec/2022:12:19:08 +0100] "GET /Veltri_GiftList/addGift?nameList=&limitDate=&isActive=on&occasion=wedding HTTP/1.1" 200 3519
0:0:0:0:0:0:0:1 - - [28/Dec/2022:12:19:52 +0100] "GET /Veltri_GiftList/addGift?nameList=&limitDate=&isActive=on&occasion=wedding HTTP/1.1" 200 3597
0:0:0:0:0:0:0:1 - - [28/Dec/2022:12:22:12 +0100] "GET /Veltri_GiftList/addGift?nameList=&limitDate=&isActive=on&occasion=wedding HTTP/1.1" 200 3388
0:0:0:0:0:0:0:1 - - [28/Dec/2022:12:24:23 +0100] "GET /Veltri_GiftList/addGift?nameList=&limitDate=&isActive=on&occasion=wedding HTTP/1.1" 200 3388
127.0.0.1 - - [28/Dec/2022:14:04:03 +0100] "GET / HTTP/1.1" 404 681
0:0:0:0:0:0:0:1 - - [28/Dec/2022:14:04:04 +0100] "GET /Veltri_GiftListAPI/WEB-INF/classes/be/veltri/DAO/GiftDAO.java HTTP/1.1" 404 604
0:0:0:0:0:0:0:1 - - [28/Dec/2022:14:04:22 +0100] "GET /Veltri_GiftList/connection HTTP/1.1" 200 1366
127.0.0.1 - - [28/Dec/2022:14:04:31 +0100] "POST /Veltri_GiftListAPI/api/user/login HTTP/1.1" 200 779
0:0:0:0:0:0:0:1 - - [28/Dec/2022:14:04:32 +0100] "POST /Veltri_GiftList/authentication HTTP/1.1" 200 2861
0:0:0:0:0:0:0:1 - - [28/Dec/2022:14:04:34 +0100] "GET /Veltri_GiftList/addList HTTP/1.1" 200 4369
0:0:0:0:0:0:0:1 - - [28/Dec/2022:14:04:41 +0100] "GET /Veltri_GiftList/addGift?nameList=test&limitDate=&isActive=on&occasion=wedding HTTP/1.1" 200 3388
0:0:0:0:0:0:0:1 - - [28/Dec/2022:14:04:58 +0100] "POST /Veltri_GiftList/verifAddGift HTTP/1.1" 200 50641
0:0:0:0:0:0:0:1 - - [28/Dec/2022:14:05:18 +0100] "POST /Veltri_GiftList/verifAddList HTTP/1.1" 500 1570
127.0.0.1 - - [28/Dec/2022:17:17:25 +0100] "GET / HTTP/1.1" 404 681
0:0:0:0:0:0:0:1 - - [28/Dec/2022:17:17:40 +0100] "GET /Veltri_GiftList/connection HTTP/1.1" 200 1366
127.0.0.1 - - [28/Dec/2022:17:17:48 +0100] "POST /Veltri_GiftListAPI/api/user/login HTTP/1.1" 200 779
0:0:0:0:0:0:0:1 - - [28/Dec/2022:17:17:49 +0100] "POST /Veltri_GiftList/authentication HTTP/1.1" 200 2861
0:0:0:0:0:0:0:1 - - [28/Dec/2022:17:17:52 +0100] "GET /Veltri_GiftList/addList HTTP/1.1" 200 4369
0:0:0:0:0:0:0:1 - - [28/Dec/2022:17:17:52 +0100] "GET /Veltri_GiftList/IMG/plus.png HTTP/1.1" 304 -
0:0:0:0:0:0:0:1 - - [28/Dec/2022:17:17:55 +0100] "GET /Veltri_GiftList/addGift?nameList=&limitDate=&isActive=on&occasion=wedding HTTP/1.1" 200 3388
0:0:0:0:0:0:0:1 - - [28/Dec/2022:17:18:19 +0100] "POST /Veltri_GiftList/verifAddGift HTTP/1.1" 200 50659
0:0:0:0:0:0:0:1 - - [28/Dec/2022:17:22:16 +0100] "GET /Veltri_GiftList/verifAddList HTTP/1.1" 500 1431
0:0:0:0:0:0:0:1 - - [28/Dec/2022:17:22:19 +0100] "POST /Veltri_GiftList/verifAddList HTTP/1.1" 500 1570
0:0:0:0:0:0:0:1 - - [28/Dec/2022:17:22:29 +0100] "POST /Veltri_GiftList/verifAddList HTTP/1.1" 500 1570
0:0:0:0:0:0:0:1 - - [28/Dec/2022:17:22:41 +0100] "POST /Veltri_GiftList/verifAddGift HTTP/1.1" 200 96951
0:0:0:0:0:0:0:1 - - [28/Dec/2022:17:23:11 +0100] "POST /Veltri_GiftList/verifAddList HTTP/1.1" 500 1570
0:0:0:0:0:0:0:1 - - [28/Dec/2022:17:23:29 +0100] "POST /Veltri_GiftList/verifAddGift HTTP/1.1" 200 143235
0:0:0:0:0:0:0:1 - - [28/Dec/2022:17:25:07 +0100] "POST /Veltri_GiftList/verifAddList HTTP/1.1" 500 1399
127.0.0.1 - - [28/Dec/2022:17:26:28 +0100] "GET / HTTP/1.1" 404 681
0:0:0:0:0:0:0:1 - - [28/Dec/2022:17:26:39 +0100] "GET /Veltri_GiftList/connection HTTP/1.1" 200 1366
127.0.0.1 - - [28/Dec/2022:17:26:47 +0100] "POST /Veltri_GiftListAPI/api/user/login HTTP/1.1" 200 779
0:0:0:0:0:0:0:1 - - [28/Dec/2022:17:26:48 +0100] "POST /Veltri_GiftList/authentication HTTP/1.1" 200 2861
0:0:0:0:0:0:0:1 - - [28/Dec/2022:17:26:51 +0100] "GET /Veltri_GiftList/addList HTTP/1.1" 200 4369
0:0:0:0:0:0:0:1 - - [28/Dec/2022:17:27:20 +0100] "GET /Veltri_GiftList/addGift?nameList=test&limitDate=&isActive=on&occasion=wedding HTTP/1.1" 200 3388
0:0:0:0:0:0:0:1 - - [28/Dec/2022:17:27:33 +0100] "POST /Veltri_GiftList/verifAddGift HTTP/1.1" 200 50659
127.0.0.1 - - [28/Dec/2022:17:29:09 +0100] "POST /Veltri_GiftListAPI/api/giftList/create HTTP/1.1" 500 4409
0:0:0:0:0:0:0:1 - - [28/Dec/2022:17:29:09 +0100] "POST /Veltri_GiftList/verifAddList HTTP/1.1" 200 -
127.0.0.1 - - [28/Dec/2022:17:30:10 +0100] "POST /Veltri_GiftListAPI/api/giftList/create HTTP/1.1" 500 4409
0:0:0:0:0:0:0:1 - - [28/Dec/2022:17:30:12 +0100] "POST /Veltri_GiftList/verifAddList HTTP/1.1" 200 -
127.0.0.1 - - [28/Dec/2022:17:30:50 +0100] "POST /Veltri_GiftListAPI/api/giftList/create HTTP/1.1" 500 4409
0:0:0:0:0:0:0:1 - - [28/Dec/2022:17:31:39 +0100] "POST /Veltri_GiftList/verifAddList HTTP/1.1" 200 -
127.0.0.1 - - [28/Dec/2022:17:33:43 +0100] "GET / HTTP/1.1" 404 681
0:0:0:0:0:0:0:1 - - [28/Dec/2022:17:33:50 +0100] "POST /Veltri_GiftList/verifAddList HTTP/1.1" 500 1399
0:0:0:0:0:0:0:1 - - [28/Dec/2022:17:34:05 +0100] "GET /Veltri_GiftList/connection HTTP/1.1" 200 1366
127.0.0.1 - - [28/Dec/2022:17:34:15 +0100] "POST /Veltri_GiftListAPI/api/user/login HTTP/1.1" 200 779
0:0:0:0:0:0:0:1 - - [28/Dec/2022:17:34:16 +0100] "POST /Veltri_GiftList/authentication HTTP/1.1" 200 2861
0:0:0:0:0:0:0:1 - - [28/Dec/2022:17:34:30 +0100] "GET /Veltri_GiftList/addList HTTP/1.1" 200 4369
0:0:0:0:0:0:0:1 - - [28/Dec/2022:17:34:33 +0100] "GET /Veltri_GiftList/addGift?nameList=&limitDate=&isActive=on&occasion=wedding HTTP/1.1" 200 3388
0:0:0:0:0:0:0:1 - - [28/Dec/2022:17:34:44 +0100] "POST /Veltri_GiftList/verifAddGift HTTP/1.1" 200 50660
127.0.0.1 - - [28/Dec/2022:17:35:39 +0100] "POST /Veltri_GiftListAPI/api/giftList/create HTTP/1.1" 503 673
0:0:0:0:0:0:0:1 - - [28/Dec/2022:17:37:22 +0100] "POST /Veltri_GiftList/verifAddList HTTP/1.1" 200 -
127.0.0.1 - - [28/Dec/2022:17:38:59 +0100] "POST /Veltri_GiftListAPI/api/giftList/create HTTP/1.1" 503 673
0:0:0:0:0:0:0:1 - - [28/Dec/2022:17:39:06 +0100] "POST /Veltri_GiftList/verifAddList HTTP/1.1" 200 -
127.0.0.1 - - [28/Dec/2022:17:40:07 +0100] "POST /Veltri_GiftListAPI/api/giftList/create HTTP/1.1" 503 673
0:0:0:0:0:0:0:1 - - [28/Dec/2022:17:40:14 +0100] "POST /Veltri_GiftList/verifAddList HTTP/1.1" 200 -
127.0.0.1 - - [28/Dec/2022:17:47:46 +0100] "GET / HTTP/1.1" 404 681
0:0:0:0:0:0:0:1 - - [28/Dec/2022:17:47:47 +0100] "GET /Veltri_GiftListAPI/WEB-INF/classes/be/veltri/DAO/GiftListDAO.java HTTP/1.1" 404 604
0:0:0:0:0:0:0:1 - - [28/Dec/2022:17:47:49 +0100] "GET /Veltri_GiftList/connection HTTP/1.1" 200 1366
127.0.0.1 - - [28/Dec/2022:17:48:03 +0100] "POST /Veltri_GiftListAPI/api/user/login HTTP/1.1" 204 -
0:0:0:0:0:0:0:1 - - [28/Dec/2022:17:48:03 +0100] "POST /Veltri_GiftList/authentication HTTP/1.1" 200 1469
127.0.0.1 - - [28/Dec/2022:17:48:07 +0100] "POST /Veltri_GiftListAPI/api/user/login HTTP/1.1" 204 -
0:0:0:0:0:0:0:1 - - [28/Dec/2022:17:48:07 +0100] "POST /Veltri_GiftList/authentication HTTP/1.1" 200 1469
127.0.0.1 - - [28/Dec/2022:17:48:12 +0100] "POST /Veltri_GiftListAPI/api/user/login HTTP/1.1" 200 779
0:0:0:0:0:0:0:1 - - [28/Dec/2022:17:48:26 +0100] "POST /Veltri_GiftList/authentication HTTP/1.1" 200 2861
0:0:0:0:0:0:0:1 - - [28/Dec/2022:17:48:32 +0100] "GET /Veltri_GiftList/addList HTTP/1.1" 200 4369
0:0:0:0:0:0:0:1 - - [28/Dec/2022:17:48:37 +0100] "GET /Veltri_GiftList/addGift?nameList=g&limitDate=&isActive=on&occasion=wedding HTTP/1.1" 200 3388
0:0:0:0:0:0:0:1 - - [28/Dec/2022:17:48:48 +0100] "POST /Veltri_GiftList/verifAddGift HTTP/1.1" 200 50660
127.0.0.1 - - [28/Dec/2022:17:50:22 +0100] "POST /Veltri_GiftListAPI/api/giftList/create HTTP/1.1" 503 673
0:0:0:0:0:0:0:1 - - [28/Dec/2022:17:50:47 +0100] "POST /Veltri_GiftList/verifAddList HTTP/1.1" 200 -
127.0.0.1 - - [28/Dec/2022:17:53:12 +0100] "POST /Veltri_GiftListAPI/api/giftList/create HTTP/1.1" 503 673
0:0:0:0:0:0:0:1 - - [28/Dec/2022:17:53:21 +0100] "POST /Veltri_GiftList/verifAddList HTTP/1.1" 200 -
127.0.0.1 - - [28/Dec/2022:17:54:37 +0100] "POST /Veltri_GiftListAPI/api/giftList/create HTTP/1.1" 503 673
0:0:0:0:0:0:0:1 - - [28/Dec/2022:17:54:37 +0100] "POST /Veltri_GiftList/verifAddList HTTP/1.1" 200 -
127.0.0.1 - - [28/Dec/2022:18:06:31 +0100] "GET / HTTP/1.1" 404 681
0:0:0:0:0:0:0:1 - - [28/Dec/2022:18:07:03 +0100] "GET /Veltri_GiftList/Connection HTTP/1.1" 404 711
0:0:0:0:0:0:0:1 - - [28/Dec/2022:18:07:17 +0100] "GET /Veltri_GiftList/WEB-INF/JSP/Connection.jsp HTTP/1.1" 404 604
0:0:0:0:0:0:0:1 - - [28/Dec/2022:18:07:21 +0100] "GET /Veltri_GiftList/Connection HTTP/1.1" 404 711
0:0:0:0:0:0:0:1 - - [28/Dec/2022:18:07:28 +0100] "GET /Veltri_GiftList/connection HTTP/1.1" 200 1366
127.0.0.1 - - [28/Dec/2022:18:07:37 +0100] "POST /Veltri_GiftListAPI/api/user/login HTTP/1.1" 200 779
0:0:0:0:0:0:0:1 - - [28/Dec/2022:18:07:57 +0100] "POST /Veltri_GiftList/authentication HTTP/1.1" 200 2861
0:0:0:0:0:0:0:1 - - [28/Dec/2022:18:08:03 +0100] "GET /Veltri_GiftList/addList HTTP/1.1" 200 4369
0:0:0:0:0:0:0:1 - - [28/Dec/2022:18:08:08 +0100] "GET /Veltri_GiftList/addGift?nameList=g&limitDate=&isActive=on&occasion=wedding HTTP/1.1" 200 3388
0:0:0:0:0:0:0:1 - - [28/Dec/2022:18:08:19 +0100] "POST /Veltri_GiftList/verifAddGift HTTP/1.1" 200 50654
0:0:0:0:0:0:0:1 - - [28/Dec/2022:18:08:22 +0100] "GET /Veltri_GiftList/addGift?nameList=g&limitDate=&isActive=on&occasion=wedding HTTP/1.1" 200 3388
0:0:0:0:0:0:0:1 - - [28/Dec/2022:18:08:27 +0100] "POST /Veltri_GiftList/verifAddGift HTTP/1.1" 200 50654
0:0:0:0:0:0:0:1 - - [28/Dec/2022:18:08:30 +0100] "POST /Veltri_GiftList/verifAddGift HTTP/1.1" 200 96926
127.0.0.1 - - [28/Dec/2022:18:11:01 +0100] "POST /Veltri_GiftListAPI/api/giftList/create HTTP/1.1" 503 673
0:0:0:0:0:0:0:1 - - [28/Dec/2022:18:11:01 +0100] "POST /Veltri_GiftList/verifAddList HTTP/1.1" 200 -
127.0.0.1 - - [28/Dec/2022:18:15:07 +0100] "GET / HTTP/1.1" 404 681
0:0:0:0:0:0:0:1 - - [28/Dec/2022:18:15:21 +0100] "GET /Veltri_GiftList/connection HTTP/1.1" 200 1366
127.0.0.1 - - [28/Dec/2022:18:15:29 +0100] "POST /Veltri_GiftListAPI/api/user/login HTTP/1.1" 200 779
0:0:0:0:0:0:0:1 - - [28/Dec/2022:18:15:39 +0100] "POST /Veltri_GiftList/authentication HTTP/1.1" 200 2861
0:0:0:0:0:0:0:1 - - [28/Dec/2022:18:15:45 +0100] "GET /Veltri_GiftList/addList HTTP/1.1" 200 4369
0:0:0:0:0:0:0:1 - - [28/Dec/2022:18:15:47 +0100] "GET /Veltri_GiftList/addGift?nameList=&limitDate=&isActive=on&occasion=wedding HTTP/1.1" 200 3388
0:0:0:0:0:0:0:1 - - [28/Dec/2022:18:15:57 +0100] "POST /Veltri_GiftList/verifAddGift HTTP/1.1" 200 50629
127.0.0.1 - - [28/Dec/2022:18:18:17 +0100] "GET / HTTP/1.1" 404 681
0:0:0:0:0:0:0:1 - - [28/Dec/2022:18:18:18 +0100] "GET /Veltri_GiftListAPI/WEB-INF/classes/be/veltri/DAO/GiftListDAO.java HTTP/1.1" 404 604
0:0:0:0:0:0:0:1 - - [28/Dec/2022:18:18:19 +0100] "GET /Veltri_GiftList/connection HTTP/1.1" 200 1366
127.0.0.1 - - [28/Dec/2022:18:18:29 +0100] "POST /Veltri_GiftListAPI/api/user/login HTTP/1.1" 200 779
127.0.0.1 - - [28/Dec/2022:18:18:29 +0100] "POST /Veltri_GiftListAPI/api/user/login HTTP/1.1" 200 779
0:0:0:0:0:0:0:1 - - [28/Dec/2022:18:18:29 +0100] "POST /Veltri_GiftList/authentication HTTP/1.1" 200 2861
0:0:0:0:0:0:0:1 - - [28/Dec/2022:18:18:29 +0100] "POST /Veltri_GiftList/authentication HTTP/1.1" 200 2861
0:0:0:0:0:0:0:1 - - [28/Dec/2022:18:18:31 +0100] "GET /Veltri_GiftList/addList HTTP/1.1" 200 4369
0:0:0:0:0:0:0:1 - - [28/Dec/2022:18:18:33 +0100] "GET /Veltri_GiftList/addGift?nameList=&limitDate=&isActive=on&occasion=wedding HTTP/1.1" 200 3388
0:0:0:0:0:0:0:1 - - [28/Dec/2022:18:18:43 +0100] "POST /Veltri_GiftList/verifAddGift HTTP/1.1" 200 50626
127.0.0.1 - - [28/Dec/2022:18:18:52 +0100] "POST /Veltri_GiftListAPI/api/giftList/create HTTP/1.1" 503 673
0:0:0:0:0:0:0:1 - - [28/Dec/2022:18:18:52 +0100] "POST /Veltri_GiftList/verifAddList HTTP/1.1" 200 -
127.0.0.1 - - [28/Dec/2022:18:20:29 +0100] "POST /Veltri_GiftListAPI/api/giftList/create HTTP/1.1" 503 673
0:0:0:0:0:0:0:1 - - [28/Dec/2022:18:20:29 +0100] "POST /Veltri_GiftList/verifAddList HTTP/1.1" 200 -
127.0.0.1 - - [28/Dec/2022:18:20:42 +0100] "POST /Veltri_GiftListAPI/api/giftList/create HTTP/1.1" 503 673
0:0:0:0:0:0:0:1 - - [28/Dec/2022:18:20:42 +0100] "POST /Veltri_GiftList/verifAddList HTTP/1.1" 200 -
127.0.0.1 - - [28/Dec/2022:18:22:47 +0100] "POST /Veltri_GiftListAPI/api/giftList/create HTTP/1.1" 503 673
0:0:0:0:0:0:0:1 - - [28/Dec/2022:18:22:47 +0100] "POST /Veltri_GiftList/verifAddList HTTP/1.1" 200 -
127.0.0.1 - - [28/Dec/2022:18:22:53 +0100] "POST /Veltri_GiftListAPI/api/giftList/create HTTP/1.1" 503 673
0:0:0:0:0:0:0:1 - - [28/Dec/2022:18:22:53 +0100] "POST /Veltri_GiftList/verifAddList HTTP/1.1" 200 -
127.0.0.1 - - [28/Dec/2022:18:30:14 +0100] "POST /Veltri_GiftListAPI/api/giftList/create HTTP/1.1" 503 673
0:0:0:0:0:0:0:1 - - [28/Dec/2022:18:30:14 +0100] "POST /Veltri_GiftList/verifAddList HTTP/1.1" 200 -
127.0.0.1 - - [28/Dec/2022:18:32:15 +0100] "POST /Veltri_GiftListAPI/api/giftList/create HTTP/1.1" 503 673
0:0:0:0:0:0:0:1 - - [28/Dec/2022:18:32:15 +0100] "POST /Veltri_GiftList/verifAddList HTTP/1.1" 200 -
127.0.0.1 - - [28/Dec/2022:18:41:25 +0100] "GET / HTTP/1.1" 404 681
0:0:0:0:0:0:0:1 - - [28/Dec/2022:18:41:30 +0100] "GET /Veltri_GiftList/connection HTTP/1.1" 200 1366
127.0.0.1 - - [28/Dec/2022:18:41:38 +0100] "POST /Veltri_GiftListAPI/api/user/login HTTP/1.1" 200 779
0:0:0:0:0:0:0:1 - - [28/Dec/2022:18:41:38 +0100] "POST /Veltri_GiftList/authentication HTTP/1.1" 200 2861
0:0:0:0:0:0:0:1 - - [28/Dec/2022:18:41:41 +0100] "GET /Veltri_GiftList/addList HTTP/1.1" 200 5236
0:0:0:0:0:0:0:1 - - [28/Dec/2022:18:42:27 +0100] "GET /Veltri_GiftList/addList HTTP/1.1" 200 5231
0:0:0:0:0:0:0:1 - - [28/Dec/2022:18:42:27 +0100] "GET /Veltri_GiftList/CSS/infoListCSS.css HTTP/1.1" 304 -
0:0:0:0:0:0:0:1 - - [28/Dec/2022:18:42:29 +0100] "GET /Veltri_GiftList/addList HTTP/1.1" 200 5231
0:0:0:0:0:0:0:1 - - [28/Dec/2022:18:43:31 +0100] "GET /Veltri_GiftList/addList HTTP/1.1" 200 5410
0:0:0:0:0:0:0:1 - - [28/Dec/2022:18:43:46 +0100] "GET /Veltri_GiftList/addList HTTP/1.1" 200 5485
0:0:0:0:0:0:0:1 - - [28/Dec/2022:18:44:31 +0100] "GET /Veltri_GiftList/addList HTTP/1.1" 200 5455
0:0:0:0:0:0:0:1 - - [28/Dec/2022:18:45:43 +0100] "GET /Veltri_GiftList/addList HTTP/1.1" 200 5927
0:0:0:0:0:0:0:1 - - [28/Dec/2022:18:49:42 +0100] "GET /Veltri_GiftList/addList HTTP/1.1" 200 6086
0:0:0:0:0:0:0:1 - - [28/Dec/2022:18:50:17 +0100] "GET /Veltri_GiftList/addList HTTP/1.1" 200 6090
0:0:0:0:0:0:0:1 - - [28/Dec/2022:18:54:04 +0100] "GET /Veltri_GiftList/addList HTTP/1.1" 200 4452
0:0:0:0:0:0:0:1 - - [28/Dec/2022:18:54:28 +0100] "GET /Veltri_GiftList/addList HTTP/1.1" 200 4476
0:0:0:0:0:0:0:1 - - [28/Dec/2022:18:54:35 +0100] "GET /Veltri_GiftList/addList HTTP/1.1" 200 4476
0:0:0:0:0:0:0:1 - - [28/Dec/2022:18:58:14 +0100] "GET /Veltri_GiftList/addList HTTP/1.1" 200 4485
0:0:0:0:0:0:0:1 - - [28/Dec/2022:18:58:16 +0100] "GET /Veltri_GiftList/addGift?nameList=&limitDate=&isActive=on&occasion=wedding HTTP/1.1" 200 3388
0:0:0:0:0:0:0:1 - - [28/Dec/2022:18:58:23 +0100] "POST /Veltri_GiftList/verifAddGift HTTP/1.1" 200 5061
0:0:0:0:0:0:0:1 - - [28/Dec/2022:18:58:56 +0100] "POST /Veltri_GiftList/verifAddGift HTTP/1.1" 200 5634
0:0:0:0:0:0:0:1 - - [28/Dec/2022:19:02:31 +0100] "POST /Veltri_GiftList/verifAddGift HTTP/1.1" 200 6217
0:0:0:0:0:0:0:1 - - [28/Dec/2022:19:02:36 +0100] "GET /Veltri_GiftList/addGift?nameList=&limitDate=&isActive=on&occasion=wedding HTTP/1.1" 200 3388
0:0:0:0:0:0:0:1 - - [28/Dec/2022:19:12:38 +0100] "POST /Veltri_GiftList/verifAddGift HTTP/1.1" 200 5084
0:0:0:0:0:0:0:1 - - [28/Dec/2022:19:12:38 +0100] "GET /Veltri_GiftList/IMG/delete.png HTTP/1.1" 304 -
0:0:0:0:0:0:0:1 - - [28/Dec/2022:19:13:19 +0100] "POST /Veltri_GiftList/verifAddGift HTTP/1.1" 200 5685
0:0:0:0:0:0:0:1 - - [28/Dec/2022:19:13:24 +0100] "GET /Veltri_GiftList/addList HTTP/1.1" 200 4485
0:0:0:0:0:0:0:1 - - [28/Dec/2022:19:13:26 +0100] "GET /Veltri_GiftList/addGift?nameList=&limitDate=&isActive=on&occasion=wedding HTTP/1.1" 200 3388
0:0:0:0:0:0:0:1 - - [28/Dec/2022:19:13:32 +0100] "POST /Veltri_GiftList/verifAddGift HTTP/1.1" 200 5081
0:0:0:0:0:0:0:1 - - [28/Dec/2022:19:13:56 +0100] "POST /Veltri_GiftList/verifAddGift HTTP/1.1" 200 5679
0:0:0:0:0:0:0:1 - - [28/Dec/2022:19:14:05 +0100] "POST /Veltri_GiftList/verifAddGift HTTP/1.1" 200 6277
0:0:0:0:0:0:0:1 - - [28/Dec/2022:19:14:06 +0100] "GET /Veltri_GiftList/CSS/infoListCSS.css HTTP/1.1" 200 1376
0:0:0:0:0:0:0:1 - - [28/Dec/2022:19:14:06 +0100] "GET /Veltri_GiftList/IMG/logOut.png HTTP/1.1" 200 1901
0:0:0:0:0:0:0:1 - - [28/Dec/2022:19:14:06 +0100] "GET /Veltri_GiftList/IMG/pen.png HTTP/1.1" 200 15056
0:0:0:0:0:0:0:1 - - [28/Dec/2022:19:14:06 +0100] "GET /Veltri_GiftList/IMG/delete.png HTTP/1.1" 200 8709
0:0:0:0:0:0:0:1 - - [28/Dec/2022:19:14:06 +0100] "GET /Veltri_GiftList/IMG/plus.png HTTP/1.1" 200 6948
0:0:0:0:0:0:0:1 - - [28/Dec/2022:19:14:06 +0100] "GET /favicon.ico HTTP/1.1" 404 692
0:0:0:0:0:0:0:1 - - [28/Dec/2022:19:15:31 +0100] "POST /Veltri_GiftList/verifAddGift HTTP/1.1" 200 6511
127.0.0.1 - - [28/Dec/2022:19:17:29 +0100] "POST /Veltri_GiftListAPI/api/giftList/create HTTP/1.1" 503 673
0:0:0:0:0:0:0:1 - - [28/Dec/2022:19:17:29 +0100] "POST /Veltri_GiftList/verifAddList HTTP/1.1" 200 -
127.0.0.1 - - [28/Dec/2022:19:18:20 +0100] "GET / HTTP/1.1" 404 681
127.0.0.1 - - [28/Dec/2022:19:18:32 +0100] "POST /Veltri_GiftListAPI/api/giftList/create HTTP/1.1" 503 673
0:0:0:0:0:0:0:1 - - [28/Dec/2022:19:18:32 +0100] "POST /Veltri_GiftList/verifAddList HTTP/1.1" 200 -
127.0.0.1 - - [28/Dec/2022:19:21:19 +0100] "POST /Veltri_GiftListAPI/api/giftList/create HTTP/1.1" 500 5784
0:0:0:0:0:0:0:1 - - [28/Dec/2022:19:21:19 +0100] "POST /Veltri_GiftList/verifAddList HTTP/1.1" 200 -
127.0.0.1 - - [28/Dec/2022:19:22:06 +0100] "POST /Veltri_GiftListAPI/api/giftList/create HTTP/1.1" 500 5784
0:0:0:0:0:0:0:1 - - [28/Dec/2022:19:22:06 +0100] "POST /Veltri_GiftList/verifAddList HTTP/1.1" 200 -
127.0.0.1 - - [28/Dec/2022:19:22:41 +0100] "POST /Veltri_GiftListAPI/api/giftList/create HTTP/1.1" 503 673
0:0:0:0:0:0:0:1 - - [28/Dec/2022:19:22:41 +0100] "POST /Veltri_GiftList/verifAddList HTTP/1.1" 200 -
127.0.0.1 - - [28/Dec/2022:19:22:46 +0100] "POST /Veltri_GiftListAPI/api/giftList/create HTTP/1.1" 503 673
0:0:0:0:0:0:0:1 - - [28/Dec/2022:19:22:46 +0100] "POST /Veltri_GiftList/verifAddList HTTP/1.1" 200 -
127.0.0.1 - - [28/Dec/2022:19:23:07 +0100] "POST /Veltri_GiftListAPI/api/giftList/create HTTP/1.1" 503 673
0:0:0:0:0:0:0:1 - - [28/Dec/2022:19:23:07 +0100] "POST /Veltri_GiftList/verifAddList HTTP/1.1" 200 -
127.0.0.1 - - [28/Dec/2022:19:24:08 +0100] "POST /Veltri_GiftListAPI/api/giftList/create HTTP/1.1" 503 673
0:0:0:0:0:0:0:1 - - [28/Dec/2022:19:24:08 +0100] "POST /Veltri_GiftList/verifAddList HTTP/1.1" 200 -
127.0.0.1 - - [28/Dec/2022:19:24:36 +0100] "POST /Veltri_GiftListAPI/api/giftList/create HTTP/1.1" 201 4
127.0.0.1 - - [28/Dec/2022:19:24:36 +0100] "POST /Veltri_GiftListAPI/api/gift/create HTTP/1.1" 503 673
127.0.0.1 - - [28/Dec/2022:19:24:36 +0100] "POST /Veltri_GiftListAPI/api/gift/create HTTP/1.1" 503 673
127.0.0.1 - - [28/Dec/2022:19:24:36 +0100] "POST /Veltri_GiftListAPI/api/gift/create HTTP/1.1" 503 673
127.0.0.1 - - [28/Dec/2022:19:24:36 +0100] "POST /Veltri_GiftListAPI/api/gift/create HTTP/1.1" 503 673
0:0:0:0:0:0:0:1 - - [28/Dec/2022:19:24:36 +0100] "POST /Veltri_GiftList/verifAddList HTTP/1.1" 200 -
127.0.0.1 - - [28/Dec/2022:19:25:57 +0100] "POST /Veltri_GiftListAPI/api/giftList/create HTTP/1.1" 201 4
127.0.0.1 - - [28/Dec/2022:19:25:57 +0100] "POST /Veltri_GiftListAPI/api/gift/create HTTP/1.1" 503 673
127.0.0.1 - - [28/Dec/2022:19:25:57 +0100] "POST /Veltri_GiftListAPI/api/gift/create HTTP/1.1" 503 673
127.0.0.1 - - [28/Dec/2022:19:25:57 +0100] "POST /Veltri_GiftListAPI/api/gift/create HTTP/1.1" 503 673
127.0.0.1 - - [28/Dec/2022:19:25:57 +0100] "POST /Veltri_GiftListAPI/api/gift/create HTTP/1.1" 503 673
0:0:0:0:0:0:0:1 - - [28/Dec/2022:19:25:57 +0100] "POST /Veltri_GiftList/verifAddList HTTP/1.1" 200 -
127.0.0.1 - - [28/Dec/2022:19:26:29 +0100] "POST /Veltri_GiftListAPI/api/giftList/create HTTP/1.1" 201 4
127.0.0.1 - - [28/Dec/2022:19:26:29 +0100] "POST /Veltri_GiftListAPI/api/gift/create HTTP/1.1" 503 673
127.0.0.1 - - [28/Dec/2022:19:26:29 +0100] "POST /Veltri_GiftListAPI/api/gift/create HTTP/1.1" 503 673
127.0.0.1 - - [28/Dec/2022:19:26:29 +0100] "POST /Veltri_GiftListAPI/api/gift/create HTTP/1.1" 503 673
127.0.0.1 - - [28/Dec/2022:19:26:29 +0100] "POST /Veltri_GiftListAPI/api/gift/create HTTP/1.1" 503 673
0:0:0:0:0:0:0:1 - - [28/Dec/2022:19:26:29 +0100] "POST /Veltri_GiftList/verifAddList HTTP/1.1" 200 -
127.0.0.1 - - [28/Dec/2022:19:26:32 +0100] "POST /Veltri_GiftListAPI/api/giftList/create HTTP/1.1" 201 4
127.0.0.1 - - [28/Dec/2022:19:26:32 +0100] "POST /Veltri_GiftListAPI/api/gift/create HTTP/1.1" 503 673
127.0.0.1 - - [28/Dec/2022:19:26:32 +0100] "POST /Veltri_GiftListAPI/api/gift/create HTTP/1.1" 503 673
127.0.0.1 - - [28/Dec/2022:19:26:32 +0100] "POST /Veltri_GiftListAPI/api/gift/create HTTP/1.1" 503 673
127.0.0.1 - - [28/Dec/2022:19:26:32 +0100] "POST /Veltri_GiftListAPI/api/gift/create HTTP/1.1" 503 673
0:0:0:0:0:0:0:1 - - [28/Dec/2022:19:26:32 +0100] "POST /Veltri_GiftList/verifAddList HTTP/1.1" 200 -
127.0.0.1 - - [28/Dec/2022:19:27:04 +0100] "POST /Veltri_GiftListAPI/api/giftList/create HTTP/1.1" 201 4
127.0.0.1 - - [28/Dec/2022:19:27:04 +0100] "POST /Veltri_GiftListAPI/api/gift/create HTTP/1.1" 503 673
127.0.0.1 - - [28/Dec/2022:19:27:04 +0100] "POST /Veltri_GiftListAPI/api/gift/create HTTP/1.1" 503 673
127.0.0.1 - - [28/Dec/2022:19:27:05 +0100] "POST /Veltri_GiftListAPI/api/gift/create HTTP/1.1" 503 673
127.0.0.1 - - [28/Dec/2022:19:27:05 +0100] "POST /Veltri_GiftListAPI/api/gift/create HTTP/1.1" 503 673
0:0:0:0:0:0:0:1 - - [28/Dec/2022:19:27:05 +0100] "POST /Veltri_GiftList/verifAddList HTTP/1.1" 200 -
127.0.0.1 - - [28/Dec/2022:19:27:22 +0100] "POST /Veltri_GiftListAPI/api/giftList/create HTTP/1.1" 201 4
127.0.0.1 - - [28/Dec/2022:19:27:22 +0100] "POST /Veltri_GiftListAPI/api/gift/create HTTP/1.1" 503 673
127.0.0.1 - - [28/Dec/2022:19:27:22 +0100] "POST /Veltri_GiftListAPI/api/gift/create HTTP/1.1" 503 673
127.0.0.1 - - [28/Dec/2022:19:27:22 +0100] "POST /Veltri_GiftListAPI/api/gift/create HTTP/1.1" 503 673
127.0.0.1 - - [28/Dec/2022:19:27:22 +0100] "POST /Veltri_GiftListAPI/api/gift/create HTTP/1.1" 503 673
0:0:0:0:0:0:0:1 - - [28/Dec/2022:19:27:22 +0100] "POST /Veltri_GiftList/verifAddList HTTP/1.1" 200 -
127.0.0.1 - - [28/Dec/2022:19:27:37 +0100] "POST /Veltri_GiftListAPI/api/giftList/create HTTP/1.1" 201 4
127.0.0.1 - - [28/Dec/2022:19:27:37 +0100] "POST /Veltri_GiftListAPI/api/gift/create HTTP/1.1" 201 4
127.0.0.1 - - [28/Dec/2022:19:27:38 +0100] "POST /Veltri_GiftListAPI/api/gift/create HTTP/1.1" 201 4
127.0.0.1 - - [28/Dec/2022:19:27:38 +0100] "POST /Veltri_GiftListAPI/api/gift/create HTTP/1.1" 201 4
127.0.0.1 - - [28/Dec/2022:19:27:38 +0100] "POST /Veltri_GiftListAPI/api/gift/create HTTP/1.1" 201 4
0:0:0:0:0:0:0:1 - - [28/Dec/2022:19:27:38 +0100] "POST /Veltri_GiftList/verifAddList HTTP/1.1" 200 -
127.0.0.1 - - [28/Dec/2022:19:29:47 +0100] "POST /Veltri_GiftListAPI/api/giftList/create HTTP/1.1" 201 4
127.0.0.1 - - [28/Dec/2022:19:29:47 +0100] "POST /Veltri_GiftListAPI/api/gift/create HTTP/1.1" 201 4
127.0.0.1 - - [28/Dec/2022:19:29:47 +0100] "POST /Veltri_GiftListAPI/api/gift/create HTTP/1.1" 201 4
127.0.0.1 - - [28/Dec/2022:19:29:47 +0100] "POST /Veltri_GiftListAPI/api/gift/create HTTP/1.1" 201 4
127.0.0.1 - - [28/Dec/2022:19:29:48 +0100] "POST /Veltri_GiftListAPI/api/gift/create HTTP/1.1" 201 4
0:0:0:0:0:0:0:1 - - [28/Dec/2022:19:29:48 +0100] "POST /Veltri_GiftList/verifAddList HTTP/1.1" 200 -
0:0:0:0:0:0:0:1 - - [28/Dec/2022:19:30:22 +0100] "GET /Veltri_GiftList/addGift?nameList=test&limitDate=&isActive=on&occasion=other HTTP/1.1" 200 3388
0:0:0:0:0:0:0:1 - - [28/Dec/2022:19:30:36 +0100] "POST /Veltri_GiftList/verifAddGift HTTP/1.1" 200 50803
127.0.0.1 - - [28/Dec/2022:19:30:46 +0100] "POST /Veltri_GiftListAPI/api/giftList/create HTTP/1.1" 201 4
127.0.0.1 - - [28/Dec/2022:19:30:46 +0100] "POST /Veltri_GiftListAPI/api/gift/create HTTP/1.1" 201 4
0:0:0:0:0:0:0:1 - - [28/Dec/2022:19:30:46 +0100] "POST /Veltri_GiftList/verifAddList HTTP/1.1" 200 -
0:0:0:0:0:0:0:1 - - [28/Dec/2022:19:31:11 +0100] "GET /Veltri_GiftList/home HTTP/1.1" 200 2861
0:0:0:0:0:0:0:1 - - [28/Dec/2022:19:31:14 +0100] "GET /Veltri_GiftList/home HTTP/1.1" 200 2861
0:0:0:0:0:0:0:1 - - [28/Dec/2022:19:31:17 +0100] "GET /Veltri_GiftList/deconnection HTTP/1.1" 302 -
0:0:0:0:0:0:0:1 - - [28/Dec/2022:19:31:17 +0100] "GET /Veltri_GiftList/connection HTTP/1.1" 200 1366
127.0.0.1 - - [28/Dec/2022:19:31:21 +0100] "POST /Veltri_GiftListAPI/api/user/login HTTP/1.1" 200 3452
0:0:0:0:0:0:0:1 - - [28/Dec/2022:19:31:21 +0100] "POST /Veltri_GiftList/authentication HTTP/1.1" 200 4401
127.0.0.1 - - [28/Dec/2022:19:32:19 +0100] "POST /Veltri_GiftListAPI/api/user/login HTTP/1.1" 204 -
0:0:0:0:0:0:0:1 - - [28/Dec/2022:19:32:19 +0100] "POST /Veltri_GiftList/authentication HTTP/1.1" 200 1470
127.0.0.1 - - [28/Dec/2022:19:33:25 +0100] "POST /Veltri_GiftListAPI/api/user/login HTTP/1.1" 204 -
0:0:0:0:0:0:0:1 - - [28/Dec/2022:19:33:25 +0100] "POST /Veltri_GiftList/authentication HTTP/1.1" 200 1471
127.0.0.1 - - [28/Dec/2022:19:33:57 +0100] "POST /Veltri_GiftListAPI/api/user/login HTTP/1.1" 204 -
0:0:0:0:0:0:0:1 - - [28/Dec/2022:19:33:57 +0100] "POST /Veltri_GiftList/authentication HTTP/1.1" 200 1474
127.0.0.1 - - [28/Dec/2022:19:34:08 +0100] "POST /Veltri_GiftListAPI/api/user/login HTTP/1.1" 500 4224
0:0:0:0:0:0:0:1 - - [28/Dec/2022:19:34:08 +0100] "POST /Veltri_GiftList/authentication HTTP/1.1" 200 1475
127.0.0.1 - - [28/Dec/2022:19:35:07 +0100] "POST /Veltri_GiftListAPI/api/user/login HTTP/1.1" 204 -
0:0:0:0:0:0:0:1 - - [28/Dec/2022:19:35:07 +0100] "POST /Veltri_GiftList/authentication HTTP/1.1" 200 1498
127.0.0.1 - - [28/Dec/2022:19:35:12 +0100] "POST /Veltri_GiftListAPI/api/user/login HTTP/1.1" 200 3452
0:0:0:0:0:0:0:1 - - [28/Dec/2022:19:35:12 +0100] "POST /Veltri_GiftList/authentication HTTP/1.1" 200 4401
127.0.0.1 - - [28/Dec/2022:19:35:15 +0100] "POST /Veltri_GiftListAPI/api/giftList/find HTTP/1.1" 500 4361
0:0:0:0:0:0:0:1 - - [28/Dec/2022:19:35:15 +0100] "GET /Veltri_GiftList/getInfoList?from=my&orderId=10 HTTP/1.1" 200 -
127.0.0.1 - - [28/Dec/2022:19:36:14 +0100] "POST /Veltri_GiftListAPI/api/user/login HTTP/1.1" 200 779
0:0:0:0:0:0:0:1 - - [28/Dec/2022:19:36:14 +0100] "POST /Veltri_GiftList/authentication HTTP/1.1" 200 2861
0:0:0:0:0:0:0:1 - - [28/Dec/2022:19:36:46 +0100] "GET /Veltri_GiftList/myGifts HTTP/1.1" 200 1924
0:0:0:0:0:0:0:1 - - [28/Dec/2022:19:36:47 +0100] "GET /Veltri_GiftList/addList HTTP/1.1" 200 4485
0:0:0:0:0:0:0:1 - - [28/Dec/2022:19:36:53 +0100] "GET /Veltri_GiftList/addList HTTP/1.1" 200 4485
0:0:0:0:0:0:0:1 - - [28/Dec/2022:19:38:27 +0100] "GET /Veltri_GiftList/home HTTP/1.1" 200 2861
0:0:0:0:0:0:0:1 - - [28/Dec/2022:19:38:28 +0100] "GET /Veltri_GiftList/addList HTTP/1.1" 200 4476
0:0:0:0:0:0:0:1 - - [28/Dec/2022:19:38:28 +0100] "GET /Veltri_GiftList/addList HTTP/1.1" 200 4476
0:0:0:0:0:0:0:1 - - [28/Dec/2022:19:39:05 +0100] "GET /Veltri_GiftList/home HTTP/1.1" 200 2861
0:0:0:0:0:0:0:1 - - [28/Dec/2022:19:39:06 +0100] "GET /Veltri_GiftList/addList HTTP/1.1" 200 4476
0:0:0:0:0:0:0:1 - - [28/Dec/2022:19:39:11 +0100] "GET /Veltri_GiftList/home HTTP/1.1" 200 2861
127.0.0.1 - - [28/Dec/2022:19:39:13 +0100] "POST /Veltri_GiftListAPI/api/giftList/find HTTP/1.1" 200 303
0:0:0:0:0:0:0:1 - - [28/Dec/2022:19:39:13 +0100] "GET /Veltri_GiftList/getInfoList?from=my&orderId=1 HTTP/1.1" 200 2967
0:0:0:0:0:0:0:1 - - [28/Dec/2022:19:39:16 +0100] "GET /Veltri_GiftList/home HTTP/1.1" 200 2861
127.0.0.1 - - [28/Dec/2022:19:39:17 +0100] "POST /Veltri_GiftListAPI/api/giftList/find HTTP/1.1" 500 4361
0:0:0:0:0:0:0:1 - - [28/Dec/2022:19:39:17 +0100] "GET /Veltri_GiftList/getInfoList?from=my&orderId=0 HTTP/1.1" 200 -
127.0.0.1 - - [28/Dec/2022:19:39:22 +0100] "POST /Veltri_GiftListAPI/api/giftList/find HTTP/1.1" 200 303
0:0:0:0:0:0:0:1 - - [28/Dec/2022:19:39:22 +0100] "GET /Veltri_GiftList/getInfoList?from=my&orderId=1 HTTP/1.1" 200 2967
0:0:0:0:0:0:0:1 - - [28/Dec/2022:19:39:26 +0100] "GET /Veltri_GiftList/addList HTTP/1.1" 200 4476
0:0:0:0:0:0:0:1 - - [28/Dec/2022:19:39:46 +0100] "GET /Veltri_GiftList/addGift?nameList=Notre%20mariage&limitDate=2023-09-08&isActive=on&occasion=wedding HTTP/1.1" 200 3388
0:0:0:0:0:0:0:1 - - [28/Dec/2022:19:40:04 +0100] "POST /Veltri_GiftList/verifAddGift HTTP/1.1" 200 50791
0:0:0:0:0:0:0:1 - - [28/Dec/2022:19:42:35 +0100] "POST /Veltri_GiftList/verifAddGift HTTP/1.1" 200 97066
0:0:0:0:0:0:0:1 - - [28/Dec/2022:19:42:49 +0100] "GET /Veltri_GiftList/addList HTTP/1.1" 200 4484
0:0:0:0:0:0:0:1 - - [28/Dec/2022:19:43:08 +0100] "GET /Veltri_GiftList/deconnection HTTP/1.1" 302 -
0:0:0:0:0:0:0:1 - - [28/Dec/2022:19:43:08 +0100] "GET /Veltri_GiftList/connection HTTP/1.1" 200 1366
127.0.0.1 - - [28/Dec/2022:19:43:11 +0100] "POST /Veltri_GiftListAPI/api/user/login HTTP/1.1" 200 779
0:0:0:0:0:0:0:1 - - [28/Dec/2022:19:43:12 +0100] "POST /Veltri_GiftList/authentication HTTP/1.1" 200 2861
0:0:0:0:0:0:0:1 - - [28/Dec/2022:19:43:13 +0100] "GET /Veltri_GiftList/addList HTTP/1.1" 200 4484
0:0:0:0:0:0:0:1 - - [28/Dec/2022:19:43:45 +0100] "GET /Veltri_GiftList/addList HTTP/1.1" 200 4476
0:0:0:0:0:0:0:1 - - [28/Dec/2022:19:43:46 +0100] "GET /Veltri_GiftList/CSS/infoListCSS.css HTTP/1.1" 200 1376
0:0:0:0:0:0:0:1 - - [28/Dec/2022:19:43:46 +0100] "GET /Veltri_GiftList/IMG/logOut.png HTTP/1.1" 200 1901
0:0:0:0:0:0:0:1 - - [28/Dec/2022:19:43:46 +0100] "GET /Veltri_GiftList/IMG/plus.png HTTP/1.1" 200 6948
0:0:0:0:0:0:0:1 - - [28/Dec/2022:19:43:46 +0100] "GET /favicon.ico HTTP/1.1" 404 692
0:0:0:0:0:0:0:1 - - [28/Dec/2022:19:44:04 +0100] "GET /Veltri_GiftList/addGift?nameList=Notre%20mariage&limitDate=2023-09-08&isActive=on&occasion=wedding HTTP/1.1" 200 3388
0:0:0:0:0:0:0:1 - - [28/Dec/2022:19:44:15 +0100] "POST /Veltri_GiftList/verifAddGift HTTP/1.1" 200 50797
127.0.0.1 - - [28/Dec/2022:19:44:25 +0100] "POST /Veltri_GiftListAPI/api/giftList/create HTTP/1.1" 201 4
127.0.0.1 - - [28/Dec/2022:19:44:25 +0100] "POST /Veltri_GiftListAPI/api/gift/create HTTP/1.1" 201 4
0:0:0:0:0:0:0:1 - - [28/Dec/2022:19:44:25 +0100] "POST /Veltri_GiftList/verifAddList HTTP/1.1" 200 -
0:0:0:0:0:0:0:1 - - [28/Dec/2022:19:45:23 +0100] "GET /Veltri_GiftList/addList HTTP/1.1" 200 4476
0:0:0:0:0:0:0:1 - - [28/Dec/2022:19:45:25 +0100] "GET /Veltri_GiftList/home HTTP/1.1" 200 2861
0:0:0:0:0:0:0:1 - - [28/Dec/2022:19:45:26 +0100] "GET /Veltri_GiftList/home HTTP/1.1" 200 2861
0:0:0:0:0:0:0:1 - - [28/Dec/2022:19:45:27 +0100] "GET /Veltri_GiftList/home HTTP/1.1" 200 2861
0:0:0:0:0:0:0:1 - - [28/Dec/2022:19:45:28 +0100] "GET /Veltri_GiftList/home HTTP/1.1" 200 2861
0:0:0:0:0:0:0:1 - - [28/Dec/2022:19:45:28 +0100] "GET /Veltri_GiftList/IMG/logOut.png HTTP/1.1" 200 1901
0:0:0:0:0:0:0:1 - - [28/Dec/2022:19:45:28 +0100] "GET /favicon.ico HTTP/1.1" 404 692
0:0:0:0:0:0:0:1 - - [28/Dec/2022:19:45:32 +0100] "GET /Veltri_GiftList/deconnection HTTP/1.1" 302 -
0:0:0:0:0:0:0:1 - - [28/Dec/2022:19:45:32 +0100] "GET /Veltri_GiftList/connection HTTP/1.1" 200 1366
127.0.0.1 - - [28/Dec/2022:19:45:37 +0100] "POST /Veltri_GiftListAPI/api/user/login HTTP/1.1" 200 1087
0:0:0:0:0:0:0:1 - - [28/Dec/2022:19:45:37 +0100] "POST /Veltri_GiftList/authentication HTTP/1.1" 200 3041
0:0:0:0:0:0:0:1 - - [28/Dec/2022:19:45:40 +0100] "GET /Veltri_GiftList/home HTTP/1.1" 200 3041
0:0:0:0:0:0:0:1 - - [28/Dec/2022:19:45:41 +0100] "GET /Veltri_GiftList/home HTTP/1.1" 200 3041
127.0.0.1 - - [28/Dec/2022:19:45:44 +0100] "POST /Veltri_GiftListAPI/api/giftList/find HTTP/1.1" 500 4361
0:0:0:0:0:0:0:1 - - [28/Dec/2022:19:45:44 +0100] "GET /Veltri_GiftList/getInfoList?from=my&orderId=2 HTTP/1.1" 200 -
127.0.0.1 - - [28/Dec/2022:19:45:59 +0100] "POST /Veltri_GiftListAPI/api/giftList/find HTTP/1.1" 200 303
0:0:0:0:0:0:0:1 - - [28/Dec/2022:19:45:59 +0100] "GET /Veltri_GiftList/getInfoList?from=my&orderId=1 HTTP/1.1" 200 2967
127.0.0.1 - - [28/Dec/2022:19:46:03 +0100] "POST /Veltri_GiftListAPI/api/giftList/find HTTP/1.1" 500 4361
0:0:0:0:0:0:0:1 - - [28/Dec/2022:19:46:03 +0100] "GET /Veltri_GiftList/getInfoList?from=my&orderId=2 HTTP/1.1" 200 -
127.0.0.1 - - [28/Dec/2022:19:46:08 +0100] "POST /Veltri_GiftListAPI/api/giftList/find HTTP/1.1" 200 303
0:0:0:0:0:0:0:1 - - [28/Dec/2022:19:46:08 +0100] "GET /Veltri_GiftList/getInfoList?from=my&orderId=1 HTTP/1.1" 200 2967
127.0.0.1 - - [28/Dec/2022:19:46:10 +0100] "POST /Veltri_GiftListAPI/api/giftList/find HTTP/1.1" 500 4361
0:0:0:0:0:0:0:1 - - [28/Dec/2022:19:46:10 +0100] "GET /Veltri_GiftList/getInfoList?from=my&orderId=2 HTTP/1.1" 200 -
127.0.0.1 - - [28/Dec/2022:19:46:33 +0100] "POST /Veltri_GiftListAPI/api/giftList/find HTTP/1.1" 500 4361
0:0:0:0:0:0:0:1 - - [28/Dec/2022:19:46:33 +0100] "GET /Veltri_GiftList/getInfoList?from=my&orderId=2 HTTP/1.1" 200 -
127.0.0.1 - - [28/Dec/2022:19:54:43 +0100] "POST /Veltri_GiftListAPI/api/user/login HTTP/1.1" 204 -
127.0.0.1 - - [28/Dec/2022:19:54:43 +0100] "POST /Veltri_GiftListAPI/api/user/login HTTP/1.1" 204 -
0:0:0:0:0:0:0:1 - - [28/Dec/2022:19:54:43 +0100] "GET /Veltri_GiftList/home HTTP/1.1" 200 3041
0:0:0:0:0:0:0:1 - - [28/Dec/2022:19:54:43 +0100] "GET /Veltri_GiftList/home HTTP/1.1" 200 3041
0:0:0:0:0:0:0:1 - - [28/Dec/2022:19:54:50 +0100] "GET /Veltri_GiftList/addList HTTP/1.1" 500 5530
0:0:0:0:0:0:0:1 - - [28/Dec/2022:19:54:58 +0100] "GET /Veltri_GiftList/deconnection HTTP/1.1" 302 -
0:0:0:0:0:0:0:1 - - [28/Dec/2022:19:54:58 +0100] "GET /Veltri_GiftList/connection HTTP/1.1" 200 1366
127.0.0.1 - - [28/Dec/2022:19:55:01 +0100] "POST /Veltri_GiftListAPI/api/user/login HTTP/1.1" 204 -
0:0:0:0:0:0:0:1 - - [28/Dec/2022:19:55:01 +0100] "POST /Veltri_GiftList/authentication HTTP/1.1" 200 1466
127.0.0.1 - - [28/Dec/2022:19:55:06 +0100] "POST /Veltri_GiftListAPI/api/user/login HTTP/1.1" 204 -
0:0:0:0:0:0:0:1 - - [28/Dec/2022:19:55:06 +0100] "POST /Veltri_GiftList/authentication HTTP/1.1" 200 1466
127.0.0.1 - - [28/Dec/2022:19:55:07 +0100] "POST /Veltri_GiftListAPI/api/user/login HTTP/1.1" 204 -
0:0:0:0:0:0:0:1 - - [28/Dec/2022:19:55:07 +0100] "POST /Veltri_GiftList/authentication HTTP/1.1" 200 1466
127.0.0.1 - - [28/Dec/2022:19:55:09 +0100] "POST /Veltri_GiftListAPI/api/user/login HTTP/1.1" 204 -
0:0:0:0:0:0:0:1 - - [28/Dec/2022:19:55:09 +0100] "POST /Veltri_GiftList/authentication HTTP/1.1" 200 1466
127.0.0.1 - - [28/Dec/2022:19:55:50 +0100] "POST /Veltri_GiftListAPI/api/user/login HTTP/1.1" 204 -
0:0:0:0:0:0:0:1 - - [28/Dec/2022:19:55:50 +0100] "POST /Veltri_GiftList/authentication HTTP/1.1" 200 1466
127.0.0.1 - - [28/Dec/2022:19:55:55 +0100] "POST /Veltri_GiftListAPI/api/user/login HTTP/1.1" 204 -
0:0:0:0:0:0:0:1 - - [28/Dec/2022:19:55:55 +0100] "POST /Veltri_GiftList/authentication HTTP/1.1" 200 1466
127.0.0.1 - - [28/Dec/2022:19:56:02 +0100] "POST /Veltri_GiftListAPI/api/user/login HTTP/1.1" 204 -
0:0:0:0:0:0:0:1 - - [28/Dec/2022:19:56:02 +0100] "POST /Veltri_GiftList/authentication HTTP/1.1" 200 1466
127.0.0.1 - - [28/Dec/2022:19:56:29 +0100] "GET / HTTP/1.1" 404 681
0:0:0:0:0:0:0:1 - - [28/Dec/2022:19:56:31 +0100] "GET /Veltri_GiftList/home HTTP/1.1" 500 3111
0:0:0:0:0:0:0:1 - - [28/Dec/2022:19:56:35 +0100] "GET /Veltri_GiftList/connection HTTP/1.1" 200 1393
127.0.0.1 - - [28/Dec/2022:19:56:43 +0100] "POST /Veltri_GiftListAPI/api/user/login HTTP/1.1" 200 1087
127.0.0.1 - - [28/Dec/2022:19:56:44 +0100] "POST /Veltri_GiftListAPI/api/user/login HTTP/1.1" 200 1087
0:0:0:0:0:0:0:1 - - [28/Dec/2022:19:56:44 +0100] "POST /Veltri_GiftList/authentication HTTP/1.1" 200 3041
127.0.0.1 - - [28/Dec/2022:19:56:47 +0100] "POST /Veltri_GiftListAPI/api/user/login HTTP/1.1" 200 1087
0:0:0:0:0:0:0:1 - - [28/Dec/2022:19:56:47 +0100] "GET /Veltri_GiftList/home HTTP/1.1" 200 3041
127.0.0.1 - - [28/Dec/2022:19:56:49 +0100] "POST /Veltri_GiftListAPI/api/user/login HTTP/1.1" 200 1087
0:0:0:0:0:0:0:1 - - [28/Dec/2022:19:56:49 +0100] "GET /Veltri_GiftList/home HTTP/1.1" 200 3041
127.0.0.1 - - [28/Dec/2022:19:56:50 +0100] "POST /Veltri_GiftListAPI/api/user/login HTTP/1.1" 200 1087
0:0:0:0:0:0:0:1 - - [28/Dec/2022:19:56:50 +0100] "GET /Veltri_GiftList/home HTTP/1.1" 200 3041
0:0:0:0:0:0:0:1 - - [28/Dec/2022:19:56:52 +0100] "GET /Veltri_GiftList/addList HTTP/1.1" 200 4476
127.0.0.1 - - [28/Dec/2022:19:56:53 +0100] "POST /Veltri_GiftListAPI/api/user/login HTTP/1.1" 200 1087
0:0:0:0:0:0:0:1 - - [28/Dec/2022:19:56:53 +0100] "GET /Veltri_GiftList/home HTTP/1.1" 200 3041
127.0.0.1 - - [28/Dec/2022:19:56:56 +0100] "POST /Veltri_GiftListAPI/api/giftList/find HTTP/1.1" 500 4361
0:0:0:0:0:0:0:1 - - [28/Dec/2022:19:56:56 +0100] "GET /Veltri_GiftList/getInfoList?from=my&orderId=2 HTTP/1.1" 200 -
127.0.0.1 - - [28/Dec/2022:19:57:38 +0100] "POST /Veltri_GiftListAPI/api/giftList/find HTTP/1.1" 500 4361
0:0:0:0:0:0:0:1 - - [28/Dec/2022:19:57:38 +0100] "GET /Veltri_GiftList/getInfoList?from=my&orderId=2 HTTP/1.1" 200 -
127.0.0.1 - - [28/Dec/2022:19:58:35 +0100] "GET / HTTP/1.1" 404 681
0:0:0:0:0:0:0:1 - - [28/Dec/2022:19:58:37 +0100] "GET /Veltri_GiftList/getInfoList HTTP/1.1" 500 1327
0:0:0:0:0:0:0:1 - - [28/Dec/2022:19:58:48 +0100] "GET /Veltri_GiftList/connection HTTP/1.1" 200 1366
127.0.0.1 - - [28/Dec/2022:19:58:56 +0100] "POST /Veltri_GiftListAPI/api/user/login HTTP/1.1" 200 1087
127.0.0.1 - - [28/Dec/2022:19:58:56 +0100] "POST /Veltri_GiftListAPI/api/user/login HTTP/1.1" 200 1087
0:0:0:0:0:0:0:1 - - [28/Dec/2022:19:58:56 +0100] "POST /Veltri_GiftList/authentication HTTP/1.1" 200 3041
127.0.0.1 - - [28/Dec/2022:19:59:54 +0100] "POST /Veltri_GiftListAPI/api/giftList/find HTTP/1.1" 500 4361
0:0:0:0:0:0:0:1 - - [28/Dec/2022:19:59:54 +0100] "GET /Veltri_GiftList/getInfoList?from=my&orderId=2 HTTP/1.1" 200 -
127.0.0.1 - - [28/Dec/2022:20:00:55 +0100] "POST /Veltri_GiftListAPI/api/giftList/find HTTP/1.1" 500 4361
0:0:0:0:0:0:0:1 - - [28/Dec/2022:20:00:55 +0100] "GET /Veltri_GiftList/getInfoList?from=my&orderId=2 HTTP/1.1" 200 -
0:0:0:0:0:0:0:1 - - [28/Dec/2022:20:02:07 +0100] "GET /Veltri_GiftList/getInfoList?from=my&orderId=2 HTTP/1.1" 500 1348
0:0:0:0:0:0:0:1 - - [28/Dec/2022:20:03:38 +0100] "GET /Veltri_GiftList/getInfoList?from=my&orderId=2 HTTP/1.1" 500 1348
127.0.0.1 - - [28/Dec/2022:20:04:50 +0100] "GET / HTTP/1.1" 404 681
0:0:0:0:0:0:0:1 - - [28/Dec/2022:20:04:51 +0100] "GET /Veltri_GiftList/WEB-INF/classes/be/veltri/DAO/GiftListDAO.java HTTP/1.1" 404 604
0:0:0:0:0:0:0:1 - - [28/Dec/2022:20:04:57 +0100] "GET /Veltri_GiftList/connection HTTP/1.1" 200 1366
127.0.0.1 - - [28/Dec/2022:20:05:05 +0100] "POST /Veltri_GiftListAPI/api/user/login HTTP/1.1" 200 1087
127.0.0.1 - - [28/Dec/2022:20:05:05 +0100] "POST /Veltri_GiftListAPI/api/user/login HTTP/1.1" 200 1087
0:0:0:0:0:0:0:1 - - [28/Dec/2022:20:05:05 +0100] "POST /Veltri_GiftList/authentication HTTP/1.1" 200 3041
0:0:0:0:0:0:0:1 - - [28/Dec/2022:20:05:07 +0100] "GET /Veltri_GiftList/addList HTTP/1.1" 200 4476
127.0.0.1 - - [28/Dec/2022:20:05:08 +0100] "POST /Veltri_GiftListAPI/api/user/login HTTP/1.1" 200 1087
0:0:0:0:0:0:0:1 - - [28/Dec/2022:20:05:08 +0100] "GET /Veltri_GiftList/home HTTP/1.1" 200 3041
127.0.0.1 - - [28/Dec/2022:20:05:24 +0100] "POST /Veltri_GiftListAPI/api/giftList/find HTTP/1.1" 500 4361
0:0:0:0:0:0:0:1 - - [28/Dec/2022:20:05:24 +0100] "GET /Veltri_GiftList/getInfoList?from=my&orderId=2 HTTP/1.1" 200 -
127.0.0.1 - - [28/Dec/2022:20:06:17 +0100] "GET / HTTP/1.1" 404 681
0:0:0:0:0:0:0:1 - - [28/Dec/2022:20:06:18 +0100] "GET /Veltri_GiftList/connection HTTP/1.1" 200 1366
127.0.0.1 - - [28/Dec/2022:20:06:22 +0100] "POST /Veltri_GiftListAPI/api/giftList/find HTTP/1.1" 500 4361
0:0:0:0:0:0:0:1 - - [28/Dec/2022:20:06:22 +0100] "GET /Veltri_GiftList/getInfoList?from=my&orderId=2 HTTP/1.1" 200 -
127.0.0.1 - - [28/Dec/2022:20:06:25 +0100] "POST /Veltri_GiftListAPI/api/user/login HTTP/1.1" 200 1087
127.0.0.1 - - [28/Dec/2022:20:06:26 +0100] "POST /Veltri_GiftListAPI/api/user/login HTTP/1.1" 200 1087
0:0:0:0:0:0:0:1 - - [28/Dec/2022:20:06:26 +0100] "POST /Veltri_GiftList/authentication HTTP/1.1" 200 3041
127.0.0.1 - - [28/Dec/2022:20:06:29 +0100] "POST /Veltri_GiftListAPI/api/giftList/find HTTP/1.1" 500 4361
0:0:0:0:0:0:0:1 - - [28/Dec/2022:20:06:29 +0100] "GET /Veltri_GiftList/getInfoList?from=my&orderId=2 HTTP/1.1" 200 -
127.0.0.1 - - [28/Dec/2022:20:08:28 +0100] "GET / HTTP/1.1" 404 681
0:0:0:0:0:0:0:1 - - [28/Dec/2022:20:08:28 +0100] "GET /Veltri_GiftList/getInfoList?from=my&orderId=2 HTTP/1.1" 500 1348
127.0.0.1 - - [28/Dec/2022:20:08:29 +0100] "GET /Veltri_GiftListAPI/WEB-INF/classes/be/veltri/API/GiftListAPI.java HTTP/1.1" 404 604
127.0.0.1 - - [28/Dec/2022:20:08:31 +0100] "GET /Veltri_GiftList/connection HTTP/1.1" 200 1366
127.0.0.1 - - [28/Dec/2022:20:08:35 +0100] "GET /Veltri_GiftListAPI/con HTTP/1.1" 404 707
127.0.0.1 - - [28/Dec/2022:20:08:39 +0100] "GET /Veltri_GiftList/connection HTTP/1.1" 200 1366
127.0.0.1 - - [28/Dec/2022:20:08:47 +0100] "POST /Veltri_GiftListAPI/api/user/login HTTP/1.1" 200 1087
