127.0.0.1 - - [15/Dec/2022:11:05:53 +0100] "GET / HTTP/1.1" 404 681
0:0:0:0:0:0:0:1 - - [15/Dec/2022:11:08:24 +0100] "POST /Veltri_GiftListAPI/user/login HTTP/1.1" 404 718
0:0:0:0:0:0:0:1 - - [15/Dec/2022:11:10:36 +0100] "POST /Veltri_GiftListAPI/user/login HTTP/1.1" 404 718
0:0:0:0:0:0:0:1 - - [15/Dec/2022:11:11:32 +0100] "POST /Veltri_GiftListAPI/api/user/login HTTP/1.1" 204 -
0:0:0:0:0:0:0:1 - - [15/Dec/2022:11:11:36 +0100] "POST /Veltri_GiftListAPI/api/user/login HTTP/1.1" 500 4531
0:0:0:0:0:0:0:1 - - [15/Dec/2022:11:11:50 +0100] "POST /Veltri_GiftListAPI/api/user/login HTTP/1.1" 204 -
0:0:0:0:0:0:0:1 - - [15/Dec/2022:11:16:03 +0100] "POST /Veltri_GiftListAPI/api/user/login HTTP/1.1" 204 -
127.0.0.1 - - [15/Dec/2022:11:17:36 +0100] "GET / HTTP/1.1" 404 681
0:0:0:0:0:0:0:1 - - [15/Dec/2022:11:17:38 +0100] "GET /Veltri_GiftListAPI/WEB-INF/classes/be/veltri/API/UserAPI.java HTTP/1.1" 404 604
0:0:0:0:0:0:0:1 - - [15/Dec/2022:11:17:39 +0100] "GET /favicon.ico HTTP/1.1" 404 692
0:0:0:0:0:0:0:1 - - [15/Dec/2022:11:20:15 +0100] "POST /Veltri_GiftListAPI/api/user/login HTTP/1.1" 500 5219
0:0:0:0:0:0:0:1 - - [15/Dec/2022:11:21:33 +0100] "POST /Veltri_GiftListAPI/api/user/login HTTP/1.1" 200 155
127.0.0.1 - - [15/Dec/2022:11:45:47 +0100] "GET / HTTP/1.1" 404 681
0:0:0:0:0:0:0:1 - - [15/Dec/2022:11:46:19 +0100] "POST /Veltri_GiftListAPI/api/user/login HTTP/1.1" 200 592
127.0.0.1 - - [15/Dec/2022:12:15:01 +0100] "GET / HTTP/1.1" 404 681
0:0:0:0:0:0:0:1 - - [15/Dec/2022:12:15:11 +0100] "POST /Veltri_GiftListAPI/api/user/login HTTP/1.1" 200 592
0:0:0:0:0:0:0:1 - - [15/Dec/2022:12:22:06 +0100] "POST /Veltri_GiftListAPI/api/user/login HTTP/1.1" 204 -
127.0.0.1 - - [15/Dec/2022:12:22:37 +0100] "GET / HTTP/1.1" 404 681
0:0:0:0:0:0:0:1 - - [15/Dec/2022:12:22:47 +0100] "POST /Veltri_GiftListAPI/api/user/login HTTP/1.1" 200 993
127.0.0.1 - - [15/Dec/2022:13:54:14 +0100] "GET / HTTP/1.1" 404 681
0:0:0:0:0:0:0:1 - - [15/Dec/2022:13:54:33 +0100] "POST /Veltri_GiftListAPI/api/user/login HTTP/1.1" 200 1789
0:0:0:0:0:0:0:1 - - [15/Dec/2022:13:56:07 +0100] "GET /Veltri_GiftList/Connection HTTP/1.1" 200 1251
0:0:0:0:0:0:0:1 - - [15/Dec/2022:13:56:07 +0100] "GET /Veltri_GiftList/IMG/background.jpg HTTP/1.1" 200 46624
0:0:0:0:0:0:0:1 - - [15/Dec/2022:13:56:07 +0100] "GET /favicon.ico HTTP/1.1" 404 692
127.0.0.1 - - [15/Dec/2022:13:56:15 +0100] "POST /Veltri_GiftListAPI/api/user/login HTTP/1.1" 200 1789
0:0:0:0:0:0:0:1 - - [15/Dec/2022:13:56:15 +0100] "POST /Veltri_GiftList/Authentication HTTP/1.1" 200 -
127.0.0.1 - - [15/Dec/2022:13:57:24 +0100] "POST /Veltri_GiftListAPI/api/user/login HTTP/1.1" 200 1789
0:0:0:0:0:0:0:1 - - [15/Dec/2022:13:57:24 +0100] "POST /Veltri_GiftList/Authentication HTTP/1.1" 200 -
127.0.0.1 - - [15/Dec/2022:13:57:57 +0100] "POST /Veltri_GiftListAPI/api/user/login HTTP/1.1" 200 1789
0:0:0:0:0:0:0:1 - - [15/Dec/2022:13:57:57 +0100] "POST /Veltri_GiftList/Authentication HTTP/1.1" 200 -
127.0.0.1 - - [15/Dec/2022:14:00:37 +0100] "GET / HTTP/1.1" 404 681
0:0:0:0:0:0:0:1 - - [15/Dec/2022:14:00:38 +0100] "GET /Veltri_GiftList/Authentication HTTP/1.1" 200 -
0:0:0:0:0:0:0:1 - - [15/Dec/2022:14:00:45 +0100] "GET /Veltri_GiftList/Connection HTTP/1.1" 200 1251
127.0.0.1 - - [15/Dec/2022:14:01:24 +0100] "POST /Veltri_GiftListAPI/api/user/login HTTP/1.1" 200 1789
0:0:0:0:0:0:0:1 - - [15/Dec/2022:14:01:24 +0100] "POST /Veltri_GiftList/Authentication HTTP/1.1" 200 -
127.0.0.1 - - [15/Dec/2022:14:02:46 +0100] "POST /Veltri_GiftListAPI/api/user/login HTTP/1.1" 200 1789
127.0.0.1 - - [15/Dec/2022:14:03:56 +0100] "GET / HTTP/1.1" 404 681
0:0:0:0:0:0:0:1 - - [15/Dec/2022:14:03:56 +0100] "GET /Veltri_GiftList/Connection HTTP/1.1" 200 1251
0:0:0:0:0:0:0:1 - - [15/Dec/2022:14:03:57 +0100] "GET /Veltri_GiftList/WEB-INF/classes/be/veltri/DAO/UserDAO.java HTTP/1.1" 404 604
127.0.0.1 - - [15/Dec/2022:14:04:33 +0100] "POST /Veltri_GiftListAPI/api/user/login HTTP/1.1" 200 1789
127.0.0.1 - - [15/Dec/2022:14:08:44 +0100] "GET / HTTP/1.1" 404 681
0:0:0:0:0:0:0:1 - - [15/Dec/2022:14:08:45 +0100] "GET /Veltri_GiftList/WEB-INF/classes/be/veltri/DAO/UserDAO.java HTTP/1.1" 404 604
0:0:0:0:0:0:0:1 - - [15/Dec/2022:14:08:50 +0100] "GET /Veltri_GiftList/Connection HTTP/1.1" 200 1251
127.0.0.1 - - [15/Dec/2022:14:09:06 +0100] "POST /Veltri_GiftListAPI/api/user/login HTTP/1.1" 200 1789
127.0.0.1 - - [15/Dec/2022:14:12:58 +0100] "GET / HTTP/1.1" 404 681
0:0:0:0:0:0:0:1 - - [15/Dec/2022:14:12:59 +0100] "GET /Veltri_GiftList/WEB-INF/classes/be/veltri/DAO/UserDAO.java HTTP/1.1" 404 604
0:0:0:0:0:0:0:1 - - [15/Dec/2022:14:13:05 +0100] "GET /Veltri_GiftList/Connection HTTP/1.1" 200 1251
127.0.0.1 - - [15/Dec/2022:14:13:27 +0100] "POST /Veltri_GiftListAPI/api/user/login HTTP/1.1" 200 1789
127.0.0.1 - - [15/Dec/2022:14:22:05 +0100] "GET / HTTP/1.1" 404 681
0:0:0:0:0:0:0:1 - - [15/Dec/2022:14:22:06 +0100] "GET /Veltri_GiftListAPI/WEB-INF/classes/be/veltri/JAVABEANS/GiftList.java HTTP/1.1" 404 604
0:0:0:0:0:0:0:1 - - [15/Dec/2022:14:22:11 +0100] "GET /Veltri_GiftListAPI/co HTTP/1.1" 404 706
0:0:0:0:0:0:0:1 - - [15/Dec/2022:14:22:17 +0100] "GET /Veltri_GiftList/Connection HTTP/1.1" 200 1251
127.0.0.1 - - [15/Dec/2022:14:22:38 +0100] "POST /Veltri_GiftListAPI/api/user/login HTTP/1.1" 200 1623
0:0:0:0:0:0:0:1 - - [15/Dec/2022:14:23:13 +0100] "POST /Veltri_GiftList/Authentication HTTP/1.1" 200 -
0:0:0:0:0:0:0:1 - - [15/Dec/2022:14:23:16 +0100] "POST /Veltri_GiftListAPI/api/user/login HTTP/1.1" 200 1623
127.0.0.1 - - [15/Dec/2022:14:25:50 +0100] "GET / HTTP/1.1" 404 681
0:0:0:0:0:0:0:1 - - [15/Dec/2022:14:25:50 +0100] "GET /Veltri_GiftList/WEB-INF/classes/be/veltri/JAVABEANS/GiftList.java HTTP/1.1" 404 604
0:0:0:0:0:0:0:1 - - [15/Dec/2022:14:25:55 +0100] "GET /Veltri_GiftList/Connection HTTP/1.1" 200 1251
127.0.0.1 - - [15/Dec/2022:14:26:04 +0100] "POST /Veltri_GiftListAPI/api/user/login HTTP/1.1" 500 4222
127.0.0.1 - - [15/Dec/2022:14:26:25 +0100] "POST /Veltri_GiftListAPI/api/user/login HTTP/1.1" 200 1623
0:0:0:0:0:0:0:1 - - [15/Dec/2022:14:26:59 +0100] "POST /Veltri_GiftList/Authentication HTTP/1.1" 200 -
0:0:0:0:0:0:0:1 - - [15/Dec/2022:14:27:12 +0100] "POST /Veltri_GiftListAPI/api/user/login HTTP/1.1" 200 1623
0:0:0:0:0:0:0:1 - - [15/Dec/2022:14:27:17 +0100] "POST /Veltri_GiftList/Authentication HTTP/1.1" 200 129
127.0.0.1 - - [15/Dec/2022:14:27:46 +0100] "POST /Veltri_GiftListAPI/api/user/login HTTP/1.1" 200 1623
0:0:0:0:0:0:0:1 - - [15/Dec/2022:14:27:57 +0100] "POST /Veltri_GiftList/Authentication HTTP/1.1" 200 129
127.0.0.1 - - [15/Dec/2022:14:28:23 +0100] "GET / HTTP/1.1" 404 681
0:0:0:0:0:0:0:1 - - [15/Dec/2022:14:28:24 +0100] "GET /Veltri_GiftList/Authentication HTTP/1.1" 200 1251
127.0.0.1 - - [15/Dec/2022:14:28:33 +0100] "POST /Veltri_GiftListAPI/api/user/login HTTP/1.1" 200 1623
0:0:0:0:0:0:0:1 - - [15/Dec/2022:14:28:33 +0100] "POST /Veltri_GiftList/Authentication HTTP/1.1" 200 129
0:0:0:0:0:0:0:1 - - [15/Dec/2022:14:28:47 +0100] "POST /Veltri_GiftListAPI/api/user/login HTTP/1.1" 200 1623
0:0:0:0:0:0:0:1 - - [15/Dec/2022:14:28:49 +0100] "POST /Veltri_GiftListAPI/api/user/login HTTP/1.1" 200 1623
0:0:0:0:0:0:0:1 - - [15/Dec/2022:14:28:51 +0100] "POST /Veltri_GiftListAPI/api/user/login HTTP/1.1" 200 1623
0:0:0:0:0:0:0:1 - - [15/Dec/2022:14:28:54 +0100] "POST /Veltri_GiftListAPI/api/user/login HTTP/1.1" 200 1623
0:0:0:0:0:0:0:1 - - [15/Dec/2022:14:29:28 +0100] "POST /Veltri_GiftListAPI/api/user/login HTTP/1.1" 200 1623
0:0:0:0:0:0:0:1 - - [15/Dec/2022:14:31:35 +0100] "GET /Veltri_GiftList/Authentication HTTP/1.1" 200 129
0:0:0:0:0:0:0:1 - - [15/Dec/2022:14:31:41 +0100] "GET /Veltri_GiftList/Connection HTTP/1.1" 200 1293
0:0:0:0:0:0:0:1 - - [15/Dec/2022:14:32:05 +0100] "GET /Veltri_GiftList/Connection HTTP/1.1" 200 1292
127.0.0.1 - - [15/Dec/2022:14:37:48 +0100] "POST /Veltri_GiftListAPI/api/user/login HTTP/1.1" 204 -
0:0:0:0:0:0:0:1 - - [15/Dec/2022:14:37:48 +0100] "POST /Veltri_GiftList/Authentication HTTP/1.1" 200 -
127.0.0.1 - - [15/Dec/2022:14:38:14 +0100] "GET / HTTP/1.1" 404 681
127.0.0.1 - - [15/Dec/2022:14:38:34 +0100] "GET / HTTP/1.1" 404 681
0:0:0:0:0:0:0:1 - - [15/Dec/2022:14:38:38 +0100] "GET /Veltri_GiftList/Connection HTTP/1.1" 404 711
0:0:0:0:0:0:0:1 - - [15/Dec/2022:14:38:42 +0100] "GET /Veltri_GiftList/Connection HTTP/1.1" 404 711
0:0:0:0:0:0:0:1 - - [15/Dec/2022:14:38:50 +0100] "GET /Veltri_GiftList/Connection HTTP/1.1" 404 711
0:0:0:0:0:0:0:1 - - [15/Dec/2022:14:39:11 +0100] "GET /Veltri_GiftList/connection HTTP/1.1" 200 1292
0:0:0:0:0:0:0:1 - - [15/Dec/2022:14:39:16 +0100] "POST /Veltri_GiftList/Authentication HTTP/1.1" 404 715
0:0:0:0:0:0:0:1 - - [15/Dec/2022:14:39:57 +0100] "POST /Veltri_GiftList/Authentication HTTP/1.1" 404 715
0:0:0:0:0:0:0:1 - - [15/Dec/2022:14:40:00 +0100] "POST /Veltri_GiftList/Authentication HTTP/1.1" 404 715
127.0.0.1 - - [15/Dec/2022:14:41:03 +0100] "GET / HTTP/1.1" 404 681
0:0:0:0:0:0:0:1 - - [15/Dec/2022:14:41:10 +0100] "GET /Veltri_GiftList/connection HTTP/1.1" 200 1282
127.0.0.1 - - [15/Dec/2022:14:41:17 +0100] "POST /Veltri_GiftListAPI/api/user/login HTTP/1.1" 200 1623
0:0:0:0:0:0:0:1 - - [15/Dec/2022:14:41:17 +0100] "POST /Veltri_GiftList/home HTTP/1.1" 200 129
0:0:0:0:0:0:0:1 - - [15/Dec/2022:14:44:43 +0100] "GET /Veltri_GiftList/connection HTTP/1.1" 200 1294
0:0:0:0:0:0:0:1 - - [15/Dec/2022:14:44:44 +0100] "GET /inscription HTTP/1.1" 404 692
0:0:0:0:0:0:0:1 - - [15/Dec/2022:14:45:04 +0100] "GET /Veltri_GiftList/connection HTTP/1.1" 200 1296
0:0:0:0:0:0:0:1 - - [15/Dec/2022:14:45:05 +0100] "GET /inscription HTTP/1.1" 404 692
127.0.0.1 - - [15/Dec/2022:14:45:30 +0100] "GET / HTTP/1.1" 404 681
0:0:0:0:0:0:0:1 - - [15/Dec/2022:14:45:35 +0100] "GET /Veltri_GiftList/connection HTTP/1.1" 200 1296
0:0:0:0:0:0:0:1 - - [15/Dec/2022:14:45:36 +0100] "GET /inscription HTTP/1.1" 404 692
0:0:0:0:0:0:0:1 - - [15/Dec/2022:14:45:59 +0100] "GET /Veltri_GiftList/connection HTTP/1.1" 200 1310
0:0:0:0:0:0:0:1 - - [15/Dec/2022:14:45:59 +0100] "GET /Veltri_GiftList/IMG/background.jpg HTTP/1.1" 200 46624
0:0:0:0:0:0:0:1 - - [15/Dec/2022:14:45:59 +0100] "GET /favicon.ico HTTP/1.1" 404 692
0:0:0:0:0:0:0:1 - - [15/Dec/2022:14:46:00 +0100] "GET /Veltri_GiftList/inscription HTTP/1.1" 200 27
0:0:0:0:0:0:0:1 - - [15/Dec/2022:14:49:01 +0100] "GET /Veltri_GiftList/connection HTTP/1.1" 200 1310
0:0:0:0:0:0:0:1 - - [15/Dec/2022:14:49:03 +0100] "GET /Veltri_GiftList/inscription HTTP/1.1" 200 143
0:0:0:0:0:0:0:1 - - [15/Dec/2022:14:52:01 +0100] "GET /Veltri_GiftList/inscription HTTP/1.1" 200 1590
0:0:0:0:0:0:0:1 - - [15/Dec/2022:14:52:31 +0100] "GET /Veltri_GiftList/inscription HTTP/1.1" 200 1598
0:0:0:0:0:0:0:1 - - [15/Dec/2022:15:21:05 +0100] "GET /Veltri_GiftListAPI/api/user/all HTTP/1.1" 400 673
127.0.0.1 - - [15/Dec/2022:15:21:45 +0100] "GET / HTTP/1.1" 404 681
0:0:0:0:0:0:0:1 - - [15/Dec/2022:15:22:08 +0100] "GET /Veltri_GiftListAPI/api/user/all HTTP/1.1" 400 673
0:0:0:0:0:0:0:1 - - [15/Dec/2022:15:22:23 +0100] "GET /Veltri_GiftListAPI/api/user/all HTTP/1.1" 400 673
0:0:0:0:0:0:0:1 - - [15/Dec/2022:15:24:19 +0100] "GET /Veltri_GiftListAPI/api/user/all HTTP/1.1" 200 626
0:0:0:0:0:0:0:1 - - [15/Dec/2022:15:36:21 +0100] "GET /Veltri_GiftList/connection HTTP/1.1" 200 1314
127.0.0.1 - - [15/Dec/2022:15:36:45 +0100] "POST /Veltri_GiftListAPI/api/user/login HTTP/1.1" 204 -
0:0:0:0:0:0:0:1 - - [15/Dec/2022:15:36:45 +0100] "POST /Veltri_GiftList/home HTTP/1.1" 200 -
127.0.0.1 - - [15/Dec/2022:15:42:23 +0100] "GET / HTTP/1.1" 404 681
0:0:0:0:0:0:0:1 - - [15/Dec/2022:15:42:30 +0100] "GET /Veltri_GiftList/connection HTTP/1.1" 200 1314
0:0:0:0:0:0:0:1 - - [15/Dec/2022:15:42:34 +0100] "GET /Veltri_GiftList/inscription HTTP/1.1" 500 3063
0:0:0:0:0:0:0:1 - - [15/Dec/2022:15:43:18 +0100] "GET /Veltri_GiftList/connection HTTP/1.1" 200 1314
0:0:0:0:0:0:0:1 - - [15/Dec/2022:15:43:20 +0100] "GET /Veltri_GiftList/connection HTTP/1.1" 200 1314
0:0:0:0:0:0:0:1 - - [15/Dec/2022:15:43:20 +0100] "GET /Veltri_GiftList/connection HTTP/1.1" 200 1314
0:0:0:0:0:0:0:1 - - [15/Dec/2022:15:43:22 +0100] "GET /Veltri_GiftList/inscription HTTP/1.1" 200 1634
127.0.0.1 - - [15/Dec/2022:15:43:29 +0100] "GET /Veltri_GiftListAPI/api/user/all HTTP/1.1" 200 626
0:0:0:0:0:0:0:1 - - [15/Dec/2022:15:43:30 +0100] "POST /Veltri_GiftList/createUser HTTP/1.1" 200 -
0:0:0:0:0:0:0:1 - - [15/Dec/2022:15:44:34 +0100] "GET /Veltri_GiftList/connection HTTP/1.1" 200 1314
0:0:0:0:0:0:0:1 - - [15/Dec/2022:15:44:36 +0100] "GET /Veltri_GiftList/inscription HTTP/1.1" 200 1634
127.0.0.1 - - [15/Dec/2022:15:44:39 +0100] "GET /Veltri_GiftListAPI/api/user/all HTTP/1.1" 200 626
0:0:0:0:0:0:0:1 - - [15/Dec/2022:15:44:40 +0100] "POST /Veltri_GiftList/createUser HTTP/1.1" 200 1692
127.0.0.1 - - [15/Dec/2022:15:44:48 +0100] "GET /Veltri_GiftListAPI/api/user/all HTTP/1.1" 200 626
0:0:0:0:0:0:0:1 - - [15/Dec/2022:15:44:48 +0100] "POST /Veltri_GiftList/createUser HTTP/1.1" 200 1757
127.0.0.1 - - [15/Dec/2022:15:44:50 +0100] "GET /Veltri_GiftListAPI/api/user/all HTTP/1.1" 200 626
0:0:0:0:0:0:0:1 - - [15/Dec/2022:15:44:50 +0100] "POST /Veltri_GiftList/createUser HTTP/1.1" 200 1692
127.0.0.1 - - [15/Dec/2022:15:44:51 +0100] "GET /Veltri_GiftListAPI/api/user/all HTTP/1.1" 200 626
0:0:0:0:0:0:0:1 - - [15/Dec/2022:15:44:51 +0100] "POST /Veltri_GiftList/createUser HTTP/1.1" 200 1692
127.0.0.1 - - [15/Dec/2022:15:44:52 +0100] "GET /Veltri_GiftListAPI/api/user/all HTTP/1.1" 200 626
0:0:0:0:0:0:0:1 - - [15/Dec/2022:15:44:52 +0100] "POST /Veltri_GiftList/createUser HTTP/1.1" 200 1692
127.0.0.1 - - [15/Dec/2022:15:44:53 +0100] "GET /Veltri_GiftListAPI/api/user/all HTTP/1.1" 200 626
0:0:0:0:0:0:0:1 - - [15/Dec/2022:15:44:53 +0100] "POST /Veltri_GiftList/createUser HTTP/1.1" 200 1692
127.0.0.1 - - [15/Dec/2022:15:44:56 +0100] "GET /Veltri_GiftListAPI/api/user/all HTTP/1.1" 200 626
0:0:0:0:0:0:0:1 - - [15/Dec/2022:15:44:56 +0100] "POST /Veltri_GiftList/createUser HTTP/1.1" 200 1757
127.0.0.1 - - [15/Dec/2022:15:44:57 +0100] "GET /Veltri_GiftListAPI/api/user/all HTTP/1.1" 200 626
0:0:0:0:0:0:0:1 - - [15/Dec/2022:15:44:57 +0100] "POST /Veltri_GiftList/createUser HTTP/1.1" 200 1692
0:0:0:0:0:0:0:1 - - [15/Dec/2022:15:45:55 +0100] "GET /Veltri_GiftList/connection HTTP/1.1" 200 1314
0:0:0:0:0:0:0:1 - - [15/Dec/2022:15:45:57 +0100] "GET /Veltri_GiftList/inscription HTTP/1.1" 200 1634
127.0.0.1 - - [15/Dec/2022:15:45:58 +0100] "GET /Veltri_GiftListAPI/api/user/all HTTP/1.1" 200 626
0:0:0:0:0:0:0:1 - - [15/Dec/2022:15:45:58 +0100] "POST /Veltri_GiftList/createUser HTTP/1.1" 200 1699
127.0.0.1 - - [15/Dec/2022:15:46:02 +0100] "GET /Veltri_GiftListAPI/api/user/all HTTP/1.1" 200 626
0:0:0:0:0:0:0:1 - - [15/Dec/2022:15:46:02 +0100] "POST /Veltri_GiftList/createUser HTTP/1.1" 200 1771
127.0.0.1 - - [15/Dec/2022:15:46:08 +0100] "GET /Veltri_GiftListAPI/api/user/all HTTP/1.1" 200 626
0:0:0:0:0:0:0:1 - - [15/Dec/2022:15:46:08 +0100] "POST /Veltri_GiftList/createUser HTTP/1.1" 200 1786
127.0.0.1 - - [15/Dec/2022:15:46:12 +0100] "GET /Veltri_GiftListAPI/api/user/all HTTP/1.1" 200 626
0:0:0:0:0:0:0:1 - - [15/Dec/2022:15:46:12 +0100] "POST /Veltri_GiftList/createUser HTTP/1.1" 200 1699
127.0.0.1 - - [15/Dec/2022:15:58:28 +0100] "GET / HTTP/1.1" 404 681
0:0:0:0:0:0:0:1 - - [15/Dec/2022:15:58:45 +0100] "GET /Veltri_GiftList/connection HTTP/1.1" 200 1314
0:0:0:0:0:0:0:1 - - [15/Dec/2022:15:58:49 +0100] "GET /Veltri_GiftList/inscription HTTP/1.1" 500 3220
0:0:0:0:0:0:0:1 - - [15/Dec/2022:16:01:33 +0100] "GET /Veltri_GiftList/connection HTTP/1.1" 200 1314
0:0:0:0:0:0:0:1 - - [15/Dec/2022:16:01:37 +0100] "GET /Veltri_GiftList/inscription HTTP/1.1" 200 1636
127.0.0.1 - - [15/Dec/2022:16:01:44 +0100] "GET /Veltri_GiftListAPI/api/user/all HTTP/1.1" 200 626
0:0:0:0:0:0:0:1 - - [15/Dec/2022:16:01:44 +0100] "POST /Veltri_GiftList/createUser HTTP/1.1" 200 1701
127.0.0.1 - - [15/Dec/2022:16:02:24 +0100] "GET /Veltri_GiftListAPI/api/user/all HTTP/1.1" 200 626
0:0:0:0:0:0:0:1 - - [15/Dec/2022:16:02:24 +0100] "POST /Veltri_GiftList/createUser HTTP/1.1" 200 1806
127.0.0.1 - - [15/Dec/2022:16:02:31 +0100] "GET /Veltri_GiftListAPI/api/user/all HTTP/1.1" 200 626
0:0:0:0:0:0:0:1 - - [15/Dec/2022:16:02:31 +0100] "POST /Veltri_GiftList/createUser HTTP/1.1" 200 1823
127.0.0.1 - - [15/Dec/2022:16:02:53 +0100] "GET /Veltri_GiftListAPI/api/user/all HTTP/1.1" 200 626
0:0:0:0:0:0:0:1 - - [15/Dec/2022:16:02:53 +0100] "POST /Veltri_GiftList/createUser HTTP/1.1" 200 1823
0:0:0:0:0:0:0:1 - - [15/Dec/2022:16:03:03 +0100] "GET /Veltri_GiftList/inscription HTTP/1.1" 200 1671
0:0:0:0:0:0:0:1 - - [15/Dec/2022:16:03:44 +0100] "GET /Veltri_GiftList/connection HTTP/1.1" 200 1314
0:0:0:0:0:0:0:1 - - [15/Dec/2022:16:39:04 +0100] "GET /Veltri_GiftList/connection HTTP/1.1" 200 1335
127.0.0.1 - - [15/Dec/2022:16:39:25 +0100] "POST /Veltri_GiftListAPI/api/user/login HTTP/1.1" 204 -
0:0:0:0:0:0:0:1 - - [15/Dec/2022:16:39:25 +0100] "POST /Veltri_GiftList/home HTTP/1.1" 200 -
0:0:0:0:0:0:0:1 - - [15/Dec/2022:16:41:43 +0100] "GET /Veltri_GiftList/connection HTTP/1.1" 200 1335
127.0.0.1 - - [15/Dec/2022:16:41:45 +0100] "POST /Veltri_GiftListAPI/api/user/login HTTP/1.1" 204 -
0:0:0:0:0:0:0:1 - - [15/Dec/2022:16:41:45 +0100] "POST /Veltri_GiftList/home HTTP/1.1" 200 -
127.0.0.1 - - [15/Dec/2022:16:41:51 +0100] "POST /Veltri_GiftListAPI/api/user/login HTTP/1.1" 204 -
0:0:0:0:0:0:0:1 - - [15/Dec/2022:16:41:51 +0100] "POST /Veltri_GiftList/home HTTP/1.1" 200 -
0:0:0:0:0:0:0:1 - - [15/Dec/2022:16:42:22 +0100] "GET /Veltri_GiftList/connection HTTP/1.1" 200 1335
127.0.0.1 - - [15/Dec/2022:16:42:23 +0100] "POST /Veltri_GiftListAPI/api/user/login HTTP/1.1" 204 -
0:0:0:0:0:0:0:1 - - [15/Dec/2022:16:42:23 +0100] "POST /Veltri_GiftList/home HTTP/1.1" 200 -
0:0:0:0:0:0:0:1 - - [15/Dec/2022:16:42:29 +0100] "GET /Veltri_GiftList/connection HTTP/1.1" 200 1335
127.0.0.1 - - [15/Dec/2022:16:42:31 +0100] "POST /Veltri_GiftListAPI/api/user/login HTTP/1.1" 204 -
0:0:0:0:0:0:0:1 - - [15/Dec/2022:16:42:31 +0100] "POST /Veltri_GiftList/home HTTP/1.1" 200 -
0:0:0:0:0:0:0:1 - - [15/Dec/2022:16:43:03 +0100] "POST /Veltri_GiftListAPI/api/user/login HTTP/1.1" 204 -
127.0.0.1 - - [15/Dec/2022:16:43:31 +0100] "GET / HTTP/1.1" 404 681
0:0:0:0:0:0:0:1 - - [15/Dec/2022:16:43:36 +0100] "POST /Veltri_GiftListAPI/api/user/login HTTP/1.1" 200 1623
0:0:0:0:0:0:0:1 - - [15/Dec/2022:16:43:41 +0100] "GET /Veltri_GiftList/connection HTTP/1.1" 200 1335
127.0.0.1 - - [15/Dec/2022:16:43:43 +0100] "POST /Veltri_GiftListAPI/api/user/login HTTP/1.1" 500 4222
0:0:0:0:0:0:0:1 - - [15/Dec/2022:16:43:43 +0100] "POST /Veltri_GiftList/home HTTP/1.1" 200 -
127.0.0.1 - - [15/Dec/2022:16:49:24 +0100] "GET / HTTP/1.1" 404 681
0:0:0:0:0:0:0:1 - - [15/Dec/2022:16:49:28 +0100] "GET /Veltri_GiftList/connection HTTP/1.1" 200 1356
127.0.0.1 - - [15/Dec/2022:16:49:33 +0100] "POST /Veltri_GiftListAPI/api/user/login HTTP/1.1" 500 4222
0:0:0:0:0:0:0:1 - - [15/Dec/2022:16:49:33 +0100] "POST /Veltri_GiftList/home HTTP/1.1" 200 1356
127.0.0.1 - - [15/Dec/2022:16:49:35 +0100] "POST /Veltri_GiftListAPI/api/user/login HTTP/1.1" 500 4222
0:0:0:0:0:0:0:1 - - [15/Dec/2022:16:49:35 +0100] "POST /Veltri_GiftList/home HTTP/1.1" 200 1356
127.0.0.1 - - [15/Dec/2022:16:49:41 +0100] "POST /Veltri_GiftListAPI/api/user/login HTTP/1.1" 500 4222
0:0:0:0:0:0:0:1 - - [15/Dec/2022:16:49:41 +0100] "POST /Veltri_GiftList/home HTTP/1.1" 200 1362
127.0.0.1 - - [15/Dec/2022:16:50:23 +0100] "GET / HTTP/1.1" 404 681
127.0.0.1 - - [15/Dec/2022:16:50:26 +0100] "POST /Veltri_GiftListAPI/api/user/login HTTP/1.1" 500 4222
0:0:0:0:0:0:0:1 - - [15/Dec/2022:16:50:28 +0100] "POST /Veltri_GiftList/home HTTP/1.1" 200 1435
0:0:0:0:0:0:0:1 - - [15/Dec/2022:16:50:28 +0100] "GET /Veltri_GiftList/connection HTTP/1.1" 200 1362
0:0:0:0:0:0:0:1 - - [15/Dec/2022:16:50:31 +0100] "GET /Veltri_GiftList/connection HTTP/1.1" 200 1362
0:0:0:0:0:0:0:1 - - [15/Dec/2022:16:50:34 +0100] "GET /Veltri_GiftList/connection HTTP/1.1" 200 1362
0:0:0:0:0:0:0:1 - - [15/Dec/2022:16:50:34 +0100] "GET /Veltri_GiftList/IMG/background.jpg HTTP/1.1" 200 46624
0:0:0:0:0:0:0:1 - - [15/Dec/2022:16:50:34 +0100] "GET /favicon.ico HTTP/1.1" 404 692
127.0.0.1 - - [15/Dec/2022:16:50:37 +0100] "POST /Veltri_GiftListAPI/api/user/login HTTP/1.1" 500 4222
0:0:0:0:0:0:0:1 - - [15/Dec/2022:16:50:37 +0100] "POST /Veltri_GiftList/home HTTP/1.1" 200 1435
127.0.0.1 - - [15/Dec/2022:16:50:42 +0100] "POST /Veltri_GiftListAPI/api/user/login HTTP/1.1" 500 4222
0:0:0:0:0:0:0:1 - - [15/Dec/2022:16:50:42 +0100] "POST /Veltri_GiftList/home HTTP/1.1" 200 1497
127.0.0.1 - - [15/Dec/2022:16:50:49 +0100] "POST /Veltri_GiftListAPI/api/user/login HTTP/1.1" 500 4222
0:0:0:0:0:0:0:1 - - [15/Dec/2022:16:50:49 +0100] "POST /Veltri_GiftList/home HTTP/1.1" 200 1497
127.0.0.1 - - [15/Dec/2022:16:50:51 +0100] "POST /Veltri_GiftListAPI/api/user/login HTTP/1.1" 500 4222
0:0:0:0:0:0:0:1 - - [15/Dec/2022:16:50:51 +0100] "POST /Veltri_GiftList/home HTTP/1.1" 200 1434
127.0.0.1 - - [15/Dec/2022:16:51:06 +0100] "POST /Veltri_GiftListAPI/api/user/login HTTP/1.1" 200 1623
0:0:0:0:0:0:0:1 - - [15/Dec/2022:16:51:07 +0100] "POST /Veltri_GiftList/home HTTP/1.1" 200 129
127.0.0.1 - - [15/Dec/2022:16:52:36 +0100] "GET / HTTP/1.1" 404 681
0:0:0:0:0:0:0:1 - - [15/Dec/2022:16:52:47 +0100] "GET /Veltri_GiftList/connection HTTP/1.1" 200 1366
127.0.0.1 - - [15/Dec/2022:16:52:53 +0100] "POST /Veltri_GiftListAPI/api/user/login HTTP/1.1" 500 4222
0:0:0:0:0:0:0:1 - - [15/Dec/2022:16:52:53 +0100] "POST /Veltri_GiftList/authentication HTTP/1.1" 200 1527
0:0:0:0:0:0:0:1 - - [15/Dec/2022:16:56:21 +0100] "GET /Veltri_GiftList/connection HTTP/1.1" 200 1389
0:0:0:0:0:0:0:1 - - [15/Dec/2022:16:56:26 +0100] "GET /Veltri_GiftList/connection HTTP/1.1" 200 1389
0:0:0:0:0:0:0:1 - - [15/Dec/2022:16:56:26 +0100] "GET /Veltri_GiftList/IMG/background.jpg HTTP/1.1" 200 46624
0:0:0:0:0:0:0:1 - - [15/Dec/2022:16:56:26 +0100] "GET /favicon.ico HTTP/1.1" 404 692
0:0:0:0:0:0:0:1 - - [15/Dec/2022:16:56:29 +0100] "GET /Veltri_GiftList/connection HTTP/1.1" 200 1389
0:0:0:0:0:0:0:1 - - [15/Dec/2022:16:56:29 +0100] "GET /Veltri_GiftList/IMG/background.jpg HTTP/1.1" 200 46624
0:0:0:0:0:0:0:1 - - [15/Dec/2022:16:56:29 +0100] "GET /favicon.ico HTTP/1.1" 404 692
0:0:0:0:0:0:0:1 - - [15/Dec/2022:16:56:29 +0100] "GET /Veltri_GiftList/connection HTTP/1.1" 200 1389
0:0:0:0:0:0:0:1 - - [15/Dec/2022:16:56:29 +0100] "GET /Veltri_GiftList/IMG/background.jpg HTTP/1.1" 200 46624
0:0:0:0:0:0:0:1 - - [15/Dec/2022:16:56:29 +0100] "GET /favicon.ico HTTP/1.1" 404 692
0:0:0:0:0:0:0:1 - - [15/Dec/2022:16:56:30 +0100] "GET /Veltri_GiftList/connection HTTP/1.1" 200 1389
0:0:0:0:0:0:0:1 - - [15/Dec/2022:16:56:30 +0100] "GET /Veltri_GiftList/IMG/background.jpg HTTP/1.1" 200 46624
0:0:0:0:0:0:0:1 - - [15/Dec/2022:16:56:30 +0100] "GET /favicon.ico HTTP/1.1" 404 692
0:0:0:0:0:0:0:1 - - [15/Dec/2022:16:56:30 +0100] "GET /Veltri_GiftList/connection HTTP/1.1" 200 1389
0:0:0:0:0:0:0:1 - - [15/Dec/2022:16:56:30 +0100] "GET /Veltri_GiftList/IMG/background.jpg HTTP/1.1" 200 46624
0:0:0:0:0:0:0:1 - - [15/Dec/2022:16:56:30 +0100] "GET /favicon.ico HTTP/1.1" 404 692
0:0:0:0:0:0:0:1 - - [15/Dec/2022:16:56:30 +0100] "GET /Veltri_GiftList/connection HTTP/1.1" 200 1389
0:0:0:0:0:0:0:1 - - [15/Dec/2022:16:56:31 +0100] "GET /Veltri_GiftList/IMG/background.jpg HTTP/1.1" 200 46624
0:0:0:0:0:0:0:1 - - [15/Dec/2022:16:56:31 +0100] "GET /favicon.ico HTTP/1.1" 404 692
0:0:0:0:0:0:0:1 - - [15/Dec/2022:16:56:55 +0100] "POST /Veltri_GiftList/authentication HTTP/1.1" 200 1454
0:0:0:0:0:0:0:1 - - [15/Dec/2022:16:56:58 +0100] "POST /Veltri_GiftList/authentication HTTP/1.1" 200 1454
127.0.0.1 - - [15/Dec/2022:16:57:01 +0100] "POST /Veltri_GiftListAPI/api/user/login HTTP/1.1" 500 4222
0:0:0:0:0:0:0:1 - - [15/Dec/2022:16:57:01 +0100] "POST /Veltri_GiftList/authentication HTTP/1.1" 200 1464
0:0:0:0:0:0:0:1 - - [15/Dec/2022:16:57:04 +0100] "POST /Veltri_GiftList/authentication HTTP/1.1" 200 1454
0:0:0:0:0:0:0:1 - - [15/Dec/2022:16:57:08 +0100] "POST /Veltri_GiftList/authentication HTTP/1.1" 200 1431
0:0:0:0:0:0:0:1 - - [15/Dec/2022:17:16:38 +0100] "GET /Veltri_GiftListAPI/api/user/create HTTP/1.1" 405 702
127.0.0.1 - - [15/Dec/2022:17:17:27 +0100] "GET / HTTP/1.1" 404 681
0:0:0:0:0:0:0:1 - - [15/Dec/2022:17:17:31 +0100] "GET /Veltri_GiftListAPI/api/user/create HTTP/1.1" 405 702
0:0:0:0:0:0:0:1 - - [15/Dec/2022:17:18:19 +0100] "POST /Veltri_GiftListAPI/api/user/create HTTP/1.1" 503 673
127.0.0.1 - - [15/Dec/2022:17:18:56 +0100] "GET / HTTP/1.1" 404 681
0:0:0:0:0:0:0:1 - - [15/Dec/2022:17:18:59 +0100] "POST /Veltri_GiftListAPI/api/user/create HTTP/1.1" 503 673
0:0:0:0:0:0:0:1 - - [15/Dec/2022:17:19:48 +0100] "POST /Veltri_GiftListAPI/api/user/create HTTP/1.1" 201 4
0:0:0:0:0:0:0:1 - - [15/Dec/2022:17:20:58 +0100] "GET /Veltri_GiftList/connection HTTP/1.1" 200 1366
0:0:0:0:0:0:0:1 - - [15/Dec/2022:17:21:03 +0100] "GET /Veltri_GiftList/inscription HTTP/1.1" 200 1636
127.0.0.1 - - [15/Dec/2022:17:21:27 +0100] "GET /Veltri_GiftListAPI/api/user/all HTTP/1.1" 200 626
127.0.0.1 - - [15/Dec/2022:17:21:28 +0100] "POST /Veltri_GiftListAPI/api/user/create HTTP/1.1" 201 4
0:0:0:0:0:0:0:1 - - [15/Dec/2022:17:21:28 +0100] "POST /Veltri_GiftList/createUser HTTP/1.1" 200 129
