0:0:0:0:0:0:0:1 - - [06/Jan/2023:17:54:46 +0100] "GET /Veltri_GiftList/getInfoList?orderId=102 HTTP/1.1" 500 8192
127.0.0.1 - - [06/Jan/2023:17:54:55 +0100] "POST /Veltri_GiftListAPI/api/user/login HTTP/1.1" 200 1669
0:0:0:0:0:0:0:1 - - [06/Jan/2023:17:54:55 +0100] "POST /Veltri_GiftList/authentication HTTP/1.1" 302 -
127.0.0.1 - - [06/Jan/2023:17:54:55 +0100] "POST /Veltri_GiftListAPI/api/user/login HTTP/1.1" 200 1669
0:0:0:0:0:0:0:1 - - [06/Jan/2023:17:54:55 +0100] "GET /Veltri_GiftList/home HTTP/1.1" 200 2867
127.0.0.1 - - [06/Jan/2023:17:54:57 +0100] "GET /Veltri_GiftListAPI/api/giftList/findById?idGiftList=102 HTTP/1.1" 200 10679
0:0:0:0:0:0:0:1 - - [06/Jan/2023:17:54:57 +0100] "GET /Veltri_GiftList/getInfoListParticipant?orderId=102 HTTP/1.1" 302 -
0:0:0:0:0:0:0:1 - - [06/Jan/2023:17:54:57 +0100] "GET /Veltri_GiftList/infoListParticipant HTTP/1.1" 200 13103
0:0:0:0:0:0:0:1 - - [06/Jan/2023:17:55:26 +0100] "GET /Veltri_GiftList/infoListParticipant HTTP/1.1" 500 8192
0:0:0:0:0:0:0:1 - - [06/Jan/2023:17:55:45 +0100] "GET /Veltri_GiftList/infoListParticipant HTTP/1.1" 200 13089
0:0:0:0:0:0:0:1 - - [06/Jan/2023:17:56:57 +0100] "GET /Veltri_GiftList/infoListParticipant HTTP/1.1" 500 8192
0:0:0:0:0:0:0:1 - - [06/Jan/2023:17:57:09 +0100] "GET /Veltri_GiftList/infoListParticipant HTTP/1.1" 200 13103
0:0:0:0:0:0:0:1 - - [06/Jan/2023:17:58:30 +0100] "GET /Veltri_GiftList/infoListParticipant HTTP/1.1" 500 8192
0:0:0:0:0:0:0:1 - - [06/Jan/2023:17:58:36 +0100] "GET /Veltri_GiftList/infoListParticipant HTTP/1.1" 500 8192
127.0.0.1 - - [06/Jan/2023:17:59:31 +0100] "GET / HTTP/1.1" 404 681
0:0:0:0:0:0:0:1 - - [06/Jan/2023:17:59:38 +0100] "GET /Veltri_GiftList/connection HTTP/1.1" 200 1366
127.0.0.1 - - [06/Jan/2023:17:59:51 +0100] "POST /Veltri_GiftListAPI/api/user/login HTTP/1.1" 200 1669
0:0:0:0:0:0:0:1 - - [06/Jan/2023:17:59:52 +0100] "POST /Veltri_GiftList/authentication HTTP/1.1" 302 -
127.0.0.1 - - [06/Jan/2023:17:59:52 +0100] "POST /Veltri_GiftListAPI/api/user/login HTTP/1.1" 200 1669
0:0:0:0:0:0:0:1 - - [06/Jan/2023:17:59:52 +0100] "GET /Veltri_GiftList/home HTTP/1.1" 200 2867
127.0.0.1 - - [06/Jan/2023:17:59:54 +0100] "GET /Veltri_GiftListAPI/api/giftList/findById?idGiftList=102 HTTP/1.1" 200 11028
0:0:0:0:0:0:0:1 - - [06/Jan/2023:17:59:55 +0100] "GET /Veltri_GiftList/getInfoListParticipant?orderId=102 HTTP/1.1" 302 -
0:0:0:0:0:0:0:1 - - [06/Jan/2023:17:59:55 +0100] "GET /Veltri_GiftList/infoListParticipant HTTP/1.1" 200 13160
127.0.0.1 - - [06/Jan/2023:18:00:04 +0100] "GET /Veltri_GiftListAPI/api/giftList/findById?idGiftList=50 HTTP/1.1" 200 833
0:0:0:0:0:0:0:1 - - [06/Jan/2023:18:00:04 +0100] "GET /Veltri_GiftList/getInfoListParticipant?orderId=50 HTTP/1.1" 302 -
0:0:0:0:0:0:0:1 - - [06/Jan/2023:18:00:04 +0100] "GET /Veltri_GiftList/infoListParticipant HTTP/1.1" 200 2436
0:0:0:0:0:0:0:1 - - [06/Jan/2023:18:00:08 +0100] "GET /Veltri_GiftList/deconnection HTTP/1.1" 302 -
0:0:0:0:0:0:0:1 - - [06/Jan/2023:18:00:08 +0100] "GET /Veltri_GiftList/connection HTTP/1.1" 200 1366
127.0.0.1 - - [06/Jan/2023:18:00:12 +0100] "POST /Veltri_GiftListAPI/api/user/login HTTP/1.1" 200 1999
0:0:0:0:0:0:0:1 - - [06/Jan/2023:18:00:12 +0100] "POST /Veltri_GiftList/authentication HTTP/1.1" 302 -
127.0.0.1 - - [06/Jan/2023:18:00:12 +0100] "POST /Veltri_GiftListAPI/api/user/login HTTP/1.1" 200 1999
0:0:0:0:0:0:0:1 - - [06/Jan/2023:18:00:12 +0100] "GET /Veltri_GiftList/home HTTP/1.1" 200 3124
127.0.0.1 - - [06/Jan/2023:18:00:13 +0100] "GET /Veltri_GiftListAPI/api/giftList/findById?idGiftList=102 HTTP/1.1" 200 11028
0:0:0:0:0:0:0:1 - - [06/Jan/2023:18:00:13 +0100] "GET /Veltri_GiftList/getInfoList?orderId=102 HTTP/1.1" 200 16318
0:0:0:0:0:0:0:1 - - [06/Jan/2023:18:00:14 +0100] "GET /Veltri_GiftList/IMG/deleteRed.png HTTP/1.1" 304 -
0:0:0:0:0:0:0:1 - - [06/Jan/2023:18:00:14 +0100] "GET /Veltri_GiftList/IMG/plus.png HTTP/1.1" 304 -
0:0:0:0:0:0:0:1 - - [06/Jan/2023:18:00:19 +0100] "GET /Veltri_GiftList/deconnection HTTP/1.1" 302 -
0:0:0:0:0:0:0:1 - - [06/Jan/2023:18:00:19 +0100] "GET /Veltri_GiftList/connection HTTP/1.1" 200 1366
127.0.0.1 - - [06/Jan/2023:18:00:23 +0100] "POST /Veltri_GiftListAPI/api/user/login HTTP/1.1" 200 1669
0:0:0:0:0:0:0:1 - - [06/Jan/2023:18:00:23 +0100] "POST /Veltri_GiftList/authentication HTTP/1.1" 302 -
127.0.0.1 - - [06/Jan/2023:18:00:23 +0100] "POST /Veltri_GiftListAPI/api/user/login HTTP/1.1" 200 1669
0:0:0:0:0:0:0:1 - - [06/Jan/2023:18:00:23 +0100] "GET /Veltri_GiftList/home HTTP/1.1" 200 2867
127.0.0.1 - - [06/Jan/2023:18:00:25 +0100] "GET /Veltri_GiftListAPI/api/giftList/findById?idGiftList=102 HTTP/1.1" 200 11028
0:0:0:0:0:0:0:1 - - [06/Jan/2023:18:00:25 +0100] "GET /Veltri_GiftList/getInfoListParticipant?orderId=102 HTTP/1.1" 302 -
0:0:0:0:0:0:0:1 - - [06/Jan/2023:18:00:25 +0100] "GET /Veltri_GiftList/infoListParticipant HTTP/1.1" 200 13160
127.0.0.1 - - [06/Jan/2023:18:04:29 +0100] "GET /Veltri_GiftListAPI/api/gift/findById?idGift=143 HTTP/1.1" 200 442
0:0:0:0:0:0:0:1 - - [06/Jan/2023:18:04:29 +0100] "GET /Veltri_GiftList/addReserve?idGift=143 HTTP/1.1" 200 2594
0:0:0:0:0:0:0:1 - - [06/Jan/2023:18:04:34 +0100] "GET /Veltri_GiftList/infoListParticipant HTTP/1.1" 200 13160
127.0.0.1 - - [06/Jan/2023:18:04:37 +0100] "GET /Veltri_GiftListAPI/api/giftList/findById?idGiftList=102 HTTP/1.1" 200 10831
0:0:0:0:0:0:0:1 - - [06/Jan/2023:18:04:37 +0100] "GET /Veltri_GiftList/getInfoListParticipant?orderId=102 HTTP/1.1" 302 -
0:0:0:0:0:0:0:1 - - [06/Jan/2023:18:04:37 +0100] "GET /Veltri_GiftList/infoListParticipant HTTP/1.1" 200 13134
127.0.0.1 - - [06/Jan/2023:18:05:14 +0100] "GET /Veltri_GiftListAPI/api/giftList/findById?idGiftList=102 HTTP/1.1" 200 10829
0:0:0:0:0:0:0:1 - - [06/Jan/2023:18:05:14 +0100] "GET /Veltri_GiftList/getInfoListParticipant?orderId=102 HTTP/1.1" 302 -
0:0:0:0:0:0:0:1 - - [06/Jan/2023:18:05:14 +0100] "GET /Veltri_GiftList/infoListParticipant HTTP/1.1" 200 13132
0:0:0:0:0:0:0:1 - - [06/Jan/2023:18:05:46 +0100] "GET /Veltri_GiftList/deconnection HTTP/1.1" 302 -
0:0:0:0:0:0:0:1 - - [06/Jan/2023:18:05:46 +0100] "GET /Veltri_GiftList/connection HTTP/1.1" 200 1366
127.0.0.1 - - [06/Jan/2023:18:05:51 +0100] "POST /Veltri_GiftListAPI/api/user/login HTTP/1.1" 200 1676
0:0:0:0:0:0:0:1 - - [06/Jan/2023:18:05:51 +0100] "POST /Veltri_GiftList/authentication HTTP/1.1" 302 -
127.0.0.1 - - [06/Jan/2023:18:05:51 +0100] "POST /Veltri_GiftListAPI/api/user/login HTTP/1.1" 200 1676
0:0:0:0:0:0:0:1 - - [06/Jan/2023:18:05:51 +0100] "GET /Veltri_GiftList/home HTTP/1.1" 200 2869
127.0.0.1 - - [06/Jan/2023:18:05:54 +0100] "GET /Veltri_GiftListAPI/api/giftList/findById?idGiftList=102 HTTP/1.1" 200 10829
0:0:0:0:0:0:0:1 - - [06/Jan/2023:18:05:54 +0100] "GET /Veltri_GiftList/getInfoListParticipant?orderId=102 HTTP/1.1" 302 -
0:0:0:0:0:0:0:1 - - [06/Jan/2023:18:05:54 +0100] "GET /Veltri_GiftList/infoListParticipant HTTP/1.1" 200 13134
127.0.0.1 - - [06/Jan/2023:18:06:00 +0100] "GET /Veltri_GiftListAPI/api/gift/findById?idGift=143 HTTP/1.1" 200 442
0:0:0:0:0:0:0:1 - - [06/Jan/2023:18:06:00 +0100] "GET /Veltri_GiftList/addReserve?idGift=143 HTTP/1.1" 200 13211
0:0:0:0:0:0:0:1 - - [06/Jan/2023:18:06:05 +0100] "GET /Veltri_GiftList/deconnection HTTP/1.1" 302 -
0:0:0:0:0:0:0:1 - - [06/Jan/2023:18:06:05 +0100] "GET /Veltri_GiftList/connection HTTP/1.1" 200 1366
127.0.0.1 - - [06/Jan/2023:18:06:09 +0100] "POST /Veltri_GiftListAPI/api/user/login HTTP/1.1" 200 1669
0:0:0:0:0:0:0:1 - - [06/Jan/2023:18:06:09 +0100] "POST /Veltri_GiftList/authentication HTTP/1.1" 302 -
127.0.0.1 - - [06/Jan/2023:18:06:09 +0100] "POST /Veltri_GiftListAPI/api/user/login HTTP/1.1" 200 1669
0:0:0:0:0:0:0:1 - - [06/Jan/2023:18:06:09 +0100] "GET /Veltri_GiftList/home HTTP/1.1" 200 2867
127.0.0.1 - - [06/Jan/2023:18:06:11 +0100] "GET /Veltri_GiftListAPI/api/giftList/findById?idGiftList=102 HTTP/1.1" 200 10829
0:0:0:0:0:0:0:1 - - [06/Jan/2023:18:06:11 +0100] "GET /Veltri_GiftList/getInfoListParticipant?orderId=102 HTTP/1.1" 302 -
0:0:0:0:0:0:0:1 - - [06/Jan/2023:18:06:11 +0100] "GET /Veltri_GiftList/infoListParticipant HTTP/1.1" 200 13132
127.0.0.1 - - [06/Jan/2023:18:06:19 +0100] "GET /Veltri_GiftListAPI/api/gift/findById?idGift=143 HTTP/1.1" 200 442
0:0:0:0:0:0:0:1 - - [06/Jan/2023:18:06:19 +0100] "GET /Veltri_GiftList/addReserve?idGift=143 HTTP/1.1" 200 2594
127.0.0.1 - - [06/Jan/2023:18:06:26 +0100] "POST /Veltri_GiftListAPI/api/reserve/create HTTP/1.1" 201 4
127.0.0.1 - - [06/Jan/2023:18:06:27 +0100] "POST /Veltri_GiftListAPI/api/gift/update HTTP/1.1" 202 4
0:0:0:0:0:0:0:1 - - [06/Jan/2023:18:06:27 +0100] "POST /Veltri_GiftList/verifAddReserve HTTP/1.1" 302 -
0:0:0:0:0:0:0:1 - - [06/Jan/2023:18:06:27 +0100] "GET /Veltri_GiftList/infoListParticipant HTTP/1.1" 200 13158
127.0.0.1 - - [06/Jan/2023:18:07:02 +0100] "GET /Veltri_GiftListAPI/api/gift/findById?idGift=143 HTTP/1.1" 200 640
0:0:0:0:0:0:0:1 - - [06/Jan/2023:18:07:02 +0100] "GET /Veltri_GiftList/addReserve?idGift=143 HTTP/1.1" 200 13235
127.0.0.1 - - [06/Jan/2023:18:07:04 +0100] "GET /Veltri_GiftListAPI/api/gift/findById?idGift=142 HTTP/1.1" 200 9714
0:0:0:0:0:0:0:1 - - [06/Jan/2023:18:07:04 +0100] "GET /Veltri_GiftList/addReserve?idGift=142 HTTP/1.1" 200 2744
127.0.0.1 - - [06/Jan/2023:18:09:24 +0100] "POST /Veltri_GiftListAPI/api/user/login HTTP/1.1" 200 1669
0:0:0:0:0:0:0:1 - - [06/Jan/2023:18:09:25 +0100] "GET /Veltri_GiftList/home HTTP/1.1" 200 2867
127.0.0.1 - - [06/Jan/2023:18:09:26 +0100] "GET /Veltri_GiftListAPI/api/giftList/findById?idGiftList=102 HTTP/1.1" 200 10829
0:0:0:0:0:0:0:1 - - [06/Jan/2023:18:09:26 +0100] "GET /Veltri_GiftList/getInfoListParticipant?orderId=102 HTTP/1.1" 302 -
0:0:0:0:0:0:0:1 - - [06/Jan/2023:18:09:26 +0100] "GET /Veltri_GiftList/infoListParticipant HTTP/1.1" 200 13132
127.0.0.1 - - [06/Jan/2023:18:09:37 +0100] "GET /Veltri_GiftListAPI/api/gift/findById?idGift=142 HTTP/1.1" 200 9714
0:0:0:0:0:0:0:1 - - [06/Jan/2023:18:09:37 +0100] "GET /Veltri_GiftList/addReserve?idGift=142 HTTP/1.1" 200 2744
127.0.0.1 - - [06/Jan/2023:18:10:58 +0100] "GET / HTTP/1.1" 404 681
127.0.0.1 - - [06/Jan/2023:18:11:08 +0100] "GET /Veltri_GiftListAPI/api/gift/findById?idGift=142 HTTP/1.1" 200 9714
127.0.0.1 - - [06/Jan/2023:18:11:08 +0100] "POST /Veltri_GiftListAPI/api/user/login HTTP/1.1" 200 1669
0:0:0:0:0:0:0:1 - - [06/Jan/2023:18:11:09 +0100] "GET /Veltri_GiftList/addReserve?idGift=142 HTTP/1.1" 200 2744
0:0:0:0:0:0:0:1 - - [06/Jan/2023:18:11:09 +0100] "GET /Veltri_GiftList/home HTTP/1.1" 200 2867
127.0.0.1 - - [06/Jan/2023:18:11:11 +0100] "GET /Veltri_GiftListAPI/api/giftList/findById?idGiftList=102 HTTP/1.1" 200 10829
0:0:0:0:0:0:0:1 - - [06/Jan/2023:18:11:11 +0100] "GET /Veltri_GiftList/getInfoListParticipant?orderId=102 HTTP/1.1" 302 -
0:0:0:0:0:0:0:1 - - [06/Jan/2023:18:11:11 +0100] "GET /Veltri_GiftList/infoListParticipant HTTP/1.1" 200 13132
127.0.0.1 - - [06/Jan/2023:18:11:12 +0100] "GET /Veltri_GiftListAPI/api/gift/findById?idGift=142 HTTP/1.1" 200 9714
0:0:0:0:0:0:0:1 - - [06/Jan/2023:18:11:12 +0100] "GET /Veltri_GiftList/addReserve?idGift=142 HTTP/1.1" 200 2744
127.0.0.1 - - [06/Jan/2023:18:11:53 +0100] "POST /Veltri_GiftListAPI/api/reserve/create HTTP/1.1" 201 4
127.0.0.1 - - [06/Jan/2023:18:11:53 +0100] "POST /Veltri_GiftListAPI/api/gift/update HTTP/1.1" 202 4
0:0:0:0:0:0:0:1 - - [06/Jan/2023:18:11:53 +0100] "POST /Veltri_GiftList/verifAddReserve HTTP/1.1" 302 -
0:0:0:0:0:0:0:1 - - [06/Jan/2023:18:11:54 +0100] "GET /Veltri_GiftList/infoListParticipant HTTP/1.1" 200 13161
127.0.0.1 - - [06/Jan/2023:18:12:40 +0100] "POST /Veltri_GiftListAPI/api/user/login HTTP/1.1" 200 1669
0:0:0:0:0:0:0:1 - - [06/Jan/2023:18:12:40 +0100] "GET /Veltri_GiftList/home HTTP/1.1" 200 2867
127.0.0.1 - - [06/Jan/2023:18:12:42 +0100] "GET /Veltri_GiftListAPI/api/giftList/findById?idGiftList=102 HTTP/1.1" 200 10831
0:0:0:0:0:0:0:1 - - [06/Jan/2023:18:12:42 +0100] "GET /Veltri_GiftList/getInfoListParticipant?orderId=102 HTTP/1.1" 302 -
0:0:0:0:0:0:0:1 - - [06/Jan/2023:18:12:42 +0100] "GET /Veltri_GiftList/infoListParticipant HTTP/1.1" 200 13134
127.0.0.1 - - [06/Jan/2023:18:12:54 +0100] "GET /Veltri_GiftListAPI/api/gift/findById?idGift=142 HTTP/1.1" 200 9716
0:0:0:0:0:0:0:1 - - [06/Jan/2023:18:12:54 +0100] "GET /Veltri_GiftList/addReserve?idGift=142 HTTP/1.1" 200 2744
0:0:0:0:0:0:0:1 - - [06/Jan/2023:18:14:18 +0100] "POST /Veltri_GiftList/verifAddReserve HTTP/1.1" 500 1336
127.0.0.1 - - [06/Jan/2023:18:16:13 +0100] "POST /Veltri_GiftListAPI/api/user/login HTTP/1.1" 200 1669
0:0:0:0:0:0:0:1 - - [06/Jan/2023:18:16:13 +0100] "GET /Veltri_GiftList/home HTTP/1.1" 200 2867
0:0:0:0:0:0:0:1 - - [06/Jan/2023:18:16:19 +0100] "GET /Veltri_GiftList/addList HTTP/1.1" 200 4618
0:0:0:0:0:0:0:1 - - [06/Jan/2023:18:21:43 +0100] "POST /Veltri_GiftList/verifAddReserve HTTP/1.1" 500 1336
127.0.0.1 - - [06/Jan/2023:18:21:52 +0100] "GET /Veltri_GiftListAPI/api/gift/findById?idGift=142 HTTP/1.1" 503 673
0:0:0:0:0:0:0:1 - - [06/Jan/2023:18:21:52 +0100] "GET /Veltri_GiftList/addReserve?idGift=142 HTTP/1.1" 500 1352
127.0.0.1 - - [06/Jan/2023:18:21:55 +0100] "POST /Veltri_GiftListAPI/api/user/login HTTP/1.1" 204 -
0:0:0:0:0:0:0:1 - - [06/Jan/2023:18:21:55 +0100] "GET /Veltri_GiftList/home HTTP/1.1" 500 1342
127.0.0.1 - - [06/Jan/2023:18:23:38 +0100] "GET / HTTP/1.1" 404 681
0:0:0:0:0:0:0:1 - - [06/Jan/2023:18:23:53 +0100] "GET /Veltri_GiftList/connection HTTP/1.1" 200 1366
127.0.0.1 - - [06/Jan/2023:18:24:21 +0100] "POST /Veltri_GiftListAPI/api/user/login HTTP/1.1" 500 8328
0:0:0:0:0:0:0:1 - - [06/Jan/2023:18:24:21 +0100] "POST /Veltri_GiftList/authentication HTTP/1.1" 302 -
0:0:0:0:0:0:0:1 - - [06/Jan/2023:18:24:21 +0100] "GET /Veltri_GiftList/connection HTTP/1.1" 200 1466
127.0.0.1 - - [06/Jan/2023:18:24:26 +0100] "POST /Veltri_GiftListAPI/api/user/login HTTP/1.1" 500 8607
0:0:0:0:0:0:0:1 - - [06/Jan/2023:18:24:26 +0100] "POST /Veltri_GiftList/authentication HTTP/1.1" 302 -
0:0:0:0:0:0:0:1 - - [06/Jan/2023:18:24:26 +0100] "GET /Veltri_GiftList/connection HTTP/1.1" 200 1466
127.0.0.1 - - [06/Jan/2023:18:24:29 +0100] "POST /Veltri_GiftListAPI/api/user/login HTTP/1.1" 500 8607
0:0:0:0:0:0:0:1 - - [06/Jan/2023:18:24:29 +0100] "POST /Veltri_GiftList/authentication HTTP/1.1" 302 -
0:0:0:0:0:0:0:1 - - [06/Jan/2023:18:24:29 +0100] "GET /Veltri_GiftList/connection HTTP/1.1" 200 1466
127.0.0.1 - - [06/Jan/2023:18:25:51 +0100] "POST /Veltri_GiftListAPI/api/user/login HTTP/1.1" 200 1999
0:0:0:0:0:0:0:1 - - [06/Jan/2023:18:25:51 +0100] "POST /Veltri_GiftList/authentication HTTP/1.1" 302 -
127.0.0.1 - - [06/Jan/2023:18:25:52 +0100] "POST /Veltri_GiftListAPI/api/user/login HTTP/1.1" 200 1999
0:0:0:0:0:0:0:1 - - [06/Jan/2023:18:25:52 +0100] "GET /Veltri_GiftList/home HTTP/1.1" 200 3124
0:0:0:0:0:0:0:1 - - [06/Jan/2023:18:26:05 +0100] "GET /Veltri_GiftList/deconnection HTTP/1.1" 302 -
0:0:0:0:0:0:0:1 - - [06/Jan/2023:18:26:05 +0100] "GET /Veltri_GiftList/connection HTTP/1.1" 200 1366
127.0.0.1 - - [06/Jan/2023:18:26:10 +0100] "POST /Veltri_GiftListAPI/api/user/login HTTP/1.1" 200 1669
0:0:0:0:0:0:0:1 - - [06/Jan/2023:18:26:10 +0100] "POST /Veltri_GiftList/authentication HTTP/1.1" 302 -
127.0.0.1 - - [06/Jan/2023:18:26:10 +0100] "POST /Veltri_GiftListAPI/api/user/login HTTP/1.1" 200 1669
0:0:0:0:0:0:0:1 - - [06/Jan/2023:18:26:10 +0100] "GET /Veltri_GiftList/home HTTP/1.1" 200 2867
127.0.0.1 - - [06/Jan/2023:18:26:13 +0100] "GET /Veltri_GiftListAPI/api/giftList/findById?idGiftList=102 HTTP/1.1" 200 10831
0:0:0:0:0:0:0:1 - - [06/Jan/2023:18:26:13 +0100] "GET /Veltri_GiftList/getInfoListParticipant?orderId=102 HTTP/1.1" 302 -
0:0:0:0:0:0:0:1 - - [06/Jan/2023:18:26:13 +0100] "GET /Veltri_GiftList/infoListParticipant HTTP/1.1" 200 13134
127.0.0.1 - - [06/Jan/2023:18:26:15 +0100] "GET /Veltri_GiftListAPI/api/gift/findById?idGift=142 HTTP/1.1" 200 9716
0:0:0:0:0:0:0:1 - - [06/Jan/2023:18:26:17 +0100] "GET /Veltri_GiftList/addReserve?idGift=142 HTTP/1.1" 200 2758
127.0.0.1 - - [06/Jan/2023:18:27:25 +0100] "POST /Veltri_GiftListAPI/api/reserve/create HTTP/1.1" 201 4
0:0:0:0:0:0:0:1 - - [06/Jan/2023:18:27:25 +0100] "POST /Veltri_GiftList/verifAddReserve HTTP/1.1" 500 3266
127.0.0.1 - - [06/Jan/2023:18:27:29 +0100] "POST /Veltri_GiftListAPI/api/reserve/create HTTP/1.1" 201 4
0:0:0:0:0:0:0:1 - - [06/Jan/2023:18:27:29 +0100] "POST /Veltri_GiftList/verifAddReserve HTTP/1.1" 500 2060
127.0.0.1 - - [06/Jan/2023:18:27:56 +0100] "POST /Veltri_GiftListAPI/api/user/login HTTP/1.1" 200 1669
0:0:0:0:0:0:0:1 - - [06/Jan/2023:18:27:57 +0100] "GET /Veltri_GiftList/home HTTP/1.1" 200 2867
127.0.0.1 - - [06/Jan/2023:18:27:58 +0100] "GET /Veltri_GiftListAPI/api/giftList/findById?idGiftList=102 HTTP/1.1" 200 11228
0:0:0:0:0:0:0:1 - - [06/Jan/2023:18:27:58 +0100] "GET /Veltri_GiftList/getInfoListParticipant?orderId=102 HTTP/1.1" 302 -
0:0:0:0:0:0:0:1 - - [06/Jan/2023:18:27:58 +0100] "GET /Veltri_GiftList/infoListParticipant HTTP/1.1" 200 13188
127.0.0.1 - - [06/Jan/2023:18:28:57 +0100] "POST /Veltri_GiftListAPI/api/user/login HTTP/1.1" 200 1669
0:0:0:0:0:0:0:1 - - [06/Jan/2023:18:28:57 +0100] "GET /Veltri_GiftList/home HTTP/1.1" 200 2867
127.0.0.1 - - [06/Jan/2023:18:28:58 +0100] "GET /Veltri_GiftListAPI/api/giftList/findById?idGiftList=102 HTTP/1.1" 200 10831
0:0:0:0:0:0:0:1 - - [06/Jan/2023:18:28:58 +0100] "GET /Veltri_GiftList/getInfoListParticipant?orderId=102 HTTP/1.1" 302 -
0:0:0:0:0:0:0:1 - - [06/Jan/2023:18:28:58 +0100] "GET /Veltri_GiftList/infoListParticipant HTTP/1.1" 200 13134
0:0:0:0:0:0:0:1 - - [06/Jan/2023:18:34:59 +0100] "GET /Veltri_GiftList/infoListParticipant HTTP/1.1" 200 13134
127.0.0.1 - - [06/Jan/2023:18:35:20 +0100] "GET /Veltri_GiftListAPI/api/gift/findById?idGift=142 HTTP/1.1" 503 673
0:0:0:0:0:0:0:1 - - [06/Jan/2023:18:35:20 +0100] "GET /Veltri_GiftList/addReserve?idGift=142 HTTP/1.1" 500 1352
0:0:0:0:0:0:0:1 - - [06/Jan/2023:18:35:36 +0100] "GET /Veltri_GiftList/connection HTTP/1.1" 200 1366
127.0.0.1 - - [06/Jan/2023:18:35:53 +0100] "POST /Veltri_GiftListAPI/api/user/login HTTP/1.1" 204 -
127.0.0.1 - - [06/Jan/2023:18:35:53 +0100] "POST /Veltri_GiftListAPI/api/user/login HTTP/1.1" 204 -
0:0:0:0:0:0:0:1 - - [06/Jan/2023:18:35:53 +0100] "POST /Veltri_GiftList/authentication HTTP/1.1" 302 -
0:0:0:0:0:0:0:1 - - [06/Jan/2023:18:35:53 +0100] "GET /Veltri_GiftList/home HTTP/1.1" 500 1342
0:0:0:0:0:0:0:1 - - [06/Jan/2023:18:35:53 +0100] "GET /Veltri_GiftList/connection HTTP/1.1" 200 1462
127.0.0.1 - - [06/Jan/2023:18:37:04 +0100] "POST /Veltri_GiftListAPI/api/user/login HTTP/1.1" 204 -
0:0:0:0:0:0:0:1 - - [06/Jan/2023:18:37:04 +0100] "POST /Veltri_GiftList/authentication HTTP/1.1" 302 -
0:0:0:0:0:0:0:1 - - [06/Jan/2023:18:37:04 +0100] "GET /Veltri_GiftList/connection HTTP/1.1" 200 1462
0:0:0:0:0:0:0:1 - - [06/Jan/2023:18:37:06 +0100] "POST /Veltri_GiftList/authentication HTTP/1.1" 302 -
127.0.0.1 - - [06/Jan/2023:18:37:06 +0100] "POST /Veltri_GiftListAPI/api/user/login HTTP/1.1" 204 -
0:0:0:0:0:0:0:1 - - [06/Jan/2023:18:37:06 +0100] "GET /Veltri_GiftList/connection HTTP/1.1" 200 1462
127.0.0.1 - - [06/Jan/2023:18:37:06 +0100] "POST /Veltri_GiftListAPI/api/user/login HTTP/1.1" 204 -
0:0:0:0:0:0:0:1 - - [06/Jan/2023:18:37:06 +0100] "POST /Veltri_GiftList/authentication HTTP/1.1" 302 -
0:0:0:0:0:0:0:1 - - [06/Jan/2023:18:37:06 +0100] "GET /Veltri_GiftList/connection HTTP/1.1" 200 1462
127.0.0.1 - - [06/Jan/2023:18:38:46 +0100] "GET / HTTP/1.1" 404 681
0:0:0:0:0:0:0:1 - - [06/Jan/2023:18:39:15 +0100] "POST /Veltri_GiftList/authentication HTTP/1.1" 500 3520
0:0:0:0:0:0:0:1 - - [06/Jan/2023:18:39:21 +0100] "GET /Veltri_GiftList/connection HTTP/1.1" 500 3508
0:0:0:0:0:0:0:1 - - [06/Jan/2023:18:39:24 +0100] "GET /Veltri_GiftList/connection HTTP/1.1" 404 604
127.0.0.1 - - [06/Jan/2023:18:40:00 +0100] "GET / HTTP/1.1" 404 681
0:0:0:0:0:0:0:1 - - [06/Jan/2023:18:40:04 +0100] "GET /Veltri_GiftList/connection HTTP/1.1" 500 3508
127.0.0.1 - - [06/Jan/2023:18:40:36 +0100] "GET / HTTP/1.1" 404 681
0:0:0:0:0:0:0:1 - - [06/Jan/2023:18:40:36 +0100] "GET /Veltri_GiftList/connection HTTP/1.1" 500 3508
127.0.0.1 - - [06/Jan/2023:18:41:54 +0100] "GET / HTTP/1.1" 404 681
0:0:0:0:0:0:0:1 - - [06/Jan/2023:18:42:02 +0100] "GET /Veltri_GiftList/connection HTTP/1.1" 200 1366
127.0.0.1 - - [06/Jan/2023:18:42:25 +0100] "POST /Veltri_GiftListAPI/api/user/login HTTP/1.1" 200 1669
0:0:0:0:0:0:0:1 - - [06/Jan/2023:18:42:25 +0100] "POST /Veltri_GiftList/authentication HTTP/1.1" 302 -
127.0.0.1 - - [06/Jan/2023:18:42:25 +0100] "POST /Veltri_GiftListAPI/api/user/login HTTP/1.1" 200 1669
0:0:0:0:0:0:0:1 - - [06/Jan/2023:18:42:25 +0100] "GET /Veltri_GiftList/home HTTP/1.1" 200 2867
127.0.0.1 - - [06/Jan/2023:18:42:27 +0100] "GET /Veltri_GiftListAPI/api/giftList/findById?idGiftList=102 HTTP/1.1" 200 10831
0:0:0:0:0:0:0:1 - - [06/Jan/2023:18:42:27 +0100] "GET /Veltri_GiftList/getInfoListParticipant?orderId=102 HTTP/1.1" 302 -
0:0:0:0:0:0:0:1 - - [06/Jan/2023:18:42:27 +0100] "GET /Veltri_GiftList/infoListParticipant HTTP/1.1" 200 13134
0:0:0:0:0:0:0:1 - - [06/Jan/2023:18:42:28 +0100] "GET /Veltri_GiftList/IMG/reserve.png HTTP/1.1" 304 -
127.0.0.1 - - [06/Jan/2023:18:42:31 +0100] "GET /Veltri_GiftListAPI/api/gift/findById?idGift=142 HTTP/1.1" 200 9716
0:0:0:0:0:0:0:1 - - [06/Jan/2023:18:42:31 +0100] "GET /Veltri_GiftList/addReserve?idGift=142 HTTP/1.1" 200 2758
127.0.0.1 - - [06/Jan/2023:18:42:34 +0100] "POST /Veltri_GiftListAPI/api/reserve/create HTTP/1.1" 201 4
127.0.0.1 - - [06/Jan/2023:18:42:34 +0100] "POST /Veltri_GiftListAPI/api/gift/update HTTP/1.1" 202 4
0:0:0:0:0:0:0:1 - - [06/Jan/2023:18:42:34 +0100] "POST /Veltri_GiftList/verifAddReserve HTTP/1.1" 302 -
0:0:0:0:0:0:0:1 - - [06/Jan/2023:18:42:34 +0100] "GET /Veltri_GiftList/infoListParticipant HTTP/1.1" 200 13162
127.0.0.1 - - [06/Jan/2023:18:43:36 +0100] "GET / HTTP/1.1" 404 681
127.0.0.1 - - [06/Jan/2023:18:44:49 +0100] "POST /Veltri_GiftListAPI/api/user/login HTTP/1.1" 200 1669
0:0:0:0:0:0:0:1 - - [06/Jan/2023:18:44:50 +0100] "GET /Veltri_GiftList/home HTTP/1.1" 200 2867
127.0.0.1 - - [06/Jan/2023:18:44:56 +0100] "GET /Veltri_GiftListAPI/api/giftList/findById?idGiftList=102 HTTP/1.1" 200 10833
0:0:0:0:0:0:0:1 - - [06/Jan/2023:18:44:56 +0100] "GET /Veltri_GiftList/getInfoListParticipant?orderId=102 HTTP/1.1" 302 -
0:0:0:0:0:0:0:1 - - [06/Jan/2023:18:44:56 +0100] "GET /Veltri_GiftList/infoListParticipant HTTP/1.1" 200 13136
127.0.0.1 - - [06/Jan/2023:18:46:37 +0100] "POST /Veltri_GiftListAPI/api/user/login HTTP/1.1" 200 1669
0:0:0:0:0:0:0:1 - - [06/Jan/2023:18:46:37 +0100] "GET /Veltri_GiftList/home HTTP/1.1" 200 2867
127.0.0.1 - - [06/Jan/2023:18:46:40 +0100] "GET /Veltri_GiftListAPI/api/giftList/findById?idGiftList=102 HTTP/1.1" 200 10829
0:0:0:0:0:0:0:1 - - [06/Jan/2023:18:46:40 +0100] "GET /Veltri_GiftList/getInfoListParticipant?orderId=102 HTTP/1.1" 302 -
0:0:0:0:0:0:0:1 - - [06/Jan/2023:18:46:40 +0100] "GET /Veltri_GiftList/infoListParticipant HTTP/1.1" 200 13132
127.0.0.1 - - [06/Jan/2023:18:46:43 +0100] "GET /Veltri_GiftListAPI/api/gift/findById?idGift=142 HTTP/1.1" 200 9714
0:0:0:0:0:0:0:1 - - [06/Jan/2023:18:46:43 +0100] "GET /Veltri_GiftList/addReserve?idGift=142 HTTP/1.1" 200 2758
127.0.0.1 - - [06/Jan/2023:18:46:52 +0100] "POST /Veltri_GiftListAPI/api/reserve/create HTTP/1.1" 201 4
127.0.0.1 - - [06/Jan/2023:18:46:52 +0100] "POST /Veltri_GiftListAPI/api/gift/update HTTP/1.1" 202 4
0:0:0:0:0:0:0:1 - - [06/Jan/2023:18:47:00 +0100] "POST /Veltri_GiftList/verifAddReserve HTTP/1.1" 302 -
0:0:0:0:0:0:0:1 - - [06/Jan/2023:18:47:00 +0100] "GET /Veltri_GiftList/infoListParticipant HTTP/1.1" 200 13164
127.0.0.1 - - [06/Jan/2023:18:47:25 +0100] "GET /Veltri_GiftListAPI/api/reserve/allByUser?idUser=4 HTTP/1.1" 200 201
127.0.0.1 - - [06/Jan/2023:18:47:25 +0100] "GET /Veltri_GiftListAPI/api/giftList/findById?idGiftList=102 HTTP/1.1" 200 11032
0:0:0:0:0:0:0:1 - - [06/Jan/2023:18:47:25 +0100] "GET /Veltri_GiftList/myGifts HTTP/1.1" 500 1444
127.0.0.1 - - [06/Jan/2023:18:47:37 +0100] "POST /Veltri_GiftListAPI/api/user/login HTTP/1.1" 200 1669
0:0:0:0:0:0:0:1 - - [06/Jan/2023:18:47:37 +0100] "GET /Veltri_GiftList/home HTTP/1.1" 200 2867
127.0.0.1 - - [06/Jan/2023:18:47:38 +0100] "GET /Veltri_GiftListAPI/api/reserve/allByUser?idUser=4 HTTP/1.1" 200 201
127.0.0.1 - - [06/Jan/2023:18:47:38 +0100] "GET /Veltri_GiftListAPI/api/giftList/findById?idGiftList=102 HTTP/1.1" 200 11032
0:0:0:0:0:0:0:1 - - [06/Jan/2023:18:47:38 +0100] "GET /Veltri_GiftList/myGifts HTTP/1.1" 500 1444
127.0.0.1 - - [06/Jan/2023:18:49:01 +0100] "GET /Veltri_GiftListAPI/api/reserve/allByUser?idUser=4 HTTP/1.1" 200 201
127.0.0.1 - - [06/Jan/2023:18:49:02 +0100] "GET /Veltri_GiftListAPI/api/giftList/findById?idGiftList=102 HTTP/1.1" 200 11032
127.0.0.1 - - [06/Jan/2023:18:49:02 +0100] "GET /Veltri_GiftListAPI/api/gift/findById?idGift=142 HTTP/1.1" 200 9917
0:0:0:0:0:0:0:1 - - [06/Jan/2023:18:49:02 +0100] "GET /Veltri_GiftList/myGifts HTTP/1.1" 500 1444
0:0:0:0:0:0:0:1 - - [06/Jan/2023:18:49:22 +0100] "GET /Veltri_GiftList/connection HTTP/1.1" 200 1366
127.0.0.1 - - [06/Jan/2023:18:49:32 +0100] "POST /Veltri_GiftListAPI/api/user/login HTTP/1.1" 200 1669
0:0:0:0:0:0:0:1 - - [06/Jan/2023:18:49:33 +0100] "POST /Veltri_GiftList/authentication HTTP/1.1" 302 -
127.0.0.1 - - [06/Jan/2023:18:49:33 +0100] "POST /Veltri_GiftListAPI/api/user/login HTTP/1.1" 200 1669
0:0:0:0:0:0:0:1 - - [06/Jan/2023:18:49:33 +0100] "GET /Veltri_GiftList/home HTTP/1.1" 200 2867
127.0.0.1 - - [06/Jan/2023:18:49:35 +0100] "GET /Veltri_GiftListAPI/api/reserve/allByUser?idUser=4 HTTP/1.1" 200 201
127.0.0.1 - - [06/Jan/2023:18:49:35 +0100] "GET /Veltri_GiftListAPI/api/giftList/findById?idGiftList=102 HTTP/1.1" 200 11032
127.0.0.1 - - [06/Jan/2023:18:49:35 +0100] "GET /Veltri_GiftListAPI/api/gift/findById?idGift=142 HTTP/1.1" 200 9917
0:0:0:0:0:0:0:1 - - [06/Jan/2023:18:49:35 +0100] "GET /Veltri_GiftList/myGifts HTTP/1.1" 500 1444
127.0.0.1 - - [06/Jan/2023:18:49:46 +0100] "GET /Veltri_GiftListAPI/api/reserve/allByUser?idUser=4 HTTP/1.1" 200 201
127.0.0.1 - - [06/Jan/2023:18:49:46 +0100] "GET /Veltri_GiftListAPI/api/giftList/findById?idGiftList=102 HTTP/1.1" 200 11032
127.0.0.1 - - [06/Jan/2023:18:49:46 +0100] "GET /Veltri_GiftListAPI/api/gift/findById?idGift=142 HTTP/1.1" 200 9917
0:0:0:0:0:0:0:1 - - [06/Jan/2023:18:49:46 +0100] "GET /Veltri_GiftList/myGifts HTTP/1.1" 500 1444
127.0.0.1 - - [06/Jan/2023:18:49:53 +0100] "GET /Veltri_GiftListAPI/api/reserve/allByUser?idUser=4 HTTP/1.1" 200 201
127.0.0.1 - - [06/Jan/2023:18:49:53 +0100] "GET /Veltri_GiftListAPI/api/giftList/findById?idGiftList=102 HTTP/1.1" 200 11032
127.0.0.1 - - [06/Jan/2023:18:50:09 +0100] "GET /Veltri_GiftListAPI/api/gift/findById?idGift=142 HTTP/1.1" 200 9917
0:0:0:0:0:0:0:1 - - [06/Jan/2023:18:50:44 +0100] "GET /Veltri_GiftList/myGifts HTTP/1.1" 500 1461
0:0:0:0:0:0:0:1 - - [06/Jan/2023:18:50:52 +0100] "GET /Veltri_GiftList/myGifts HTTP/1.1" 500 1461
0:0:0:0:0:0:0:1 - - [06/Jan/2023:18:51:08 +0100] "GET /Veltri_GiftList/myGifts HTTP/1.1" 500 1461
0:0:0:0:0:0:0:1 - - [06/Jan/2023:18:51:39 +0100] "GET /Veltri_GiftList/myGifts HTTP/1.1" 500 1461
0:0:0:0:0:0:0:1 - - [06/Jan/2023:18:51:46 +0100] "GET /Veltri_GiftList/myGifts HTTP/1.1" 500 1461
0:0:0:0:0:0:0:1 - - [06/Jan/2023:18:51:59 +0100] "GET /Veltri_GiftList/home HTTP/1.1" 500 1330
0:0:0:0:0:0:0:1 - - [06/Jan/2023:18:52:02 +0100] "GET /Veltri_GiftList/connection HTTP/1.1" 200 1366
127.0.0.1 - - [06/Jan/2023:18:52:33 +0100] "GET / HTTP/1.1" 404 681
0:0:0:0:0:0:0:1 - - [06/Jan/2023:18:52:33 +0100] "GET /Veltri_GiftList/verifAddList HTTP/1.1" 500 1461
0:0:0:0:0:0:0:1 - - [06/Jan/2023:18:52:33 +0100] "GET /Veltri_GiftList/connection HTTP/1.1" 200 1366
0:0:0:0:0:0:0:1 - - [06/Jan/2023:18:52:33 +0100] "GET /favicon.ico HTTP/1.1" 404 692
127.0.0.1 - - [06/Jan/2023:18:52:50 +0100] "POST /Veltri_GiftListAPI/api/user/login HTTP/1.1" 200 1669
0:0:0:0:0:0:0:1 - - [06/Jan/2023:18:52:50 +0100] "POST /Veltri_GiftList/authentication HTTP/1.1" 302 -
127.0.0.1 - - [06/Jan/2023:18:52:50 +0100] "POST /Veltri_GiftListAPI/api/user/login HTTP/1.1" 200 1669
0:0:0:0:0:0:0:1 - - [06/Jan/2023:18:52:50 +0100] "GET /Veltri_GiftList/home HTTP/1.1" 200 2867
127.0.0.1 - - [06/Jan/2023:18:52:53 +0100] "GET /Veltri_GiftListAPI/api/giftList/findById?idGiftList=102 HTTP/1.1" 200 11032
0:0:0:0:0:0:0:1 - - [06/Jan/2023:18:52:53 +0100] "GET /Veltri_GiftList/getInfoListParticipant?orderId=102 HTTP/1.1" 302 -
0:0:0:0:0:0:0:1 - - [06/Jan/2023:18:52:53 +0100] "GET /Veltri_GiftList/infoListParticipant HTTP/1.1" 200 13164
127.0.0.1 - - [06/Jan/2023:18:52:59 +0100] "GET /Veltri_GiftListAPI/api/giftList/findById?idGiftList=50 HTTP/1.1" 200 833
0:0:0:0:0:0:0:1 - - [06/Jan/2023:18:52:59 +0100] "GET /Veltri_GiftList/getInfoListParticipant?orderId=50 HTTP/1.1" 302 -
0:0:0:0:0:0:0:1 - - [06/Jan/2023:18:52:59 +0100] "GET /Veltri_GiftList/infoListParticipant HTTP/1.1" 200 2436
127.0.0.1 - - [06/Jan/2023:18:53:01 +0100] "GET /Veltri_GiftListAPI/api/reserve/allByUser?idUser=4 HTTP/1.1" 200 201
127.0.0.1 - - [06/Jan/2023:18:55:45 +0100] "GET /Veltri_GiftListAPI/api/giftList/findById?idGiftList=102 HTTP/1.1" 200 11032
127.0.0.1 - - [06/Jan/2023:18:55:45 +0100] "GET /Veltri_GiftListAPI/api/gift/findById?idGift=142 HTTP/1.1" 200 9917
0:0:0:0:0:0:0:1 - - [06/Jan/2023:18:55:45 +0100] "GET /Veltri_GiftList/myGifts HTTP/1.1" 500 1444
127.0.0.1 - - [06/Jan/2023:18:55:50 +0100] "GET /Veltri_GiftListAPI/api/reserve/allByUser?idUser=4 HTTP/1.1" 200 201
127.0.0.1 - - [06/Jan/2023:18:56:06 +0100] "GET /Veltri_GiftListAPI/api/giftList/findById?idGiftList=102 HTTP/1.1" 200 11032
127.0.0.1 - - [06/Jan/2023:18:56:06 +0100] "GET /Veltri_GiftListAPI/api/gift/findById?idGift=142 HTTP/1.1" 200 9917
127.0.0.1 - - [06/Jan/2023:19:05:21 +0100] "GET / HTTP/1.1" 404 681
0:0:0:0:0:0:0:1 - - [06/Jan/2023:19:05:33 +0100] "GET /Veltri_GiftList/connection HTTP/1.1" 200 1366
0:0:0:0:0:0:0:1 - - [06/Jan/2023:19:05:33 +0100] "GET /Veltri_GiftList/connection HTTP/1.1" 200 1366
127.0.0.1 - - [06/Jan/2023:19:05:41 +0100] "POST /Veltri_GiftListAPI/api/user/login HTTP/1.1" 200 1669
0:0:0:0:0:0:0:1 - - [06/Jan/2023:19:05:42 +0100] "POST /Veltri_GiftList/authentication HTTP/1.1" 302 -
127.0.0.1 - - [06/Jan/2023:19:05:42 +0100] "POST /Veltri_GiftListAPI/api/user/login HTTP/1.1" 200 1669
0:0:0:0:0:0:0:1 - - [06/Jan/2023:19:05:42 +0100] "GET /Veltri_GiftList/home HTTP/1.1" 200 2867
127.0.0.1 - - [06/Jan/2023:19:05:52 +0100] "GET /Veltri_GiftListAPI/api/reserve/allByUser?idUser=4 HTTP/1.1" 200 202
127.0.0.1 - - [06/Jan/2023:19:05:52 +0100] "GET /Veltri_GiftListAPI/api/giftList/findById?idGiftList=102 HTTP/1.1" 500 4350
0:0:0:0:0:0:0:1 - - [06/Jan/2023:19:05:52 +0100] "GET /Veltri_GiftList/myGifts HTTP/1.1" 500 1344
127.0.0.1 - - [06/Jan/2023:19:06:22 +0100] "GET /Veltri_GiftListAPI/api/reserve/allByUser?idUser=4 HTTP/1.1" 200 202
127.0.0.1 - - [06/Jan/2023:19:06:23 +0100] "GET /Veltri_GiftListAPI/api/giftList/findById?idGiftList=102 HTTP/1.1" 500 4350
0:0:0:0:0:0:0:1 - - [06/Jan/2023:19:06:23 +0100] "GET /Veltri_GiftList/myGifts HTTP/1.1" 500 1344
127.0.0.1 - - [06/Jan/2023:19:07:00 +0100] "GET /Veltri_GiftListAPI/api/reserve/allByUser?idUser=4 HTTP/1.1" 200 202
127.0.0.1 - - [06/Jan/2023:19:07:19 +0100] "GET /Veltri_GiftListAPI/api/giftList/findById?idGiftList=102 HTTP/1.1" 500 4350
0:0:0:0:0:0:0:1 - - [06/Jan/2023:19:07:19 +0100] "GET /Veltri_GiftList/myGifts HTTP/1.1" 500 1344
127.0.0.1 - - [06/Jan/2023:19:07:35 +0100] "GET /Veltri_GiftListAPI/api/reserve/allByUser?idUser=4 HTTP/1.1" 200 202
127.0.0.1 - - [06/Jan/2023:19:07:35 +0100] "GET /Veltri_GiftListAPI/api/giftList/findById?idGiftList=102 HTTP/1.1" 500 4350
0:0:0:0:0:0:0:1 - - [06/Jan/2023:19:07:35 +0100] "GET /Veltri_GiftList/myGifts HTTP/1.1" 500 1344
127.0.0.1 - - [06/Jan/2023:19:07:54 +0100] "GET /Veltri_GiftListAPI/api/reserve/allByUser?idUser=4 HTTP/1.1" 200 202
127.0.0.1 - - [06/Jan/2023:19:07:54 +0100] "GET /Veltri_GiftListAPI/api/giftList/findById?idGiftList=102 HTTP/1.1" 500 4350
127.0.0.1 - - [06/Jan/2023:19:08:45 +0100] "GET / HTTP/1.1" 404 681
0:0:0:0:0:0:0:1 - - [06/Jan/2023:19:08:47 +0100] "GET /Veltri_GiftList/myGifts HTTP/1.1" 500 1461
127.0.0.1 - - [06/Jan/2023:19:08:50 +0100] "GET /Veltri_GiftList/connection HTTP/1.1" 200 1366
127.0.0.1 - - [06/Jan/2023:19:08:59 +0100] "POST /Veltri_GiftListAPI/api/user/login HTTP/1.1" 200 1669
127.0.0.1 - - [06/Jan/2023:19:09:00 +0100] "POST /Veltri_GiftList/authentication HTTP/1.1" 302 -
127.0.0.1 - - [06/Jan/2023:19:09:00 +0100] "POST /Veltri_GiftListAPI/api/user/login HTTP/1.1" 200 1669
127.0.0.1 - - [06/Jan/2023:19:09:00 +0100] "GET /Veltri_GiftList/home HTTP/1.1" 200 2867
127.0.0.1 - - [06/Jan/2023:19:09:02 +0100] "GET /Veltri_GiftListAPI/api/giftList/findById?idGiftList=102 HTTP/1.1" 500 4350
127.0.0.1 - - [06/Jan/2023:19:09:02 +0100] "GET /Veltri_GiftList/getInfoListParticipant?orderId=102 HTTP/1.1" 302 -
127.0.0.1 - - [06/Jan/2023:19:09:03 +0100] "POST /Veltri_GiftListAPI/api/user/login HTTP/1.1" 200 1669
127.0.0.1 - - [06/Jan/2023:19:09:03 +0100] "GET /Veltri_GiftList/home HTTP/1.1" 200 2867
127.0.0.1 - - [06/Jan/2023:19:09:06 +0100] "GET /Veltri_GiftListAPI/api/giftList/findById?idGiftList=102 HTTP/1.1" 500 4350
127.0.0.1 - - [06/Jan/2023:19:09:06 +0100] "GET /Veltri_GiftList/getInfoListParticipant?orderId=102 HTTP/1.1" 302 -
127.0.0.1 - - [06/Jan/2023:19:09:07 +0100] "POST /Veltri_GiftListAPI/api/user/login HTTP/1.1" 200 1669
127.0.0.1 - - [06/Jan/2023:19:09:07 +0100] "GET /Veltri_GiftList/home HTTP/1.1" 200 2867
127.0.0.1 - - [06/Jan/2023:19:09:07 +0100] "GET /Veltri_GiftListAPI/api/giftList/findById?idGiftList=102 HTTP/1.1" 500 4350
127.0.0.1 - - [06/Jan/2023:19:09:07 +0100] "GET /Veltri_GiftList/getInfoListParticipant?orderId=102 HTTP/1.1" 302 -
127.0.0.1 - - [06/Jan/2023:19:09:07 +0100] "POST /Veltri_GiftListAPI/api/user/login HTTP/1.1" 200 1669
127.0.0.1 - - [06/Jan/2023:19:09:07 +0100] "GET /Veltri_GiftList/home HTTP/1.1" 200 2867
127.0.0.1 - - [06/Jan/2023:19:09:12 +0100] "GET /Veltri_GiftListAPI/api/giftList/findById?idGiftList=102 HTTP/1.1" 500 4350
127.0.0.1 - - [06/Jan/2023:19:09:12 +0100] "GET /Veltri_GiftList/getInfoListParticipant?orderId=102 HTTP/1.1" 302 -
127.0.0.1 - - [06/Jan/2023:19:09:12 +0100] "GET /Veltri_GiftListAPI/api/giftList/findById?idGiftList=102 HTTP/1.1" 500 4350
0:0:0:0:0:0:0:1 - - [06/Jan/2023:19:09:12 +0100] "GET /Veltri_GiftList/getInfoListParticipant?orderId=102 HTTP/1.1" 302 -
127.0.0.1 - - [06/Jan/2023:19:09:12 +0100] "POST /Veltri_GiftListAPI/api/user/login HTTP/1.1" 200 1669
0:0:0:0:0:0:0:1 - - [06/Jan/2023:19:09:12 +0100] "GET /Veltri_GiftList/home HTTP/1.1" 200 2867
127.0.0.1 - - [06/Jan/2023:19:09:14 +0100] "GET /Veltri_GiftListAPI/api/giftList/findById?idGiftList=50 HTTP/1.1" 200 833
0:0:0:0:0:0:0:1 - - [06/Jan/2023:19:09:14 +0100] "GET /Veltri_GiftList/getInfoListParticipant?orderId=50 HTTP/1.1" 302 -
127.0.0.1 - - [06/Jan/2023:19:09:14 +0100] "GET /Veltri_GiftListAPI/api/giftList/findById?idGiftList=50 HTTP/1.1" 200 833
0:0:0:0:0:0:0:1 - - [06/Jan/2023:19:09:14 +0100] "GET /Veltri_GiftList/getInfoListParticipant?orderId=50 HTTP/1.1" 302 -
0:0:0:0:0:0:0:1 - - [06/Jan/2023:19:09:14 +0100] "GET /Veltri_GiftList/infoListParticipant HTTP/1.1" 200 2436
127.0.0.1 - - [06/Jan/2023:19:09:18 +0100] "GET /Veltri_GiftListAPI/api/giftList/findById?idGiftList=102 HTTP/1.1" 500 4350
0:0:0:0:0:0:0:1 - - [06/Jan/2023:19:09:18 +0100] "GET /Veltri_GiftList/getInfoListParticipant?orderId=102 HTTP/1.1" 302 -
127.0.0.1 - - [06/Jan/2023:19:09:18 +0100] "GET /Veltri_GiftListAPI/api/giftList/findById?idGiftList=102 HTTP/1.1" 500 4350
0:0:0:0:0:0:0:1 - - [06/Jan/2023:19:09:18 +0100] "GET /Veltri_GiftList/getInfoListParticipant?orderId=102 HTTP/1.1" 302 -
127.0.0.1 - - [06/Jan/2023:19:09:19 +0100] "POST /Veltri_GiftListAPI/api/user/login HTTP/1.1" 200 1669
0:0:0:0:0:0:0:1 - - [06/Jan/2023:19:09:19 +0100] "GET /Veltri_GiftList/home HTTP/1.1" 200 2867
127.0.0.1 - - [06/Jan/2023:19:09:27 +0100] "GET /Veltri_GiftListAPI/api/giftList/findById?idGiftList=102 HTTP/1.1" 500 4350
0:0:0:0:0:0:0:1 - - [06/Jan/2023:19:09:27 +0100] "GET /Veltri_GiftList/getInfoListParticipant?orderId=102 HTTP/1.1" 302 -
127.0.0.1 - - [06/Jan/2023:19:09:27 +0100] "GET /Veltri_GiftListAPI/api/giftList/findById?idGiftList=102 HTTP/1.1" 500 4350
0:0:0:0:0:0:0:1 - - [06/Jan/2023:19:09:27 +0100] "GET /Veltri_GiftList/getInfoListParticipant?orderId=102 HTTP/1.1" 302 -
127.0.0.1 - - [06/Jan/2023:19:09:28 +0100] "POST /Veltri_GiftListAPI/api/user/login HTTP/1.1" 200 1669
0:0:0:0:0:0:0:1 - - [06/Jan/2023:19:09:28 +0100] "GET /Veltri_GiftList/home HTTP/1.1" 200 2867
127.0.0.1 - - [06/Jan/2023:19:09:34 +0100] "GET /Veltri_GiftListAPI/api/reserve/allByUser?idUser=4 HTTP/1.1" 200 202
127.0.0.1 - - [06/Jan/2023:19:09:34 +0100] "GET /Veltri_GiftListAPI/api/giftList/findById?idGiftList=102 HTTP/1.1" 500 4350
127.0.0.1 - - [06/Jan/2023:19:09:35 +0100] "GET /Veltri_GiftListAPI/api/reserve/allByUser?idUser=4 HTTP/1.1" 200 202
127.0.0.1 - - [06/Jan/2023:19:09:35 +0100] "GET /Veltri_GiftListAPI/api/giftList/findById?idGiftList=102 HTTP/1.1" 500 4350
0:0:0:0:0:0:0:1 - - [06/Jan/2023:19:09:39 +0100] "GET /Veltri_GiftList/myGifts HTTP/1.1" 500 1344
0:0:0:0:0:0:0:1 - - [06/Jan/2023:19:09:41 +0100] "GET /Veltri_GiftList/myGifts HTTP/1.1" 500 1344
127.0.0.1 - - [06/Jan/2023:19:09:48 +0100] "POST /Veltri_GiftListAPI/api/user/login HTTP/1.1" 200 1669
0:0:0:0:0:0:0:1 - - [06/Jan/2023:19:09:48 +0100] "GET /Veltri_GiftList/home HTTP/1.1" 200 2867
127.0.0.1 - - [06/Jan/2023:19:09:51 +0100] "GET /Veltri_GiftListAPI/api/giftList/findById?idGiftList=102 HTTP/1.1" 500 4350
0:0:0:0:0:0:0:1 - - [06/Jan/2023:19:09:51 +0100] "GET /Veltri_GiftList/getInfoListParticipant?orderId=102 HTTP/1.1" 302 -
127.0.0.1 - - [06/Jan/2023:19:09:51 +0100] "POST /Veltri_GiftListAPI/api/user/login HTTP/1.1" 200 1669
0:0:0:0:0:0:0:1 - - [06/Jan/2023:19:09:51 +0100] "GET /Veltri_GiftList/home HTTP/1.1" 200 2867
127.0.0.1 - - [06/Jan/2023:19:09:52 +0100] "GET /Veltri_GiftListAPI/api/giftList/findById?idGiftList=102 HTTP/1.1" 500 4350
0:0:0:0:0:0:0:1 - - [06/Jan/2023:19:09:52 +0100] "GET /Veltri_GiftList/getInfoListParticipant?orderId=102 HTTP/1.1" 302 -
127.0.0.1 - - [06/Jan/2023:19:09:52 +0100] "POST /Veltri_GiftListAPI/api/user/login HTTP/1.1" 200 1669
0:0:0:0:0:0:0:1 - - [06/Jan/2023:19:09:52 +0100] "GET /Veltri_GiftList/home HTTP/1.1" 200 2867
127.0.0.1 - - [06/Jan/2023:19:09:53 +0100] "GET /Veltri_GiftListAPI/api/giftList/findById?idGiftList=102 HTTP/1.1" 500 4350
0:0:0:0:0:0:0:1 - - [06/Jan/2023:19:09:53 +0100] "GET /Veltri_GiftList/getInfoListParticipant?orderId=102 HTTP/1.1" 302 -
127.0.0.1 - - [06/Jan/2023:19:09:53 +0100] "POST /Veltri_GiftListAPI/api/user/login HTTP/1.1" 200 1669
0:0:0:0:0:0:0:1 - - [06/Jan/2023:19:09:53 +0100] "GET /Veltri_GiftList/home HTTP/1.1" 200 2867
127.0.0.1 - - [06/Jan/2023:19:09:54 +0100] "GET /Veltri_GiftListAPI/api/giftList/findById?idGiftList=102 HTTP/1.1" 503 673
0:0:0:0:0:0:0:1 - - [06/Jan/2023:19:09:54 +0100] "GET /Veltri_GiftList/getInfoListParticipant?orderId=102 HTTP/1.1" 302 -
127.0.0.1 - - [06/Jan/2023:19:09:54 +0100] "POST /Veltri_GiftListAPI/api/user/login HTTP/1.1" 204 -
0:0:0:0:0:0:0:1 - - [06/Jan/2023:19:09:54 +0100] "GET /Veltri_GiftList/home HTTP/1.1" 500 1342
0:0:0:0:0:0:0:1 - - [06/Jan/2023:19:10:05 +0100] "GET /Veltri_GiftList/connection HTTP/1.1" 200 1366
127.0.0.1 - - [06/Jan/2023:19:10:29 +0100] "POST /Veltri_GiftListAPI/api/user/login HTTP/1.1" 204 -
0:0:0:0:0:0:0:1 - - [06/Jan/2023:19:10:29 +0100] "POST /Veltri_GiftList/authentication HTTP/1.1" 302 -
0:0:0:0:0:0:0:1 - - [06/Jan/2023:19:10:29 +0100] "GET /Veltri_GiftList/connection HTTP/1.1" 200 1462
127.0.0.1 - - [06/Jan/2023:19:10:33 +0100] "POST /Veltri_GiftListAPI/api/user/login HTTP/1.1" 204 -
0:0:0:0:0:0:0:1 - - [06/Jan/2023:19:10:33 +0100] "POST /Veltri_GiftList/authentication HTTP/1.1" 302 -
0:0:0:0:0:0:0:1 - - [06/Jan/2023:19:10:33 +0100] "GET /Veltri_GiftList/connection HTTP/1.1" 200 1462
127.0.0.1 - - [06/Jan/2023:19:11:11 +0100] "GET / HTTP/1.1" 404 681
0:0:0:0:0:0:0:1 - - [06/Jan/2023:19:11:20 +0100] "GET /Veltri_GiftList/verifAddGift HTTP/1.1" 500 3351
0:0:0:0:0:0:0:1 - - [06/Jan/2023:19:11:20 +0100] "GET /favicon.ico HTTP/1.1" 404 692
0:0:0:0:0:0:0:1 - - [06/Jan/2023:19:11:23 +0100] "GET /Veltri_GiftList/connection HTTP/1.1" 200 1366
127.0.0.1 - - [06/Jan/2023:19:11:32 +0100] "POST /Veltri_GiftListAPI/api/user/login HTTP/1.1" 200 1669
0:0:0:0:0:0:0:1 - - [06/Jan/2023:19:11:32 +0100] "POST /Veltri_GiftList/authentication HTTP/1.1" 302 -
127.0.0.1 - - [06/Jan/2023:19:11:33 +0100] "POST /Veltri_GiftListAPI/api/user/login HTTP/1.1" 200 1669
0:0:0:0:0:0:0:1 - - [06/Jan/2023:19:11:33 +0100] "GET /Veltri_GiftList/home HTTP/1.1" 200 2867
127.0.0.1 - - [06/Jan/2023:19:11:35 +0100] "GET /Veltri_GiftListAPI/api/giftList/findById?idGiftList=102 HTTP/1.1" 500 4350
0:0:0:0:0:0:0:1 - - [06/Jan/2023:19:11:35 +0100] "GET /Veltri_GiftList/getInfoListParticipant?orderId=102 HTTP/1.1" 302 -
127.0.0.1 - - [06/Jan/2023:19:11:36 +0100] "POST /Veltri_GiftListAPI/api/user/login HTTP/1.1" 200 1669
0:0:0:0:0:0:0:1 - - [06/Jan/2023:19:11:36 +0100] "GET /Veltri_GiftList/home HTTP/1.1" 200 2867
127.0.0.1 - - [06/Jan/2023:19:11:38 +0100] "GET /Veltri_GiftListAPI/api/giftList/findById?idGiftList=50 HTTP/1.1" 200 833
0:0:0:0:0:0:0:1 - - [06/Jan/2023:19:11:38 +0100] "GET /Veltri_GiftList/getInfoListParticipant?orderId=50 HTTP/1.1" 302 -
0:0:0:0:0:0:0:1 - - [06/Jan/2023:19:11:38 +0100] "GET /Veltri_GiftList/infoListParticipant HTTP/1.1" 200 2436
127.0.0.1 - - [06/Jan/2023:19:11:45 +0100] "GET /Veltri_GiftListAPI/api/giftList/findById?idGiftList=102 HTTP/1.1" 500 4350
0:0:0:0:0:0:0:1 - - [06/Jan/2023:19:11:45 +0100] "GET /Veltri_GiftList/getInfoListParticipant?orderId=102 HTTP/1.1" 302 -
127.0.0.1 - - [06/Jan/2023:19:11:45 +0100] "POST /Veltri_GiftListAPI/api/user/login HTTP/1.1" 200 1669
0:0:0:0:0:0:0:1 - - [06/Jan/2023:19:11:45 +0100] "GET /Veltri_GiftList/home HTTP/1.1" 200 2867
127.0.0.1 - - [06/Jan/2023:19:12:14 +0100] "GET /Veltri_GiftListAPI/api/giftList/findById?idGiftList=102 HTTP/1.1" 500 4350
0:0:0:0:0:0:0:1 - - [06/Jan/2023:19:12:14 +0100] "GET /Veltri_GiftList/getInfoListParticipant?orderId=102 HTTP/1.1" 302 -
127.0.0.1 - - [06/Jan/2023:19:12:15 +0100] "POST /Veltri_GiftListAPI/api/user/login HTTP/1.1" 200 1669
0:0:0:0:0:0:0:1 - - [06/Jan/2023:19:12:15 +0100] "GET /Veltri_GiftList/home HTTP/1.1" 200 2867
127.0.0.1 - - [06/Jan/2023:19:12:55 +0100] "GET /Veltri_GiftListAPI/api/giftList/findById?idGiftList=102 HTTP/1.1" 500 4350
127.0.0.1 - - [06/Jan/2023:19:12:55 +0100] "GET /Veltri_GiftListAPI/api/giftList/findById?idGiftList=102 HTTP/1.1" 500 4350
0:0:0:0:0:0:0:1 - - [06/Jan/2023:19:14:52 +0100] "GET /Veltri_GiftList/getInfoListParticipant?orderId=102 HTTP/1.1" 302 -
127.0.0.1 - - [06/Jan/2023:19:14:55 +0100] "GET /Veltri_GiftListAPI/api/giftList/findById?idGiftList=102 HTTP/1.1" 500 4350
0:0:0:0:0:0:0:1 - - [06/Jan/2023:19:14:58 +0100] "GET /Veltri_GiftList/getInfoListParticipant?orderId=102 HTTP/1.1" 302 -
0:0:0:0:0:0:0:1 - - [06/Jan/2023:19:15:00 +0100] "GET /Veltri_GiftList/getInfoListParticipant?orderId=102 HTTP/1.1" 302 -
127.0.0.1 - - [06/Jan/2023:19:15:00 +0100] "POST /Veltri_GiftListAPI/api/user/login HTTP/1.1" 200 1669
0:0:0:0:0:0:0:1 - - [06/Jan/2023:19:15:00 +0100] "GET /Veltri_GiftList/home HTTP/1.1" 200 2867
127.0.0.1 - - [06/Jan/2023:19:15:08 +0100] "GET /Veltri_GiftListAPI/api/giftList/findById?idGiftList=102 HTTP/1.1" 500 4350
0:0:0:0:0:0:0:1 - - [06/Jan/2023:19:15:08 +0100] "GET /Veltri_GiftList/getInfoListParticipant?orderId=102 HTTP/1.1" 302 -
127.0.0.1 - - [06/Jan/2023:19:15:08 +0100] "POST /Veltri_GiftListAPI/api/user/login HTTP/1.1" 200 1669
0:0:0:0:0:0:0:1 - - [06/Jan/2023:19:15:08 +0100] "GET /Veltri_GiftList/home HTTP/1.1" 200 2867
127.0.0.1 - - [06/Jan/2023:19:15:41 +0100] "GET /Veltri_GiftListAPI/api/giftList/findById?idGiftList=102 HTTP/1.1" 500 4350
0:0:0:0:0:0:0:1 - - [06/Jan/2023:19:15:41 +0100] "GET /Veltri_GiftList/getInfoListParticipant?orderId=102 HTTP/1.1" 302 -
127.0.0.1 - - [06/Jan/2023:19:15:48 +0100] "GET /Veltri_GiftListAPI/api/giftList/findById?idGiftList=102 HTTP/1.1" 500 4350
0:0:0:0:0:0:0:1 - - [06/Jan/2023:19:15:48 +0100] "GET /Veltri_GiftList/getInfoListParticipant?orderId=102 HTTP/1.1" 302 -
127.0.0.1 - - [06/Jan/2023:19:15:48 +0100] "POST /Veltri_GiftListAPI/api/user/login HTTP/1.1" 200 1669
0:0:0:0:0:0:0:1 - - [06/Jan/2023:19:15:48 +0100] "GET /Veltri_GiftList/home HTTP/1.1" 200 2867
127.0.0.1 - - [06/Jan/2023:19:17:52 +0100] "GET /Veltri_GiftListAPI/api/giftList/findById?idGiftList=102 HTTP/1.1" 500 5213
0:0:0:0:0:0:0:1 - - [06/Jan/2023:19:17:52 +0100] "GET /Veltri_GiftList/getInfoListParticipant?orderId=102 HTTP/1.1" 302 -
127.0.0.1 - - [06/Jan/2023:19:17:53 +0100] "GET /Veltri_GiftListAPI/api/giftList/findById?idGiftList=102 HTTP/1.1" 200 11034
0:0:0:0:0:0:0:1 - - [06/Jan/2023:19:17:53 +0100] "GET /Veltri_GiftList/getInfoListParticipant?orderId=102 HTTP/1.1" 302 -
0:0:0:0:0:0:0:1 - - [06/Jan/2023:19:17:53 +0100] "GET /Veltri_GiftList/infoListParticipant HTTP/1.1" 200 13164
127.0.0.1 - - [06/Jan/2023:19:17:59 +0100] "POST /Veltri_GiftListAPI/api/user/login HTTP/1.1" 200 1669
0:0:0:0:0:0:0:1 - - [06/Jan/2023:19:17:59 +0100] "GET /Veltri_GiftList/home HTTP/1.1" 200 2867
127.0.0.1 - - [06/Jan/2023:19:18:00 +0100] "GET /Veltri_GiftListAPI/api/giftList/findById?idGiftList=102 HTTP/1.1" 200 11034
0:0:0:0:0:0:0:1 - - [06/Jan/2023:19:18:00 +0100] "GET /Veltri_GiftList/getInfoListParticipant?orderId=102 HTTP/1.1" 302 -
0:0:0:0:0:0:0:1 - - [06/Jan/2023:19:18:00 +0100] "GET /Veltri_GiftList/infoListParticipant HTTP/1.1" 200 13164
127.0.0.1 - - [06/Jan/2023:19:18:03 +0100] "GET /Veltri_GiftListAPI/api/reserve/allByUser?idUser=4 HTTP/1.1" 200 202
127.0.0.1 - - [06/Jan/2023:19:18:03 +0100] "GET /Veltri_GiftListAPI/api/giftList/findById?idGiftList=102 HTTP/1.1" 200 11034
127.0.0.1 - - [06/Jan/2023:19:18:03 +0100] "GET /Veltri_GiftListAPI/api/gift/findById?idGift=142 HTTP/1.1" 200 9918
127.0.0.1 - - [06/Jan/2023:19:18:11 +0100] "GET /Veltri_GiftListAPI/api/gift/findById?idGift=143 HTTP/1.1" 200 443
127.0.0.1 - - [06/Jan/2023:19:18:11 +0100] "GET /Veltri_GiftListAPI/api/giftList/findById?idGiftList=50 HTTP/1.1" 200 833
0:0:0:0:0:0:0:1 - - [06/Jan/2023:19:18:22 +0100] "GET /Veltri_GiftList/myGifts HTTP/1.1" 200 2241
127.0.0.1 - - [06/Jan/2023:19:34:38 +0100] "GET / HTTP/1.1" 404 681
0:0:0:0:0:0:0:1 - - [06/Jan/2023:19:34:40 +0100] "GET /Veltri_GiftList/connection HTTP/1.1" 200 1366
127.0.0.1 - - [06/Jan/2023:19:34:50 +0100] "POST /Veltri_GiftListAPI/api/user/login HTTP/1.1" 200 1669
0:0:0:0:0:0:0:1 - - [06/Jan/2023:19:34:50 +0100] "POST /Veltri_GiftList/authentication HTTP/1.1" 302 -
127.0.0.1 - - [06/Jan/2023:19:34:51 +0100] "POST /Veltri_GiftListAPI/api/user/login HTTP/1.1" 200 1669
0:0:0:0:0:0:0:1 - - [06/Jan/2023:19:34:51 +0100] "GET /Veltri_GiftList/home HTTP/1.1" 200 2867
127.0.0.1 - - [06/Jan/2023:19:34:53 +0100] "GET /Veltri_GiftListAPI/api/giftList/findById?idGiftList=102 HTTP/1.1" 200 11034
0:0:0:0:0:0:0:1 - - [06/Jan/2023:19:34:53 +0100] "GET /Veltri_GiftList/getInfoListParticipant?orderId=102 HTTP/1.1" 302 -
0:0:0:0:0:0:0:1 - - [06/Jan/2023:19:34:53 +0100] "GET /Veltri_GiftList/infoListParticipant HTTP/1.1" 200 13164
0:0:0:0:0:0:0:1 - - [06/Jan/2023:19:34:53 +0100] "GET /Veltri_GiftList/IMG/reserve.png HTTP/1.1" 304 -
127.0.0.1 - - [06/Jan/2023:19:35:02 +0100] "GET /Veltri_GiftListAPI/api/gift/findById?idGift=143 HTTP/1.1" 200 443
0:0:0:0:0:0:0:1 - - [06/Jan/2023:19:35:02 +0100] "GET /Veltri_GiftList/addReserve?idGift=143 HTTP/1.1" 200 2594
127.0.0.1 - - [06/Jan/2023:19:35:04 +0100] "POST /Veltri_GiftListAPI/api/reserve/create HTTP/1.1" 201 4
127.0.0.1 - - [06/Jan/2023:19:35:04 +0100] "POST /Veltri_GiftListAPI/api/gift/update HTTP/1.1" 202 4
0:0:0:0:0:0:0:1 - - [06/Jan/2023:19:35:04 +0100] "POST /Veltri_GiftList/verifAddReserve HTTP/1.1" 302 -
0:0:0:0:0:0:0:1 - - [06/Jan/2023:19:35:04 +0100] "GET /Veltri_GiftList/infoListParticipant HTTP/1.1" 200 13195
127.0.0.1 - - [06/Jan/2023:19:35:07 +0100] "GET /Veltri_GiftListAPI/api/gift/findById?idGift=143 HTTP/1.1" 200 647
0:0:0:0:0:0:0:1 - - [06/Jan/2023:19:35:07 +0100] "GET /Veltri_GiftList/addReserve?idGift=143 HTTP/1.1" 200 13265
127.0.0.1 - - [06/Jan/2023:19:35:11 +0100] "GET /Veltri_GiftListAPI/api/reserve/allByUser?idUser=4 HTTP/1.1" 200 404
127.0.0.1 - - [06/Jan/2023:19:35:11 +0100] "GET /Veltri_GiftListAPI/api/giftList/findById?idGiftList=102 HTTP/1.1" 200 11238
127.0.0.1 - - [06/Jan/2023:19:35:12 +0100] "GET /Veltri_GiftListAPI/api/gift/findById?idGift=142 HTTP/1.1" 200 9918
127.0.0.1 - - [06/Jan/2023:19:35:12 +0100] "GET /Veltri_GiftListAPI/api/gift/findById?idGift=143 HTTP/1.1" 200 647
127.0.0.1 - - [06/Jan/2023:19:35:12 +0100] "GET /Veltri_GiftListAPI/api/giftList/findById?idGiftList=50 HTTP/1.1" 200 833
0:0:0:0:0:0:0:1 - - [06/Jan/2023:19:35:14 +0100] "GET /Veltri_GiftList/myGifts HTTP/1.1" 200 2785
0:0:0:0:0:0:0:1 - - [06/Jan/2023:19:35:14 +0100] "GET /Veltri_GiftList/IMG/delete.png HTTP/1.1" 304 -
0:0:0:0:0:0:0:1 - - [06/Jan/2023:19:35:18 +0100] "GET /Veltri_GiftList/myGift?idReserve=67 HTTP/1.1" 404 707
127.0.0.1 - - [06/Jan/2023:19:35:52 +0100] "GET /Veltri_GiftListAPI/api/reserve/allByUser?idUser=4 HTTP/1.1" 200 404
127.0.0.1 - - [06/Jan/2023:19:35:52 +0100] "GET /Veltri_GiftListAPI/api/giftList/findById?idGiftList=102 HTTP/1.1" 200 11238
127.0.0.1 - - [06/Jan/2023:19:35:53 +0100] "GET /Veltri_GiftListAPI/api/gift/findById?idGift=142 HTTP/1.1" 200 9918
127.0.0.1 - - [06/Jan/2023:19:35:53 +0100] "GET /Veltri_GiftListAPI/api/gift/findById?idGift=143 HTTP/1.1" 200 647
127.0.0.1 - - [06/Jan/2023:19:35:53 +0100] "GET /Veltri_GiftListAPI/api/giftList/findById?idGiftList=50 HTTP/1.1" 200 833
0:0:0:0:0:0:0:1 - - [06/Jan/2023:19:35:53 +0100] "GET /Veltri_GiftList/myGifts HTTP/1.1" 200 2787
127.0.0.1 - - [06/Jan/2023:19:35:56 +0100] "GET /Veltri_GiftListAPI/api/reserve/allByUser?idUser=4 HTTP/1.1" 200 404
127.0.0.1 - - [06/Jan/2023:19:35:56 +0100] "DELETE /Veltri_GiftListAPI/api/reserve/delete?idReserve=67 HTTP/1.1" 204 -
127.0.0.1 - - [06/Jan/2023:19:35:56 +0100] "GET /Veltri_GiftListAPI/api/giftList/findById?idGiftList=102 HTTP/1.1" 200 11036
