127.0.0.1 - - [02/Jan/2023:11:34:39 +0100] "GET / HTTP/1.1" 404 681
0:0:0:0:0:0:0:1 - - [02/Jan/2023:11:34:59 +0100] "GET /Veltri_GiftList/connection HTTP/1.1" 200 1366
0:0:0:0:0:0:0:1 - - [02/Jan/2023:11:34:59 +0100] "GET /Veltri_GiftList/IMG/background.jpg HTTP/1.1" 304 -
0:0:0:0:0:0:0:1 - - [02/Jan/2023:11:35:00 +0100] "GET /favicon.ico HTTP/1.1" 404 692
127.0.0.1 - - [02/Jan/2023:11:35:07 +0100] "POST /Veltri_GiftListAPI/api/user/login HTTP/1.1" 200 1832
127.0.0.1 - - [02/Jan/2023:11:35:08 +0100] "POST /Veltri_GiftListAPI/api/user/login HTTP/1.1" 200 1832
0:0:0:0:0:0:0:1 - - [02/Jan/2023:11:35:08 +0100] "POST /Veltri_GiftList/authentication HTTP/1.1" 200 3386
127.0.0.1 - - [02/Jan/2023:11:35:12 +0100] "POST /Veltri_GiftListAPI/api/giftList/find HTTP/1.1" 200 1336
0:0:0:0:0:0:0:1 - - [02/Jan/2023:11:35:12 +0100] "GET /Veltri_GiftList/getInfoList?from=my&orderId=0 HTTP/1.1" 500 1580
127.0.0.1 - - [02/Jan/2023:11:38:01 +0100] "GET / HTTP/1.1" 404 681
0:0:0:0:0:0:0:1 - - [02/Jan/2023:11:38:02 +0100] "GET /Veltri_GiftList/connection HTTP/1.1" 200 1366
127.0.0.1 - - [02/Jan/2023:11:38:10 +0100] "POST /Veltri_GiftListAPI/api/user/login HTTP/1.1" 200 1832
127.0.0.1 - - [02/Jan/2023:11:38:11 +0100] "POST /Veltri_GiftListAPI/api/user/login HTTP/1.1" 200 1832
0:0:0:0:0:0:0:1 - - [02/Jan/2023:11:38:11 +0100] "POST /Veltri_GiftList/authentication HTTP/1.1" 200 3386
127.0.0.1 - - [02/Jan/2023:11:38:12 +0100] "POST /Veltri_GiftListAPI/api/giftList/find HTTP/1.1" 200 1336
0:0:0:0:0:0:0:1 - - [02/Jan/2023:11:38:15 +0100] "GET /Veltri_GiftList/getInfoList?from=my&orderId=0 HTTP/1.1" 200 5820
0:0:0:0:0:0:0:1 - - [02/Jan/2023:11:38:15 +0100] "GET /Veltri_GiftList/CSS/infoListCSS.css HTTP/1.1" 304 -
0:0:0:0:0:0:0:1 - - [02/Jan/2023:11:38:15 +0100] "GET /Veltri_GiftList/IMG/delete.png HTTP/1.1" 304 -
0:0:0:0:0:0:0:1 - - [02/Jan/2023:11:38:15 +0100] "GET /Veltri_GiftList/IMG/pen.png HTTP/1.1" 304 -
0:0:0:0:0:0:0:1 - - [02/Jan/2023:11:38:15 +0100] "GET /Veltri_GiftList/IMG/plus.png HTTP/1.1" 304 -
127.0.0.1 - - [02/Jan/2023:11:46:33 +0100] "GET / HTTP/1.1" 404 681
0:0:0:0:0:0:0:1 - - [02/Jan/2023:11:46:33 +0100] "GET /Veltri_GiftList/connection HTTP/1.1" 200 1366
127.0.0.1 - - [02/Jan/2023:11:46:46 +0100] "POST /Veltri_GiftListAPI/api/user/login HTTP/1.1" 200 1832
127.0.0.1 - - [02/Jan/2023:11:46:50 +0100] "POST /Veltri_GiftListAPI/api/user/login HTTP/1.1" 200 1832
0:0:0:0:0:0:0:1 - - [02/Jan/2023:11:46:50 +0100] "POST /Veltri_GiftList/authentication HTTP/1.1" 200 3350
127.0.0.1 - - [02/Jan/2023:11:46:52 +0100] "GET /Veltri_GiftListAPI/api/giftList/findById?idGiftList=1 HTTP/1.1" 200 1336
0:0:0:0:0:0:0:1 - - [02/Jan/2023:11:46:52 +0100] "GET /Veltri_GiftList/getInfoList?orderId=1 HTTP/1.1" 200 5820
127.0.0.1 - - [02/Jan/2023:11:47:00 +0100] "GET /Veltri_GiftListAPI/api/user/findById?idUser=2 HTTP/1.1" 200 170
127.0.0.1 - - [02/Jan/2023:11:47:00 +0100] "DELETE /Veltri_GiftListAPI/api/user/deleteParticipation?idGiftList=0&idUser=2 HTTP/1.1" 400 673
0:0:0:0:0:0:0:1 - - [02/Jan/2023:11:47:00 +0100] "GET /Veltri_GiftList/infoList?idUser=2&idGiftList=0 HTTP/1.1" 500 3020
0:0:0:0:0:0:0:1 - - [02/Jan/2023:11:47:49 +0100] "GET /Veltri_GiftList/connection HTTP/1.1" 200 1366
127.0.0.1 - - [02/Jan/2023:11:47:53 +0100] "POST /Veltri_GiftListAPI/api/user/login HTTP/1.1" 200 1832
127.0.0.1 - - [02/Jan/2023:11:47:54 +0100] "POST /Veltri_GiftListAPI/api/user/login HTTP/1.1" 200 1832
0:0:0:0:0:0:0:1 - - [02/Jan/2023:11:47:54 +0100] "POST /Veltri_GiftList/authentication HTTP/1.1" 200 3350
127.0.0.1 - - [02/Jan/2023:11:47:55 +0100] "GET /Veltri_GiftListAPI/api/giftList/findById?idGiftList=1 HTTP/1.1" 200 1336
0:0:0:0:0:0:0:1 - - [02/Jan/2023:11:47:55 +0100] "GET /Veltri_GiftList/getInfoList?orderId=1 HTTP/1.1" 200 5820
127.0.0.1 - - [02/Jan/2023:11:51:10 +0100] "GET / HTTP/1.1" 404 681
0:0:0:0:0:0:0:1 - - [02/Jan/2023:11:51:22 +0100] "GET /Veltri_GiftList/connection HTTP/1.1" 200 1366
127.0.0.1 - - [02/Jan/2023:11:51:29 +0100] "POST /Veltri_GiftListAPI/api/user/login HTTP/1.1" 200 1832
127.0.0.1 - - [02/Jan/2023:11:51:30 +0100] "POST /Veltri_GiftListAPI/api/user/login HTTP/1.1" 200 1832
0:0:0:0:0:0:0:1 - - [02/Jan/2023:11:51:30 +0100] "POST /Veltri_GiftList/authentication HTTP/1.1" 200 3350
127.0.0.1 - - [02/Jan/2023:11:51:32 +0100] "GET /Veltri_GiftListAPI/api/giftList/findById?idGiftList=1 HTTP/1.1" 200 1336
0:0:0:0:0:0:0:1 - - [02/Jan/2023:11:51:32 +0100] "GET /Veltri_GiftList/getInfoList?orderId=1 HTTP/1.1" 200 5820
127.0.0.1 - - [02/Jan/2023:11:51:34 +0100] "GET /Veltri_GiftListAPI/api/user/findById?idUser=2 HTTP/1.1" 200 170
127.0.0.1 - - [02/Jan/2023:11:51:34 +0100] "DELETE /Veltri_GiftListAPI/api/user/deleteParticipation?idGiftList=0&idUser=2 HTTP/1.1" 400 673
0:0:0:0:0:0:0:1 - - [02/Jan/2023:11:52:22 +0100] "GET /Veltri_GiftList/infoList?idUser=2&idGiftList=0 HTTP/1.1" 500 3020
127.0.0.1 - - [02/Jan/2023:11:52:26 +0100] "GET /Veltri_GiftListAPI/api/user/findById?idUser=2 HTTP/1.1" 200 170
127.0.0.1 - - [02/Jan/2023:11:52:26 +0100] "DELETE /Veltri_GiftListAPI/api/user/deleteParticipation?idGiftList=0&idUser=2 HTTP/1.1" 400 673
0:0:0:0:0:0:0:1 - - [02/Jan/2023:11:53:44 +0100] "GET /Veltri_GiftList/infoList?idUser=2&idGiftList=0 HTTP/1.1" 500 3020
127.0.0.1 - - [02/Jan/2023:11:53:50 +0100] "GET /Veltri_GiftListAPI/api/user/findById?idUser=2 HTTP/1.1" 200 170
127.0.0.1 - - [02/Jan/2023:11:54:21 +0100] "DELETE /Veltri_GiftListAPI/api/user/deleteParticipation?idGiftList=0&idUser=2 HTTP/1.1" 400 673
0:0:0:0:0:0:0:1 - - [02/Jan/2023:11:54:27 +0100] "GET /Veltri_GiftList/infoList?idUser=2&idGiftList=0 HTTP/1.1" 500 3020
127.0.0.1 - - [02/Jan/2023:11:54:30 +0100] "GET /Veltri_GiftListAPI/api/user/findById?idUser=2 HTTP/1.1" 200 170
127.0.0.1 - - [02/Jan/2023:11:57:13 +0100] "DELETE /Veltri_GiftListAPI/api/user/deleteParticipation?idGiftList=0&idUser=2 HTTP/1.1" 400 673
0:0:0:0:0:0:0:1 - - [02/Jan/2023:11:57:16 +0100] "GET /Veltri_GiftList/infoList?idUser=2&idGiftList=0 HTTP/1.1" 500 3020
127.0.0.1 - - [02/Jan/2023:11:57:32 +0100] "GET /Veltri_GiftListAPI/api/giftList/findById?idGiftList=1 HTTP/1.1" 200 1336
127.0.0.1 - - [02/Jan/2023:11:59:10 +0100] "GET / HTTP/1.1" 404 681
0:0:0:0:0:0:0:1 - - [02/Jan/2023:11:59:12 +0100] "GET /Veltri_GiftList/connection HTTP/1.1" 200 1366
127.0.0.1 - - [02/Jan/2023:11:59:25 +0100] "POST /Veltri_GiftListAPI/api/user/login HTTP/1.1" 200 1832
127.0.0.1 - - [02/Jan/2023:11:59:26 +0100] "POST /Veltri_GiftListAPI/api/user/login HTTP/1.1" 200 1832
0:0:0:0:0:0:0:1 - - [02/Jan/2023:11:59:26 +0100] "POST /Veltri_GiftList/authentication HTTP/1.1" 200 3350
127.0.0.1 - - [02/Jan/2023:11:59:33 +0100] "GET /Veltri_GiftListAPI/api/giftList/findById?idGiftList=1 HTTP/1.1" 200 1336
0:0:0:0:0:0:0:1 - - [02/Jan/2023:11:59:40 +0100] "GET /Veltri_GiftList/getInfoList?orderId=1 HTTP/1.1" 200 5820
127.0.0.1 - - [02/Jan/2023:11:59:44 +0100] "GET /Veltri_GiftListAPI/api/user/findById?idUser=2 HTTP/1.1" 200 170
127.0.0.1 - - [02/Jan/2023:11:59:55 +0100] "DELETE /Veltri_GiftListAPI/api/user/deleteParticipation?idGiftList=1&idUser=2 HTTP/1.1" 204 -
0:0:0:0:0:0:0:1 - - [02/Jan/2023:12:00:07 +0100] "GET /Veltri_GiftList/infoList?idUser=2&idGiftList=1 HTTP/1.1" 500 1527
127.0.0.1 - - [02/Jan/2023:12:01:57 +0100] "GET /Veltri_GiftListAPI/api/giftList/findById?idGiftList=1 HTTP/1.1" 200 1165
127.0.0.1 - - [02/Jan/2023:12:01:58 +0100] "GET /Veltri_GiftListAPI/api/user/findById?idUser=2 HTTP/1.1" 200 170
127.0.0.1 - - [02/Jan/2023:12:02:04 +0100] "DELETE /Veltri_GiftListAPI/api/user/deleteParticipation?idGiftList=1&idUser=2 HTTP/1.1" 204 -
0:0:0:0:0:0:0:1 - - [02/Jan/2023:12:02:07 +0100] "GET /Veltri_GiftList/infoList?idUser=2&idGiftList=1 HTTP/1.1" 200 5540
127.0.0.1 - - [02/Jan/2023:12:09:10 +0100] "GET / HTTP/1.1" 404 681
127.0.0.1 - - [02/Jan/2023:12:09:10 +0100] "GET /Veltri_GiftList/connection HTTP/1.1" 200 1366
127.0.0.1 - - [02/Jan/2023:12:09:14 +0100] "GET /Veltri_GiftListAPI/api/giftList/findById?idGiftList=1 HTTP/1.1" 200 1165
127.0.0.1 - - [02/Jan/2023:12:09:14 +0100] "GET /Veltri_GiftListAPI/api/user/findById?idUser=2 HTTP/1.1" 200 170
127.0.0.1 - - [02/Jan/2023:12:09:15 +0100] "DELETE /Veltri_GiftListAPI/api/user/deleteParticipation?idGiftList=1&idUser=2 HTTP/1.1" 204 -
127.0.0.1 - - [02/Jan/2023:12:09:16 +0100] "POST /Veltri_GiftListAPI/api/user/login HTTP/1.1" 200 1832
127.0.0.1 - - [02/Jan/2023:12:09:16 +0100] "POST /Veltri_GiftListAPI/api/user/login HTTP/1.1" 200 1832
127.0.0.1 - - [02/Jan/2023:12:09:16 +0100] "POST /Veltri_GiftList/authentication HTTP/1.1" 200 3350
0:0:0:0:0:0:0:1 - - [02/Jan/2023:12:09:17 +0100] "GET /Veltri_GiftList/infoList?idUser=2&idGiftList=1 HTTP/1.1" 500 5540
127.0.0.1 - - [02/Jan/2023:12:09:20 +0100] "GET /Veltri_GiftListAPI/api/giftList/findById?idGiftList=1 HTTP/1.1" 200 1165
127.0.0.1 - - [02/Jan/2023:12:09:20 +0100] "GET /Veltri_GiftList/getInfoList?orderId=1 HTTP/1.1" 200 6016
0:0:0:0:0:0:0:1 - - [02/Jan/2023:12:10:47 +0100] "GET /Veltri_GiftList/addList HTTP/1.1" 200 4792
0:0:0:0:0:0:0:1 - - [02/Jan/2023:12:11:18 +0100] "GET /Veltri_GiftList/addList HTTP/1.1" 200 4792
127.0.0.1 - - [02/Jan/2023:12:12:54 +0100] "POST /Veltri_GiftListAPI/api/user/login HTTP/1.1" 200 1832
0:0:0:0:0:0:0:1 - - [02/Jan/2023:12:12:54 +0100] "GET /Veltri_GiftList/home HTTP/1.1" 200 3350
127.0.0.1 - - [02/Jan/2023:12:12:56 +0100] "GET /Veltri_GiftListAPI/api/giftList/findById?idGiftList=1 HTTP/1.1" 200 1165
0:0:0:0:0:0:0:1 - - [02/Jan/2023:12:12:56 +0100] "GET /Veltri_GiftList/getInfoList?orderId=1 HTTP/1.1" 200 6016
0:0:0:0:0:0:0:1 - - [02/Jan/2023:12:15:32 +0100] "GET /Veltri_GiftList/addList HTTP/1.1" 200 4799
0:0:0:0:0:0:0:1 - - [02/Jan/2023:12:20:37 +0100] "GET /Veltri_GiftList/addList HTTP/1.1" 200 4947
0:0:0:0:0:0:0:1 - - [02/Jan/2023:12:20:38 +0100] "GET /Veltri_GiftList/addList HTTP/1.1" 200 4947
0:0:0:0:0:0:0:1 - - [02/Jan/2023:12:21:56 +0100] "GET /Veltri_GiftList/addList HTTP/1.1" 200 4956
127.0.0.1 - - [02/Jan/2023:12:22:13 +0100] "POST /Veltri_GiftListAPI/api/user/login HTTP/1.1" 204 -
0:0:0:0:0:0:0:1 - - [02/Jan/2023:12:22:13 +0100] "GET /Veltri_GiftList/home HTTP/1.1" 200 3350
0:0:0:0:0:0:0:1 - - [02/Jan/2023:12:23:03 +0100] "GET /Veltri_GiftList/addList HTTP/1.1" 500 5530
0:0:0:0:0:0:0:1 - - [02/Jan/2023:12:23:04 +0100] "GET /favicon.ico HTTP/1.1" 404 692
0:0:0:0:0:0:0:1 - - [02/Jan/2023:12:23:07 +0100] "GET /Veltri_GiftList/addList HTTP/1.1" 500 5530
0:0:0:0:0:0:0:1 - - [02/Jan/2023:12:23:12 +0100] "GET /Veltri_GiftList/connection HTTP/1.1" 200 1366
127.0.0.1 - - [02/Jan/2023:12:23:17 +0100] "POST /Veltri_GiftListAPI/api/user/login HTTP/1.1" 204 -
0:0:0:0:0:0:0:1 - - [02/Jan/2023:12:23:17 +0100] "POST /Veltri_GiftList/authentication HTTP/1.1" 200 1466
127.0.0.1 - - [02/Jan/2023:12:23:48 +0100] "GET / HTTP/1.1" 404 681
0:0:0:0:0:0:0:1 - - [02/Jan/2023:12:24:59 +0100] "GET /Veltri_GiftList/connection HTTP/1.1" 200 1366
0:0:0:0:0:0:0:1 - - [02/Jan/2023:12:24:59 +0100] "GET /favicon.ico HTTP/1.1" 404 692
127.0.0.1 - - [02/Jan/2023:12:25:07 +0100] "POST /Veltri_GiftListAPI/api/user/login HTTP/1.1" 200 1832
127.0.0.1 - - [02/Jan/2023:12:25:08 +0100] "POST /Veltri_GiftListAPI/api/user/login HTTP/1.1" 200 1832
0:0:0:0:0:0:0:1 - - [02/Jan/2023:12:25:08 +0100] "POST /Veltri_GiftList/authentication HTTP/1.1" 200 3350
0:0:0:0:0:0:0:1 - - [02/Jan/2023:12:25:14 +0100] "GET /Veltri_GiftList/addList HTTP/1.1" 200 4792
0:0:0:0:0:0:0:1 - - [02/Jan/2023:12:27:35 +0100] "GET /Veltri_GiftList/addList HTTP/1.1" 200 4792
0:0:0:0:0:0:0:1 - - [02/Jan/2023:12:27:35 +0100] "GET /Veltri_GiftList/CSS/infoListCSS.css HTTP/1.1" 200 1376
0:0:0:0:0:0:0:1 - - [02/Jan/2023:12:27:35 +0100] "GET /Veltri_GiftList/IMG/logOut.png HTTP/1.1" 200 1901
0:0:0:0:0:0:0:1 - - [02/Jan/2023:12:27:35 +0100] "GET /Veltri_GiftList/IMG/plus.png HTTP/1.1" 200 6948
0:0:0:0:0:0:0:1 - - [02/Jan/2023:12:27:35 +0100] "GET /favicon.ico HTTP/1.1" 404 692
0:0:0:0:0:0:0:1 - - [02/Jan/2023:12:28:07 +0100] "GET /Veltri_GiftList/addList HTTP/1.1" 200 4809
0:0:0:0:0:0:0:1 - - [02/Jan/2023:12:28:24 +0100] "GET /Veltri_GiftList/addList HTTP/1.1" 200 4815
0:0:0:0:0:0:0:1 - - [02/Jan/2023:12:29:09 +0100] "GET /Veltri_GiftList/addList HTTP/1.1" 200 4796
0:0:0:0:0:0:0:1 - - [02/Jan/2023:12:29:09 +0100] "GET /Veltri_GiftList/CSS/infoListCSS.css HTTP/1.1" 200 1376
0:0:0:0:0:0:0:1 - - [02/Jan/2023:12:29:09 +0100] "GET /Veltri_GiftList/IMG/logOut.png HTTP/1.1" 200 1901
0:0:0:0:0:0:0:1 - - [02/Jan/2023:12:29:09 +0100] "GET /Veltri_GiftList/IMG/plus.png HTTP/1.1" 200 6948
0:0:0:0:0:0:0:1 - - [02/Jan/2023:12:29:09 +0100] "GET /favicon.ico HTTP/1.1" 404 692
0:0:0:0:0:0:0:1 - - [02/Jan/2023:12:29:11 +0100] "GET /Veltri_GiftList/addGift?nameList=&limitDate=&isActive=on&occasion=wedding HTTP/1.1" 200 3388
0:0:0:0:0:0:0:1 - - [02/Jan/2023:12:33:44 +0100] "GET /Veltri_GiftList/addList HTTP/1.1" 200 4781
127.0.0.1 - - [02/Jan/2023:12:34:02 +0100] "POST /Veltri_GiftListAPI/api/user/login HTTP/1.1" 204 -
0:0:0:0:0:0:0:1 - - [02/Jan/2023:12:34:02 +0100] "GET /Veltri_GiftList/home HTTP/1.1" 200 3350
0:0:0:0:0:0:0:1 - - [02/Jan/2023:12:34:05 +0100] "GET /Veltri_GiftList/addList HTTP/1.1" 500 5530
0:0:0:0:0:0:0:1 - - [02/Jan/2023:12:34:09 +0100] "GET /Veltri_GiftList/home HTTP/1.1" 500 3111
0:0:0:0:0:0:0:1 - - [02/Jan/2023:12:34:13 +0100] "GET /Veltri_GiftList/connection HTTP/1.1" 200 1366
127.0.0.1 - - [02/Jan/2023:12:34:18 +0100] "POST /Veltri_GiftListAPI/api/user/login HTTP/1.1" 204 -
0:0:0:0:0:0:0:1 - - [02/Jan/2023:12:34:18 +0100] "POST /Veltri_GiftList/authentication HTTP/1.1" 200 1466
127.0.0.1 - - [02/Jan/2023:12:35:01 +0100] "GET / HTTP/1.1" 404 681
0:0:0:0:0:0:0:1 - - [02/Jan/2023:12:35:18 +0100] "GET /Veltri_GiftList/verifAddList HTTP/1.1" 500 1461
0:0:0:0:0:0:0:1 - - [02/Jan/2023:12:35:18 +0100] "GET /favicon.ico HTTP/1.1" 404 692
0:0:0:0:0:0:0:1 - - [02/Jan/2023:12:35:26 +0100] "GET /Veltri_GiftList/connection HTTP/1.1" 200 1366
127.0.0.1 - - [02/Jan/2023:12:35:35 +0100] "POST /Veltri_GiftListAPI/api/user/login HTTP/1.1" 200 1832
127.0.0.1 - - [02/Jan/2023:12:35:35 +0100] "POST /Veltri_GiftListAPI/api/user/login HTTP/1.1" 200 1832
0:0:0:0:0:0:0:1 - - [02/Jan/2023:12:35:35 +0100] "POST /Veltri_GiftList/authentication HTTP/1.1" 200 3350
127.0.0.1 - - [02/Jan/2023:12:35:37 +0100] "GET /Veltri_GiftListAPI/api/giftList/findById?idGiftList=1 HTTP/1.1" 200 1165
0:0:0:0:0:0:0:1 - - [02/Jan/2023:12:35:37 +0100] "GET /Veltri_GiftList/getInfoList?orderId=1 HTTP/1.1" 200 6016
0:0:0:0:0:0:0:1 - - [02/Jan/2023:12:35:39 +0100] "GET /Veltri_GiftList/addList HTTP/1.1" 200 4786
127.0.0.1 - - [02/Jan/2023:14:13:02 +0100] "GET / HTTP/1.1" 404 681
0:0:0:0:0:0:0:1 - - [02/Jan/2023:14:13:04 +0100] "GET /Veltri_GiftList/connection HTTP/1.1" 200 1366
0:0:0:0:0:0:0:1 - - [02/Jan/2023:14:13:05 +0100] "GET /favicon.ico HTTP/1.1" 404 692
127.0.0.1 - - [02/Jan/2023:14:13:13 +0100] "POST /Veltri_GiftListAPI/api/user/login HTTP/1.1" 200 1832
127.0.0.1 - - [02/Jan/2023:14:13:14 +0100] "POST /Veltri_GiftListAPI/api/user/login HTTP/1.1" 200 1832
0:0:0:0:0:0:0:1 - - [02/Jan/2023:14:13:14 +0100] "POST /Veltri_GiftList/authentication HTTP/1.1" 200 3350
127.0.0.1 - - [02/Jan/2023:14:13:20 +0100] "GET /Veltri_GiftListAPI/api/giftList/findById?idGiftList=1 HTTP/1.1" 200 1165
0:0:0:0:0:0:0:1 - - [02/Jan/2023:14:13:20 +0100] "GET /Veltri_GiftList/getInfoList?orderId=1 HTTP/1.1" 200 6016
0:0:0:0:0:0:0:1 - - [02/Jan/2023:14:13:41 +0100] "GET /Veltri_GiftList/addList HTTP/1.1" 200 4786
0:0:0:0:0:0:0:1 - - [02/Jan/2023:14:13:43 +0100] "GET /Veltri_GiftList/addGift?nameList=&limitDate=&isActive=on&occasion=wedding HTTP/1.1" 200 3388
0:0:0:0:0:0:0:1 - - [02/Jan/2023:14:18:27 +0100] "GET /Veltri_GiftList/addList HTTP/1.1" 200 4771
0:0:0:0:0:0:0:1 - - [02/Jan/2023:14:18:34 +0100] "GET /Veltri_GiftList/addGift?nameList=&limitDate=&isActive=on&occasion=wedding HTTP/1.1" 200 3388
127.0.0.1 - - [02/Jan/2023:14:29:28 +0100] "POST /Veltri_GiftListAPI/api/user/login HTTP/1.1" 204 -
0:0:0:0:0:0:0:1 - - [02/Jan/2023:14:29:28 +0100] "GET /Veltri_GiftList/home HTTP/1.1" 200 3350
127.0.0.1 - - [02/Jan/2023:14:29:30 +0100] "GET /Veltri_GiftListAPI/api/giftList/findById?idGiftList=1 HTTP/1.1" 503 673
0:0:0:0:0:0:0:1 - - [02/Jan/2023:14:29:30 +0100] "GET /Veltri_GiftList/getInfoList?orderId=1 HTTP/1.1" 500 3629
0:0:0:0:0:0:0:1 - - [02/Jan/2023:14:29:36 +0100] "GET /Veltri_GiftList/connection HTTP/1.1" 200 1366
0:0:0:0:0:0:0:1 - - [02/Jan/2023:14:29:41 +0100] "POST /Veltri_GiftList/authentication HTTP/1.1" 200 1466
127.0.0.1 - - [02/Jan/2023:14:29:41 +0100] "POST /Veltri_GiftListAPI/api/user/login HTTP/1.1" 204 -
127.0.0.1 - - [02/Jan/2023:14:30:17 +0100] "GET / HTTP/1.1" 404 681
0:0:0:0:0:0:0:1 - - [02/Jan/2023:14:30:34 +0100] "GET /Veltri_GiftList/connection HTTP/1.1" 200 1366
0:0:0:0:0:0:0:1 - - [02/Jan/2023:14:30:34 +0100] "GET /favicon.ico HTTP/1.1" 404 692
127.0.0.1 - - [02/Jan/2023:14:30:42 +0100] "POST /Veltri_GiftListAPI/api/user/login HTTP/1.1" 200 1832
127.0.0.1 - - [02/Jan/2023:14:30:42 +0100] "POST /Veltri_GiftListAPI/api/user/login HTTP/1.1" 200 1832
0:0:0:0:0:0:0:1 - - [02/Jan/2023:14:30:42 +0100] "POST /Veltri_GiftList/authentication HTTP/1.1" 200 3350
127.0.0.1 - - [02/Jan/2023:14:30:46 +0100] "GET /Veltri_GiftListAPI/api/giftList/findById?idGiftList=1 HTTP/1.1" 200 1165
0:0:0:0:0:0:0:1 - - [02/Jan/2023:14:30:48 +0100] "GET /Veltri_GiftList/getInfoList?orderId=1 HTTP/1.1" 200 5618
127.0.0.1 - - [02/Jan/2023:14:30:53 +0100] "GET /Veltri_GiftListAPI/api/giftList/findById?idGiftList=1 HTTP/1.1" 200 1165
0:0:0:0:0:0:0:1 - - [02/Jan/2023:14:30:53 +0100] "GET /Veltri_GiftList/addGift?idGiftList=1 HTTP/1.1" 200 3388
127.0.0.1 - - [02/Jan/2023:14:37:02 +0100] "GET /Veltri_GiftListAPI/api/giftList/findById?idGiftList=1 HTTP/1.1" 503 673
0:0:0:0:0:0:0:1 - - [02/Jan/2023:14:37:03 +0100] "GET /Veltri_GiftList/addGift?idGiftList=1 HTTP/1.1" 500 2567
0:0:0:0:0:0:0:1 - - [02/Jan/2023:14:37:03 +0100] "GET /favicon.ico HTTP/1.1" 404 692
127.0.0.1 - - [02/Jan/2023:14:37:34 +0100] "GET / HTTP/1.1" 404 681
0:0:0:0:0:0:0:1 - - [02/Jan/2023:14:38:18 +0100] "GET /Veltri_GiftList/connection HTTP/1.1" 200 1366
127.0.0.1 - - [02/Jan/2023:14:38:26 +0100] "POST /Veltri_GiftListAPI/api/user/login HTTP/1.1" 200 1832
127.0.0.1 - - [02/Jan/2023:14:38:26 +0100] "POST /Veltri_GiftListAPI/api/user/login HTTP/1.1" 200 1832
0:0:0:0:0:0:0:1 - - [02/Jan/2023:14:38:26 +0100] "POST /Veltri_GiftList/authentication HTTP/1.1" 200 3350
127.0.0.1 - - [02/Jan/2023:14:38:29 +0100] "GET /Veltri_GiftListAPI/api/giftList/findById?idGiftList=1 HTTP/1.1" 200 1165
0:0:0:0:0:0:0:1 - - [02/Jan/2023:14:38:29 +0100] "GET /Veltri_GiftList/getInfoList?orderId=1 HTTP/1.1" 200 5618
127.0.0.1 - - [02/Jan/2023:14:38:31 +0100] "GET /Veltri_GiftListAPI/api/giftList/findById?idGiftList=1 HTTP/1.1" 200 1165
0:0:0:0:0:0:0:1 - - [02/Jan/2023:14:38:33 +0100] "GET /Veltri_GiftList/addGift?idGiftList=1 HTTP/1.1" 200 3484
127.0.0.1 - - [02/Jan/2023:14:39:01 +0100] "GET /Veltri_GiftListAPI/api/giftList/findById?idGiftList=1 HTTP/1.1" 200 1165
0:0:0:0:0:0:0:1 - - [02/Jan/2023:14:39:02 +0100] "GET /Veltri_GiftList/addGift?idGiftList=1 HTTP/1.1" 200 3515
127.0.0.1 - - [02/Jan/2023:14:39:04 +0100] "GET /Veltri_GiftListAPI/api/giftList/findById?idGiftList=1 HTTP/1.1" 200 1165
0:0:0:0:0:0:0:1 - - [02/Jan/2023:14:39:04 +0100] "GET /Veltri_GiftList/addGift?idGiftList=1 HTTP/1.1" 200 3515
0:0:0:0:0:0:0:1 - - [02/Jan/2023:14:39:04 +0100] "GET /Veltri_GiftList/IMG/logOut.png HTTP/1.1" 200 1901
0:0:0:0:0:0:0:1 - - [02/Jan/2023:14:39:04 +0100] "GET /favicon.ico HTTP/1.1" 404 692
127.0.0.1 - - [02/Jan/2023:14:39:16 +0100] "GET /Veltri_GiftListAPI/api/giftList/findById?idGiftList=1 HTTP/1.1" 200 1165
0:0:0:0:0:0:0:1 - - [02/Jan/2023:14:39:17 +0100] "GET /Veltri_GiftList/addGift?idGiftList=1 HTTP/1.1" 200 3516
127.0.0.1 - - [02/Jan/2023:14:39:44 +0100] "GET /Veltri_GiftListAPI/api/giftList/findById?idGiftList=2 HTTP/1.1" 503 673
0:0:0:0:0:0:0:1 - - [02/Jan/2023:14:39:44 +0100] "GET /Veltri_GiftList/addGift?idGiftList=2 HTTP/1.1" 200 3516
127.0.0.1 - - [02/Jan/2023:14:40:26 +0100] "GET /Veltri_GiftListAPI/api/giftList/findById?idGiftList=2 HTTP/1.1" 503 673
0:0:0:0:0:0:0:1 - - [02/Jan/2023:14:40:27 +0100] "GET /Veltri_GiftList/addGift?idGiftList=2 HTTP/1.1" 200 3513
127.0.0.1 - - [02/Jan/2023:14:49:29 +0100] "GET / HTTP/1.1" 404 681
0:0:0:0:0:0:0:1 - - [02/Jan/2023:14:50:07 +0100] "GET /Veltri_GiftList/connection HTTP/1.1" 200 1366
127.0.0.1 - - [02/Jan/2023:14:50:15 +0100] "POST /Veltri_GiftListAPI/api/user/login HTTP/1.1" 200 1832
127.0.0.1 - - [02/Jan/2023:14:50:16 +0100] "POST /Veltri_GiftListAPI/api/user/login HTTP/1.1" 200 1832
0:0:0:0:0:0:0:1 - - [02/Jan/2023:14:50:16 +0100] "POST /Veltri_GiftList/authentication HTTP/1.1" 200 3350
127.0.0.1 - - [02/Jan/2023:14:50:18 +0100] "GET /Veltri_GiftListAPI/api/giftList/findById?idGiftList=1 HTTP/1.1" 200 1165
0:0:0:0:0:0:0:1 - - [02/Jan/2023:14:50:18 +0100] "GET /Veltri_GiftList/getInfoList?orderId=1 HTTP/1.1" 200 5618
127.0.0.1 - - [02/Jan/2023:14:50:21 +0100] "GET /Veltri_GiftListAPI/api/giftList/findById?idGiftList=1 HTTP/1.1" 200 1165
0:0:0:0:0:0:0:1 - - [02/Jan/2023:14:50:23 +0100] "GET /Veltri_GiftList/addGift?idGiftList=1 HTTP/1.1" 200 3512
127.0.0.1 - - [02/Jan/2023:14:50:36 +0100] "GET /Veltri_GiftListAPI/api/giftList/findById?idGiftList=1 HTTP/1.1" 200 1165
0:0:0:0:0:0:0:1 - - [02/Jan/2023:14:50:36 +0100] "POST /Veltri_GiftList/verifAddGift HTTP/1.1" 500 1577
0:0:0:0:0:0:0:1 - - [02/Jan/2023:14:55:05 +0100] "GET /Veltri_GiftList/connection HTTP/1.1" 200 1366
127.0.0.1 - - [02/Jan/2023:14:55:08 +0100] "POST /Veltri_GiftListAPI/api/user/login HTTP/1.1" 200 1832
127.0.0.1 - - [02/Jan/2023:14:55:09 +0100] "POST /Veltri_GiftListAPI/api/user/login HTTP/1.1" 200 1832
0:0:0:0:0:0:0:1 - - [02/Jan/2023:14:55:09 +0100] "POST /Veltri_GiftList/authentication HTTP/1.1" 200 3350
127.0.0.1 - - [02/Jan/2023:14:55:10 +0100] "GET /Veltri_GiftListAPI/api/giftList/findById?idGiftList=1 HTTP/1.1" 200 1165
0:0:0:0:0:0:0:1 - - [02/Jan/2023:14:55:10 +0100] "GET /Veltri_GiftList/getInfoList?orderId=1 HTTP/1.1" 200 5618
127.0.0.1 - - [02/Jan/2023:14:55:12 +0100] "GET /Veltri_GiftListAPI/api/giftList/findById?idGiftList=1 HTTP/1.1" 200 1165
0:0:0:0:0:0:0:1 - - [02/Jan/2023:14:55:12 +0100] "GET /Veltri_GiftList/addGift?idGiftList=1 HTTP/1.1" 200 3512
127.0.0.1 - - [02/Jan/2023:14:55:22 +0100] "GET /Veltri_GiftListAPI/api/giftList/findById?idGiftList=1 HTTP/1.1" 200 1165
0:0:0:0:0:0:0:1 - - [02/Jan/2023:14:55:22 +0100] "POST /Veltri_GiftList/verifAddGift HTTP/1.1" 500 1555
0:0:0:0:0:0:0:1 - - [02/Jan/2023:14:59:55 +0100] "GET /Veltri_GiftList/connection HTTP/1.1" 200 1366
127.0.0.1 - - [02/Jan/2023:14:59:59 +0100] "POST /Veltri_GiftListAPI/api/user/login HTTP/1.1" 200 1832
127.0.0.1 - - [02/Jan/2023:15:00:00 +0100] "POST /Veltri_GiftListAPI/api/user/login HTTP/1.1" 200 1832
0:0:0:0:0:0:0:1 - - [02/Jan/2023:15:00:00 +0100] "POST /Veltri_GiftList/authentication HTTP/1.1" 200 3350
127.0.0.1 - - [02/Jan/2023:15:00:02 +0100] "GET /Veltri_GiftListAPI/api/giftList/findById?idGiftList=1 HTTP/1.1" 200 1165
0:0:0:0:0:0:0:1 - - [02/Jan/2023:15:00:02 +0100] "GET /Veltri_GiftList/getInfoList?orderId=1 HTTP/1.1" 200 5618
127.0.0.1 - - [02/Jan/2023:15:00:04 +0100] "GET /Veltri_GiftListAPI/api/giftList/findById?idGiftList=1 HTTP/1.1" 200 1165
0:0:0:0:0:0:0:1 - - [02/Jan/2023:15:00:04 +0100] "GET /Veltri_GiftList/addGift?idGiftList=1 HTTP/1.1" 200 3512
127.0.0.1 - - [02/Jan/2023:15:00:11 +0100] "GET /Veltri_GiftListAPI/api/giftList/findById?idGiftList=1 HTTP/1.1" 200 1165
127.0.0.1 - - [02/Jan/2023:15:00:12 +0100] "POST /Veltri_GiftListAPI/api/gift/create HTTP/1.1" 503 673
0:0:0:0:0:0:0:1 - - [02/Jan/2023:15:00:12 +0100] "POST /Veltri_GiftList/verifAddGift HTTP/1.1" 200 -
127.0.0.1 - - [02/Jan/2023:15:04:28 +0100] "GET / HTTP/1.1" 404 681
127.0.0.1 - - [02/Jan/2023:15:04:49 +0100] "POST /Veltri_GiftListAPI/api/user/login HTTP/1.1" 200 1832
0:0:0:0:0:0:0:1 - - [02/Jan/2023:15:04:50 +0100] "GET /Veltri_GiftList/home HTTP/1.1" 200 3350
127.0.0.1 - - [02/Jan/2023:15:05:27 +0100] "GET /Veltri_GiftListAPI/api/giftList/findById?idGiftList=1 HTTP/1.1" 200 1165
0:0:0:0:0:0:0:1 - - [02/Jan/2023:15:05:27 +0100] "GET /Veltri_GiftList/getInfoList?orderId=1 HTTP/1.1" 200 5618
127.0.0.1 - - [02/Jan/2023:15:05:30 +0100] "GET /Veltri_GiftListAPI/api/giftList/findById?idGiftList=1 HTTP/1.1" 200 1165
0:0:0:0:0:0:0:1 - - [02/Jan/2023:15:05:30 +0100] "GET /Veltri_GiftList/addGift?idGiftList=1 HTTP/1.1" 200 3512
127.0.0.1 - - [02/Jan/2023:15:06:00 +0100] "GET /Veltri_GiftListAPI/api/giftList/findById?idGiftList=1 HTTP/1.1" 200 1165
127.0.0.1 - - [02/Jan/2023:15:06:01 +0100] "GET /Veltri_GiftListAPI/api/giftList/findById?idGiftList=1 HTTP/1.1" 200 1165
127.0.0.1 - - [02/Jan/2023:15:06:41 +0100] "POST /Veltri_GiftListAPI/api/gift/create HTTP/1.1" 503 673
0:0:0:0:0:0:0:1 - - [02/Jan/2023:15:06:41 +0100] "POST /Veltri_GiftList/verifAddGift HTTP/1.1" 200 -
127.0.0.1 - - [02/Jan/2023:15:06:44 +0100] "POST /Veltri_GiftListAPI/api/gift/create HTTP/1.1" 503 673
0:0:0:0:0:0:0:1 - - [02/Jan/2023:15:06:44 +0100] "POST /Veltri_GiftList/verifAddGift HTTP/1.1" 200 -
127.0.0.1 - - [02/Jan/2023:15:06:54 +0100] "GET /Veltri_GiftListAPI/api/giftList/findById?idGiftList=1 HTTP/1.1" 200 1165
127.0.0.1 - - [02/Jan/2023:15:07:16 +0100] "GET /Veltri_GiftListAPI/api/giftList/findById?idGiftList=1 HTTP/1.1" 200 1165
127.0.0.1 - - [02/Jan/2023:15:07:36 +0100] "POST /Veltri_GiftListAPI/api/gift/create HTTP/1.1" 201 4
127.0.0.1 - - [02/Jan/2023:15:07:37 +0100] "GET /Veltri_GiftListAPI/api/giftList/findById?idGiftList=1 HTTP/1.1" 200 1358
0:0:0:0:0:0:0:1 - - [02/Jan/2023:15:07:39 +0100] "POST /Veltri_GiftList/verifAddGift HTTP/1.1" 500 3656
127.0.0.1 - - [02/Jan/2023:15:09:49 +0100] "GET /Veltri_GiftListAPI/api/giftList/findById?idGiftList=1 HTTP/1.1" 200 1358
127.0.0.1 - - [02/Jan/2023:15:09:50 +0100] "POST /Veltri_GiftListAPI/api/gift/create HTTP/1.1" 201 4
127.0.0.1 - - [02/Jan/2023:15:09:50 +0100] "GET /Veltri_GiftListAPI/api/giftList/findById?idGiftList=1 HTTP/1.1" 200 1551
0:0:0:0:0:0:0:1 - - [02/Jan/2023:15:09:50 +0100] "POST /Veltri_GiftList/verifAddGift HTTP/1.1" 500 3656
127.0.0.1 - - [02/Jan/2023:15:09:54 +0100] "GET /Veltri_GiftListAPI/api/giftList/findById?idGiftList=1 HTTP/1.1" 200 1551
0:0:0:0:0:0:0:1 - - [02/Jan/2023:15:09:54 +0100] "GET /Veltri_GiftList/addGift?idGiftList=1 HTTP/1.1" 200 3512
127.0.0.1 - - [02/Jan/2023:15:10:06 +0100] "GET /Veltri_GiftListAPI/api/giftList/findById?idGiftList=1 HTTP/1.1" 200 1551
127.0.0.1 - - [02/Jan/2023:15:10:06 +0100] "POST /Veltri_GiftListAPI/api/gift/create HTTP/1.1" 201 4
127.0.0.1 - - [02/Jan/2023:15:10:07 +0100] "GET /Veltri_GiftListAPI/api/giftList/findById?idGiftList=1 HTTP/1.1" 200 1764
0:0:0:0:0:0:0:1 - - [02/Jan/2023:15:10:07 +0100] "POST /Veltri_GiftList/verifAddGift HTTP/1.1" 500 3656
127.0.0.1 - - [02/Jan/2023:15:11:41 +0100] "GET /Veltri_GiftListAPI/api/giftList/findById?idGiftList=1 HTTP/1.1" 200 1764
127.0.0.1 - - [02/Jan/2023:15:11:41 +0100] "POST /Veltri_GiftListAPI/api/gift/create HTTP/1.1" 201 4
127.0.0.1 - - [02/Jan/2023:15:11:42 +0100] "GET /Veltri_GiftListAPI/api/giftList/findById?idGiftList=1 HTTP/1.1" 200 1976
0:0:0:0:0:0:0:1 - - [02/Jan/2023:15:11:42 +0100] "POST /Veltri_GiftList/verifAddGift HTTP/1.1" 200 8316
127.0.0.1 - - [02/Jan/2023:15:11:46 +0100] "GET /Veltri_GiftListAPI/api/giftList/findById?idGiftList=1 HTTP/1.1" 200 1976
127.0.0.1 - - [02/Jan/2023:15:11:46 +0100] "GET /Veltri_GiftListAPI/api/gift/findById?idGift=0 HTTP/1.1" 400 673
0:0:0:0:0:0:0:1 - - [02/Jan/2023:15:11:46 +0100] "GET /Veltri_GiftList/infoList?idGift=0&idGiftList=1 HTTP/1.1" 500 1348
127.0.0.1 - - [02/Jan/2023:15:11:56 +0100] "POST /Veltri_GiftListAPI/api/user/login HTTP/1.1" 200 1832
0:0:0:0:0:0:0:1 - - [02/Jan/2023:15:11:56 +0100] "GET /Veltri_GiftList/home HTTP/1.1" 200 3350
127.0.0.1 - - [02/Jan/2023:15:11:58 +0100] "GET /Veltri_GiftListAPI/api/giftList/findById?idGiftList=1 HTTP/1.1" 200 1976
0:0:0:0:0:0:0:1 - - [02/Jan/2023:15:11:58 +0100] "GET /Veltri_GiftList/getInfoList?orderId=1 HTTP/1.1" 200 8320
127.0.0.1 - - [02/Jan/2023:15:12:03 +0100] "GET /Veltri_GiftListAPI/api/giftList/findById?idGiftList=1 HTTP/1.1" 200 1976
127.0.0.1 - - [02/Jan/2023:15:12:04 +0100] "GET /Veltri_GiftListAPI/api/gift/findById?idGift=107 HTTP/1.1" 200 211
127.0.0.1 - - [02/Jan/2023:15:12:04 +0100] "DELETE /Veltri_GiftListAPI/api/gift/delete?idGift=107 HTTP/1.1" 204 -
0:0:0:0:0:0:0:1 - - [02/Jan/2023:15:12:04 +0100] "GET /Veltri_GiftList/infoList?idGift=107&idGiftList=1 HTTP/1.1" 200 3920
127.0.0.1 - - [02/Jan/2023:15:12:06 +0100] "POST /Veltri_GiftListAPI/api/user/login HTTP/1.1" 200 1832
0:0:0:0:0:0:0:1 - - [02/Jan/2023:15:12:06 +0100] "GET /Veltri_GiftList/home HTTP/1.1" 200 3350
127.0.0.1 - - [02/Jan/2023:15:12:08 +0100] "GET /Veltri_GiftListAPI/api/giftList/findById?idGiftList=1 HTTP/1.1" 200 1764
0:0:0:0:0:0:0:1 - - [02/Jan/2023:15:12:08 +0100] "GET /Veltri_GiftList/getInfoList?orderId=1 HTTP/1.1" 200 7621
127.0.0.1 - - [02/Jan/2023:15:12:11 +0100] "GET /Veltri_GiftListAPI/api/giftList/findById?idGiftList=1 HTTP/1.1" 503 673
127.0.0.1 - - [02/Jan/2023:15:12:11 +0100] "GET /Veltri_GiftListAPI/api/gift/findById?idGift=106 HTTP/1.1" 503 673
0:0:0:0:0:0:0:1 - - [02/Jan/2023:15:12:11 +0100] "GET /Veltri_GiftList/infoList?idGift=106&idGiftList=1 HTTP/1.1" 500 1348
127.0.0.1 - - [02/Jan/2023:15:13:38 +0100] "GET /Veltri_GiftListAPI/api/giftList/findById?idGiftList=1 HTTP/1.1" 503 673
127.0.0.1 - - [02/Jan/2023:15:13:38 +0100] "GET /Veltri_GiftListAPI/api/gift/findById?idGift=106 HTTP/1.1" 503 673
0:0:0:0:0:0:0:1 - - [02/Jan/2023:15:14:06 +0100] "GET /Veltri_GiftList/infoList?idGift=106&idGiftList=1 HTTP/1.1" 500 1348
0:0:0:0:0:0:0:1 - - [02/Jan/2023:15:14:11 +0100] "GET /Veltri_GiftList/connection HTTP/1.1" 200 1366
127.0.0.1 - - [02/Jan/2023:15:14:19 +0100] "POST /Veltri_GiftListAPI/api/user/login HTTP/1.1" 204 -
0:0:0:0:0:0:0:1 - - [02/Jan/2023:15:14:19 +0100] "POST /Veltri_GiftList/authentication HTTP/1.1" 200 1466
127.0.0.1 - - [02/Jan/2023:15:15:42 +0100] "GET / HTTP/1.1" 404 681
127.0.0.1 - - [02/Jan/2023:15:15:54 +0100] "POST /Veltri_GiftListAPI/api/user/login HTTP/1.1" 200 1832
127.0.0.1 - - [02/Jan/2023:15:15:55 +0100] "POST /Veltri_GiftListAPI/api/user/login HTTP/1.1" 200 1832
0:0:0:0:0:0:0:1 - - [02/Jan/2023:15:15:55 +0100] "POST /Veltri_GiftList/authentication HTTP/1.1" 200 3350
127.0.0.1 - - [02/Jan/2023:15:15:58 +0100] "GET /Veltri_GiftListAPI/api/giftList/findById?idGiftList=1 HTTP/1.1" 200 1764
0:0:0:0:0:0:0:1 - - [02/Jan/2023:15:15:58 +0100] "GET /Veltri_GiftList/getInfoList?orderId=1 HTTP/1.1" 200 7621
127.0.0.1 - - [02/Jan/2023:15:16:04 +0100] "GET /Veltri_GiftListAPI/api/giftList/findById?idGiftList=1 HTTP/1.1" 200 1764
0:0:0:0:0:0:0:1 - - [02/Jan/2023:15:16:04 +0100] "GET /Veltri_GiftList/addGift?idGiftList=1 HTTP/1.1" 200 3512
127.0.0.1 - - [02/Jan/2023:15:16:20 +0100] "GET /Veltri_GiftListAPI/api/giftList/findById?idGiftList=1 HTTP/1.1" 200 1764
127.0.0.1 - - [02/Jan/2023:15:16:21 +0100] "POST /Veltri_GiftListAPI/api/gift/create HTTP/1.1" 201 4
127.0.0.1 - - [02/Jan/2023:15:16:21 +0100] "GET /Veltri_GiftListAPI/api/giftList/findById?idGiftList=1 HTTP/1.1" 200 1965
0:0:0:0:0:0:0:1 - - [02/Jan/2023:15:16:21 +0100] "POST /Veltri_GiftList/verifAddGift HTTP/1.1" 200 8305
127.0.0.1 - - [02/Jan/2023:15:16:28 +0100] "GET /Veltri_GiftListAPI/api/giftList/findById?idGiftList=1 HTTP/1.1" 200 1965
127.0.0.1 - - [02/Jan/2023:15:16:28 +0100] "GET /Veltri_GiftListAPI/api/gift/findById?idGift=106 HTTP/1.1" 200 212
127.0.0.1 - - [02/Jan/2023:15:16:28 +0100] "DELETE /Veltri_GiftListAPI/api/gift/delete?idGift=106 HTTP/1.1" 204 -
0:0:0:0:0:0:0:1 - - [02/Jan/2023:15:16:28 +0100] "GET /Veltri_GiftList/infoList?idGift=106&idGiftList=1 HTTP/1.1" 200 3920
127.0.0.1 - - [02/Jan/2023:15:16:41 +0100] "POST /Veltri_GiftListAPI/api/user/login HTTP/1.1" 200 1832
0:0:0:0:0:0:0:1 - - [02/Jan/2023:15:16:41 +0100] "GET /Veltri_GiftList/home HTTP/1.1" 200 3350
127.0.0.1 - - [02/Jan/2023:15:16:43 +0100] "GET /Veltri_GiftListAPI/api/giftList/findById?idGiftList=1 HTTP/1.1" 200 1752
0:0:0:0:0:0:0:1 - - [02/Jan/2023:15:16:43 +0100] "GET /Veltri_GiftList/getInfoList?orderId=1 HTTP/1.1" 200 7609
127.0.0.1 - - [02/Jan/2023:15:16:46 +0100] "GET /Veltri_GiftListAPI/api/giftList/findById?idGiftList=1 HTTP/1.1" 200 1752
127.0.0.1 - - [02/Jan/2023:15:16:46 +0100] "GET /Veltri_GiftListAPI/api/gift/findById?idGift=108 HTTP/1.1" 200 200
127.0.0.1 - - [02/Jan/2023:15:16:46 +0100] "DELETE /Veltri_GiftListAPI/api/gift/delete?idGift=108 HTTP/1.1" 204 -
0:0:0:0:0:0:0:1 - - [02/Jan/2023:15:16:46 +0100] "GET /Veltri_GiftList/infoList?idGift=108&idGiftList=1 HTTP/1.1" 200 3920
127.0.0.1 - - [02/Jan/2023:15:16:59 +0100] "POST /Veltri_GiftListAPI/api/user/login HTTP/1.1" 200 1832
0:0:0:0:0:0:0:1 - - [02/Jan/2023:15:16:59 +0100] "GET /Veltri_GiftList/home HTTP/1.1" 200 3350
127.0.0.1 - - [02/Jan/2023:15:17:01 +0100] "GET /Veltri_GiftListAPI/api/giftList/findById?idGiftList=1 HTTP/1.1" 200 1551
0:0:0:0:0:0:0:1 - - [02/Jan/2023:15:17:01 +0100] "GET /Veltri_GiftList/getInfoList?orderId=1 HTTP/1.1" 200 6940
0:0:0:0:0:0:0:1 - - [02/Jan/2023:15:23:52 +0100] "GET /Veltri_GiftList/connection HTTP/1.1" 200 1366
127.0.0.1 - - [02/Jan/2023:15:24:15 +0100] "POST /Veltri_GiftListAPI/api/user/login HTTP/1.1" 204 -
0:0:0:0:0:0:0:1 - - [02/Jan/2023:15:24:15 +0100] "POST /Veltri_GiftList/authentication HTTP/1.1" 200 1466
127.0.0.1 - - [02/Jan/2023:15:24:43 +0100] "GET / HTTP/1.1" 404 681
127.0.0.1 - - [02/Jan/2023:15:25:02 +0100] "POST /Veltri_GiftListAPI/api/user/login HTTP/1.1" 200 1832
127.0.0.1 - - [02/Jan/2023:15:25:03 +0100] "POST /Veltri_GiftListAPI/api/user/login HTTP/1.1" 200 1832
0:0:0:0:0:0:0:1 - - [02/Jan/2023:15:25:03 +0100] "POST /Veltri_GiftList/authentication HTTP/1.1" 200 3350
127.0.0.1 - - [02/Jan/2023:15:25:06 +0100] "GET /Veltri_GiftListAPI/api/giftList/findById?idGiftList=1 HTTP/1.1" 200 1551
0:0:0:0:0:0:0:1 - - [02/Jan/2023:15:25:06 +0100] "GET /Veltri_GiftList/getInfoList?orderId=1 HTTP/1.1" 200 6940
127.0.0.1 - - [02/Jan/2023:15:25:12 +0100] "GET /Veltri_GiftListAPI/api/giftList/findById?idGiftList=1 HTTP/1.1" 200 1551
127.0.0.1 - - [02/Jan/2023:15:25:13 +0100] "GET /Veltri_GiftListAPI/api/gift/findById?idGift=105 HTTP/1.1" 200 192
127.0.0.1 - - [02/Jan/2023:15:25:13 +0100] "DELETE /Veltri_GiftListAPI/api/gift/delete?idGift=105 HTTP/1.1" 204 -
127.0.0.1 - - [02/Jan/2023:15:25:13 +0100] "GET /Veltri_GiftListAPI/api/giftList/findById?idGiftList=1 HTTP/1.1" 200 1358
0:0:0:0:0:0:0:1 - - [02/Jan/2023:15:25:13 +0100] "GET /Veltri_GiftList/infoList?idGift=105&idGiftList=1 HTTP/1.1" 200 6279
127.0.0.1 - - [02/Jan/2023:15:25:18 +0100] "GET /Veltri_GiftListAPI/api/giftList/findById?idGiftList=1 HTTP/1.1" 200 1358
0:0:0:0:0:0:0:1 - - [02/Jan/2023:15:25:18 +0100] "GET /Veltri_GiftList/addGift?idGiftList=1 HTTP/1.1" 200 3512
127.0.0.1 - - [02/Jan/2023:15:25:28 +0100] "GET /Veltri_GiftListAPI/api/giftList/findById?idGiftList=1 HTTP/1.1" 200 1358
127.0.0.1 - - [02/Jan/2023:15:25:28 +0100] "POST /Veltri_GiftListAPI/api/gift/create HTTP/1.1" 201 4
127.0.0.1 - - [02/Jan/2023:15:25:29 +0100] "GET /Veltri_GiftListAPI/api/giftList/findById?idGiftList=1 HTTP/1.1" 200 1559
0:0:0:0:0:0:0:1 - - [02/Jan/2023:15:25:29 +0100] "POST /Veltri_GiftList/verifAddGift HTTP/1.1" 200 6944
127.0.0.1 - - [02/Jan/2023:15:25:34 +0100] "POST /Veltri_GiftListAPI/api/user/login HTTP/1.1" 200 1832
0:0:0:0:0:0:0:1 - - [02/Jan/2023:15:25:34 +0100] "GET /Veltri_GiftList/home HTTP/1.1" 200 3350
127.0.0.1 - - [02/Jan/2023:15:25:35 +0100] "GET /Veltri_GiftListAPI/api/giftList/findById?idGiftList=1 HTTP/1.1" 200 1559
0:0:0:0:0:0:0:1 - - [02/Jan/2023:15:25:35 +0100] "GET /Veltri_GiftList/getInfoList?orderId=1 HTTP/1.1" 200 6948
127.0.0.1 - - [02/Jan/2023:15:25:50 +0100] "GET /Veltri_GiftListAPI/api/giftList/findById?idGiftList=1 HTTP/1.1" 200 1559
127.0.0.1 - - [02/Jan/2023:15:25:50 +0100] "GET /Veltri_GiftListAPI/api/gift/findById?idGift=1 HTTP/1.1" 200 433
127.0.0.1 - - [02/Jan/2023:15:25:51 +0100] "GET /Veltri_GiftListAPI/api/giftList/findById?idGiftList=1 HTTP/1.1" 200 1559
0:0:0:0:0:0:0:1 - - [02/Jan/2023:15:25:51 +0100] "GET /Veltri_GiftList/infoList?idGift=1&idGiftList=1 HTTP/1.1" 200 7051
127.0.0.1 - - [02/Jan/2023:15:27:50 +0100] "POST /Veltri_GiftListAPI/api/user/login HTTP/1.1" 200 1832
0:0:0:0:0:0:0:1 - - [02/Jan/2023:15:27:50 +0100] "GET /Veltri_GiftList/home HTTP/1.1" 200 3350
127.0.0.1 - - [02/Jan/2023:15:27:51 +0100] "GET /Veltri_GiftListAPI/api/giftList/findById?idGiftList=61 HTTP/1.1" 200 325
0:0:0:0:0:0:0:1 - - [02/Jan/2023:15:27:51 +0100] "GET /Veltri_GiftList/getInfoList?orderId=61 HTTP/1.1" 200 3370
127.0.0.1 - - [02/Jan/2023:15:27:54 +0100] "POST /Veltri_GiftListAPI/api/user/login HTTP/1.1" 200 1832
0:0:0:0:0:0:0:1 - - [02/Jan/2023:15:27:54 +0100] "GET /Veltri_GiftList/home HTTP/1.1" 200 3350
127.0.0.1 - - [02/Jan/2023:15:27:57 +0100] "GET /Veltri_GiftListAPI/api/giftList/findById?idGiftList=1 HTTP/1.1" 200 1559
0:0:0:0:0:0:0:1 - - [02/Jan/2023:15:27:57 +0100] "GET /Veltri_GiftList/getInfoList?orderId=1 HTTP/1.1" 200 6948
127.0.0.1 - - [02/Jan/2023:15:37:19 +0100] "GET / HTTP/1.1" 404 681
0:0:0:0:0:0:0:1 - - [02/Jan/2023:15:37:26 +0100] "GET /Veltri_GiftList/connection HTTP/1.1" 200 1366
127.0.0.1 - - [02/Jan/2023:15:37:34 +0100] "POST /Veltri_GiftListAPI/api/user/login HTTP/1.1" 200 1832
127.0.0.1 - - [02/Jan/2023:15:37:35 +0100] "POST /Veltri_GiftListAPI/api/user/login HTTP/1.1" 200 1832
0:0:0:0:0:0:0:1 - - [02/Jan/2023:15:37:35 +0100] "POST /Veltri_GiftList/authentication HTTP/1.1" 200 3350
127.0.0.1 - - [02/Jan/2023:15:37:37 +0100] "GET /Veltri_GiftListAPI/api/giftList/findById?idGiftList=1 HTTP/1.1" 200 1559
0:0:0:0:0:0:0:1 - - [02/Jan/2023:15:37:39 +0100] "GET /Veltri_GiftList/getInfoList?orderId=1 HTTP/1.1" 200 6989
0:0:0:0:0:0:0:1 - - [02/Jan/2023:15:37:41 +0100] "GET /Veltri_GiftList/addParticipant?idGiftList=1 HTTP/1.1" 200 2006
0:0:0:0:0:0:0:1 - - [02/Jan/2023:15:38:07 +0100] "GET /Veltri_GiftList/addParticipant?idGiftList=1 HTTP/1.1" 200 2059
0:0:0:0:0:0:0:1 - - [02/Jan/2023:15:39:53 +0100] "GET /Veltri_GiftList/connection HTTP/1.1" 200 1366
0:0:0:0:0:0:0:1 - - [02/Jan/2023:15:43:01 +0100] "GET /Veltri_GiftList/addParticipant?idGiftList=1 HTTP/1.1" 200 2175
0:0:0:0:0:0:0:1 - - [02/Jan/2023:15:43:01 +0100] "GET /Veltri_GiftList/IMG/earch.png HTTP/1.1" 404 718
0:0:0:0:0:0:0:1 - - [02/Jan/2023:15:43:16 +0100] "GET /Veltri_GiftList/addParticipant?idGiftList=1 HTTP/1.1" 200 2176
0:0:0:0:0:0:0:1 - - [02/Jan/2023:15:43:16 +0100] "GET /Veltri_GiftList/IMG/search.png HTTP/1.1" 200 26826
127.0.0.1 - - [02/Jan/2023:15:44:38 +0100] "POST /Veltri_GiftListAPI/api/user/login HTTP/1.1" 204 -
0:0:0:0:0:0:0:1 - - [02/Jan/2023:15:44:38 +0100] "GET /Veltri_GiftList/home HTTP/1.1" 200 3350
127.0.0.1 - - [02/Jan/2023:15:45:04 +0100] "GET / HTTP/1.1" 404 681
0:0:0:0:0:0:0:1 - - [02/Jan/2023:15:45:07 +0100] "GET /Veltri_GiftList/connection HTTP/1.1" 200 1366
127.0.0.1 - - [02/Jan/2023:15:45:18 +0100] "POST /Veltri_GiftListAPI/api/user/login HTTP/1.1" 200 1832
127.0.0.1 - - [02/Jan/2023:15:45:19 +0100] "POST /Veltri_GiftListAPI/api/user/login HTTP/1.1" 200 1832
0:0:0:0:0:0:0:1 - - [02/Jan/2023:15:45:19 +0100] "POST /Veltri_GiftList/authentication HTTP/1.1" 200 3350
127.0.0.1 - - [02/Jan/2023:15:45:21 +0100] "GET /Veltri_GiftListAPI/api/giftList/findById?idGiftList=1 HTTP/1.1" 200 1559
0:0:0:0:0:0:0:1 - - [02/Jan/2023:15:45:21 +0100] "GET /Veltri_GiftList/getInfoList?orderId=1 HTTP/1.1" 200 6989
0:0:0:0:0:0:0:1 - - [02/Jan/2023:15:46:00 +0100] "GET /Veltri_GiftList/addParticipant?idGiftList=1 HTTP/1.1" 200 2176
0:0:0:0:0:0:0:1 - - [02/Jan/2023:15:46:00 +0100] "GET /Veltri_GiftList/IMG/search.png HTTP/1.1" 304 -
0:0:0:0:0:0:0:1 - - [02/Jan/2023:15:50:42 +0100] "GET /Veltri_GiftList/addParticipant?idGiftList=1 HTTP/1.1" 200 2447
0:0:0:0:0:0:0:1 - - [02/Jan/2023:15:50:42 +0100] "GET /Veltri_GiftList/IMG/search.png HTTP/1.1" 304 -
0:0:0:0:0:0:0:1 - - [02/Jan/2023:15:52:50 +0100] "GET /Veltri_GiftList/addParticipant?idGiftList=1 HTTP/1.1" 200 2532
0:0:0:0:0:0:0:1 - - [02/Jan/2023:15:52:50 +0100] "GET /Veltri_GiftList/IMG/search.png HTTP/1.1" 304 -
0:0:0:0:0:0:0:1 - - [02/Jan/2023:15:54:06 +0100] "GET /Veltri_GiftList/addParticipant?idGiftList=1 HTTP/1.1" 200 2538
0:0:0:0:0:0:0:1 - - [02/Jan/2023:15:54:06 +0100] "GET /Veltri_GiftList/IMG/search.png HTTP/1.1" 304 -
0:0:0:0:0:0:0:1 - - [02/Jan/2023:15:54:06 +0100] "GET /Veltri_GiftList/CSS/addParticipantCSS.css HTTP/1.1" 200 1375
0:0:0:0:0:0:0:1 - - [02/Jan/2023:15:54:16 +0100] "GET /Veltri_GiftList/addParticipant?idGiftList=1 HTTP/1.1" 200 2538
0:0:0:0:0:0:0:1 - - [02/Jan/2023:15:54:16 +0100] "GET /Veltri_GiftList/CSS/addParticipantCSS.css HTTP/1.1" 200 1375
0:0:0:0:0:0:0:1 - - [02/Jan/2023:15:54:31 +0100] "GET /Veltri_GiftList/addParticipant?idGiftList=1 HTTP/1.1" 200 2538
0:0:0:0:0:0:0:1 - - [02/Jan/2023:15:54:32 +0100] "GET /Veltri_GiftList/CSS/addParticipantCSS.css HTTP/1.1" 200 1375
0:0:0:0:0:0:0:1 - - [02/Jan/2023:15:56:07 +0100] "GET /Veltri_GiftList/addParticipant?idGiftList=1 HTTP/1.1" 200 2674
0:0:0:0:0:0:0:1 - - [02/Jan/2023:15:56:07 +0100] "GET /Veltri_GiftList/CSS/addParticipantCSS.css HTTP/1.1" 304 -
0:0:0:0:0:0:0:1 - - [02/Jan/2023:15:56:07 +0100] "GET /Veltri_GiftList/IMG/search.png HTTP/1.1" 304 -
0:0:0:0:0:0:0:1 - - [02/Jan/2023:16:00:31 +0100] "GET /Veltri_GiftList/addParticipant?idGiftList=1 HTTP/1.1" 500 3111
127.0.0.1 - - [02/Jan/2023:16:19:23 +0100] "GET /Veltri_GiftListAPI/api/giftList/findById?idGiftList=1 HTTP/1.1" 503 673
127.0.0.1 - - [02/Jan/2023:16:19:23 +0100] "POST /Veltri_GiftListAPI/api/user/login HTTP/1.1" 204 -
0:0:0:0:0:0:0:1 - - [02/Jan/2023:16:19:23 +0100] "GET /Veltri_GiftList/getInfoList?orderId=1 HTTP/1.1" 200 3350
127.0.0.1 - - [02/Jan/2023:16:19:25 +0100] "GET /Veltri_GiftListAPI/api/giftList/findById?idGiftList=1 HTTP/1.1" 503 673
0:0:0:0:0:0:0:1 - - [02/Jan/2023:16:19:25 +0100] "GET /Veltri_GiftList/getInfoList?orderId=1 HTTP/1.1" 500 3629
127.0.0.1 - - [02/Jan/2023:16:19:51 +0100] "GET / HTTP/1.1" 404 681
0:0:0:0:0:0:0:1 - - [02/Jan/2023:16:19:54 +0100] "GET /Veltri_GiftList/connection HTTP/1.1" 200 1366
127.0.0.1 - - [02/Jan/2023:16:22:51 +0100] "POST /Veltri_GiftListAPI/api/user/login HTTP/1.1" 200 1832
127.0.0.1 - - [02/Jan/2023:16:22:52 +0100] "POST /Veltri_GiftListAPI/api/user/login HTTP/1.1" 200 1832
0:0:0:0:0:0:0:1 - - [02/Jan/2023:16:22:52 +0100] "POST /Veltri_GiftList/authentication HTTP/1.1" 200 3350
127.0.0.1 - - [02/Jan/2023:16:22:53 +0100] "GET /Veltri_GiftListAPI/api/giftList/findById?idGiftList=1 HTTP/1.1" 200 1559
0:0:0:0:0:0:0:1 - - [02/Jan/2023:16:22:54 +0100] "GET /Veltri_GiftList/getInfoList?orderId=1 HTTP/1.1" 200 6989
0:0:0:0:0:0:0:1 - - [02/Jan/2023:16:22:58 +0100] "GET /Veltri_GiftList/addParticipant?idGiftList=1 HTTP/1.1" 500 3111
127.0.0.1 - - [02/Jan/2023:16:23:56 +0100] "GET /Veltri_GiftListAPI/api/giftList/findById?idGiftList=1 HTTP/1.1" 200 1559
0:0:0:0:0:0:0:1 - - [02/Jan/2023:16:23:56 +0100] "GET /Veltri_GiftList/getInfoList?orderId=1 HTTP/1.1" 200 6989
0:0:0:0:0:0:0:1 - - [02/Jan/2023:16:23:58 +0100] "GET /Veltri_GiftList/addParticipant?idGiftList=1 HTTP/1.1" 200 2723
0:0:0:0:0:0:0:1 - - [02/Jan/2023:16:23:58 +0100] "GET /Veltri_GiftList/CSS/addParticipantCSS.css HTTP/1.1" 304 -
0:0:0:0:0:0:0:1 - - [02/Jan/2023:16:23:58 +0100] "GET /Veltri_GiftList/IMG/search.png HTTP/1.1" 304 -
127.0.0.1 - - [02/Jan/2023:16:24:04 +0100] "GET /Veltri_GiftListAPI/api/user/all HTTP/1.1" 200 844
0:0:0:0:0:0:0:1 - - [02/Jan/2023:16:24:04 +0100] "GET /Veltri_GiftList/addParticipant?name=zaretti&firstname=Firstname HTTP/1.1" 200 2723
127.0.0.1 - - [02/Jan/2023:16:24:11 +0100] "GET /Veltri_GiftListAPI/api/user/all HTTP/1.1" 200 844
0:0:0:0:0:0:0:1 - - [02/Jan/2023:16:24:11 +0100] "GET /Veltri_GiftList/addParticipant?name=Zaretti&firstname=Firstname HTTP/1.1" 200 2723
127.0.0.1 - - [02/Jan/2023:16:24:15 +0100] "GET /Veltri_GiftListAPI/api/user/all HTTP/1.1" 200 844
0:0:0:0:0:0:0:1 - - [02/Jan/2023:16:24:15 +0100] "GET /Veltri_GiftList/addParticipant?name=Name&firstname=Quentin HTTP/1.1" 200 2723
127.0.0.1 - - [02/Jan/2023:16:25:00 +0100] "GET /Veltri_GiftListAPI/api/user/all HTTP/1.1" 200 844
0:0:0:0:0:0:0:1 - - [02/Jan/2023:16:25:00 +0100] "GET /Veltri_GiftList/addParticipant?name=test&firstname=test HTTP/1.1" 200 2723
127.0.0.1 - - [02/Jan/2023:16:26:43 +0100] "GET /Veltri_GiftListAPI/api/user/all HTTP/1.1" 200 844
0:0:0:0:0:0:0:1 - - [02/Jan/2023:16:26:44 +0100] "GET /Veltri_GiftList/addParticipant?name=test&firstname=test HTTP/1.1" 200 2723
127.0.0.1 - - [02/Jan/2023:16:26:52 +0100] "GET /Veltri_GiftListAPI/api/user/all HTTP/1.1" 200 844
0:0:0:0:0:0:0:1 - - [02/Jan/2023:16:26:52 +0100] "GET /Veltri_GiftList/addParticipant?name=Zaretti&firstname=Firstname HTTP/1.1" 200 2935
127.0.0.1 - - [02/Jan/2023:16:26:58 +0100] "GET /Veltri_GiftListAPI/api/user/all HTTP/1.1" 200 844
0:0:0:0:0:0:0:1 - - [02/Jan/2023:16:26:58 +0100] "GET /Veltri_GiftList/addParticipant?name=zaretti&firstname=Firstname HTTP/1.1" 200 2723
0:0:0:0:0:0:0:1 - - [02/Jan/2023:16:26:58 +0100] "GET /Veltri_GiftList/CSS/addParticipantCSS.css HTTP/1.1" 304 -
127.0.0.1 - - [02/Jan/2023:16:28:50 +0100] "GET /Veltri_GiftListAPI/api/user/all HTTP/1.1" 200 844
0:0:0:0:0:0:0:1 - - [02/Jan/2023:16:28:51 +0100] "GET /Veltri_GiftList/addParticipant?name=zaretti&firstname=Firstname HTTP/1.1" 200 2898
0:0:0:0:0:0:0:1 - - [02/Jan/2023:16:28:51 +0100] "GET /Veltri_GiftList/IMG/search.png HTTP/1.1" 304 -
127.0.0.1 - - [02/Jan/2023:16:29:05 +0100] "GET /Veltri_GiftListAPI/api/user/all HTTP/1.1" 200 844
0:0:0:0:0:0:0:1 - - [02/Jan/2023:16:29:06 +0100] "GET /Veltri_GiftList/addParticipant?name=zaretti&firstname=Firstname HTTP/1.1" 200 2803
127.0.0.1 - - [02/Jan/2023:16:29:09 +0100] "GET /Veltri_GiftListAPI/api/user/all HTTP/1.1" 200 844
0:0:0:0:0:0:0:1 - - [02/Jan/2023:16:29:09 +0100] "GET /Veltri_GiftList/addParticipant?name=Zaretti&firstname= HTTP/1.1" 200 3015
127.0.0.1 - - [02/Jan/2023:16:29:12 +0100] "GET /Veltri_GiftListAPI/api/user/all HTTP/1.1" 200 844
0:0:0:0:0:0:0:1 - - [02/Jan/2023:16:29:12 +0100] "GET /Veltri_GiftList/addParticipant?name=&firstname=Quentin HTTP/1.1" 200 3015
127.0.0.1 - - [02/Jan/2023:16:29:20 +0100] "GET /Veltri_GiftListAPI/api/user/all HTTP/1.1" 200 844
0:0:0:0:0:0:0:1 - - [02/Jan/2023:16:29:20 +0100] "GET /Veltri_GiftList/addParticipant?name=Zaretti&firstname=Quentin HTTP/1.1" 200 3015
0:0:0:0:0:0:0:1 - - [02/Jan/2023:16:29:27 +0100] "POST /Veltri_GiftList/verifAddParticipant HTTP/1.1" 404 720
127.0.0.1 - - [02/Jan/2023:16:29:30 +0100] "GET /Veltri_GiftListAPI/api/user/all HTTP/1.1" 200 844
0:0:0:0:0:0:0:1 - - [02/Jan/2023:16:29:30 +0100] "GET /Veltri_GiftList/addParticipant?name=Gerard&firstname=Sarah HTTP/1.1" 200 3012
127.0.0.1 - - [02/Jan/2023:16:34:21 +0100] "GET /Veltri_GiftListAPI/api/user/all HTTP/1.1" 200 844
0:0:0:0:0:0:0:1 - - [02/Jan/2023:16:34:21 +0100] "GET /Veltri_GiftList/addParticipant?name=Gerard&firstname=Sarah HTTP/1.1" 200 3012
0:0:0:0:0:0:0:1 - - [02/Jan/2023:16:34:21 +0100] "GET /Veltri_GiftList/CSS/addParticipantCSS.css HTTP/1.1" 200 1388
0:0:0:0:0:0:0:1 - - [02/Jan/2023:16:34:21 +0100] "GET /Veltri_GiftList/IMG/search.png HTTP/1.1" 304 -
0:0:0:0:0:0:0:1 - - [02/Jan/2023:16:34:27 +0100] "GET /Veltri_GiftList/addParticipant?name=Zaretti&firstname= HTTP/1.1" 500 1973
0:0:0:0:0:0:0:1 - - [02/Jan/2023:16:35:22 +0100] "GET /Veltri_GiftList/addParticipant?name=Zaretti&firstname= HTTP/1.1" 500 1973
0:0:0:0:0:0:0:1 - - [02/Jan/2023:16:35:23 +0100] "GET /Veltri_GiftList/addParticipant?name=Zaretti&firstname= HTTP/1.1" 500 1973
127.0.0.1 - - [02/Jan/2023:16:35:27 +0100] "GET /Veltri_GiftListAPI/api/user/all HTTP/1.1" 200 844
0:0:0:0:0:0:0:1 - - [02/Jan/2023:16:35:28 +0100] "GET /Veltri_GiftList/CSS/addParticipantCSS.css HTTP/1.1" 304 -
0:0:0:0:0:0:0:1 - - [02/Jan/2023:16:35:28 +0100] "GET /Veltri_GiftList/addParticipant?name=Gerard&firstname=Sarah HTTP/1.1" 200 3012
127.0.0.1 - - [02/Jan/2023:16:35:31 +0100] "GET /Veltri_GiftListAPI/api/user/all HTTP/1.1" 200 844
0:0:0:0:0:0:0:1 - - [02/Jan/2023:16:35:31 +0100] "GET /Veltri_GiftList/addParticipant?name=zaretti&firstname= HTTP/1.1" 200 2803
127.0.0.1 - - [02/Jan/2023:16:35:33 +0100] "GET /Veltri_GiftListAPI/api/user/all HTTP/1.1" 200 844
0:0:0:0:0:0:0:1 - - [02/Jan/2023:16:35:33 +0100] "GET /Veltri_GiftList/addParticipant?name=Zaretti&firstname= HTTP/1.1" 200 3015
127.0.0.1 - - [02/Jan/2023:16:50:23 +0100] "GET /Veltri_GiftListAPI/api/user/all HTTP/1.1" 400 673
0:0:0:0:0:0:0:1 - - [02/Jan/2023:16:50:23 +0100] "GET /Veltri_GiftList/addParticipant?name=Zaretti&firstname= HTTP/1.1" 500 1670
127.0.0.1 - - [02/Jan/2023:16:50:41 +0100] "GET / HTTP/1.1" 404 681
0:0:0:0:0:0:0:1 - - [02/Jan/2023:16:50:45 +0100] "GET /Veltri_GiftList/connection HTTP/1.1" 200 1366
127.0.0.1 - - [02/Jan/2023:16:50:54 +0100] "POST /Veltri_GiftListAPI/api/user/login HTTP/1.1" 200 1832
127.0.0.1 - - [02/Jan/2023:16:50:55 +0100] "POST /Veltri_GiftListAPI/api/user/login HTTP/1.1" 200 1832
0:0:0:0:0:0:0:1 - - [02/Jan/2023:16:50:55 +0100] "POST /Veltri_GiftList/authentication HTTP/1.1" 200 3350
127.0.0.1 - - [02/Jan/2023:16:51:00 +0100] "GET /Veltri_GiftListAPI/api/giftList/findById?idGiftList=1 HTTP/1.1" 200 1559
0:0:0:0:0:0:0:1 - - [02/Jan/2023:16:51:00 +0100] "GET /Veltri_GiftList/getInfoList?orderId=1 HTTP/1.1" 200 6989
0:0:0:0:0:0:0:1 - - [02/Jan/2023:16:51:02 +0100] "GET /Veltri_GiftList/addParticipant?idGiftList=1 HTTP/1.1" 200 2803
0:0:0:0:0:0:0:1 - - [02/Jan/2023:16:51:02 +0100] "GET /Veltri_GiftList/CSS/addParticipantCSS.css HTTP/1.1" 304 -
0:0:0:0:0:0:0:1 - - [02/Jan/2023:16:51:02 +0100] "GET /Veltri_GiftList/IMG/search.png HTTP/1.1" 304 -
0:0:0:0:0:0:0:1 - - [02/Jan/2023:16:51:05 +0100] "GET /Veltri_GiftList/addParticipant?name=zaretti&firstname= HTTP/1.1" 500 1973
0:0:0:0:0:0:0:1 - - [02/Jan/2023:16:52:01 +0100] "GET /Veltri_GiftList/addParticipant?idGiftList=1 HTTP/1.1" 200 2803
0:0:0:0:0:0:0:1 - - [02/Jan/2023:16:52:03 +0100] "GET /Veltri_GiftList/addParticipant?name=zaretti&firstname= HTTP/1.1" 500 1973
