0:0:0:0:0:0:0:1 - - [02/Jan/2023:16:52:10 +0100] "GET /Veltri_GiftList/addParticipant?idGiftList=1 HTTP/1.1" 200 2803
127.0.0.1 - - [02/Jan/2023:16:52:10 +0100] "GET /Veltri_GiftListAPI/api/user/all HTTP/1.1" 200 844
0:0:0:0:0:0:0:1 - - [02/Jan/2023:16:52:11 +0100] "GET /Veltri_GiftList/addParticipant?name=zaretti&firstname= HTTP/1.1" 200 3015
127.0.0.1 - - [02/Jan/2023:16:52:16 +0100] "GET /Veltri_GiftListAPI/api/user/all HTTP/1.1" 200 844
0:0:0:0:0:0:0:1 - - [02/Jan/2023:16:52:16 +0100] "GET /Veltri_GiftList/addParticipant?name=&firstname=Quentin HTTP/1.1" 200 3015
127.0.0.1 - - [02/Jan/2023:16:52:21 +0100] "GET /Veltri_GiftListAPI/api/user/all HTTP/1.1" 200 844
0:0:0:0:0:0:0:1 - - [02/Jan/2023:16:52:21 +0100] "GET /Veltri_GiftList/addParticipant?name=&firstname=quentin HTTP/1.1" 200 3015
127.0.0.1 - - [02/Jan/2023:16:52:28 +0100] "GET /Veltri_GiftListAPI/api/user/all HTTP/1.1" 200 844
0:0:0:0:0:0:0:1 - - [02/Jan/2023:16:52:28 +0100] "GET /Veltri_GiftList/addParticipant?name=gerard&firstname= HTTP/1.1" 200 3012
0:0:0:0:0:0:0:1 - - [02/Jan/2023:16:54:55 +0100] "POST /Veltri_GiftList/verifAddParticipant HTTP/1.1" 200 27
0:0:0:0:0:0:0:1 - - [02/Jan/2023:16:54:58 +0100] "GET /Veltri_GiftList/CSS/addParticipantCSS.css HTTP/1.1" 304 -
127.0.0.1 - - [02/Jan/2023:16:58:40 +0100] "GET /Veltri_GiftListAPI/api/user/all HTTP/1.1" 200 845
0:0:0:0:0:0:0:1 - - [02/Jan/2023:16:58:43 +0100] "GET /Veltri_GiftList/addParticipant?name=gerard&firstname= HTTP/1.1" 200 2996
0:0:0:0:0:0:0:1 - - [02/Jan/2023:16:58:43 +0100] "GET /Veltri_GiftList/CSS/addParticipantCSS.css HTTP/1.1" 304 -
0:0:0:0:0:0:0:1 - - [02/Jan/2023:16:58:43 +0100] "GET /Veltri_GiftList/IMG/search.png HTTP/1.1" 304 -
0:0:0:0:0:0:0:1 - - [02/Jan/2023:16:58:48 +0100] "GET /Veltri_GiftList/verifAddParticipant?idUser=4 HTTP/1.1" 200 27
127.0.0.1 - - [02/Jan/2023:17:00:23 +0100] "GET / HTTP/1.1" 404 681
0:0:0:0:0:0:0:1 - - [02/Jan/2023:17:00:33 +0100] "GET /Veltri_GiftList/connection HTTP/1.1" 200 1366
127.0.0.1 - - [02/Jan/2023:17:04:41 +0100] "GET / HTTP/1.1" 404 681
127.0.0.1 - - [02/Jan/2023:17:05:15 +0100] "POST /Veltri_GiftListAPI/api/user/login HTTP/1.1" 200 1832
127.0.0.1 - - [02/Jan/2023:17:05:16 +0100] "POST /Veltri_GiftListAPI/api/user/login HTTP/1.1" 200 1832
0:0:0:0:0:0:0:1 - - [02/Jan/2023:17:05:16 +0100] "POST /Veltri_GiftList/authentication HTTP/1.1" 200 3350
127.0.0.1 - - [02/Jan/2023:17:05:20 +0100] "GET /Veltri_GiftListAPI/api/giftList/findById?idGiftList=1 HTTP/1.1" 200 1559
0:0:0:0:0:0:0:1 - - [02/Jan/2023:17:05:20 +0100] "GET /Veltri_GiftList/getInfoList?orderId=1 HTTP/1.1" 200 6989
0:0:0:0:0:0:0:1 - - [02/Jan/2023:17:05:26 +0100] "GET /Veltri_GiftList/addParticipant?idGiftList=1 HTTP/1.1" 200 2723
0:0:0:0:0:0:0:1 - - [02/Jan/2023:17:05:26 +0100] "GET /Veltri_GiftList/CSS/addParticipantCSS.css HTTP/1.1" 304 -
127.0.0.1 - - [02/Jan/2023:17:05:30 +0100] "GET /Veltri_GiftListAPI/api/user/all HTTP/1.1" 200 845
0:0:0:0:0:0:0:1 - - [02/Jan/2023:17:05:30 +0100] "GET /Veltri_GiftList/addParticipant?name=zaretti&firstname= HTTP/1.1" 200 3015
0:0:0:0:0:0:0:1 - - [02/Jan/2023:17:06:28 +0100] "GET /Veltri_GiftList/verifAddParticipant?idUser=2&idGiftList=null HTTP/1.1" 404 729
127.0.0.1 - - [02/Jan/2023:17:06:37 +0100] "GET /Veltri_GiftListAPI/api/giftList/findById?idGiftList=1 HTTP/1.1" 200 1559
0:0:0:0:0:0:0:1 - - [02/Jan/2023:17:06:37 +0100] "GET /Veltri_GiftList/getInfoList?orderId=1 HTTP/1.1" 200 6989
0:0:0:0:0:0:0:1 - - [02/Jan/2023:17:07:01 +0100] "GET /Veltri_GiftList/addParticipant?idGiftList=1 HTTP/1.1" 200 2723
0:0:0:0:0:0:0:1 - - [02/Jan/2023:17:07:01 +0100] "GET /Veltri_GiftList/IMG/search.png HTTP/1.1" 304 -
127.0.0.1 - - [02/Jan/2023:17:07:57 +0100] "GET /Veltri_GiftListAPI/api/user/all HTTP/1.1" 200 845
0:0:0:0:0:0:0:1 - - [02/Jan/2023:17:08:57 +0100] "GET /Veltri_GiftList/addParticipant?name=zaretti&firstname= HTTP/1.1" 200 3015
127.0.0.1 - - [02/Jan/2023:17:09:01 +0100] "POST /Veltri_GiftListAPI/api/user/login HTTP/1.1" 200 1832
0:0:0:0:0:0:0:1 - - [02/Jan/2023:17:09:01 +0100] "GET /Veltri_GiftList/home HTTP/1.1" 200 3350
127.0.0.1 - - [02/Jan/2023:17:09:02 +0100] "GET /Veltri_GiftListAPI/api/giftList/findById?idGiftList=1 HTTP/1.1" 200 1559
0:0:0:0:0:0:0:1 - - [02/Jan/2023:17:09:02 +0100] "GET /Veltri_GiftList/getInfoList?orderId=1 HTTP/1.1" 200 6989
0:0:0:0:0:0:0:1 - - [02/Jan/2023:17:09:06 +0100] "GET /Veltri_GiftList/addParticipant?idGiftList=1 HTTP/1.1" 200 2723
127.0.0.1 - - [02/Jan/2023:17:09:09 +0100] "GET /Veltri_GiftListAPI/api/user/all HTTP/1.1" 200 845
0:0:0:0:0:0:0:1 - - [02/Jan/2023:17:11:35 +0100] "GET /Veltri_GiftList/addParticipant?name=zaretti&firstname= HTTP/1.1" 200 3034
0:0:0:0:0:0:0:1 - - [02/Jan/2023:17:11:35 +0100] "GET /Veltri_GiftList/CSS/addParticipantCSS.css HTTP/1.1" 304 -
0:0:0:0:0:0:0:1 - - [02/Jan/2023:17:11:47 +0100] "GET /Veltri_GiftList/addParticipant?idGiftList=1 HTTP/1.1" 200 2743
0:0:0:0:0:0:0:1 - - [02/Jan/2023:17:12:48 +0100] "GET /Veltri_GiftList/addParticipant?idGiftList=1 HTTP/1.1" 200 2741
0:0:0:0:0:0:0:1 - - [02/Jan/2023:17:13:11 +0100] "GET /Veltri_GiftList/addParticipant?idGiftList=1 HTTP/1.1" 200 2737
127.0.0.1 - - [02/Jan/2023:17:13:17 +0100] "GET /Veltri_GiftListAPI/api/user/all HTTP/1.1" 200 845
0:0:0:0:0:0:0:1 - - [02/Jan/2023:17:13:25 +0100] "GET /Veltri_GiftList/addParticipant?name=zaretti&firstname=&idGiftList=1 HTTP/1.1" 200 3025
0:0:0:0:0:0:0:1 - - [02/Jan/2023:17:13:50 +0100] "GET /Veltri_GiftList/verifAddParticipant?idUser=2&idGiftList=1 HTTP/1.1" 404 729
127.0.0.1 - - [02/Jan/2023:17:31:15 +0100] "GET / HTTP/1.1" 404 681
0:0:0:0:0:0:0:1 - - [02/Jan/2023:17:32:32 +0100] "GET /Veltri_GiftList/connection HTTP/1.1" 200 1366
127.0.0.1 - - [02/Jan/2023:17:32:40 +0100] "POST /Veltri_GiftListAPI/api/user/login HTTP/1.1" 200 1832
127.0.0.1 - - [02/Jan/2023:17:32:41 +0100] "POST /Veltri_GiftListAPI/api/user/login HTTP/1.1" 200 1832
0:0:0:0:0:0:0:1 - - [02/Jan/2023:17:32:41 +0100] "POST /Veltri_GiftList/authentication HTTP/1.1" 200 3350
127.0.0.1 - - [02/Jan/2023:17:32:44 +0100] "GET /Veltri_GiftListAPI/api/giftList/findById?idGiftList=1 HTTP/1.1" 200 1559
0:0:0:0:0:0:0:1 - - [02/Jan/2023:17:32:44 +0100] "GET /Veltri_GiftList/getInfoList?orderId=1 HTTP/1.1" 200 6989
0:0:0:0:0:0:0:1 - - [02/Jan/2023:17:32:46 +0100] "GET /Veltri_GiftList/addParticipant?idGiftList=1 HTTP/1.1" 200 2737
0:0:0:0:0:0:0:1 - - [02/Jan/2023:17:32:46 +0100] "GET /Veltri_GiftList/CSS/addParticipantCSS.css HTTP/1.1" 304 -
0:0:0:0:0:0:0:1 - - [02/Jan/2023:17:32:46 +0100] "GET /Veltri_GiftList/IMG/search.png HTTP/1.1" 304 -
127.0.0.1 - - [02/Jan/2023:17:32:49 +0100] "GET /Veltri_GiftListAPI/api/user/all HTTP/1.1" 200 845
0:0:0:0:0:0:0:1 - - [02/Jan/2023:17:32:49 +0100] "GET /Veltri_GiftList/addParticipant?name=zaretti&firstname=&idGiftList=1 HTTP/1.1" 200 3025
127.0.0.1 - - [02/Jan/2023:17:32:51 +0100] "GET /Veltri_GiftListAPI/api/giftList/findById?idGiftList=1 HTTP/1.1" 200 1559
127.0.0.1 - - [02/Jan/2023:17:32:51 +0100] "GET /Veltri_GiftListAPI/api/user/findById?idUser=2 HTTP/1.1" 200 170
127.0.0.1 - - [02/Jan/2023:17:32:51 +0100] "POST /Veltri_GiftListAPI/api/user/addParticipant HTTP/1.1" 404 635
0:0:0:0:0:0:0:1 - - [02/Jan/2023:17:33:09 +0100] "GET /Veltri_GiftList/verifAddParticipant?idUser=2&idGiftList=1 HTTP/1.1" 404 729
127.0.0.1 - - [02/Jan/2023:17:33:23 +0100] "GET /Veltri_GiftListAPI/api/giftList/findById?idGiftList=1 HTTP/1.1" 200 1559
127.0.0.1 - - [02/Jan/2023:17:33:23 +0100] "GET /Veltri_GiftListAPI/api/user/findById?idUser=2 HTTP/1.1" 200 170
127.0.0.1 - - [02/Jan/2023:17:33:23 +0100] "POST /Veltri_GiftListAPI/api/user/addParticipant HTTP/1.1" 404 635
0:0:0:0:0:0:0:1 - - [02/Jan/2023:17:33:57 +0100] "GET /Veltri_GiftList/verifAddParticipant?idUser=2&idGiftList=1 HTTP/1.1" 404 729
127.0.0.1 - - [02/Jan/2023:17:34:02 +0100] "GET /Veltri_GiftListAPI/api/giftList/findById?idGiftList=1 HTTP/1.1" 200 1559
127.0.0.1 - - [02/Jan/2023:17:34:02 +0100] "GET /Veltri_GiftListAPI/api/user/findById?idUser=2 HTTP/1.1" 200 170
127.0.0.1 - - [02/Jan/2023:17:34:02 +0100] "POST /Veltri_GiftListAPI/api/user/addParticipant HTTP/1.1" 404 635
127.0.0.1 - - [02/Jan/2023:17:34:52 +0100] "GET / HTTP/1.1" 404 681
127.0.0.1 - - [02/Jan/2023:17:34:58 +0100] "GET /Veltri_GiftListAPI/api/giftList/findById?idGiftList=1 HTTP/1.1" 200 1559
127.0.0.1 - - [02/Jan/2023:17:35:00 +0100] "GET /Veltri_GiftListAPI/api/user/findById?idUser=2 HTTP/1.1" 200 170
127.0.0.1 - - [02/Jan/2023:17:35:26 +0100] "POST /Veltri_GiftListAPI/api/user/addParticipation HTTP/1.1" 503 673
127.0.0.1 - - [02/Jan/2023:17:35:32 +0100] "GET /Veltri_GiftList/verifAddParticipant?idUser=2&idGiftList=1 HTTP/1.1" 404 729
127.0.0.1 - - [02/Jan/2023:17:35:42 +0100] "GET /Veltri_GiftListAPI/api/giftList/findById?idGiftList=1 HTTP/1.1" 200 1559
127.0.0.1 - - [02/Jan/2023:17:35:42 +0100] "GET /Veltri_GiftListAPI/api/user/findById?idUser=2 HTTP/1.1" 200 170
127.0.0.1 - - [02/Jan/2023:17:37:01 +0100] "GET / HTTP/1.1" 404 681
127.0.0.1 - - [02/Jan/2023:17:37:08 +0100] "GET /Veltri_GiftListAPI/api/giftList/findById?idGiftList=1 HTTP/1.1" 200 1559
127.0.0.1 - - [02/Jan/2023:17:37:09 +0100] "GET /Veltri_GiftListAPI/api/user/findById?idUser=2 HTTP/1.1" 200 170
127.0.0.1 - - [02/Jan/2023:17:37:10 +0100] "POST /Veltri_GiftListAPI/api/user/addParticipation HTTP/1.1" 200 4
0:0:0:0:0:0:0:1 - - [02/Jan/2023:17:37:22 +0100] "GET /Veltri_GiftList/verifAddParticipant?idUser=2&idGiftList=1 HTTP/1.1" 404 729
0:0:0:0:0:0:0:1 - - [02/Jan/2023:17:38:12 +0100] "GET /Veltri_GiftList/connection HTTP/1.1" 200 1366
127.0.0.1 - - [02/Jan/2023:17:38:17 +0100] "POST /Veltri_GiftListAPI/api/user/login HTTP/1.1" 200 1832
127.0.0.1 - - [02/Jan/2023:17:38:17 +0100] "POST /Veltri_GiftListAPI/api/user/login HTTP/1.1" 200 1832
0:0:0:0:0:0:0:1 - - [02/Jan/2023:17:38:17 +0100] "POST /Veltri_GiftList/authentication HTTP/1.1" 200 3350
127.0.0.1 - - [02/Jan/2023:17:38:20 +0100] "GET /Veltri_GiftListAPI/api/giftList/findById?idGiftList=1 HTTP/1.1" 200 1730
0:0:0:0:0:0:0:1 - - [02/Jan/2023:17:38:20 +0100] "GET /Veltri_GiftList/getInfoList?orderId=1 HTTP/1.1" 200 7269
127.0.0.1 - - [02/Jan/2023:17:38:23 +0100] "GET /Veltri_GiftListAPI/api/giftList/findById?idGiftList=1 HTTP/1.1" 200 1730
127.0.0.1 - - [02/Jan/2023:17:38:23 +0100] "GET /Veltri_GiftListAPI/api/user/findById?idUser=2 HTTP/1.1" 200 170
127.0.0.1 - - [02/Jan/2023:17:38:24 +0100] "DELETE /Veltri_GiftListAPI/api/user/deleteParticipation?idGiftList=1&idUser=2 HTTP/1.1" 204 -
0:0:0:0:0:0:0:1 - - [02/Jan/2023:17:38:24 +0100] "GET /Veltri_GiftList/infoList?idUser=2&idGiftList=1 HTTP/1.1" 200 6989
0:0:0:0:0:0:0:1 - - [02/Jan/2023:17:38:25 +0100] "GET /Veltri_GiftList/addParticipant?idGiftList=1 HTTP/1.1" 200 2737
127.0.0.1 - - [02/Jan/2023:17:38:28 +0100] "GET /Veltri_GiftListAPI/api/user/all HTTP/1.1" 200 845
0:0:0:0:0:0:0:1 - - [02/Jan/2023:17:38:28 +0100] "GET /Veltri_GiftList/addParticipant?name=zaretti&firstname=&idGiftList=1 HTTP/1.1" 200 3025
127.0.0.1 - - [02/Jan/2023:17:38:30 +0100] "GET /Veltri_GiftListAPI/api/giftList/findById?idGiftList=1 HTTP/1.1" 200 1559
127.0.0.1 - - [02/Jan/2023:17:38:30 +0100] "GET /Veltri_GiftListAPI/api/user/findById?idUser=2 HTTP/1.1" 200 170
127.0.0.1 - - [02/Jan/2023:17:38:31 +0100] "POST /Veltri_GiftListAPI/api/user/addParticipation HTTP/1.1" 200 4
0:0:0:0:0:0:0:1 - - [02/Jan/2023:17:38:31 +0100] "GET /Veltri_GiftList/verifAddParticipant?idUser=2&idGiftList=1 HTTP/1.1" 404 729
127.0.0.1 - - [02/Jan/2023:17:38:59 +0100] "GET /Veltri_GiftListAPI/api/giftList/findById?idGiftList=1 HTTP/1.1" 200 1730
127.0.0.1 - - [02/Jan/2023:17:38:59 +0100] "GET /Veltri_GiftListAPI/api/user/findById?idUser=2 HTTP/1.1" 200 170
127.0.0.1 - - [02/Jan/2023:17:38:59 +0100] "POST /Veltri_GiftListAPI/api/user/addParticipation HTTP/1.1" 200 4
0:0:0:0:0:0:0:1 - - [02/Jan/2023:17:38:59 +0100] "GET /Veltri_GiftList/verifAddParticipant?idUser=2&idGiftList=1 HTTP/1.1" 404 729
127.0.0.1 - - [02/Jan/2023:17:39:06 +0100] "GET /Veltri_GiftListAPI/api/giftList/findById?idGiftList=1 HTTP/1.1" 200 1901
127.0.0.1 - - [02/Jan/2023:17:39:06 +0100] "GET /Veltri_GiftListAPI/api/user/findById?idUser=2 HTTP/1.1" 200 170
127.0.0.1 - - [02/Jan/2023:17:39:07 +0100] "POST /Veltri_GiftListAPI/api/user/addParticipation HTTP/1.1" 200 4
0:0:0:0:0:0:0:1 - - [02/Jan/2023:17:39:07 +0100] "GET /Veltri_GiftList/verifAddParticipant?idUser=2&idGiftList=1 HTTP/1.1" 404 729
127.0.0.1 - - [02/Jan/2023:17:39:36 +0100] "GET /Veltri_GiftListAPI/api/giftList/findById?idGiftList=1 HTTP/1.1" 200 2072
127.0.0.1 - - [02/Jan/2023:17:39:36 +0100] "GET /Veltri_GiftListAPI/api/user/findById?idUser=2 HTTP/1.1" 200 170
127.0.0.1 - - [02/Jan/2023:17:39:36 +0100] "POST /Veltri_GiftListAPI/api/user/addParticipation HTTP/1.1" 200 4
0:0:0:0:0:0:0:1 - - [02/Jan/2023:17:39:36 +0100] "GET /Veltri_GiftList/verifAddParticipant?idUser=2&idGiftList=1 HTTP/1.1" 500 3218
0:0:0:0:0:0:0:1 - - [02/Jan/2023:17:39:43 +0100] "GET /Veltri_GiftList/connection HTTP/1.1" 200 1366
127.0.0.1 - - [02/Jan/2023:17:39:47 +0100] "POST /Veltri_GiftListAPI/api/user/login HTTP/1.1" 200 1832
127.0.0.1 - - [02/Jan/2023:17:39:48 +0100] "POST /Veltri_GiftListAPI/api/user/login HTTP/1.1" 200 1832
0:0:0:0:0:0:0:1 - - [02/Jan/2023:17:39:48 +0100] "POST /Veltri_GiftList/authentication HTTP/1.1" 200 3350
127.0.0.1 - - [02/Jan/2023:17:39:50 +0100] "GET /Veltri_GiftListAPI/api/giftList/findById?idGiftList=1 HTTP/1.1" 200 2243
0:0:0:0:0:0:0:1 - - [02/Jan/2023:17:39:50 +0100] "GET /Veltri_GiftList/getInfoList?orderId=1 HTTP/1.1" 200 8109
127.0.0.1 - - [02/Jan/2023:17:39:55 +0100] "GET /Veltri_GiftListAPI/api/giftList/findById?idGiftList=1 HTTP/1.1" 200 2243
127.0.0.1 - - [02/Jan/2023:17:39:55 +0100] "GET /Veltri_GiftListAPI/api/user/findById?idUser=2 HTTP/1.1" 200 170
127.0.0.1 - - [02/Jan/2023:17:39:55 +0100] "DELETE /Veltri_GiftListAPI/api/user/deleteParticipation?idGiftList=1&idUser=2 HTTP/1.1" 503 673
0:0:0:0:0:0:0:1 - - [02/Jan/2023:17:39:55 +0100] "GET /Veltri_GiftList/infoList?idUser=2&idGiftList=1 HTTP/1.1" 500 3020
127.0.0.1 - - [02/Jan/2023:17:39:58 +0100] "GET /Veltri_GiftListAPI/api/giftList/findById?idGiftList=1 HTTP/1.1" 503 673
127.0.0.1 - - [02/Jan/2023:17:39:58 +0100] "GET /Veltri_GiftListAPI/api/user/findById?idUser=2 HTTP/1.1" 503 673
0:0:0:0:0:0:0:1 - - [02/Jan/2023:17:39:58 +0100] "GET /Veltri_GiftList/infoList?idUser=2&idGiftList=1 HTTP/1.1" 500 1430
127.0.0.1 - - [02/Jan/2023:17:40:01 +0100] "GET /Veltri_GiftListAPI/api/giftList/findById?idGiftList=1 HTTP/1.1" 503 673
127.0.0.1 - - [02/Jan/2023:17:40:01 +0100] "POST /Veltri_GiftListAPI/api/user/login HTTP/1.1" 204 -
0:0:0:0:0:0:0:1 - - [02/Jan/2023:17:40:01 +0100] "GET /Veltri_GiftList/getInfoList?orderId=1 HTTP/1.1" 200 3350
127.0.0.1 - - [02/Jan/2023:17:40:02 +0100] "GET /Veltri_GiftListAPI/api/giftList/findById?idGiftList=1 HTTP/1.1" 503 673
0:0:0:0:0:0:0:1 - - [02/Jan/2023:17:40:02 +0100] "GET /Veltri_GiftList/getInfoList?orderId=1 HTTP/1.1" 500 3629
127.0.0.1 - - [02/Jan/2023:17:40:07 +0100] "GET /Veltri_GiftListAPI/api/giftList/findById?idGiftList=1 HTTP/1.1" 503 673
0:0:0:0:0:0:0:1 - - [02/Jan/2023:17:40:07 +0100] "GET /Veltri_GiftList/getInfoList?orderId=1 HTTP/1.1" 500 3629
0:0:0:0:0:0:0:1 - - [02/Jan/2023:17:40:11 +0100] "GET /Veltri_GiftList/home HTTP/1.1" 500 3111
0:0:0:0:0:0:0:1 - - [02/Jan/2023:17:40:16 +0100] "GET /Veltri_GiftList/connection HTTP/1.1" 200 1366
127.0.0.1 - - [02/Jan/2023:17:40:19 +0100] "POST /Veltri_GiftListAPI/api/user/login HTTP/1.1" 204 -
0:0:0:0:0:0:0:1 - - [02/Jan/2023:17:40:19 +0100] "POST /Veltri_GiftList/authentication HTTP/1.1" 200 1466
127.0.0.1 - - [02/Jan/2023:17:40:48 +0100] "GET / HTTP/1.1" 404 681
127.0.0.1 - - [02/Jan/2023:17:40:56 +0100] "POST /Veltri_GiftListAPI/api/user/login HTTP/1.1" 200 1832
127.0.0.1 - - [02/Jan/2023:17:40:58 +0100] "POST /Veltri_GiftListAPI/api/user/login HTTP/1.1" 200 1832
0:0:0:0:0:0:0:1 - - [02/Jan/2023:17:40:58 +0100] "POST /Veltri_GiftList/authentication HTTP/1.1" 200 3350
127.0.0.1 - - [02/Jan/2023:17:41:10 +0100] "GET /Veltri_GiftListAPI/api/giftList/findById?idGiftList=1 HTTP/1.1" 200 2243
0:0:0:0:0:0:0:1 - - [02/Jan/2023:17:41:11 +0100] "GET /Veltri_GiftList/getInfoList?orderId=1 HTTP/1.1" 200 8109
127.0.0.1 - - [02/Jan/2023:17:41:13 +0100] "GET /Veltri_GiftListAPI/api/giftList/findById?idGiftList=1 HTTP/1.1" 200 2243
127.0.0.1 - - [02/Jan/2023:17:41:13 +0100] "GET /Veltri_GiftListAPI/api/user/findById?idUser=2 HTTP/1.1" 200 170
127.0.0.1 - - [02/Jan/2023:17:41:13 +0100] "DELETE /Veltri_GiftListAPI/api/user/deleteParticipation?idGiftList=1&idUser=2 HTTP/1.1" 204 -
0:0:0:0:0:0:0:1 - - [02/Jan/2023:17:41:13 +0100] "GET /Veltri_GiftList/infoList?idUser=2&idGiftList=1 HTTP/1.1" 200 7829
127.0.0.1 - - [02/Jan/2023:17:41:17 +0100] "GET /Veltri_GiftListAPI/api/giftList/findById?idGiftList=1 HTTP/1.1" 200 1559
127.0.0.1 - - [02/Jan/2023:17:41:17 +0100] "GET /Veltri_GiftListAPI/api/user/findById?idUser=2 HTTP/1.1" 200 170
127.0.0.1 - - [02/Jan/2023:17:41:17 +0100] "DELETE /Veltri_GiftListAPI/api/user/deleteParticipation?idGiftList=1&idUser=2 HTTP/1.1" 204 -
0:0:0:0:0:0:0:1 - - [02/Jan/2023:17:41:17 +0100] "GET /Veltri_GiftList/infoList?idUser=2&idGiftList=1 HTTP/1.1" 200 6989
0:0:0:0:0:0:0:1 - - [02/Jan/2023:17:41:19 +0100] "GET /Veltri_GiftList/addParticipant?idGiftList=1 HTTP/1.1" 200 2737
0:0:0:0:0:0:0:1 - - [02/Jan/2023:17:41:19 +0100] "GET /Veltri_GiftList/CSS/addParticipantCSS.css HTTP/1.1" 304 -
127.0.0.1 - - [02/Jan/2023:17:41:22 +0100] "GET /Veltri_GiftListAPI/api/user/all HTTP/1.1" 200 845
0:0:0:0:0:0:0:1 - - [02/Jan/2023:17:41:22 +0100] "GET /Veltri_GiftList/addParticipant?name=zaretti&firstname=&idGiftList=1 HTTP/1.1" 200 3025
127.0.0.1 - - [02/Jan/2023:17:41:24 +0100] "GET /Veltri_GiftListAPI/api/giftList/findById?idGiftList=1 HTTP/1.1" 200 1559
127.0.0.1 - - [02/Jan/2023:17:41:24 +0100] "GET /Veltri_GiftListAPI/api/user/findById?idUser=2 HTTP/1.1" 200 170
127.0.0.1 - - [02/Jan/2023:17:41:24 +0100] "POST /Veltri_GiftListAPI/api/user/addParticipation HTTP/1.1" 200 4
0:0:0:0:0:0:0:1 - - [02/Jan/2023:17:41:24 +0100] "GET /Veltri_GiftList/verifAddParticipant?idUser=2&idGiftList=1 HTTP/1.1" 500 3218
0:0:0:0:0:0:0:1 - - [02/Jan/2023:17:42:30 +0100] "GET /Veltri_GiftList/connection HTTP/1.1" 200 1366
127.0.0.1 - - [02/Jan/2023:17:42:34 +0100] "POST /Veltri_GiftListAPI/api/user/login HTTP/1.1" 200 1832
127.0.0.1 - - [02/Jan/2023:17:42:35 +0100] "POST /Veltri_GiftListAPI/api/user/login HTTP/1.1" 200 1832
0:0:0:0:0:0:0:1 - - [02/Jan/2023:17:42:35 +0100] "POST /Veltri_GiftList/authentication HTTP/1.1" 200 3350
127.0.0.1 - - [02/Jan/2023:17:42:37 +0100] "GET /Veltri_GiftListAPI/api/giftList/findById?idGiftList=1 HTTP/1.1" 200 1730
0:0:0:0:0:0:0:1 - - [02/Jan/2023:17:42:37 +0100] "GET /Veltri_GiftList/getInfoList?orderId=1 HTTP/1.1" 200 7269
127.0.0.1 - - [02/Jan/2023:17:42:40 +0100] "GET /Veltri_GiftListAPI/api/giftList/findById?idGiftList=1 HTTP/1.1" 200 1730
127.0.0.1 - - [02/Jan/2023:17:42:40 +0100] "GET /Veltri_GiftListAPI/api/user/findById?idUser=2 HTTP/1.1" 200 170
127.0.0.1 - - [02/Jan/2023:17:42:40 +0100] "DELETE /Veltri_GiftListAPI/api/user/deleteParticipation?idGiftList=1&idUser=2 HTTP/1.1" 204 -
0:0:0:0:0:0:0:1 - - [02/Jan/2023:17:42:40 +0100] "GET /Veltri_GiftList/infoList?idUser=2&idGiftList=1 HTTP/1.1" 200 6989
0:0:0:0:0:0:0:1 - - [02/Jan/2023:17:42:42 +0100] "GET /Veltri_GiftList/addParticipant?idGiftList=1 HTTP/1.1" 200 2737
127.0.0.1 - - [02/Jan/2023:17:42:45 +0100] "GET /Veltri_GiftListAPI/api/user/all HTTP/1.1" 200 845
0:0:0:0:0:0:0:1 - - [02/Jan/2023:17:42:45 +0100] "GET /Veltri_GiftList/addParticipant?name=zaretti&firstname=&idGiftList=1 HTTP/1.1" 200 3025
127.0.0.1 - - [02/Jan/2023:17:42:47 +0100] "GET /Veltri_GiftListAPI/api/giftList/findById?idGiftList=1 HTTP/1.1" 200 1559
127.0.0.1 - - [02/Jan/2023:17:42:47 +0100] "GET /Veltri_GiftListAPI/api/user/findById?idUser=2 HTTP/1.1" 200 170
127.0.0.1 - - [02/Jan/2023:17:42:48 +0100] "POST /Veltri_GiftListAPI/api/user/addParticipation HTTP/1.1" 200 4
127.0.0.1 - - [02/Jan/2023:17:42:48 +0100] "GET /Veltri_GiftListAPI/api/giftList/findById?idGiftList=1 HTTP/1.1" 200 1730
0:0:0:0:0:0:0:1 - - [02/Jan/2023:17:42:48 +0100] "GET /Veltri_GiftList/verifAddParticipant?idUser=2&idGiftList=1 HTTP/1.1" 200 7269
127.0.0.1 - - [02/Jan/2023:17:42:52 +0100] "GET /Veltri_GiftListAPI/api/giftList/findById?idGiftList=1 HTTP/1.1" 200 1730
127.0.0.1 - - [02/Jan/2023:17:42:52 +0100] "GET /Veltri_GiftListAPI/api/user/findById?idUser=2 HTTP/1.1" 200 170
127.0.0.1 - - [02/Jan/2023:17:42:53 +0100] "DELETE /Veltri_GiftListAPI/api/user/deleteParticipation?idGiftList=1&idUser=2 HTTP/1.1" 204 -
0:0:0:0:0:0:0:1 - - [02/Jan/2023:17:42:53 +0100] "GET /Veltri_GiftList/infoList?idUser=2&idGiftList=1 HTTP/1.1" 200 6989
0:0:0:0:0:0:0:1 - - [02/Jan/2023:17:46:49 +0100] "GET /Veltri_GiftList/addParticipant?idGiftList=1 HTTP/1.1" 200 2737
0:0:0:0:0:0:0:1 - - [02/Jan/2023:17:46:50 +0100] "GET /Veltri_GiftList/IMG/search.png HTTP/1.1" 304 -
127.0.0.1 - - [02/Jan/2023:17:46:52 +0100] "GET /Veltri_GiftListAPI/api/user/all HTTP/1.1" 200 845
0:0:0:0:0:0:0:1 - - [02/Jan/2023:17:46:53 +0100] "GET /Veltri_GiftList/addParticipant?name=zaretti&firstname=&idGiftList=1 HTTP/1.1" 200 3025
127.0.0.1 - - [02/Jan/2023:17:46:55 +0100] "GET /Veltri_GiftListAPI/api/giftList/findById?idGiftList=1 HTTP/1.1" 200 1559
127.0.0.1 - - [02/Jan/2023:17:46:55 +0100] "GET /Veltri_GiftListAPI/api/user/findById?idUser=2 HTTP/1.1" 200 170
0:0:0:0:0:0:0:1 - - [02/Jan/2023:17:46:55 +0100] "GET /Veltri_GiftList/verifAddParticipant?idUser=2&idGiftList=1 HTTP/1.1" 500 1555
127.0.0.1 - - [02/Jan/2023:17:48:15 +0100] "GET /Veltri_GiftListAPI/api/giftList/findById?idGiftList=1 HTTP/1.1" 500 4350
127.0.0.1 - - [02/Jan/2023:17:48:15 +0100] "GET /Veltri_GiftListAPI/api/user/findById?idUser=2 HTTP/1.1" 503 673
127.0.0.1 - - [02/Jan/2023:17:48:43 +0100] "GET /Veltri_GiftListAPI/api/giftList/findById?idGiftList=1 HTTP/1.1" 503 673
127.0.0.1 - - [02/Jan/2023:17:48:43 +0100] "GET /Veltri_GiftListAPI/api/user/findById?idUser=2 HTTP/1.1" 503 673
0:0:0:0:0:0:0:1 - - [02/Jan/2023:17:49:17 +0100] "GET /Veltri_GiftList/verifAddParticipant?idUser=2&idGiftList=1 HTTP/1.1" 500 1446
0:0:0:0:0:0:0:1 - - [02/Jan/2023:17:49:25 +0100] "GET /Veltri_GiftList/connection HTTP/1.1" 200 1366
127.0.0.1 - - [02/Jan/2023:17:49:28 +0100] "POST /Veltri_GiftListAPI/api/user/login HTTP/1.1" 204 -
0:0:0:0:0:0:0:1 - - [02/Jan/2023:17:49:28 +0100] "POST /Veltri_GiftList/authentication HTTP/1.1" 200 1466
127.0.0.1 - - [02/Jan/2023:17:49:57 +0100] "GET / HTTP/1.1" 404 681
127.0.0.1 - - [02/Jan/2023:17:50:04 +0100] "POST /Veltri_GiftListAPI/api/user/login HTTP/1.1" 200 1832
127.0.0.1 - - [02/Jan/2023:17:50:05 +0100] "POST /Veltri_GiftListAPI/api/user/login HTTP/1.1" 200 1832
0:0:0:0:0:0:0:1 - - [02/Jan/2023:17:50:05 +0100] "POST /Veltri_GiftList/authentication HTTP/1.1" 200 3350
127.0.0.1 - - [02/Jan/2023:17:50:07 +0100] "GET /Veltri_GiftListAPI/api/giftList/findById?idGiftList=1 HTTP/1.1" 200 1559
0:0:0:0:0:0:0:1 - - [02/Jan/2023:17:50:08 +0100] "GET /Veltri_GiftList/getInfoList?orderId=1 HTTP/1.1" 200 6989
0:0:0:0:0:0:0:1 - - [02/Jan/2023:17:50:10 +0100] "GET /Veltri_GiftList/addParticipant?idGiftList=1 HTTP/1.1" 200 2737
0:0:0:0:0:0:0:1 - - [02/Jan/2023:17:50:10 +0100] "GET /Veltri_GiftList/CSS/addParticipantCSS.css HTTP/1.1" 304 -
127.0.0.1 - - [02/Jan/2023:17:50:12 +0100] "GET /Veltri_GiftListAPI/api/user/all HTTP/1.1" 200 845
0:0:0:0:0:0:0:1 - - [02/Jan/2023:17:50:12 +0100] "GET /Veltri_GiftList/addParticipant?name=zaretti&firstname=&idGiftList=1 HTTP/1.1" 200 3025
127.0.0.1 - - [02/Jan/2023:17:50:15 +0100] "GET /Veltri_GiftListAPI/api/giftList/findById?idGiftList=1 HTTP/1.1" 200 1559
127.0.0.1 - - [02/Jan/2023:17:50:15 +0100] "GET /Veltri_GiftListAPI/api/user/findById?idUser=2 HTTP/1.1" 200 170
127.0.0.1 - - [02/Jan/2023:17:50:27 +0100] "POST /Veltri_GiftListAPI/api/user/addParticipation HTTP/1.1" 200 4
127.0.0.1 - - [02/Jan/2023:17:50:28 +0100] "GET /Veltri_GiftListAPI/api/giftList/findById?idGiftList=1 HTTP/1.1" 200 1730
0:0:0:0:0:0:0:1 - - [02/Jan/2023:17:50:28 +0100] "GET /Veltri_GiftList/verifAddParticipant?idUser=2&idGiftList=1 HTTP/1.1" 200 7269
0:0:0:0:0:0:0:1 - - [02/Jan/2023:17:50:31 +0100] "GET /Veltri_GiftList/addParticipant?idGiftList=1 HTTP/1.1" 200 2737
127.0.0.1 - - [02/Jan/2023:17:50:34 +0100] "GET /Veltri_GiftListAPI/api/user/all HTTP/1.1" 200 845
0:0:0:0:0:0:0:1 - - [02/Jan/2023:17:50:34 +0100] "GET /Veltri_GiftList/addParticipant?name=zaretti&firstname=&idGiftList=1 HTTP/1.1" 200 3025
127.0.0.1 - - [02/Jan/2023:17:50:36 +0100] "GET /Veltri_GiftListAPI/api/giftList/findById?idGiftList=1 HTTP/1.1" 200 1730
127.0.0.1 - - [02/Jan/2023:17:50:36 +0100] "GET /Veltri_GiftListAPI/api/user/findById?idUser=2 HTTP/1.1" 200 170
127.0.0.1 - - [02/Jan/2023:17:50:36 +0100] "POST /Veltri_GiftListAPI/api/user/addParticipation HTTP/1.1" 200 4
127.0.0.1 - - [02/Jan/2023:17:50:36 +0100] "GET /Veltri_GiftListAPI/api/giftList/findById?idGiftList=1 HTTP/1.1" 200 1901
0:0:0:0:0:0:0:1 - - [02/Jan/2023:17:50:36 +0100] "GET /Veltri_GiftList/verifAddParticipant?idUser=2&idGiftList=1 HTTP/1.1" 200 7549
0:0:0:0:0:0:0:1 - - [02/Jan/2023:17:52:52 +0100] "GET /Veltri_GiftList/addParticipant?idGiftList=1 HTTP/1.1" 200 2737
127.0.0.1 - - [02/Jan/2023:17:52:55 +0100] "GET /Veltri_GiftListAPI/api/user/all HTTP/1.1" 200 845
0:0:0:0:0:0:0:1 - - [02/Jan/2023:17:52:55 +0100] "GET /Veltri_GiftList/addParticipant?name=zaretti&firstname=&idGiftList=1 HTTP/1.1" 200 3025
127.0.0.1 - - [02/Jan/2023:17:53:02 +0100] "GET /Veltri_GiftListAPI/api/giftList/findById?idGiftList=1 HTTP/1.1" 200 1901
127.0.0.1 - - [02/Jan/2023:17:53:03 +0100] "GET /Veltri_GiftListAPI/api/user/findById?idUser=2 HTTP/1.1" 200 170
127.0.0.1 - - [02/Jan/2023:17:53:03 +0100] "GET /Veltri_GiftListAPI/api/giftList/findById?idGiftList=1 HTTP/1.1" 200 1901
0:0:0:0:0:0:0:1 - - [02/Jan/2023:17:53:03 +0100] "GET /Veltri_GiftList/verifAddParticipant?idUser=2&idGiftList=1 HTTP/1.1" 200 7549
0:0:0:0:0:0:0:1 - - [02/Jan/2023:17:54:36 +0100] "GET /Veltri_GiftList/addParticipant?idGiftList=1 HTTP/1.1" 200 2737
127.0.0.1 - - [02/Jan/2023:17:54:39 +0100] "GET /Veltri_GiftListAPI/api/user/all HTTP/1.1" 200 845
0:0:0:0:0:0:0:1 - - [02/Jan/2023:17:54:39 +0100] "GET /Veltri_GiftList/addParticipant?name=zaretti&firstname=&idGiftList=1 HTTP/1.1" 200 3025
127.0.0.1 - - [02/Jan/2023:17:54:41 +0100] "GET /Veltri_GiftListAPI/api/giftList/findById?idGiftList=1 HTTP/1.1" 200 1901
127.0.0.1 - - [02/Jan/2023:17:54:41 +0100] "GET /Veltri_GiftListAPI/api/user/findById?idUser=2 HTTP/1.1" 200 170
127.0.0.1 - - [02/Jan/2023:17:54:41 +0100] "GET /Veltri_GiftListAPI/api/giftList/findById?idGiftList=1 HTTP/1.1" 200 1901
0:0:0:0:0:0:0:1 - - [02/Jan/2023:17:54:42 +0100] "GET /Veltri_GiftList/verifAddParticipant?idUser=2&idGiftList=1 HTTP/1.1" 503 700
127.0.0.1 - - [02/Jan/2023:17:54:52 +0100] "GET /Veltri_GiftListAPI/api/giftList/findById?idGiftList=1 HTTP/1.1" 200 1901
127.0.0.1 - - [02/Jan/2023:17:54:53 +0100] "GET /Veltri_GiftListAPI/api/user/findById?idUser=2 HTTP/1.1" 200 170
127.0.0.1 - - [02/Jan/2023:17:54:53 +0100] "GET /Veltri_GiftListAPI/api/giftList/findById?idGiftList=1 HTTP/1.1" 200 1901
0:0:0:0:0:0:0:1 - - [02/Jan/2023:17:54:53 +0100] "GET /Veltri_GiftList/verifAddParticipant?idUser=2&idGiftList=1 HTTP/1.1" 200 7699
127.0.0.1 - - [02/Jan/2023:17:54:57 +0100] "GET /Veltri_GiftListAPI/api/giftList/findById?idGiftList=1 HTTP/1.1" 200 1901
127.0.0.1 - - [02/Jan/2023:17:54:57 +0100] "GET /Veltri_GiftListAPI/api/user/findById?idUser=2 HTTP/1.1" 200 170
127.0.0.1 - - [02/Jan/2023:17:54:58 +0100] "DELETE /Veltri_GiftListAPI/api/user/deleteParticipation?idGiftList=1&idUser=2 HTTP/1.1" 204 -
0:0:0:0:0:0:0:1 - - [02/Jan/2023:17:54:58 +0100] "GET /Veltri_GiftList/infoList?idUser=2&idGiftList=1 HTTP/1.1" 200 7269
127.0.0.1 - - [02/Jan/2023:17:55:02 +0100] "GET /Veltri_GiftListAPI/api/giftList/findById?idGiftList=1 HTTP/1.1" 200 1559
127.0.0.1 - - [02/Jan/2023:17:55:02 +0100] "GET /Veltri_GiftListAPI/api/user/findById?idUser=2 HTTP/1.1" 200 170
127.0.0.1 - - [02/Jan/2023:17:55:02 +0100] "DELETE /Veltri_GiftListAPI/api/user/deleteParticipation?idGiftList=1&idUser=2 HTTP/1.1" 204 -
0:0:0:0:0:0:0:1 - - [02/Jan/2023:17:55:02 +0100] "GET /Veltri_GiftList/infoList?idUser=2&idGiftList=1 HTTP/1.1" 200 6989
0:0:0:0:0:0:0:1 - - [02/Jan/2023:17:55:04 +0100] "GET /Veltri_GiftList/addParticipant?idGiftList=1 HTTP/1.1" 200 2737
127.0.0.1 - - [02/Jan/2023:17:55:07 +0100] "GET /Veltri_GiftListAPI/api/user/all HTTP/1.1" 200 845
0:0:0:0:0:0:0:1 - - [02/Jan/2023:17:55:07 +0100] "GET /Veltri_GiftList/addParticipant?name=zaretti&firstname=&idGiftList=1 HTTP/1.1" 200 3025
127.0.0.1 - - [02/Jan/2023:17:55:08 +0100] "GET /Veltri_GiftListAPI/api/giftList/findById?idGiftList=1 HTTP/1.1" 500 4350
127.0.0.1 - - [02/Jan/2023:17:55:08 +0100] "GET /Veltri_GiftListAPI/api/user/findById?idUser=2 HTTP/1.1" 503 673
0:0:0:0:0:0:0:1 - - [02/Jan/2023:17:55:08 +0100] "GET /Veltri_GiftList/verifAddParticipant?idUser=2&idGiftList=1 HTTP/1.1" 500 1459
127.0.0.1 - - [02/Jan/2023:17:56:36 +0100] "GET / HTTP/1.1" 404 681
0:0:0:0:0:0:0:1 - - [02/Jan/2023:17:56:45 +0100] "GET /Veltri_GiftList/connection HTTP/1.1" 200 1366
127.0.0.1 - - [02/Jan/2023:17:57:49 +0100] "POST /Veltri_GiftListAPI/api/user/login HTTP/1.1" 200 1832
127.0.0.1 - - [02/Jan/2023:17:57:50 +0100] "POST /Veltri_GiftListAPI/api/user/login HTTP/1.1" 200 1832
0:0:0:0:0:0:0:1 - - [02/Jan/2023:17:57:50 +0100] "POST /Veltri_GiftList/authentication HTTP/1.1" 200 3350
127.0.0.1 - - [02/Jan/2023:17:57:53 +0100] "GET /Veltri_GiftListAPI/api/giftList/findById?idGiftList=1 HTTP/1.1" 200 1559
0:0:0:0:0:0:0:1 - - [02/Jan/2023:17:57:53 +0100] "GET /Veltri_GiftList/getInfoList?orderId=1 HTTP/1.1" 200 6989
0:0:0:0:0:0:0:1 - - [02/Jan/2023:17:57:55 +0100] "GET /Veltri_GiftList/addParticipant?idGiftList=1 HTTP/1.1" 200 2737
127.0.0.1 - - [02/Jan/2023:17:57:59 +0100] "GET /Veltri_GiftListAPI/api/user/all HTTP/1.1" 200 845
0:0:0:0:0:0:0:1 - - [02/Jan/2023:17:57:59 +0100] "GET /Veltri_GiftList/addParticipant?name=zaretti&firstname=&idGiftList=1 HTTP/1.1" 200 3025
127.0.0.1 - - [02/Jan/2023:17:58:00 +0100] "GET /Veltri_GiftListAPI/api/giftList/findById?idGiftList=1 HTTP/1.1" 200 1559
127.0.0.1 - - [02/Jan/2023:17:58:00 +0100] "GET /Veltri_GiftListAPI/api/user/findById?idUser=2 HTTP/1.1" 200 170
127.0.0.1 - - [02/Jan/2023:17:58:01 +0100] "POST /Veltri_GiftListAPI/api/user/addParticipation HTTP/1.1" 200 4
127.0.0.1 - - [02/Jan/2023:17:58:01 +0100] "GET /Veltri_GiftListAPI/api/giftList/findById?idGiftList=1 HTTP/1.1" 200 1730
0:0:0:0:0:0:0:1 - - [02/Jan/2023:17:58:01 +0100] "GET /Veltri_GiftList/verifAddParticipant?idUser=2&idGiftList=1 HTTP/1.1" 200 7269
127.0.0.1 - - [02/Jan/2023:17:58:03 +0100] "GET /Veltri_GiftListAPI/api/giftList/findById?idGiftList=1 HTTP/1.1" 200 1730
127.0.0.1 - - [02/Jan/2023:17:58:03 +0100] "GET /Veltri_GiftListAPI/api/user/findById?idUser=2 HTTP/1.1" 200 170
127.0.0.1 - - [02/Jan/2023:17:58:04 +0100] "DELETE /Veltri_GiftListAPI/api/user/deleteParticipation?idGiftList=1&idUser=2 HTTP/1.1" 204 -
0:0:0:0:0:0:0:1 - - [02/Jan/2023:17:58:04 +0100] "GET /Veltri_GiftList/infoList?idUser=2&idGiftList=1 HTTP/1.1" 200 6989
127.0.0.1 - - [02/Jan/2023:18:10:51 +0100] "GET / HTTP/1.1" 404 681
0:0:0:0:0:0:0:1 - - [02/Jan/2023:18:11:01 +0100] "GET /Veltri_GiftList/connection HTTP/1.1" 200 1366
127.0.0.1 - - [02/Jan/2023:18:11:08 +0100] "POST /Veltri_GiftListAPI/api/user/login HTTP/1.1" 200 1832
127.0.0.1 - - [02/Jan/2023:18:11:08 +0100] "POST /Veltri_GiftListAPI/api/user/login HTTP/1.1" 200 1832
0:0:0:0:0:0:0:1 - - [02/Jan/2023:18:11:08 +0100] "POST /Veltri_GiftList/authentication HTTP/1.1" 200 3350
127.0.0.1 - - [02/Jan/2023:18:11:16 +0100] "GET /Veltri_GiftListAPI/api/giftList/findById?idGiftList=1 HTTP/1.1" 200 1559
0:0:0:0:0:0:0:1 - - [02/Jan/2023:18:11:16 +0100] "GET /Veltri_GiftList/getInfoList?orderId=1 HTTP/1.1" 200 6989
0:0:0:0:0:0:0:1 - - [02/Jan/2023:18:11:22 +0100] "GET /Veltri_GiftList/addParticipant?idGiftList=1 HTTP/1.1" 200 2737
0:0:0:0:0:0:0:1 - - [02/Jan/2023:18:11:22 +0100] "GET /Veltri_GiftList/CSS/addParticipantCSS.css HTTP/1.1" 304 -
0:0:0:0:0:0:0:1 - - [02/Jan/2023:18:11:22 +0100] "GET /Veltri_GiftList/IMG/search.png HTTP/1.1" 304 -
127.0.0.1 - - [02/Jan/2023:18:11:26 +0100] "GET /Veltri_GiftListAPI/api/user/all HTTP/1.1" 200 845
0:0:0:0:0:0:0:1 - - [02/Jan/2023:18:11:26 +0100] "GET /Veltri_GiftList/addParticipant?name=Gerard&firstname=&idGiftList=1 HTTP/1.1" 200 3022
127.0.0.1 - - [02/Jan/2023:18:11:28 +0100] "GET /Veltri_GiftListAPI/api/giftList/findById?idGiftList=1 HTTP/1.1" 200 1559
127.0.0.1 - - [02/Jan/2023:18:11:28 +0100] "GET /Veltri_GiftListAPI/api/user/findById?idUser=4 HTTP/1.1" 200 165
127.0.0.1 - - [02/Jan/2023:18:11:29 +0100] "GET /Veltri_GiftListAPI/api/giftList/findById?idGiftList=1 HTTP/1.1" 200 1559
0:0:0:0:0:0:0:1 - - [02/Jan/2023:18:11:29 +0100] "GET /Veltri_GiftList/verifAddParticipant?idUser=4&idGiftList=1 HTTP/1.1" 200 7064
0:0:0:0:0:0:0:1 - - [02/Jan/2023:18:11:37 +0100] "GET /Veltri_GiftList/addParticipant?idGiftList=1 HTTP/1.1" 200 2737
127.0.0.1 - - [02/Jan/2023:18:11:40 +0100] "GET /Veltri_GiftListAPI/api/user/all HTTP/1.1" 200 845
0:0:0:0:0:0:0:1 - - [02/Jan/2023:18:11:40 +0100] "GET /Veltri_GiftList/addParticipant?name=zaretti&firstname=&idGiftList=1 HTTP/1.1" 200 3025
127.0.0.1 - - [02/Jan/2023:18:11:42 +0100] "GET /Veltri_GiftListAPI/api/giftList/findById?idGiftList=1 HTTP/1.1" 200 1559
127.0.0.1 - - [02/Jan/2023:18:11:42 +0100] "GET /Veltri_GiftListAPI/api/user/findById?idUser=2 HTTP/1.1" 200 170
127.0.0.1 - - [02/Jan/2023:18:11:42 +0100] "POST /Veltri_GiftListAPI/api/user/addParticipation HTTP/1.1" 200 4
127.0.0.1 - - [02/Jan/2023:18:11:43 +0100] "GET /Veltri_GiftListAPI/api/giftList/findById?idGiftList=1 HTTP/1.1" 200 1730
0:0:0:0:0:0:0:1 - - [02/Jan/2023:18:11:43 +0100] "GET /Veltri_GiftList/verifAddParticipant?idUser=2&idGiftList=1 HTTP/1.1" 200 7269
127.0.0.1 - - [02/Jan/2023:18:11:47 +0100] "GET /Veltri_GiftListAPI/api/giftList/findById?idGiftList=1 HTTP/1.1" 200 1730
127.0.0.1 - - [02/Jan/2023:18:11:47 +0100] "GET /Veltri_GiftListAPI/api/user/findById?idUser=2 HTTP/1.1" 200 170
127.0.0.1 - - [02/Jan/2023:18:11:47 +0100] "DELETE /Veltri_GiftListAPI/api/user/deleteParticipation?idGiftList=1&idUser=2 HTTP/1.1" 204 -
0:0:0:0:0:0:0:1 - - [02/Jan/2023:18:11:47 +0100] "GET /Veltri_GiftList/infoList?idUser=2&idGiftList=1 HTTP/1.1" 200 6989
127.0.0.1 - - [02/Jan/2023:18:12:54 +0100] "POST /Veltri_GiftListAPI/api/user/login HTTP/1.1" 200 1832
0:0:0:0:0:0:0:1 - - [02/Jan/2023:18:12:54 +0100] "GET /Veltri_GiftList/home HTTP/1.1" 200 3350
0:0:0:0:0:0:0:1 - - [02/Jan/2023:18:12:56 +0100] "GET /Veltri_GiftList/deconnection HTTP/1.1" 302 -
0:0:0:0:0:0:0:1 - - [02/Jan/2023:18:12:56 +0100] "GET /Veltri_GiftList/connection HTTP/1.1" 200 1366
0:0:0:0:0:0:0:1 - - [02/Jan/2023:18:13:08 +0100] "GET /Veltri_GiftList/inscription HTTP/1.1" 200 1676
127.0.0.1 - - [02/Jan/2023:18:21:53 +0100] "POST /Veltri_GiftListAPI/api/user/login HTTP/1.1" 204 -
127.0.0.1 - - [02/Jan/2023:18:21:53 +0100] "POST /Veltri_GiftListAPI/api/user/login HTTP/1.1" 204 -
0:0:0:0:0:0:0:1 - - [02/Jan/2023:18:21:53 +0100] "POST /Veltri_GiftList/authentication HTTP/1.1" 200 1466
0:0:0:0:0:0:0:1 - - [02/Jan/2023:18:21:53 +0100] "POST /Veltri_GiftList/authentication HTTP/1.1" 200 1466
127.0.0.1 - - [02/Jan/2023:18:22:21 +0100] "GET / HTTP/1.1" 404 681
127.0.0.1 - - [02/Jan/2023:18:22:39 +0100] "POST /Veltri_GiftListAPI/api/user/login HTTP/1.1" 200 1832
127.0.0.1 - - [02/Jan/2023:18:22:39 +0100] "POST /Veltri_GiftListAPI/api/user/login HTTP/1.1" 200 1832
127.0.0.1 - - [02/Jan/2023:18:22:40 +0100] "POST /Veltri_GiftListAPI/api/user/login HTTP/1.1" 200 1832
0:0:0:0:0:0:0:1 - - [02/Jan/2023:18:22:40 +0100] "POST /Veltri_GiftList/authentication HTTP/1.1" 200 3350
127.0.0.1 - - [02/Jan/2023:18:22:40 +0100] "POST /Veltri_GiftListAPI/api/user/login HTTP/1.1" 200 1832
0:0:0:0:0:0:0:1 - - [02/Jan/2023:18:22:40 +0100] "POST /Veltri_GiftList/authentication HTTP/1.1" 200 3350
127.0.0.1 - - [02/Jan/2023:18:22:43 +0100] "GET /Veltri_GiftListAPI/api/giftList/findById?idGiftList=1 HTTP/1.1" 200 1559
0:0:0:0:0:0:0:1 - - [02/Jan/2023:18:22:43 +0100] "GET /Veltri_GiftList/getInfoList?orderId=1 HTTP/1.1" 200 6989
0:0:0:0:0:0:0:1 - - [02/Jan/2023:18:22:52 +0100] "GET /Veltri_GiftList/deconnection HTTP/1.1" 302 -
0:0:0:0:0:0:0:1 - - [02/Jan/2023:18:22:52 +0100] "GET /Veltri_GiftList/connection HTTP/1.1" 200 1366
0:0:0:0:0:0:0:1 - - [02/Jan/2023:18:22:55 +0100] "GET /Veltri_GiftList/inscription HTTP/1.1" 200 1676
0:0:0:0:0:0:0:1 - - [02/Jan/2023:18:27:51 +0100] "GET /Veltri_GiftList/inscription?idGiftList=1 HTTP/1.1" 200 1792
127.0.0.1 - - [02/Jan/2023:18:41:56 +0100] "GET / HTTP/1.1" 404 681
0:0:0:0:0:0:0:1 - - [02/Jan/2023:18:42:14 +0100] "GET /Veltri_GiftList/connection HTTP/1.1" 200 1366
127.0.0.1 - - [02/Jan/2023:18:42:26 +0100] "POST /Veltri_GiftListAPI/api/user/login HTTP/1.1" 200 1832
127.0.0.1 - - [02/Jan/2023:18:42:27 +0100] "POST /Veltri_GiftListAPI/api/user/login HTTP/1.1" 200 1832
0:0:0:0:0:0:0:1 - - [02/Jan/2023:18:42:27 +0100] "POST /Veltri_GiftList/authentication HTTP/1.1" 200 3350
0:0:0:0:0:0:0:1 - - [02/Jan/2023:18:42:29 +0100] "GET /Veltri_GiftList/deconnection HTTP/1.1" 302 -
0:0:0:0:0:0:0:1 - - [02/Jan/2023:18:42:29 +0100] "GET /Veltri_GiftList/connection HTTP/1.1" 200 1366
0:0:0:0:0:0:0:1 - - [02/Jan/2023:18:42:32 +0100] "GET /Veltri_GiftList/inscription HTTP/1.1" 200 1795
0:0:0:0:0:0:0:1 - - [02/Jan/2023:18:42:44 +0100] "GET /Veltri_GiftList/inscription?idGiftList=1 HTTP/1.1" 200 1792
127.0.0.1 - - [02/Jan/2023:18:43:13 +0100] "GET /Veltri_GiftListAPI/api/user/all HTTP/1.1" 200 845
127.0.0.1 - - [02/Jan/2023:18:43:13 +0100] "POST /Veltri_GiftListAPI/api/user/create HTTP/1.1" 201 4
127.0.0.1 - - [02/Jan/2023:18:43:14 +0100] "GET /Veltri_GiftListAPI/api/giftList/findById?idGiftList=1 HTTP/1.1" 200 1559
127.0.0.1 - - [02/Jan/2023:18:43:14 +0100] "POST /Veltri_GiftListAPI/api/user/login HTTP/1.1" 200 155
127.0.0.1 - - [02/Jan/2023:18:43:14 +0100] "POST /Veltri_GiftListAPI/api/user/addParticipation HTTP/1.1" 400 673
0:0:0:0:0:0:0:1 - - [02/Jan/2023:18:44:20 +0100] "POST /Veltri_GiftList/createUser HTTP/1.1" 500 3137
127.0.0.1 - - [02/Jan/2023:18:45:34 +0100] "GET /Veltri_GiftListAPI/api/user/all HTTP/1.1" 200 845
127.0.0.1 - - [02/Jan/2023:18:45:34 +0100] "POST /Veltri_GiftListAPI/api/user/create HTTP/1.1" 201 4
127.0.0.1 - - [02/Jan/2023:18:45:35 +0100] "GET /Veltri_GiftListAPI/api/giftList/findById?idGiftList=1 HTTP/1.1" 200 1559
127.0.0.1 - - [02/Jan/2023:18:45:35 +0100] "POST /Veltri_GiftListAPI/api/user/login HTTP/1.1" 200 155
127.0.0.1 - - [02/Jan/2023:18:45:35 +0100] "POST /Veltri_GiftListAPI/api/user/addParticipation HTTP/1.1" 400 673
0:0:0:0:0:0:0:1 - - [02/Jan/2023:18:46:34 +0100] "POST /Veltri_GiftList/createUser HTTP/1.1" 500 3137
127.0.0.1 - - [02/Jan/2023:18:52:29 +0100] "GET / HTTP/1.1" 404 681
127.0.0.1 - - [02/Jan/2023:18:53:22 +0100] "GET /Veltri_GiftListAPI/api/user/all HTTP/1.1" 200 845
127.0.0.1 - - [02/Jan/2023:18:53:23 +0100] "POST /Veltri_GiftListAPI/api/user/create HTTP/1.1" 201 4
127.0.0.1 - - [02/Jan/2023:18:53:23 +0100] "GET /Veltri_GiftListAPI/api/giftList/findById?idGiftList=1 HTTP/1.1" 200 1559
127.0.0.1 - - [02/Jan/2023:18:53:24 +0100] "POST /Veltri_GiftListAPI/api/user/find HTTP/1.1" 200 156
127.0.0.1 - - [02/Jan/2023:18:53:24 +0100] "POST /Veltri_GiftListAPI/api/user/addParticipation HTTP/1.1" 200 4
0:0:0:0:0:0:0:1 - - [02/Jan/2023:18:53:24 +0100] "POST /Veltri_GiftList/createUser HTTP/1.1" 500 3137
0:0:0:0:0:0:0:1 - - [02/Jan/2023:18:54:13 +0100] "GET /Veltri_GiftList/home HTTP/1.1" 500 3111
0:0:0:0:0:0:0:1 - - [02/Jan/2023:18:54:17 +0100] "GET /Veltri_GiftList/connection HTTP/1.1" 200 1366
127.0.0.1 - - [02/Jan/2023:18:54:23 +0100] "POST /Veltri_GiftListAPI/api/user/login HTTP/1.1" 200 156
127.0.0.1 - - [02/Jan/2023:18:54:23 +0100] "POST /Veltri_GiftListAPI/api/user/login HTTP/1.1" 200 156
0:0:0:0:0:0:0:1 - - [02/Jan/2023:18:54:23 +0100] "POST /Veltri_GiftList/authentication HTTP/1.1" 200 2494
127.0.0.1 - - [02/Jan/2023:18:54:27 +0100] "POST /Veltri_GiftListAPI/api/user/login HTTP/1.1" 200 156
0:0:0:0:0:0:0:1 - - [02/Jan/2023:18:54:27 +0100] "GET /Veltri_GiftList/home HTTP/1.1" 200 2494
127.0.0.1 - - [02/Jan/2023:18:54:29 +0100] "POST /Veltri_GiftListAPI/api/user/login HTTP/1.1" 200 156
0:0:0:0:0:0:0:1 - - [02/Jan/2023:18:54:29 +0100] "GET /Veltri_GiftList/home HTTP/1.1" 200 2494
0:0:0:0:0:0:0:1 - - [02/Jan/2023:18:56:04 +0100] "GET /Veltri_GiftList/deconnection HTTP/1.1" 302 -
0:0:0:0:0:0:0:1 - - [02/Jan/2023:18:56:05 +0100] "GET /Veltri_GiftList/connection HTTP/1.1" 200 1366
0:0:0:0:0:0:0:1 - - [02/Jan/2023:18:56:07 +0100] "GET /Veltri_GiftList/inscription HTTP/1.1" 200 1795
0:0:0:0:0:0:0:1 - - [02/Jan/2023:18:56:11 +0100] "GET /Veltri_GiftList/inscription?idGiftList=1 HTTP/1.1" 200 1792
127.0.0.1 - - [02/Jan/2023:18:56:21 +0100] "GET /Veltri_GiftListAPI/api/user/all HTTP/1.1" 200 845
127.0.0.1 - - [02/Jan/2023:18:56:22 +0100] "POST /Veltri_GiftListAPI/api/user/create HTTP/1.1" 201 4
127.0.0.1 - - [02/Jan/2023:18:56:23 +0100] "GET /Veltri_GiftListAPI/api/giftList/findById?idGiftList=1 HTTP/1.1" 200 1559
127.0.0.1 - - [02/Jan/2023:18:56:23 +0100] "POST /Veltri_GiftListAPI/api/user/find HTTP/1.1" 200 156
127.0.0.1 - - [02/Jan/2023:18:56:28 +0100] "POST /Veltri_GiftListAPI/api/user/addParticipation HTTP/1.1" 200 4
0:0:0:0:0:0:0:1 - - [02/Jan/2023:18:56:28 +0100] "POST /Veltri_GiftList/createUser HTTP/1.1" 200 2494
127.0.0.1 - - [02/Jan/2023:18:56:36 +0100] "POST /Veltri_GiftListAPI/api/user/login HTTP/1.1" 200 156
0:0:0:0:0:0:0:1 - - [02/Jan/2023:18:56:36 +0100] "GET /Veltri_GiftList/home HTTP/1.1" 200 2494
0:0:0:0:0:0:0:1 - - [02/Jan/2023:19:02:05 +0100] "GET /Veltri_GiftList/deconnection HTTP/1.1" 302 -
0:0:0:0:0:0:0:1 - - [02/Jan/2023:19:02:05 +0100] "GET /Veltri_GiftList/connection HTTP/1.1" 200 1366
0:0:0:0:0:0:0:1 - - [02/Jan/2023:19:02:07 +0100] "GET /Veltri_GiftList/inscription HTTP/1.1" 200 1795
127.0.0.1 - - [02/Jan/2023:19:03:09 +0100] "POST /Veltri_GiftListAPI/api/user/login HTTP/1.1" 204 -
0:0:0:0:0:0:0:1 - - [02/Jan/2023:19:03:09 +0100] "POST /Veltri_GiftList/authentication HTTP/1.1" 200 1466
127.0.0.1 - - [02/Jan/2023:19:03:43 +0100] "GET / HTTP/1.1" 404 681
127.0.0.1 - - [02/Jan/2023:19:04:03 +0100] "POST /Veltri_GiftListAPI/api/user/login HTTP/1.1" 200 1832
127.0.0.1 - - [02/Jan/2023:19:04:04 +0100] "POST /Veltri_GiftListAPI/api/user/login HTTP/1.1" 200 1832
0:0:0:0:0:0:0:1 - - [02/Jan/2023:19:04:04 +0100] "POST /Veltri_GiftList/authentication HTTP/1.1" 200 3350
127.0.0.1 - - [02/Jan/2023:19:04:09 +0100] "GET /Veltri_GiftListAPI/api/giftList/findById?idGiftList=1 HTTP/1.1" 200 1716
0:0:0:0:0:0:0:1 - - [02/Jan/2023:19:04:10 +0100] "GET /Veltri_GiftList/getInfoList?orderId=1 HTTP/1.1" 200 7264
0:0:0:0:0:0:0:1 - - [02/Jan/2023:19:04:16 +0100] "GET /Veltri_GiftList/addParticipant?idGiftList=1 HTTP/1.1" 500 3558
0:0:0:0:0:0:0:1 - - [02/Jan/2023:19:04:40 +0100] "GET /Veltri_GiftList/addParticipant?idGiftList=1 HTTP/1.1" 200 2889
0:0:0:0:0:0:0:1 - - [02/Jan/2023:19:04:40 +0100] "GET /Veltri_GiftList/CSS/addParticipantCSS.css HTTP/1.1" 304 -
0:0:0:0:0:0:0:1 - - [02/Jan/2023:19:04:40 +0100] "GET /Veltri_GiftList/IMG/search.png HTTP/1.1" 304 -
0:0:0:0:0:0:0:1 - - [02/Jan/2023:19:05:11 +0100] "GET /Veltri_GiftList/addParticipant?idGiftList=1 HTTP/1.1" 200 2888
0:0:0:0:0:0:0:1 - - [02/Jan/2023:19:05:15 +0100] "GET /Veltri_GiftList/inscription?idGiftList=1 HTTP/1.1" 200 1792
0:0:0:0:0:0:0:1 - - [02/Jan/2023:19:10:34 +0100] "GET /Veltri_GiftList/addParticipant?idGiftList=1 HTTP/1.1" 200 3158
0:0:0:0:0:0:0:1 - - [02/Jan/2023:19:12:21 +0100] "GET /Veltri_GiftList/addParticipant?idGiftList=1 HTTP/1.1" 200 3241
0:0:0:0:0:0:0:1 - - [02/Jan/2023:19:12:21 +0100] "GET /Veltri_GiftList/IMG/copy.png HTTP/1.1" 200 332
0:0:0:0:0:0:0:1 - - [02/Jan/2023:19:12:41 +0100] "GET /Veltri_GiftList/addParticipant?idGiftList=1 HTTP/1.1" 200 3213
0:0:0:0:0:0:0:1 - - [02/Jan/2023:19:12:42 +0100] "GET /Veltri_GiftList/IMG/copy.png HTTP/1.1" 304 -
0:0:0:0:0:0:0:1 - - [02/Jan/2023:19:13:20 +0100] "GET /Veltri_GiftList/addParticipant?idGiftList=1 HTTP/1.1" 200 3213
0:0:0:0:0:0:0:1 - - [02/Jan/2023:19:13:20 +0100] "GET /Veltri_GiftList/IMG/copy.png HTTP/1.1" 304 -
0:0:0:0:0:0:0:1 - - [02/Jan/2023:19:13:34 +0100] "GET /Veltri_GiftList/addParticipant?idGiftList=1 HTTP/1.1" 200 3241
0:0:0:0:0:0:0:1 - - [02/Jan/2023:19:13:34 +0100] "GET /Veltri_GiftList/IMG/copy.png HTTP/1.1" 304 -
0:0:0:0:0:0:0:1 - - [02/Jan/2023:19:13:56 +0100] "GET /Veltri_GiftList/addParticipant?idGiftList=1 HTTP/1.1" 200 3241
0:0:0:0:0:0:0:1 - - [02/Jan/2023:19:13:56 +0100] "GET /Veltri_GiftList/IMG/copy.png HTTP/1.1" 304 -
0:0:0:0:0:0:0:1 - - [02/Jan/2023:19:13:57 +0100] "GET /Veltri_GiftList/addParticipant?idGiftList=1 HTTP/1.1" 200 3241
0:0:0:0:0:0:0:1 - - [02/Jan/2023:19:14:07 +0100] "GET /Veltri_GiftList/addParticipant?idGiftList=1 HTTP/1.1" 200 3241
0:0:0:0:0:0:0:1 - - [02/Jan/2023:19:14:08 +0100] "GET /Veltri_GiftList/addParticipant?idGiftList=1 HTTP/1.1" 200 3241
0:0:0:0:0:0:0:1 - - [02/Jan/2023:19:14:09 +0100] "GET /Veltri_GiftList/addParticipant?idGiftList=1 HTTP/1.1" 200 3241
0:0:0:0:0:0:0:1 - - [02/Jan/2023:19:14:22 +0100] "GET /Veltri_GiftList/addParticipant?idGiftList=1 HTTP/1.1" 200 3241
0:0:0:0:0:0:0:1 - - [02/Jan/2023:19:14:22 +0100] "GET /Veltri_GiftList/IMG/copy.png HTTP/1.1" 304 -
0:0:0:0:0:0:0:1 - - [02/Jan/2023:19:16:00 +0100] "GET /Veltri_GiftList/addParticipant?idGiftList=1 HTTP/1.1" 200 3245
0:0:0:0:0:0:0:1 - - [02/Jan/2023:19:16:00 +0100] "GET /Veltri_GiftList/IMG/copy.png HTTP/1.1" 304 -
127.0.0.1 - - [02/Jan/2023:19:17:01 +0100] "GET / HTTP/1.1" 404 681
0:0:0:0:0:0:0:1 - - [02/Jan/2023:19:17:01 +0100] "GET /Veltri_GiftList/connection HTTP/1.1" 200 1366
127.0.0.1 - - [02/Jan/2023:19:17:12 +0100] "POST /Veltri_GiftListAPI/api/user/login HTTP/1.1" 200 1832
127.0.0.1 - - [02/Jan/2023:19:17:13 +0100] "POST /Veltri_GiftListAPI/api/user/login HTTP/1.1" 200 1832
0:0:0:0:0:0:0:1 - - [02/Jan/2023:19:17:13 +0100] "POST /Veltri_GiftList/authentication HTTP/1.1" 200 3350
127.0.0.1 - - [02/Jan/2023:19:17:17 +0100] "GET /Veltri_GiftListAPI/api/giftList/findById?idGiftList=1 HTTP/1.1" 200 1716
0:0:0:0:0:0:0:1 - - [02/Jan/2023:19:17:18 +0100] "GET /Veltri_GiftList/getInfoList?orderId=1 HTTP/1.1" 200 7264
0:0:0:0:0:0:0:1 - - [02/Jan/2023:19:17:19 +0100] "GET /Veltri_GiftList/addParticipant?idGiftList=1 HTTP/1.1" 200 3245
0:0:0:0:0:0:0:1 - - [02/Jan/2023:19:17:19 +0100] "GET /Veltri_GiftList/IMG/copy.png HTTP/1.1" 304 -
0:0:0:0:0:0:0:1 - - [02/Jan/2023:19:19:03 +0100] "GET /Veltri_GiftList/addParticipant?idGiftList=1 HTTP/1.1" 200 3243
0:0:0:0:0:0:0:1 - - [02/Jan/2023:19:19:03 +0100] "GET /Veltri_GiftList/IMG/copy.png HTTP/1.1" 304 -
0:0:0:0:0:0:0:1 - - [02/Jan/2023:19:19:09 +0100] "GET /Veltri_GiftList/addParticipant?idGiftList=1 HTTP/1.1" 200 3243
0:0:0:0:0:0:0:1 - - [02/Jan/2023:19:19:09 +0100] "GET /Veltri_GiftList/CSS/addParticipantCSS.css HTTP/1.1" 200 1375
0:0:0:0:0:0:0:1 - - [02/Jan/2023:19:19:09 +0100] "GET /Veltri_GiftList/IMG/logOut.png HTTP/1.1" 200 1901
0:0:0:0:0:0:0:1 - - [02/Jan/2023:19:19:09 +0100] "GET /Veltri_GiftList/IMG/copy.png HTTP/1.1" 200 332
0:0:0:0:0:0:0:1 - - [02/Jan/2023:19:19:09 +0100] "GET /Veltri_GiftList/IMG/search.png HTTP/1.1" 200 26826
0:0:0:0:0:0:0:1 - - [02/Jan/2023:19:19:09 +0100] "GET /favicon.ico HTTP/1.1" 404 692
0:0:0:0:0:0:0:1 - - [02/Jan/2023:19:19:23 +0100] "GET /Veltri_GiftList/addParticipant?idGiftList=1 HTTP/1.1" 200 3242
0:0:0:0:0:0:0:1 - - [02/Jan/2023:19:20:01 +0100] "GET /Veltri_GiftList/addParticipant?idGiftList=1 HTTP/1.1" 200 3220
0:0:0:0:0:0:0:1 - - [02/Jan/2023:19:20:01 +0100] "GET /Veltri_GiftList/CSS/addParticipantCSS.css HTTP/1.1" 304 -
0:0:0:0:0:0:0:1 - - [02/Jan/2023:19:20:01 +0100] "GET /Veltri_GiftList/IMG/copy.png HTTP/1.1" 304 -
0:0:0:0:0:0:0:1 - - [02/Jan/2023:19:20:04 +0100] "GET /Veltri_GiftList/addParticipant?idGiftList=1 HTTP/1.1" 200 3220
0:0:0:0:0:0:0:1 - - [02/Jan/2023:19:20:46 +0100] "GET /Veltri_GiftList/addParticipant?idGiftList=1 HTTP/1.1" 200 3220
0:0:0:0:0:0:0:1 - - [02/Jan/2023:19:20:46 +0100] "GET /Veltri_GiftList/CSS/addParticipantCSS.css HTTP/1.1" 304 -
0:0:0:0:0:0:0:1 - - [02/Jan/2023:19:21:55 +0100] "GET /Veltri_GiftList/addList HTTP/1.1" 200 4786
