127.0.0.1 - - [06/Jan/2023:10:48:06 +0100] "GET / HTTP/1.1" 404 681
0:0:0:0:0:0:0:1 - - [06/Jan/2023:10:49:20 +0100] "GET /Veltri_GiftList/connection HTTP/1.1" 200 1366
0:0:0:0:0:0:0:1 - - [06/Jan/2023:10:49:20 +0100] "GET /favicon.ico HTTP/1.1" 404 692
127.0.0.1 - - [06/Jan/2023:10:49:31 +0100] "POST /Veltri_GiftListAPI/api/user/login HTTP/1.1" 200 1676
0:0:0:0:0:0:0:1 - - [06/Jan/2023:10:49:32 +0100] "POST /Veltri_GiftList/authentication HTTP/1.1" 302 -
127.0.0.1 - - [06/Jan/2023:10:49:33 +0100] "POST /Veltri_GiftListAPI/api/user/login HTTP/1.1" 200 1676
0:0:0:0:0:0:0:1 - - [06/Jan/2023:10:49:35 +0100] "GET /Veltri_GiftList/home HTTP/1.1" 200 2869
127.0.0.1 - - [06/Jan/2023:10:49:39 +0100] "GET /Veltri_GiftListAPI/api/giftList/findById?idGiftList=102 HTTP/1.1" 200 231195
0:0:0:0:0:0:0:1 - - [06/Jan/2023:10:49:39 +0100] "GET /Veltri_GiftList/getInfoListParticipant?orderId=102 HTTP/1.1" 302 -
0:0:0:0:0:0:0:1 - - [06/Jan/2023:10:49:40 +0100] "GET /Veltri_GiftList/infoListParticipant HTTP/1.1" 200 13122
0:0:0:0:0:0:0:1 - - [06/Jan/2023:10:49:40 +0100] "GET /Veltri_GiftList/CSS/infoListCSS.css HTTP/1.1" 304 -
0:0:0:0:0:0:0:1 - - [06/Jan/2023:10:49:40 +0100] "GET /Veltri_GiftList/IMG/reserve.png HTTP/1.1" 200 89527
0:0:0:0:0:0:0:1 - - [06/Jan/2023:10:49:51 +0100] "GET /Veltri_GiftList/addReserve?idGift=143&idGiftList=102 HTTP/1.1" 200 1854
0:0:0:0:0:0:0:1 - - [06/Jan/2023:10:50:00 +0100] "GET /Veltri_GiftList/addReserve?idGift=142&idGiftList=102 HTTP/1.1" 200 1854
0:0:0:0:0:0:0:1 - - [06/Jan/2023:10:50:21 +0100] "GET /Veltri_GiftList/infoListParticipant HTTP/1.1" 200 13122
0:0:0:0:0:0:0:1 - - [06/Jan/2023:10:50:23 +0100] "GET /Veltri_GiftList/addReserve?idGift=143&idGiftList=102 HTTP/1.1" 200 1879
0:0:0:0:0:0:0:1 - - [06/Jan/2023:10:50:44 +0100] "GET /Veltri_GiftList/addReserve?idGift=143&idGiftList=102 HTTP/1.1" 200 1932
0:0:0:0:0:0:0:1 - - [06/Jan/2023:10:56:18 +0100] "GET /Veltri_GiftList/infoListParticipant HTTP/1.1" 200 13118
0:0:0:0:0:0:0:1 - - [06/Jan/2023:10:56:18 +0100] "GET /Veltri_GiftList/IMG/reserve.png HTTP/1.1" 304 -
0:0:0:0:0:0:0:1 - - [06/Jan/2023:10:56:19 +0100] "GET /Veltri_GiftList/infoListParticipant HTTP/1.1" 200 13118
0:0:0:0:0:0:0:1 - - [06/Jan/2023:10:57:03 +0100] "GET /Veltri_GiftList/infoListParticipant HTTP/1.1" 200 13130
0:0:0:0:0:0:0:1 - - [06/Jan/2023:10:57:05 +0100] "GET /Veltri_GiftList/null HTTP/1.1" 404 705
0:0:0:0:0:0:0:1 - - [06/Jan/2023:10:58:19 +0100] "GET /Veltri_GiftList/infoListParticipant HTTP/1.1" 200 13132
0:0:0:0:0:0:0:1 - - [06/Jan/2023:11:00:51 +0100] "GET /Veltri_GiftList/infoListParticipant HTTP/1.1" 200 13132
0:0:0:0:0:0:0:1 - - [06/Jan/2023:11:00:51 +0100] "GET /Veltri_GiftList/IMG/reserve.png HTTP/1.1" 304 -
127.0.0.1 - - [06/Jan/2023:11:01:33 +0100] "GET / HTTP/1.1" 404 681
0:0:0:0:0:0:0:1 - - [06/Jan/2023:11:01:34 +0100] "GET /Veltri_GiftList/connection HTTP/1.1" 200 1366
127.0.0.1 - - [06/Jan/2023:11:01:45 +0100] "POST /Veltri_GiftListAPI/api/user/login HTTP/1.1" 200 1676
0:0:0:0:0:0:0:1 - - [06/Jan/2023:11:01:45 +0100] "POST /Veltri_GiftList/authentication HTTP/1.1" 302 -
127.0.0.1 - - [06/Jan/2023:11:01:46 +0100] "POST /Veltri_GiftListAPI/api/user/login HTTP/1.1" 200 1676
0:0:0:0:0:0:0:1 - - [06/Jan/2023:11:01:46 +0100] "GET /Veltri_GiftList/home HTTP/1.1" 200 2869
127.0.0.1 - - [06/Jan/2023:11:01:48 +0100] "GET /Veltri_GiftListAPI/api/giftList/findById?idGiftList=102 HTTP/1.1" 200 217548
0:0:0:0:0:0:0:1 - - [06/Jan/2023:11:01:48 +0100] "GET /Veltri_GiftList/getInfoListParticipant?orderId=102 HTTP/1.1" 302 -
127.0.0.1 - - [06/Jan/2023:11:01:49 +0100] "POST /Veltri_GiftListAPI/api/user/login HTTP/1.1" 200 1676
0:0:0:0:0:0:0:1 - - [06/Jan/2023:11:01:49 +0100] "GET /Veltri_GiftList/home HTTP/1.1" 200 2869
127.0.0.1 - - [06/Jan/2023:11:01:52 +0100] "GET /Veltri_GiftListAPI/api/giftList/findById?idGiftList=102 HTTP/1.1" 200 270430
0:0:0:0:0:0:0:1 - - [06/Jan/2023:11:01:52 +0100] "GET /Veltri_GiftList/getInfoListParticipant?orderId=102 HTTP/1.1" 302 -
0:0:0:0:0:0:0:1 - - [06/Jan/2023:11:01:52 +0100] "GET /Veltri_GiftList/infoListParticipant HTTP/1.1" 200 13134
0:0:0:0:0:0:0:1 - - [06/Jan/2023:11:26:03 +0100] "GET /Veltri_GiftList/infoListParticipant HTTP/1.1" 500 5650
0:0:0:0:0:0:0:1 - - [06/Jan/2023:11:26:19 +0100] "GET /Veltri_GiftList/connection HTTP/1.1" 200 1366
127.0.0.1 - - [06/Jan/2023:11:26:53 +0100] "GET / HTTP/1.1" 404 681
0:0:0:0:0:0:0:1 - - [06/Jan/2023:11:26:55 +0100] "GET /Veltri_GiftList/connection HTTP/1.1" 200 1366
127.0.0.1 - - [06/Jan/2023:11:27:00 +0100] "POST /Veltri_GiftListAPI/api/user/login HTTP/1.1" 500 4224
0:0:0:0:0:0:0:1 - - [06/Jan/2023:11:27:00 +0100] "POST /Veltri_GiftList/authentication HTTP/1.1" 302 -
0:0:0:0:0:0:0:1 - - [06/Jan/2023:11:27:00 +0100] "GET /Veltri_GiftList/connection HTTP/1.1" 200 1467
127.0.0.1 - - [06/Jan/2023:11:27:05 +0100] "POST /Veltri_GiftListAPI/api/user/login HTTP/1.1" 200 1676
0:0:0:0:0:0:0:1 - - [06/Jan/2023:11:27:06 +0100] "POST /Veltri_GiftList/authentication HTTP/1.1" 302 -
127.0.0.1 - - [06/Jan/2023:11:27:06 +0100] "POST /Veltri_GiftListAPI/api/user/login HTTP/1.1" 200 1676
0:0:0:0:0:0:0:1 - - [06/Jan/2023:11:27:06 +0100] "GET /Veltri_GiftList/home HTTP/1.1" 200 2869
127.0.0.1 - - [06/Jan/2023:11:27:09 +0100] "GET /Veltri_GiftListAPI/api/giftList/findById?idGiftList=102 HTTP/1.1" 200 228540
0:0:0:0:0:0:0:1 - - [06/Jan/2023:11:27:09 +0100] "GET /Veltri_GiftList/getInfoListParticipant?orderId=102 HTTP/1.1" 302 -
0:0:0:0:0:0:0:1 - - [06/Jan/2023:11:27:09 +0100] "GET /Veltri_GiftList/infoListParticipant HTTP/1.1" 200 13134
0:0:0:0:0:0:0:1 - - [06/Jan/2023:11:27:09 +0100] "GET /Veltri_GiftList/IMG/reserve.png HTTP/1.1" 304 -
127.0.0.1 - - [06/Jan/2023:11:27:12 +0100] "GET /Veltri_GiftListAPI/api/gift/findById?idGift=143 HTTP/1.1" 200 216494
0:0:0:0:0:0:0:1 - - [06/Jan/2023:11:27:12 +0100] "GET /Veltri_GiftList/addReserve?idGift=143 HTTP/1.1" 200 1932
127.0.0.1 - - [06/Jan/2023:11:27:16 +0100] "GET /Veltri_GiftListAPI/api/gift/findById?idGift=142 HTTP/1.1" 200 9714
0:0:0:0:0:0:0:1 - - [06/Jan/2023:11:27:16 +0100] "GET /Veltri_GiftList/addReserve?idGift=142 HTTP/1.1" 200 1932
0:0:0:0:0:0:0:1 - - [06/Jan/2023:11:27:25 +0100] "GET /Veltri_GiftList/infoListParticipant HTTP/1.1" 200 13134
127.0.0.1 - - [06/Jan/2023:11:27:26 +0100] "GET /Veltri_GiftListAPI/api/gift/findById?idGift=142 HTTP/1.1" 200 9714
0:0:0:0:0:0:0:1 - - [06/Jan/2023:11:27:28 +0100] "GET /Veltri_GiftList/addReserve?idGift=142 HTTP/1.1" 200 2274
0:0:0:0:0:0:0:1 - - [06/Jan/2023:11:28:01 +0100] "GET /Veltri_GiftList/addReserve?partially= HTTP/1.1" 500 1325
0:0:0:0:0:0:0:1 - - [06/Jan/2023:11:28:16 +0100] "GET /Veltri_GiftList/addReserve?partially= HTTP/1.1" 500 1325
127.0.0.1 - - [06/Jan/2023:11:28:46 +0100] "GET /Veltri_GiftListAPI/api/gift/findById?idGift=143 HTTP/1.1" 200 274031
0:0:0:0:0:0:0:1 - - [06/Jan/2023:11:28:46 +0100] "GET /Veltri_GiftList/addReserve?idGift=143 HTTP/1.1" 500 1352
0:0:0:0:0:0:0:1 - - [06/Jan/2023:11:28:52 +0100] "GET /Veltri_GiftList/infoListParticipant HTTP/1.1" 200 13134
127.0.0.1 - - [06/Jan/2023:11:28:54 +0100] "GET /Veltri_GiftListAPI/api/gift/findById?idGift=142 HTTP/1.1" 200 9714
0:0:0:0:0:0:0:1 - - [06/Jan/2023:11:28:54 +0100] "GET /Veltri_GiftList/addReserve?idGift=142 HTTP/1.1" 200 2274
127.0.0.1 - - [06/Jan/2023:11:28:57 +0100] "GET /Veltri_GiftListAPI/api/gift/findById?idGift=143 HTTP/1.1" 200 417351
0:0:0:0:0:0:0:1 - - [06/Jan/2023:11:28:57 +0100] "GET /Veltri_GiftList/addReserve?idGift=143 HTTP/1.1" 500 107041
127.0.0.1 - - [06/Jan/2023:11:29:14 +0100] "GET /Veltri_GiftListAPI/api/gift/findById?idGift=143 HTTP/1.1" 200 417203
0:0:0:0:0:0:0:1 - - [06/Jan/2023:11:29:15 +0100] "GET /Veltri_GiftList/addReserve?idGift=143 HTTP/1.1" 500 1352
127.0.0.1 - - [06/Jan/2023:11:29:52 +0100] "GET /Veltri_GiftListAPI/api/gift/findById?idGift=143 HTTP/1.1" 200 473657
0:0:0:0:0:0:0:1 - - [06/Jan/2023:11:29:52 +0100] "GET /Veltri_GiftList/addReserve?idGift=143 HTTP/1.1" 500 107081
127.0.0.1 - - [06/Jan/2023:11:29:56 +0100] "GET /Veltri_GiftListAPI/api/gift/findById?idGift=143 HTTP/1.1" 200 474107
0:0:0:0:0:0:0:1 - - [06/Jan/2023:11:29:56 +0100] "GET /Veltri_GiftList/addReserve?idGift=143 HTTP/1.1" 500 107030
0:0:0:0:0:0:0:1 - - [06/Jan/2023:11:29:58 +0100] "GET /Veltri_GiftList/infoListParticipant HTTP/1.1" 200 13134
127.0.0.1 - - [06/Jan/2023:11:30:00 +0100] "GET /Veltri_GiftListAPI/api/gift/findById?idGift=143 HTTP/1.1" 200 473703
0:0:0:0:0:0:0:1 - - [06/Jan/2023:11:30:00 +0100] "GET /Veltri_GiftList/addReserve?idGift=143 HTTP/1.1" 500 107062
0:0:0:0:0:0:0:1 - - [06/Jan/2023:11:30:03 +0100] "GET /Veltri_GiftList/infoListParticipant HTTP/1.1" 200 13134
127.0.0.1 - - [06/Jan/2023:11:30:05 +0100] "GET /Veltri_GiftListAPI/api/gift/findById?idGift=142 HTTP/1.1" 200 9714
0:0:0:0:0:0:0:1 - - [06/Jan/2023:11:30:05 +0100] "GET /Veltri_GiftList/addReserve?idGift=142 HTTP/1.1" 200 2274
127.0.0.1 - - [06/Jan/2023:11:30:08 +0100] "GET /Veltri_GiftListAPI/api/gift/findById?idGift=143 HTTP/1.1" 200 474107
0:0:0:0:0:0:0:1 - - [06/Jan/2023:11:30:08 +0100] "GET /Veltri_GiftList/addReserve?idGift=143 HTTP/1.1" 500 107062
127.0.0.1 - - [06/Jan/2023:11:30:13 +0100] "GET /Veltri_GiftListAPI/api/gift/findById?idGift=142 HTTP/1.1" 200 9714
0:0:0:0:0:0:0:1 - - [06/Jan/2023:11:30:13 +0100] "GET /Veltri_GiftList/addReserve?idGift=142 HTTP/1.1" 200 2274
127.0.0.1 - - [06/Jan/2023:11:30:17 +0100] "GET /Veltri_GiftListAPI/api/gift/findById?idGift=143 HTTP/1.1" 200 473794
0:0:0:0:0:0:0:1 - - [06/Jan/2023:11:30:17 +0100] "GET /Veltri_GiftList/addReserve?idGift=143 HTTP/1.1" 500 107081
127.0.0.1 - - [06/Jan/2023:11:30:20 +0100] "GET /Veltri_GiftListAPI/api/gift/findById?idGift=143 HTTP/1.1" 200 473374
0:0:0:0:0:0:0:1 - - [06/Jan/2023:11:30:20 +0100] "GET /Veltri_GiftList/addReserve?idGift=143 HTTP/1.1" 500 107062
127.0.0.1 - - [06/Jan/2023:11:31:00 +0100] "GET / HTTP/1.1" 404 681
0:0:0:0:0:0:0:1 - - [06/Jan/2023:11:31:02 +0100] "GET /Veltri_GiftList/connection HTTP/1.1" 200 1366
127.0.0.1 - - [06/Jan/2023:11:31:19 +0100] "POST /Veltri_GiftListAPI/api/user/login HTTP/1.1" 200 1676
0:0:0:0:0:0:0:1 - - [06/Jan/2023:11:31:19 +0100] "POST /Veltri_GiftList/authentication HTTP/1.1" 302 -
127.0.0.1 - - [06/Jan/2023:11:31:19 +0100] "POST /Veltri_GiftListAPI/api/user/login HTTP/1.1" 200 1676
0:0:0:0:0:0:0:1 - - [06/Jan/2023:11:31:19 +0100] "GET /Veltri_GiftList/home HTTP/1.1" 200 2869
127.0.0.1 - - [06/Jan/2023:11:31:21 +0100] "GET /Veltri_GiftListAPI/api/giftList/findById?idGiftList=50 HTTP/1.1" 200 833
0:0:0:0:0:0:0:1 - - [06/Jan/2023:11:31:21 +0100] "GET /Veltri_GiftList/getInfoListParticipant?orderId=50 HTTP/1.1" 302 -
0:0:0:0:0:0:0:1 - - [06/Jan/2023:11:31:21 +0100] "GET /Veltri_GiftList/infoListParticipant HTTP/1.1" 200 2438
127.0.0.1 - - [06/Jan/2023:11:31:24 +0100] "GET /Veltri_GiftListAPI/api/giftList/findById?idGiftList=102 HTTP/1.1" 200 224939
0:0:0:0:0:0:0:1 - - [06/Jan/2023:11:31:24 +0100] "GET /Veltri_GiftList/getInfoListParticipant?orderId=102 HTTP/1.1" 302 -
0:0:0:0:0:0:0:1 - - [06/Jan/2023:11:31:24 +0100] "GET /Veltri_GiftList/infoListParticipant HTTP/1.1" 200 13134
127.0.0.1 - - [06/Jan/2023:11:31:27 +0100] "GET /Veltri_GiftListAPI/api/gift/findById?idGift=143 HTTP/1.1" 200 220957
0:0:0:0:0:0:0:1 - - [06/Jan/2023:11:31:27 +0100] "GET /Veltri_GiftList/addReserve?idGift=143 HTTP/1.1" 200 2044
127.0.0.1 - - [06/Jan/2023:11:31:53 +0100] "GET /Veltri_GiftListAPI/api/gift/findById?idGift=143 HTTP/1.1" 200 274031
0:0:0:0:0:0:0:1 - - [06/Jan/2023:11:31:53 +0100] "GET /Veltri_GiftList/addReserve?idGift=143 HTTP/1.1" 500 1352
127.0.0.1 - - [06/Jan/2023:11:32:01 +0100] "GET /Veltri_GiftListAPI/api/gift/findById?idGift=143 HTTP/1.1" 200 417049
0:0:0:0:0:0:0:1 - - [06/Jan/2023:11:32:01 +0100] "GET /Veltri_GiftList/addReserve?idGift=143 HTTP/1.1" 500 107077
127.0.0.1 - - [06/Jan/2023:11:32:09 +0100] "GET /Veltri_GiftListAPI/api/giftList/findById?idGiftList=102 HTTP/1.1" 200 361911
0:0:0:0:0:0:0:1 - - [06/Jan/2023:11:32:09 +0100] "GET /Veltri_GiftList/getInfoListParticipant?orderId=102 HTTP/1.1" 302 -
0:0:0:0:0:0:0:1 - - [06/Jan/2023:11:32:09 +0100] "GET /Veltri_GiftList/infoListParticipant HTTP/1.1" 200 13134
127.0.0.1 - - [06/Jan/2023:11:32:11 +0100] "GET /Veltri_GiftListAPI/api/gift/findById?idGift=143 HTTP/1.1" 200 353844
0:0:0:0:0:0:0:1 - - [06/Jan/2023:11:32:13 +0100] "GET /Veltri_GiftList/addReserve?idGift=143 HTTP/1.1" 200 2144
127.0.0.1 - - [06/Jan/2023:11:32:30 +0100] "GET /Veltri_GiftListAPI/api/gift/findById?idGift=142 HTTP/1.1" 200 9714
0:0:0:0:0:0:0:1 - - [06/Jan/2023:11:32:30 +0100] "GET /Veltri_GiftList/addReserve?idGift=142 HTTP/1.1" 200 2276
127.0.0.1 - - [06/Jan/2023:11:32:33 +0100] "GET /Veltri_GiftListAPI/api/gift/findById?idGift=143 HTTP/1.1" 200 353430
0:0:0:0:0:0:0:1 - - [06/Jan/2023:11:32:33 +0100] "GET /Veltri_GiftList/addReserve?idGift=143 HTTP/1.1" 200 2144
127.0.0.1 - - [06/Jan/2023:11:39:59 +0100] "GET / HTTP/1.1" 404 681
0:0:0:0:0:0:0:1 - - [06/Jan/2023:11:40:02 +0100] "GET /Veltri_GiftList/connection HTTP/1.1" 200 1366
127.0.0.1 - - [06/Jan/2023:11:40:08 +0100] "POST /Veltri_GiftListAPI/api/user/login HTTP/1.1" 200 1676
0:0:0:0:0:0:0:1 - - [06/Jan/2023:11:40:08 +0100] "POST /Veltri_GiftList/authentication HTTP/1.1" 302 -
127.0.0.1 - - [06/Jan/2023:11:40:09 +0100] "POST /Veltri_GiftListAPI/api/user/login HTTP/1.1" 200 1676
0:0:0:0:0:0:0:1 - - [06/Jan/2023:11:40:09 +0100] "GET /Veltri_GiftList/home HTTP/1.1" 200 2869
127.0.0.1 - - [06/Jan/2023:11:40:11 +0100] "GET /Veltri_GiftListAPI/api/giftList/findById?idGiftList=102 HTTP/1.1" 200 230383
0:0:0:0:0:0:0:1 - - [06/Jan/2023:11:40:11 +0100] "GET /Veltri_GiftList/getInfoListParticipant?orderId=102 HTTP/1.1" 302 -
0:0:0:0:0:0:0:1 - - [06/Jan/2023:11:40:11 +0100] "GET /Veltri_GiftList/infoListParticipant HTTP/1.1" 200 13134
0:0:0:0:0:0:0:1 - - [06/Jan/2023:11:40:11 +0100] "GET /Veltri_GiftList/IMG/reserve.png HTTP/1.1" 304 -
127.0.0.1 - - [06/Jan/2023:11:40:12 +0100] "GET /Veltri_GiftListAPI/api/gift/findById?idGift=142 HTTP/1.1" 200 9714
0:0:0:0:0:0:0:1 - - [06/Jan/2023:11:40:14 +0100] "GET /Veltri_GiftList/addReserve?idGift=142 HTTP/1.1" 200 2599
127.0.0.1 - - [06/Jan/2023:11:41:31 +0100] "GET /Veltri_GiftListAPI/api/gift/findById?idGift=142 HTTP/1.1" 200 9714
0:0:0:0:0:0:0:1 - - [06/Jan/2023:11:41:31 +0100] "GET /Veltri_GiftList/addReserve?idGift=142 HTTP/1.1" 200 2597
127.0.0.1 - - [06/Jan/2023:11:42:03 +0100] "GET /Veltri_GiftListAPI/api/gift/findById?idGift=142 HTTP/1.1" 200 9714
0:0:0:0:0:0:0:1 - - [06/Jan/2023:11:42:04 +0100] "GET /Veltri_GiftList/addReserve?idGift=142 HTTP/1.1" 200 2595
127.0.0.1 - - [06/Jan/2023:11:43:39 +0100] "GET /Veltri_GiftListAPI/api/gift/findById?idGift=142 HTTP/1.1" 200 9714
0:0:0:0:0:0:0:1 - - [06/Jan/2023:11:43:39 +0100] "GET /Veltri_GiftList/addReserve?idGift=142 HTTP/1.1" 200 2630
127.0.0.1 - - [06/Jan/2023:11:44:06 +0100] "GET /Veltri_GiftListAPI/api/gift/findById?idGift=142 HTTP/1.1" 200 9714
0:0:0:0:0:0:0:1 - - [06/Jan/2023:11:44:06 +0100] "GET /Veltri_GiftList/addReserve?idGift=142 HTTP/1.1" 200 2655
0:0:0:0:0:0:0:1 - - [06/Jan/2023:11:44:12 +0100] "GET /Veltri_GiftList/addReserve?partially=05 HTTP/1.1" 500 1325
127.0.0.1 - - [06/Jan/2023:11:44:49 +0100] "GET /Veltri_GiftListAPI/api/gift/findById?idGift=142 HTTP/1.1" 200 9714
0:0:0:0:0:0:0:1 - - [06/Jan/2023:11:44:49 +0100] "GET /Veltri_GiftList/addReserve?idGift=142 HTTP/1.1" 200 2655
0:0:0:0:0:0:0:1 - - [06/Jan/2023:11:45:11 +0100] "GET /Veltri_GiftList/infoListParticipant HTTP/1.1" 200 13134
127.0.0.1 - - [06/Jan/2023:11:45:13 +0100] "GET /Veltri_GiftListAPI/api/gift/findById?idGift=143 HTTP/1.1" 200 211987
0:0:0:0:0:0:0:1 - - [06/Jan/2023:11:45:13 +0100] "GET /Veltri_GiftList/addReserve?idGift=143 HTTP/1.1" 200 2521
127.0.0.1 - - [06/Jan/2023:11:45:35 +0100] "GET /Veltri_GiftListAPI/api/gift/findById?idGift=142 HTTP/1.1" 200 9714
0:0:0:0:0:0:0:1 - - [06/Jan/2023:11:45:35 +0100] "GET /Veltri_GiftList/addReserve?idGift=142 HTTP/1.1" 200 2655
127.0.0.1 - - [06/Jan/2023:12:20:15 +0100] "GET / HTTP/1.1" 404 681
0:0:0:0:0:0:0:1 - - [06/Jan/2023:12:20:19 +0100] "GET /Veltri_GiftList/connection HTTP/1.1" 200 1366
127.0.0.1 - - [06/Jan/2023:12:20:27 +0100] "POST /Veltri_GiftListAPI/api/user/login HTTP/1.1" 200 1676
0:0:0:0:0:0:0:1 - - [06/Jan/2023:12:20:27 +0100] "POST /Veltri_GiftList/authentication HTTP/1.1" 302 -
127.0.0.1 - - [06/Jan/2023:12:20:28 +0100] "POST /Veltri_GiftListAPI/api/user/login HTTP/1.1" 200 1676
0:0:0:0:0:0:0:1 - - [06/Jan/2023:12:20:28 +0100] "GET /Veltri_GiftList/home HTTP/1.1" 200 2869
127.0.0.1 - - [06/Jan/2023:12:20:30 +0100] "GET /Veltri_GiftListAPI/api/giftList/findById?idGiftList=102 HTTP/1.1" 200 232145
0:0:0:0:0:0:0:1 - - [06/Jan/2023:12:20:30 +0100] "GET /Veltri_GiftList/getInfoListParticipant?orderId=102 HTTP/1.1" 302 -
0:0:0:0:0:0:0:1 - - [06/Jan/2023:12:20:32 +0100] "GET /Veltri_GiftList/infoListParticipant HTTP/1.1" 200 13134
0:0:0:0:0:0:0:1 - - [06/Jan/2023:12:20:32 +0100] "GET /Veltri_GiftList/IMG/reserve.png HTTP/1.1" 304 -
127.0.0.1 - - [06/Jan/2023:12:20:35 +0100] "GET /Veltri_GiftListAPI/api/gift/findById?idGift=143 HTTP/1.1" 200 223252
0:0:0:0:0:0:0:1 - - [06/Jan/2023:12:20:35 +0100] "GET /Veltri_GiftList/addReserve?idGift=143 HTTP/1.1" 200 13211
0:0:0:0:0:0:0:1 - - [06/Jan/2023:12:25:23 +0100] "GET /Veltri_GiftList/deconnection HTTP/1.1" 302 -
0:0:0:0:0:0:0:1 - - [06/Jan/2023:12:25:23 +0100] "GET /Veltri_GiftList/connection HTTP/1.1" 200 1366
127.0.0.1 - - [06/Jan/2023:12:25:27 +0100] "POST /Veltri_GiftListAPI/api/user/login HTTP/1.1" 200 1669
0:0:0:0:0:0:0:1 - - [06/Jan/2023:12:25:27 +0100] "POST /Veltri_GiftList/authentication HTTP/1.1" 302 -
127.0.0.1 - - [06/Jan/2023:12:25:27 +0100] "POST /Veltri_GiftListAPI/api/user/login HTTP/1.1" 200 1669
0:0:0:0:0:0:0:1 - - [06/Jan/2023:12:25:27 +0100] "GET /Veltri_GiftList/home HTTP/1.1" 200 2867
127.0.0.1 - - [06/Jan/2023:12:25:29 +0100] "GET /Veltri_GiftListAPI/api/giftList/findById?idGiftList=102 HTTP/1.1" 200 270483
0:0:0:0:0:0:0:1 - - [06/Jan/2023:12:25:29 +0100] "GET /Veltri_GiftList/getInfoListParticipant?orderId=102 HTTP/1.1" 302 -
127.0.0.1 - - [06/Jan/2023:12:25:29 +0100] "POST /Veltri_GiftListAPI/api/user/login HTTP/1.1" 200 1669
0:0:0:0:0:0:0:1 - - [06/Jan/2023:12:25:29 +0100] "GET /Veltri_GiftList/home HTTP/1.1" 200 2867
127.0.0.1 - - [06/Jan/2023:12:25:32 +0100] "GET /Veltri_GiftListAPI/api/giftList/findById?idGiftList=102 HTTP/1.1" 200 291627
0:0:0:0:0:0:0:1 - - [06/Jan/2023:12:25:32 +0100] "GET /Veltri_GiftList/getInfoListParticipant?orderId=102 HTTP/1.1" 302 -
127.0.0.1 - - [06/Jan/2023:12:25:32 +0100] "POST /Veltri_GiftListAPI/api/user/login HTTP/1.1" 200 1669
0:0:0:0:0:0:0:1 - - [06/Jan/2023:12:25:32 +0100] "GET /Veltri_GiftList/home HTTP/1.1" 200 2867
127.0.0.1 - - [06/Jan/2023:12:25:34 +0100] "GET /Veltri_GiftListAPI/api/giftList/findById?idGiftList=102 HTTP/1.1" 200 432626
0:0:0:0:0:0:0:1 - - [06/Jan/2023:12:25:35 +0100] "GET /Veltri_GiftList/getInfoListParticipant?orderId=102 HTTP/1.1" 500 107081
127.0.0.1 - - [06/Jan/2023:12:25:44 +0100] "GET /Veltri_GiftListAPI/api/giftList/findById?idGiftList=102 HTTP/1.1" 200 483452
0:0:0:0:0:0:0:1 - - [06/Jan/2023:12:25:44 +0100] "GET /Veltri_GiftList/getInfoListParticipant?orderId=102 HTTP/1.1" 500 107081
127.0.0.1 - - [06/Jan/2023:12:25:56 +0100] "GET /Veltri_GiftListAPI/api/giftList/findById?idGiftList=102 HTTP/1.1" 200 491182
0:0:0:0:0:0:0:1 - - [06/Jan/2023:12:25:56 +0100] "GET /Veltri_GiftList/getInfoListParticipant?orderId=102 HTTP/1.1" 500 107081
127.0.0.1 - - [06/Jan/2023:12:25:57 +0100] "POST /Veltri_GiftListAPI/api/user/login HTTP/1.1" 200 1669
0:0:0:0:0:0:0:1 - - [06/Jan/2023:12:25:57 +0100] "GET /Veltri_GiftList/home HTTP/1.1" 200 2867
127.0.0.1 - - [06/Jan/2023:12:25:59 +0100] "GET /Veltri_GiftListAPI/api/giftList/findById?idGiftList=102 HTTP/1.1" 200 491146
0:0:0:0:0:0:0:1 - - [06/Jan/2023:12:25:59 +0100] "GET /Veltri_GiftList/getInfoListParticipant?orderId=102 HTTP/1.1" 500 107081
127.0.0.1 - - [06/Jan/2023:12:27:28 +0100] "GET /Veltri_GiftListAPI/api/giftList/findById?idGiftList=102 HTTP/1.1" 200 491146
0:0:0:0:0:0:0:1 - - [06/Jan/2023:12:27:28 +0100] "GET /Veltri_GiftList/getInfoListParticipant?orderId=102 HTTP/1.1" 500 107077
127.0.0.1 - - [06/Jan/2023:12:27:47 +0100] "GET / HTTP/1.1" 404 681
0:0:0:0:0:0:0:1 - - [06/Jan/2023:12:27:50 +0100] "GET /Veltri_GiftList/connection HTTP/1.1" 200 1366
127.0.0.1 - - [06/Jan/2023:12:27:58 +0100] "POST /Veltri_GiftListAPI/api/user/login HTTP/1.1" 200 1669
0:0:0:0:0:0:0:1 - - [06/Jan/2023:12:27:58 +0100] "POST /Veltri_GiftList/authentication HTTP/1.1" 302 -
127.0.0.1 - - [06/Jan/2023:12:27:59 +0100] "POST /Veltri_GiftListAPI/api/user/login HTTP/1.1" 200 1669
0:0:0:0:0:0:0:1 - - [06/Jan/2023:12:27:59 +0100] "GET /Veltri_GiftList/home HTTP/1.1" 200 2867
127.0.0.1 - - [06/Jan/2023:12:28:00 +0100] "GET /Veltri_GiftListAPI/api/giftList/findById?idGiftList=102 HTTP/1.1" 200 221332
0:0:0:0:0:0:0:1 - - [06/Jan/2023:12:28:01 +0100] "GET /Veltri_GiftList/getInfoListParticipant?orderId=102 HTTP/1.1" 302 -
0:0:0:0:0:0:0:1 - - [06/Jan/2023:12:28:01 +0100] "GET /Veltri_GiftList/infoListParticipant HTTP/1.1" 200 13132
127.0.0.1 - - [06/Jan/2023:12:28:05 +0100] "GET /Veltri_GiftListAPI/api/gift/findById?idGift=143 HTTP/1.1" 200 224114
0:0:0:0:0:0:0:1 - - [06/Jan/2023:12:28:07 +0100] "GET /Veltri_GiftList/addReserve?idGift=143 HTTP/1.1" 200 2553
0:0:0:0:0:0:0:1 - - [06/Jan/2023:12:28:21 +0100] "GET /Veltri_GiftList/verifAddReserve? HTTP/1.1" 302 -
0:0:0:0:0:0:0:1 - - [06/Jan/2023:12:28:21 +0100] "GET /Veltri_GiftList/infoListParticipant HTTP/1.1" 200 13132
0:0:0:0:0:0:0:1 - - [06/Jan/2023:12:28:30 +0100] "GET /Veltri_GiftList/infoListParticipant HTTP/1.1" 200 13132
0:0:0:0:0:0:0:1 - - [06/Jan/2023:12:28:31 +0100] "GET /Veltri_GiftList/infoListParticipant HTTP/1.1" 200 13132
127.0.0.1 - - [06/Jan/2023:12:28:34 +0100] "POST /Veltri_GiftListAPI/api/user/login HTTP/1.1" 200 1669
0:0:0:0:0:0:0:1 - - [06/Jan/2023:12:28:34 +0100] "GET /Veltri_GiftList/home HTTP/1.1" 200 2867
127.0.0.1 - - [06/Jan/2023:12:28:35 +0100] "GET /Veltri_GiftListAPI/api/giftList/findById?idGiftList=102 HTTP/1.1" 200 270580
0:0:0:0:0:0:0:1 - - [06/Jan/2023:12:28:35 +0100] "GET /Veltri_GiftList/getInfoListParticipant?orderId=102 HTTP/1.1" 302 -
0:0:0:0:0:0:0:1 - - [06/Jan/2023:12:28:35 +0100] "GET /Veltri_GiftList/infoListParticipant HTTP/1.1" 200 13132
0:0:0:0:0:0:0:1 - - [06/Jan/2023:12:29:37 +0100] "GET /Veltri_GiftList/infoListParticipant HTTP/1.1" 200 13132
0:0:0:0:0:0:0:1 - - [06/Jan/2023:12:29:37 +0100] "GET /Veltri_GiftList/infoListParticipant HTTP/1.1" 200 13132
127.0.0.1 - - [06/Jan/2023:12:29:39 +0100] "GET /Veltri_GiftListAPI/api/gift/findById?idGift=143 HTTP/1.1" 200 272491
0:0:0:0:0:0:0:1 - - [06/Jan/2023:12:29:39 +0100] "GET /Veltri_GiftList/addReserve?idGift=143 HTTP/1.1" 500 1352
127.0.0.1 - - [06/Jan/2023:12:29:44 +0100] "GET /Veltri_GiftListAPI/api/gift/findById?idGift=142 HTTP/1.1" 200 9714
0:0:0:0:0:0:0:1 - - [06/Jan/2023:12:29:44 +0100] "GET /Veltri_GiftList/addReserve?idGift=142 HTTP/1.1" 200 2669
127.0.0.1 - - [06/Jan/2023:12:29:54 +0100] "GET /Veltri_GiftListAPI/api/gift/findById?idGift=143 HTTP/1.1" 200 423659
0:0:0:0:0:0:0:1 - - [06/Jan/2023:12:29:55 +0100] "GET /Veltri_GiftList/addReserve?idGift=143 HTTP/1.1" 500 107081
127.0.0.1 - - [06/Jan/2023:12:30:44 +0100] "GET / HTTP/1.1" 404 681
0:0:0:0:0:0:0:1 - - [06/Jan/2023:12:30:47 +0100] "GET /Veltri_GiftList/connection HTTP/1.1" 200 1366
127.0.0.1 - - [06/Jan/2023:12:30:53 +0100] "POST /Veltri_GiftListAPI/api/user/login HTTP/1.1" 200 1669
0:0:0:0:0:0:0:1 - - [06/Jan/2023:12:30:53 +0100] "POST /Veltri_GiftList/authentication HTTP/1.1" 302 -
127.0.0.1 - - [06/Jan/2023:12:30:53 +0100] "POST /Veltri_GiftListAPI/api/user/login HTTP/1.1" 200 1669
0:0:0:0:0:0:0:1 - - [06/Jan/2023:12:30:53 +0100] "GET /Veltri_GiftList/home HTTP/1.1" 200 2867
127.0.0.1 - - [06/Jan/2023:12:30:56 +0100] "GET /Veltri_GiftListAPI/api/giftList/findById?idGiftList=102 HTTP/1.1" 200 227638
0:0:0:0:0:0:0:1 - - [06/Jan/2023:12:30:56 +0100] "GET /Veltri_GiftList/getInfoListParticipant?orderId=102 HTTP/1.1" 302 -
0:0:0:0:0:0:0:1 - - [06/Jan/2023:12:30:56 +0100] "GET /Veltri_GiftList/infoListParticipant HTTP/1.1" 200 13132
127.0.0.1 - - [06/Jan/2023:12:30:58 +0100] "GET /Veltri_GiftListAPI/api/gift/findById?idGift=143 HTTP/1.1" 200 220095
0:0:0:0:0:0:0:1 - - [06/Jan/2023:12:30:58 +0100] "GET /Veltri_GiftList/addReserve?idGift=143 HTTP/1.1" 200 2544
0:0:0:0:0:0:0:1 - - [06/Jan/2023:12:31:15 +0100] "GET /Veltri_GiftList/infoListParticipant HTTP/1.1" 200 13132
0:0:0:0:0:0:0:1 - - [06/Jan/2023:12:31:16 +0100] "GET /Veltri_GiftList/infoListParticipant HTTP/1.1" 200 13132
0:0:0:0:0:0:0:1 - - [06/Jan/2023:12:31:16 +0100] "GET /Veltri_GiftList/infoListParticipant HTTP/1.1" 200 13132
0:0:0:0:0:0:0:1 - - [06/Jan/2023:12:31:17 +0100] "GET /Veltri_GiftList/infoListParticipant HTTP/1.1" 200 13132
0:0:0:0:0:0:0:1 - - [06/Jan/2023:12:31:18 +0100] "GET /Veltri_GiftList/infoListParticipant HTTP/1.1" 200 13132
0:0:0:0:0:0:0:1 - - [06/Jan/2023:12:31:18 +0100] "GET /Veltri_GiftList/CSS/infoListCSS.css HTTP/1.1" 200 1376
0:0:0:0:0:0:0:1 - - [06/Jan/2023:12:31:18 +0100] "GET /Veltri_GiftList/IMG/logOut.png HTTP/1.1" 200 1901
0:0:0:0:0:0:0:1 - - [06/Jan/2023:12:31:18 +0100] "GET /Veltri_GiftList/IMG/reserve.png HTTP/1.1" 200 89527
0:0:0:0:0:0:0:1 - - [06/Jan/2023:12:31:18 +0100] "GET /favicon.ico HTTP/1.1" 404 692
127.0.0.1 - - [06/Jan/2023:12:31:20 +0100] "GET /Veltri_GiftListAPI/api/gift/findById?idGift=143 HTTP/1.1" 200 274031
0:0:0:0:0:0:0:1 - - [06/Jan/2023:12:31:21 +0100] "GET /Veltri_GiftList/addReserve?idGift=143 HTTP/1.1" 500 1352
127.0.0.1 - - [06/Jan/2023:12:31:39 +0100] "GET /Veltri_GiftListAPI/api/gift/findById?idGift=143 HTTP/1.1" 200 274031
0:0:0:0:0:0:0:1 - - [06/Jan/2023:12:31:39 +0100] "GET /Veltri_GiftList/addReserve?idGift=143 HTTP/1.1" 500 107036
0:0:0:0:0:0:0:1 - - [06/Jan/2023:12:31:51 +0100] "GET /Veltri_GiftList/deconnection HTTP/1.1" 302 -
0:0:0:0:0:0:0:1 - - [06/Jan/2023:12:31:51 +0100] "GET /Veltri_GiftList/connection HTTP/1.1" 200 1366
127.0.0.1 - - [06/Jan/2023:12:31:55 +0100] "POST /Veltri_GiftListAPI/api/user/login HTTP/1.1" 200 1669
0:0:0:0:0:0:0:1 - - [06/Jan/2023:12:31:55 +0100] "POST /Veltri_GiftList/authentication HTTP/1.1" 302 -
127.0.0.1 - - [06/Jan/2023:12:31:55 +0100] "POST /Veltri_GiftListAPI/api/user/login HTTP/1.1" 200 1669
0:0:0:0:0:0:0:1 - - [06/Jan/2023:12:31:55 +0100] "GET /Veltri_GiftList/home HTTP/1.1" 200 2867
127.0.0.1 - - [06/Jan/2023:12:31:57 +0100] "GET /Veltri_GiftListAPI/api/giftList/findById?idGiftList=102 HTTP/1.1" 200 294790
0:0:0:0:0:0:0:1 - - [06/Jan/2023:12:31:57 +0100] "GET /Veltri_GiftList/getInfoListParticipant?orderId=102 HTTP/1.1" 302 -
0:0:0:0:0:0:0:1 - - [06/Jan/2023:12:31:57 +0100] "GET /Veltri_GiftList/infoListParticipant HTTP/1.1" 200 13132
127.0.0.1 - - [06/Jan/2023:12:31:58 +0100] "GET /Veltri_GiftListAPI/api/gift/findById?idGift=143 HTTP/1.1" 200 274031
0:0:0:0:0:0:0:1 - - [06/Jan/2023:12:31:59 +0100] "GET /Veltri_GiftList/addReserve?idGift=143 HTTP/1.1" 500 1352
127.0.0.1 - - [06/Jan/2023:12:32:04 +0100] "GET /Veltri_GiftListAPI/api/gift/findById?idGift=142 HTTP/1.1" 200 9714
0:0:0:0:0:0:0:1 - - [06/Jan/2023:12:32:04 +0100] "GET /Veltri_GiftList/addReserve?idGift=142 HTTP/1.1" 200 2669
127.0.0.1 - - [06/Jan/2023:12:32:08 +0100] "GET /Veltri_GiftListAPI/api/gift/findById?idGift=143 HTTP/1.1" 200 279151
0:0:0:0:0:0:0:1 - - [06/Jan/2023:12:32:08 +0100] "GET /Veltri_GiftList/addReserve?idGift=143 HTTP/1.1" 500 1352
127.0.0.1 - - [06/Jan/2023:12:32:23 +0100] "GET /Veltri_GiftListAPI/api/gift/findById?idGift=142 HTTP/1.1" 200 9714
0:0:0:0:0:0:0:1 - - [06/Jan/2023:12:32:23 +0100] "GET /Veltri_GiftList/addReserve?idGift=142 HTTP/1.1" 200 2669
0:0:0:0:0:0:0:1 - - [06/Jan/2023:12:32:25 +0100] "GET /Veltri_GiftList/verifAddReserve?totally=on HTTP/1.1" 302 -
0:0:0:0:0:0:0:1 - - [06/Jan/2023:12:32:25 +0100] "GET /Veltri_GiftList/infoListParticipant HTTP/1.1" 200 13132
0:0:0:0:0:0:0:1 - - [06/Jan/2023:12:32:30 +0100] "GET /Veltri_GiftList/infoListParticipant HTTP/1.1" 200 13132
0:0:0:0:0:0:0:1 - - [06/Jan/2023:12:32:30 +0100] "GET /Veltri_GiftList/infoListParticipant HTTP/1.1" 200 13132
0:0:0:0:0:0:0:1 - - [06/Jan/2023:12:32:31 +0100] "GET /Veltri_GiftList/infoListParticipant HTTP/1.1" 200 13132
0:0:0:0:0:0:0:1 - - [06/Jan/2023:12:32:31 +0100] "GET /Veltri_GiftList/infoListParticipant HTTP/1.1" 200 13132
0:0:0:0:0:0:0:1 - - [06/Jan/2023:12:32:32 +0100] "GET /Veltri_GiftList/infoListParticipant HTTP/1.1" 200 13132
0:0:0:0:0:0:0:1 - - [06/Jan/2023:12:32:34 +0100] "GET /Veltri_GiftList/infoListParticipant HTTP/1.1" 200 13132
0:0:0:0:0:0:0:1 - - [06/Jan/2023:12:35:03 +0100] "GET /Veltri_GiftList/infoListParticipant HTTP/1.1" 200 13132
127.0.0.1 - - [06/Jan/2023:12:35:05 +0100] "GET /Veltri_GiftListAPI/api/gift/findById?idGift=142 HTTP/1.1" 200 9714
0:0:0:0:0:0:0:1 - - [06/Jan/2023:12:35:05 +0100] "GET /Veltri_GiftList/addReserve?idGift=142 HTTP/1.1" 200 2669
0:0:0:0:0:0:0:1 - - [06/Jan/2023:12:35:07 +0100] "GET /Veltri_GiftList/verifAddReserve?totally=on HTTP/1.1" 500 1404
0:0:0:0:0:0:0:1 - - [06/Jan/2023:12:35:28 +0100] "GET /Veltri_GiftList/verifAddReserve?totally=on HTTP/1.1" 500 1404
127.0.0.1 - - [06/Jan/2023:12:38:38 +0100] "GET /Veltri_GiftListAPI/api/gift/findById?idGift=142 HTTP/1.1" 200 9714
0:0:0:0:0:0:0:1 - - [06/Jan/2023:12:38:40 +0100] "GET /Veltri_GiftList/addReserve?idGift=142 HTTP/1.1" 500 5560
127.0.0.1 - - [06/Jan/2023:12:38:44 +0100] "GET /Veltri_GiftListAPI/api/gift/findById?idGift=142 HTTP/1.1" 200 9714
0:0:0:0:0:0:0:1 - - [06/Jan/2023:12:38:44 +0100] "GET /Veltri_GiftList/addReserve?idGift=142 HTTP/1.1" 500 5560
127.0.0.1 - - [06/Jan/2023:12:39:09 +0100] "GET / HTTP/1.1" 404 681
0:0:0:0:0:0:0:1 - - [06/Jan/2023:12:39:11 +0100] "GET /Veltri_GiftList/connection HTTP/1.1" 200 1366
127.0.0.1 - - [06/Jan/2023:12:39:21 +0100] "POST /Veltri_GiftListAPI/api/user/login HTTP/1.1" 200 1669
0:0:0:0:0:0:0:1 - - [06/Jan/2023:12:39:21 +0100] "POST /Veltri_GiftList/authentication HTTP/1.1" 302 -
127.0.0.1 - - [06/Jan/2023:12:39:22 +0100] "POST /Veltri_GiftListAPI/api/user/login HTTP/1.1" 200 1669
0:0:0:0:0:0:0:1 - - [06/Jan/2023:12:39:22 +0100] "GET /Veltri_GiftList/home HTTP/1.1" 200 2867
127.0.0.1 - - [06/Jan/2023:12:39:24 +0100] "GET /Veltri_GiftListAPI/api/giftList/findById?idGiftList=102 HTTP/1.1" 200 227188
0:0:0:0:0:0:0:1 - - [06/Jan/2023:12:39:25 +0100] "GET /Veltri_GiftList/getInfoListParticipant?orderId=102 HTTP/1.1" 302 -
0:0:0:0:0:0:0:1 - - [06/Jan/2023:12:39:25 +0100] "GET /Veltri_GiftList/infoListParticipant HTTP/1.1" 200 13132
127.0.0.1 - - [06/Jan/2023:12:39:27 +0100] "GET /Veltri_GiftListAPI/api/gift/findById?idGift=142 HTTP/1.1" 200 9714
0:0:0:0:0:0:0:1 - - [06/Jan/2023:12:39:27 +0100] "GET /Veltri_GiftList/addReserve?idGift=142 HTTP/1.1" 200 2744
0:0:0:0:0:0:0:1 - - [06/Jan/2023:12:39:30 +0100] "GET /Veltri_GiftList/verifAddReserve?totally=on HTTP/1.1" 500 1404
127.0.0.1 - - [06/Jan/2023:12:40:03 +0100] "GET /Veltri_GiftListAPI/api/gift/findById?idGift=142 HTTP/1.1" 200 9714
0:0:0:0:0:0:0:1 - - [06/Jan/2023:12:40:04 +0100] "GET /Veltri_GiftList/addReserve?idGift=142 HTTP/1.1" 200 2744
0:0:0:0:0:0:0:1 - - [06/Jan/2023:12:40:05 +0100] "GET /Veltri_GiftList/infoListParticipant HTTP/1.1" 200 13132
127.0.0.1 - - [06/Jan/2023:12:40:07 +0100] "GET /Veltri_GiftListAPI/api/gift/findById?idGift=142 HTTP/1.1" 200 9714
0:0:0:0:0:0:0:1 - - [06/Jan/2023:12:40:07 +0100] "GET /Veltri_GiftList/addReserve?idGift=142 HTTP/1.1" 200 2744
0:0:0:0:0:0:0:1 - - [06/Jan/2023:12:40:09 +0100] "POST /Veltri_GiftList/verifAddReserve HTTP/1.1" 500 1336
0:0:0:0:0:0:0:1 - - [06/Jan/2023:12:40:53 +0100] "GET /Veltri_GiftList/infoListParticipant HTTP/1.1" 200 13132
127.0.0.1 - - [06/Jan/2023:12:40:55 +0100] "GET /Veltri_GiftListAPI/api/gift/findById?idGift=142 HTTP/1.1" 200 9714
0:0:0:0:0:0:0:1 - - [06/Jan/2023:12:40:55 +0100] "GET /Veltri_GiftList/addReserve?idGift=142 HTTP/1.1" 200 2744
0:0:0:0:0:0:0:1 - - [06/Jan/2023:12:40:57 +0100] "POST /Veltri_GiftList/verifAddReserve HTTP/1.1" 500 1336
127.0.0.1 - - [06/Jan/2023:12:41:22 +0100] "GET / HTTP/1.1" 404 681
0:0:0:0:0:0:0:1 - - [06/Jan/2023:12:41:24 +0100] "GET /Veltri_GiftList/connection HTTP/1.1" 200 1366
127.0.0.1 - - [06/Jan/2023:12:41:31 +0100] "POST /Veltri_GiftListAPI/api/user/login HTTP/1.1" 200 1669
0:0:0:0:0:0:0:1 - - [06/Jan/2023:12:41:31 +0100] "POST /Veltri_GiftList/authentication HTTP/1.1" 302 -
127.0.0.1 - - [06/Jan/2023:12:41:32 +0100] "POST /Veltri_GiftListAPI/api/user/login HTTP/1.1" 200 1669
0:0:0:0:0:0:0:1 - - [06/Jan/2023:12:41:32 +0100] "GET /Veltri_GiftList/home HTTP/1.1" 200 2867
127.0.0.1 - - [06/Jan/2023:12:41:34 +0100] "GET /Veltri_GiftListAPI/api/giftList/findById?idGiftList=102 HTTP/1.1" 200 232183
0:0:0:0:0:0:0:1 - - [06/Jan/2023:12:41:34 +0100] "GET /Veltri_GiftList/getInfoListParticipant?orderId=102 HTTP/1.1" 302 -
0:0:0:0:0:0:0:1 - - [06/Jan/2023:12:41:34 +0100] "GET /Veltri_GiftList/infoListParticipant HTTP/1.1" 200 13132
127.0.0.1 - - [06/Jan/2023:12:41:36 +0100] "GET /Veltri_GiftListAPI/api/gift/findById?idGift=142 HTTP/1.1" 200 9714
0:0:0:0:0:0:0:1 - - [06/Jan/2023:12:41:36 +0100] "GET /Veltri_GiftList/addReserve?idGift=142 HTTP/1.1" 200 2744
0:0:0:0:0:0:0:1 - - [06/Jan/2023:12:41:38 +0100] "POST /Veltri_GiftList/verifAddReserve HTTP/1.1" 500 1336
0:0:0:0:0:0:0:1 - - [06/Jan/2023:12:42:47 +0100] "GET /Veltri_GiftList/infoListParticipant HTTP/1.1" 500 5650
127.0.0.1 - - [06/Jan/2023:12:43:18 +0100] "GET / HTTP/1.1" 404 681
0:0:0:0:0:0:0:1 - - [06/Jan/2023:12:43:22 +0100] "GET /Veltri_GiftList/connection HTTP/1.1" 200 1366
127.0.0.1 - - [06/Jan/2023:12:43:32 +0100] "POST /Veltri_GiftListAPI/api/user/login HTTP/1.1" 200 1669
0:0:0:0:0:0:0:1 - - [06/Jan/2023:12:43:33 +0100] "POST /Veltri_GiftList/authentication HTTP/1.1" 302 -
127.0.0.1 - - [06/Jan/2023:12:43:33 +0100] "POST /Veltri_GiftListAPI/api/user/login HTTP/1.1" 200 1669
0:0:0:0:0:0:0:1 - - [06/Jan/2023:12:43:33 +0100] "GET /Veltri_GiftList/home HTTP/1.1" 200 2867
127.0.0.1 - - [06/Jan/2023:12:43:35 +0100] "GET /Veltri_GiftListAPI/api/giftList/findById?idGiftList=102 HTTP/1.1" 200 228540
0:0:0:0:0:0:0:1 - - [06/Jan/2023:12:43:36 +0100] "GET /Veltri_GiftList/getInfoListParticipant?orderId=102 HTTP/1.1" 302 -
0:0:0:0:0:0:0:1 - - [06/Jan/2023:12:43:36 +0100] "GET /Veltri_GiftList/infoListParticipant HTTP/1.1" 200 13132
0:0:0:0:0:0:0:1 - - [06/Jan/2023:12:43:36 +0100] "GET /Veltri_GiftList/IMG/reserve.png HTTP/1.1" 304 -
127.0.0.1 - - [06/Jan/2023:12:43:38 +0100] "GET /Veltri_GiftListAPI/api/gift/findById?idGift=142 HTTP/1.1" 200 9714
0:0:0:0:0:0:0:1 - - [06/Jan/2023:12:43:38 +0100] "GET /Veltri_GiftList/addReserve?idGift=142 HTTP/1.1" 200 2744
0:0:0:0:0:0:0:1 - - [06/Jan/2023:12:43:41 +0100] "POST /Veltri_GiftList/verifAddReserve HTTP/1.1" 500 1336
0:0:0:0:0:0:0:1 - - [06/Jan/2023:12:44:42 +0100] "GET /Veltri_GiftList/infoListParticipant HTTP/1.1" 200 13132
127.0.0.1 - - [06/Jan/2023:12:44:43 +0100] "GET /Veltri_GiftListAPI/api/gift/findById?idGift=142 HTTP/1.1" 200 9714
0:0:0:0:0:0:0:1 - - [06/Jan/2023:12:44:43 +0100] "GET /Veltri_GiftList/addReserve?idGift=142 HTTP/1.1" 200 2744
127.0.0.1 - - [06/Jan/2023:12:44:45 +0100] "POST /Veltri_GiftListAPI/api/reserve/create HTTP/1.1" 503 673
0:0:0:0:0:0:0:1 - - [06/Jan/2023:12:44:45 +0100] "POST /Veltri_GiftList/verifAddReserve HTTP/1.1" 200 -
127.0.0.1 - - [06/Jan/2023:12:45:06 +0100] "GET /Veltri_GiftListAPI/api/gift/findById?idGift=142 HTTP/1.1" 200 9714
0:0:0:0:0:0:0:1 - - [06/Jan/2023:12:45:06 +0100] "GET /Veltri_GiftList/addReserve?idGift=142 HTTP/1.1" 500 5560
0:0:0:0:0:0:0:1 - - [06/Jan/2023:12:45:07 +0100] "GET /Veltri_GiftList/home HTTP/1.1" 500 1330
127.0.0.1 - - [06/Jan/2023:12:45:28 +0100] "GET / HTTP/1.1" 404 681
0:0:0:0:0:0:0:1 - - [06/Jan/2023:12:45:31 +0100] "GET /Veltri_GiftList/connection HTTP/1.1" 200 1366
127.0.0.1 - - [06/Jan/2023:12:45:37 +0100] "POST /Veltri_GiftListAPI/api/user/login HTTP/1.1" 200 1669
0:0:0:0:0:0:0:1 - - [06/Jan/2023:12:45:37 +0100] "POST /Veltri_GiftList/authentication HTTP/1.1" 302 -
127.0.0.1 - - [06/Jan/2023:12:45:38 +0100] "POST /Veltri_GiftListAPI/api/user/login HTTP/1.1" 200 1669
0:0:0:0:0:0:0:1 - - [06/Jan/2023:12:45:38 +0100] "GET /Veltri_GiftList/home HTTP/1.1" 200 2867
127.0.0.1 - - [06/Jan/2023:12:45:39 +0100] "GET /Veltri_GiftListAPI/api/giftList/findById?idGiftList=102 HTTP/1.1" 200 230797
0:0:0:0:0:0:0:1 - - [06/Jan/2023:12:45:40 +0100] "GET /Veltri_GiftList/getInfoListParticipant?orderId=102 HTTP/1.1" 302 -
0:0:0:0:0:0:0:1 - - [06/Jan/2023:12:45:40 +0100] "GET /Veltri_GiftList/infoListParticipant HTTP/1.1" 200 13132
127.0.0.1 - - [06/Jan/2023:12:45:41 +0100] "GET /Veltri_GiftListAPI/api/gift/findById?idGift=142 HTTP/1.1" 200 9714
0:0:0:0:0:0:0:1 - - [06/Jan/2023:12:45:41 +0100] "GET /Veltri_GiftList/addReserve?idGift=142 HTTP/1.1" 200 2744
127.0.0.1 - - [06/Jan/2023:12:45:44 +0100] "POST /Veltri_GiftListAPI/api/reserve/create HTTP/1.1" 503 673
0:0:0:0:0:0:0:1 - - [06/Jan/2023:12:45:44 +0100] "POST /Veltri_GiftList/verifAddReserve HTTP/1.1" 200 -
127.0.0.1 - - [06/Jan/2023:12:46:42 +0100] "GET / HTTP/1.1" 404 681
0:0:0:0:0:0:0:1 - - [06/Jan/2023:12:46:45 +0100] "GET /Veltri_GiftList/connection HTTP/1.1" 200 1366
127.0.0.1 - - [06/Jan/2023:12:46:52 +0100] "POST /Veltri_GiftListAPI/api/user/login HTTP/1.1" 200 1669
0:0:0:0:0:0:0:1 - - [06/Jan/2023:12:46:53 +0100] "POST /Veltri_GiftList/authentication HTTP/1.1" 302 -
127.0.0.1 - - [06/Jan/2023:12:46:53 +0100] "POST /Veltri_GiftListAPI/api/user/login HTTP/1.1" 200 1669
0:0:0:0:0:0:0:1 - - [06/Jan/2023:12:46:53 +0100] "GET /Veltri_GiftList/home HTTP/1.1" 200 2867
127.0.0.1 - - [06/Jan/2023:12:46:56 +0100] "GET /Veltri_GiftListAPI/api/giftList/findById?idGiftList=102 HTTP/1.1" 200 228090
0:0:0:0:0:0:0:1 - - [06/Jan/2023:12:46:57 +0100] "GET /Veltri_GiftList/getInfoListParticipant?orderId=102 HTTP/1.1" 302 -
0:0:0:0:0:0:0:1 - - [06/Jan/2023:12:46:57 +0100] "GET /Veltri_GiftList/infoListParticipant HTTP/1.1" 200 13132
127.0.0.1 - - [06/Jan/2023:12:46:59 +0100] "GET /Veltri_GiftListAPI/api/gift/findById?idGift=142 HTTP/1.1" 200 9714
0:0:0:0:0:0:0:1 - - [06/Jan/2023:12:46:59 +0100] "GET /Veltri_GiftList/addReserve?idGift=142 HTTP/1.1" 200 2744
127.0.0.1 - - [06/Jan/2023:12:47:03 +0100] "POST /Veltri_GiftListAPI/api/reserve/create HTTP/1.1" 201 4
127.0.0.1 - - [06/Jan/2023:12:47:04 +0100] "POST /Veltri_GiftListAPI/api/gift/update HTTP/1.1" 202 4
0:0:0:0:0:0:0:1 - - [06/Jan/2023:12:47:04 +0100] "POST /Veltri_GiftList/verifAddReserve HTTP/1.1" 302 -
0:0:0:0:0:0:0:1 - - [06/Jan/2023:12:47:04 +0100] "GET /Veltri_GiftList/infoListParticipant HTTP/1.1" 200 13158
127.0.0.1 - - [06/Jan/2023:12:47:28 +0100] "GET /Veltri_GiftListAPI/api/gift/findById?idGift=142 HTTP/1.1" 200 5815580
0:0:0:0:0:0:0:1 - - [06/Jan/2023:12:47:28 +0100] "GET /Veltri_GiftList/addReserve?idGift=142 HTTP/1.1" 500 3448
0:0:0:0:0:0:0:1 - - [06/Jan/2023:12:47:34 +0100] "GET /Veltri_GiftList/infoListParticipant HTTP/1.1" 200 13158
127.0.0.1 - - [06/Jan/2023:12:47:35 +0100] "GET /Veltri_GiftListAPI/api/gift/findById?idGift=142 HTTP/1.1" 200 6192888
0:0:0:0:0:0:0:1 - - [06/Jan/2023:12:47:36 +0100] "GET /Veltri_GiftList/addReserve?idGift=142 HTTP/1.1" 500 1352
127.0.0.1 - - [06/Jan/2023:17:32:33 +0100] "GET / HTTP/1.1" 404 681
0:0:0:0:0:0:0:1 - - [06/Jan/2023:17:32:37 +0100] "GET /Veltri_GiftList/connection HTTP/1.1" 200 1366
0:0:0:0:0:0:0:1 - - [06/Jan/2023:17:32:37 +0100] "GET /favicon.ico HTTP/1.1" 404 692
127.0.0.1 - - [06/Jan/2023:17:32:45 +0100] "POST /Veltri_GiftListAPI/api/user/login HTTP/1.1" 200 1669
0:0:0:0:0:0:0:1 - - [06/Jan/2023:17:32:46 +0100] "POST /Veltri_GiftList/authentication HTTP/1.1" 302 -
127.0.0.1 - - [06/Jan/2023:17:32:46 +0100] "POST /Veltri_GiftListAPI/api/user/login HTTP/1.1" 200 1669
0:0:0:0:0:0:0:1 - - [06/Jan/2023:17:32:46 +0100] "GET /Veltri_GiftList/home HTTP/1.1" 200 2867
127.0.0.1 - - [06/Jan/2023:17:32:51 +0100] "GET /Veltri_GiftListAPI/api/giftList/findById?idGiftList=102 HTTP/1.1" 200 4609810
0:0:0:0:0:0:0:1 - - [06/Jan/2023:17:32:51 +0100] "GET /Veltri_GiftList/getInfoListParticipant?orderId=102 HTTP/1.1" 302 -
127.0.0.1 - - [06/Jan/2023:17:32:52 +0100] "POST /Veltri_GiftListAPI/api/user/login HTTP/1.1" 200 1669
0:0:0:0:0:0:0:1 - - [06/Jan/2023:17:32:52 +0100] "GET /Veltri_GiftList/home HTTP/1.1" 200 2867
127.0.0.1 - - [06/Jan/2023:17:33:02 +0100] "GET /Veltri_GiftListAPI/api/giftList/findById?idGiftList=102 HTTP/1.1" 200 5741624
0:0:0:0:0:0:0:1 - - [06/Jan/2023:17:33:02 +0100] "GET /Veltri_GiftList/getInfoListParticipant?orderId=102 HTTP/1.1" 302 -
127.0.0.1 - - [06/Jan/2023:17:33:02 +0100] "POST /Veltri_GiftListAPI/api/user/login HTTP/1.1" 200 1669
0:0:0:0:0:0:0:1 - - [06/Jan/2023:17:33:02 +0100] "GET /Veltri_GiftList/home HTTP/1.1" 200 2867
127.0.0.1 - - [06/Jan/2023:17:33:06 +0100] "GET /Veltri_GiftListAPI/api/giftList/findById?idGiftList=102 HTTP/1.1" 200 6069857
0:0:0:0:0:0:0:1 - - [06/Jan/2023:17:33:06 +0100] "GET /Veltri_GiftList/getInfoListParticipant?orderId=102 HTTP/1.1" 500 3528
127.0.0.1 - - [06/Jan/2023:17:33:29 +0100] "POST /Veltri_GiftListAPI/api/user/login HTTP/1.1" 200 1669
0:0:0:0:0:0:0:1 - - [06/Jan/2023:17:33:29 +0100] "GET /Veltri_GiftList/home HTTP/1.1" 200 2867
127.0.0.1 - - [06/Jan/2023:17:33:41 +0100] "GET /Veltri_GiftListAPI/api/giftList/findById?idGiftList=102 HTTP/1.1" 200 9137587
0:0:0:0:0:0:0:1 - - [06/Jan/2023:17:33:41 +0100] "GET /Veltri_GiftList/getInfoListParticipant?orderId=102 HTTP/1.1" 500 3528
127.0.0.1 - - [06/Jan/2023:17:34:54 +0100] "POST /Veltri_GiftListAPI/api/user/login HTTP/1.1" 200 1669
0:0:0:0:0:0:0:1 - - [06/Jan/2023:17:34:54 +0100] "GET /Veltri_GiftList/home HTTP/1.1" 200 2867
127.0.0.1 - - [06/Jan/2023:17:35:06 +0100] "GET /Veltri_GiftListAPI/api/giftList/findById?idGiftList=102 HTTP/1.1" 200 9153993
0:0:0:0:0:0:0:1 - - [06/Jan/2023:17:35:06 +0100] "GET /Veltri_GiftList/getInfoListParticipant?orderId=102 HTTP/1.1" 500 3528
127.0.0.1 - - [06/Jan/2023:17:35:19 +0100] "GET /Veltri_GiftListAPI/api/giftList/findById?idGiftList=102 HTTP/1.1" 200 10564819
0:0:0:0:0:0:0:1 - - [06/Jan/2023:17:35:19 +0100] "GET /Veltri_GiftList/getInfoListParticipant?orderId=102 HTTP/1.1" 500 3528
0:0:0:0:0:0:0:1 - - [06/Jan/2023:17:35:47 +0100] "GET /Veltri_GiftList/getInfoListParticipant?orderId=102 HTTP/1.1" 500 3528
127.0.0.1 - - [06/Jan/2023:17:35:47 +0100] "GET /Veltri_GiftListAPI/api/giftList/findById?idGiftList=102 HTTP/1.1" 200 10564819
127.0.0.1 - - [06/Jan/2023:17:36:31 +0100] "GET /Veltri_GiftListAPI/api/giftList/findById?idGiftList=102 HTTP/1.1" 200 10564813
0:0:0:0:0:0:0:1 - - [06/Jan/2023:17:36:32 +0100] "GET /Veltri_GiftList/getInfoListParticipant?orderId=102 HTTP/1.1" 500 107065
127.0.0.1 - - [06/Jan/2023:17:44:48 +0100] "GET / HTTP/1.1" 404 681
0:0:0:0:0:0:0:1 - - [06/Jan/2023:17:45:04 +0100] "GET /Veltri_GiftList/connection HTTP/1.1" 200 1366
127.0.0.1 - - [06/Jan/2023:17:45:15 +0100] "POST /Veltri_GiftListAPI/api/user/login HTTP/1.1" 200 1669
0:0:0:0:0:0:0:1 - - [06/Jan/2023:17:45:16 +0100] "POST /Veltri_GiftList/authentication HTTP/1.1" 302 -
127.0.0.1 - - [06/Jan/2023:17:45:16 +0100] "POST /Veltri_GiftListAPI/api/user/login HTTP/1.1" 200 1669
0:0:0:0:0:0:0:1 - - [06/Jan/2023:17:45:16 +0100] "GET /Veltri_GiftList/home HTTP/1.1" 200 2867
127.0.0.1 - - [06/Jan/2023:17:45:18 +0100] "GET /Veltri_GiftListAPI/api/giftList/findById?idGiftList=102 HTTP/1.1" 200 10679
0:0:0:0:0:0:0:1 - - [06/Jan/2023:17:45:20 +0100] "GET /Veltri_GiftList/getInfoListParticipant?orderId=102 HTTP/1.1" 302 -
127.0.0.1 - - [06/Jan/2023:17:45:35 +0100] "GET /Veltri_GiftListAPI/api/giftList/findById?idGiftList=102 HTTP/1.1" 200 10679
0:0:0:0:0:0:0:1 - - [06/Jan/2023:17:45:41 +0100] "GET /Veltri_GiftList/getInfoListParticipant?orderId=102 HTTP/1.1" 302 -
0:0:0:0:0:0:0:1 - - [06/Jan/2023:17:45:41 +0100] "GET /Veltri_GiftList/infoListParticipant HTTP/1.1" 500 8192
0:0:0:0:0:0:0:1 - - [06/Jan/2023:17:45:41 +0100] "GET /Veltri_GiftList/CSS/infoListCSS.css HTTP/1.1" 304 -
127.0.0.1 - - [06/Jan/2023:17:45:51 +0100] "POST /Veltri_GiftListAPI/api/user/login HTTP/1.1" 200 1669
0:0:0:0:0:0:0:1 - - [06/Jan/2023:17:45:51 +0100] "GET /Veltri_GiftList/home HTTP/1.1" 200 2867
127.0.0.1 - - [06/Jan/2023:17:45:56 +0100] "GET /Veltri_GiftListAPI/api/giftList/findById?idGiftList=102 HTTP/1.1" 200 10679
0:0:0:0:0:0:0:1 - - [06/Jan/2023:17:45:56 +0100] "GET /Veltri_GiftList/getInfoListParticipant?orderId=102 HTTP/1.1" 302 -
0:0:0:0:0:0:0:1 - - [06/Jan/2023:17:45:56 +0100] "GET /Veltri_GiftList/infoListParticipant HTTP/1.1" 500 8192
0:0:0:0:0:0:0:1 - - [06/Jan/2023:17:47:33 +0100] "GET /Veltri_GiftList/infoListParticipant HTTP/1.1" 500 8192
0:0:0:0:0:0:0:1 - - [06/Jan/2023:17:47:33 +0100] "GET /Veltri_GiftList/CSS/infoListCSS.css HTTP/1.1" 200 1376
0:0:0:0:0:0:0:1 - - [06/Jan/2023:17:47:33 +0100] "GET /Veltri_GiftList/IMG/logOut.png HTTP/1.1" 200 1901
0:0:0:0:0:0:0:1 - - [06/Jan/2023:17:47:33 +0100] "GET /favicon.ico HTTP/1.1" 404 692
0:0:0:0:0:0:0:1 - - [06/Jan/2023:17:48:22 +0100] "GET /Veltri_GiftList/deconnection HTTP/1.1" 302 -
0:0:0:0:0:0:0:1 - - [06/Jan/2023:17:48:22 +0100] "GET /Veltri_GiftList/connection HTTP/1.1" 200 1366
127.0.0.1 - - [06/Jan/2023:17:48:25 +0100] "POST /Veltri_GiftListAPI/api/user/login HTTP/1.1" 200 1999
0:0:0:0:0:0:0:1 - - [06/Jan/2023:17:48:25 +0100] "POST /Veltri_GiftList/authentication HTTP/1.1" 302 -
127.0.0.1 - - [06/Jan/2023:17:48:26 +0100] "POST /Veltri_GiftListAPI/api/user/login HTTP/1.1" 200 1999
0:0:0:0:0:0:0:1 - - [06/Jan/2023:17:48:26 +0100] "GET /Veltri_GiftList/home HTTP/1.1" 200 3124
127.0.0.1 - - [06/Jan/2023:17:48:38 +0100] "GET /Veltri_GiftListAPI/api/giftList/findById?idGiftList=102 HTTP/1.1" 200 10679
0:0:0:0:0:0:0:1 - - [06/Jan/2023:17:48:40 +0100] "GET /Veltri_GiftList/getInfoList?orderId=102 HTTP/1.1" 500 8192
0:0:0:0:0:0:0:1 - - [06/Jan/2023:17:48:40 +0100] "GET /Veltri_GiftList/IMG/valid.png HTTP/1.1" 304 -
127.0.0.1 - - [06/Jan/2023:17:50:34 +0100] "GET /Veltri_GiftListAPI/api/giftList/findById?idGiftList=102 HTTP/1.1" 200 10679
0:0:0:0:0:0:0:1 - - [06/Jan/2023:17:50:34 +0100] "GET /Veltri_GiftList/getInfoList?orderId=102 HTTP/1.1" 500 8192
127.0.0.1 - - [06/Jan/2023:17:51:00 +0100] "GET /Veltri_GiftListAPI/api/giftList/findById?idGiftList=102 HTTP/1.1" 200 10679
0:0:0:0:0:0:0:1 - - [06/Jan/2023:17:51:00 +0100] "GET /Veltri_GiftList/getInfoList?orderId=102 HTTP/1.1" 500 8192
0:0:0:0:0:0:0:1 - - [06/Jan/2023:17:51:02 +0100] "GET /Veltri_GiftList/deconnection HTTP/1.1" 302 -
0:0:0:0:0:0:0:1 - - [06/Jan/2023:17:51:02 +0100] "GET /Veltri_GiftList/connection HTTP/1.1" 200 1366
127.0.0.1 - - [06/Jan/2023:17:51:06 +0100] "POST /Veltri_GiftListAPI/api/user/login HTTP/1.1" 200 1669
0:0:0:0:0:0:0:1 - - [06/Jan/2023:17:51:06 +0100] "POST /Veltri_GiftList/authentication HTTP/1.1" 302 -
127.0.0.1 - - [06/Jan/2023:17:51:06 +0100] "POST /Veltri_GiftListAPI/api/user/login HTTP/1.1" 200 1669
0:0:0:0:0:0:0:1 - - [06/Jan/2023:17:51:06 +0100] "GET /Veltri_GiftList/home HTTP/1.1" 200 2867
127.0.0.1 - - [06/Jan/2023:17:51:08 +0100] "GET /Veltri_GiftListAPI/api/giftList/findById?idGiftList=102 HTTP/1.1" 200 10679
0:0:0:0:0:0:0:1 - - [06/Jan/2023:17:51:08 +0100] "GET /Veltri_GiftList/getInfoListParticipant?orderId=102 HTTP/1.1" 302 -
0:0:0:0:0:0:0:1 - - [06/Jan/2023:17:51:08 +0100] "GET /Veltri_GiftList/infoListParticipant HTTP/1.1" 500 3241
0:0:0:0:0:0:0:1 - - [06/Jan/2023:17:51:30 +0100] "GET /Veltri_GiftList/infoListParticipant HTTP/1.1" 500 3241
0:0:0:0:0:0:0:1 - - [06/Jan/2023:17:52:06 +0100] "GET /Veltri_GiftList/infoListParticipant HTTP/1.1" 500 3241
127.0.0.1 - - [06/Jan/2023:17:52:10 +0100] "GET /Veltri_GiftListAPI/api/giftList/findById?idGiftList=102 HTTP/1.1" 200 10679
0:0:0:0:0:0:0:1 - - [06/Jan/2023:17:52:10 +0100] "GET /Veltri_GiftList/getInfoListParticipant?orderId=102 HTTP/1.1" 302 -
0:0:0:0:0:0:0:1 - - [06/Jan/2023:17:52:10 +0100] "GET /Veltri_GiftList/infoListParticipant HTTP/1.1" 500 3241
0:0:0:0:0:0:0:1 - - [06/Jan/2023:17:53:01 +0100] "GET /Veltri_GiftList/infoListParticipant HTTP/1.1" 200 13104
0:0:0:0:0:0:0:1 - - [06/Jan/2023:17:53:02 +0100] "GET /Veltri_GiftList/IMG/reserve.png HTTP/1.1" 304 -
0:0:0:0:0:0:0:1 - - [06/Jan/2023:17:54:19 +0100] "GET /Veltri_GiftList/infoListParticipant HTTP/1.1" 200 13103
0:0:0:0:0:0:0:1 - - [06/Jan/2023:17:54:25 +0100] "GET /Veltri_GiftList/infoListParticipant HTTP/1.1" 200 13103
0:0:0:0:0:0:0:1 - - [06/Jan/2023:17:54:25 +0100] "GET /Veltri_GiftList/CSS/infoListCSS.css HTTP/1.1" 200 1376
0:0:0:0:0:0:0:1 - - [06/Jan/2023:17:54:25 +0100] "GET /Veltri_GiftList/IMG/logOut.png HTTP/1.1" 200 1901
0:0:0:0:0:0:0:1 - - [06/Jan/2023:17:54:25 +0100] "GET /Veltri_GiftList/IMG/reserve.png HTTP/1.1" 200 89527
0:0:0:0:0:0:0:1 - - [06/Jan/2023:17:54:26 +0100] "GET /favicon.ico HTTP/1.1" 404 692
127.0.0.1 - - [06/Jan/2023:17:54:28 +0100] "POST /Veltri_GiftListAPI/api/user/login HTTP/1.1" 200 1669
0:0:0:0:0:0:0:1 - - [06/Jan/2023:17:54:28 +0100] "GET /Veltri_GiftList/home HTTP/1.1" 200 2867
127.0.0.1 - - [06/Jan/2023:17:54:30 +0100] "GET /Veltri_GiftListAPI/api/giftList/findById?idGiftList=102 HTTP/1.1" 200 10679
0:0:0:0:0:0:0:1 - - [06/Jan/2023:17:54:30 +0100] "GET /Veltri_GiftList/getInfoListParticipant?orderId=102 HTTP/1.1" 302 -
0:0:0:0:0:0:0:1 - - [06/Jan/2023:17:54:30 +0100] "GET /Veltri_GiftList/infoListParticipant HTTP/1.1" 200 13103
0:0:0:0:0:0:0:1 - - [06/Jan/2023:17:54:40 +0100] "GET /Veltri_GiftList/deconnection HTTP/1.1" 302 -
0:0:0:0:0:0:0:1 - - [06/Jan/2023:17:54:40 +0100] "GET /Veltri_GiftList/connection HTTP/1.1" 200 1366
127.0.0.1 - - [06/Jan/2023:17:54:44 +0100] "POST /Veltri_GiftListAPI/api/user/login HTTP/1.1" 200 1999
0:0:0:0:0:0:0:1 - - [06/Jan/2023:17:54:44 +0100] "POST /Veltri_GiftList/authentication HTTP/1.1" 302 -
127.0.0.1 - - [06/Jan/2023:17:54:44 +0100] "POST /Veltri_GiftListAPI/api/user/login HTTP/1.1" 200 1999
0:0:0:0:0:0:0:1 - - [06/Jan/2023:17:54:44 +0100] "GET /Veltri_GiftList/home HTTP/1.1" 200 3124
127.0.0.1 - - [06/Jan/2023:17:54:46 +0100] "GET /Veltri_GiftListAPI/api/giftList/findById?idGiftList=102 HTTP/1.1" 200 10679
