127.0.0.1 - - [05/Jan/2023:15:38:16 +0100] "GET / HTTP/1.1" 404 681
0:0:0:0:0:0:0:1 - - [05/Jan/2023:15:38:33 +0100] "GET /Veltri_GiftList/connection HTTP/1.1" 200 1366
0:0:0:0:0:0:0:1 - - [05/Jan/2023:15:38:33 +0100] "GET /favicon.ico HTTP/1.1" 404 692
127.0.0.1 - - [05/Jan/2023:15:38:40 +0100] "POST /Veltri_GiftListAPI/api/user/login HTTP/1.1" 500 4224
0:0:0:0:0:0:0:1 - - [05/Jan/2023:15:38:40 +0100] "POST /Veltri_GiftList/authentication HTTP/1.1" 302 -
0:0:0:0:0:0:0:1 - - [05/Jan/2023:15:38:40 +0100] "GET /Veltri_GiftList/connection HTTP/1.1" 200 1393
127.0.0.1 - - [05/Jan/2023:15:39:33 +0100] "GET / HTTP/1.1" 404 681
0:0:0:0:0:0:0:1 - - [05/Jan/2023:15:39:38 +0100] "GET /Veltri_GiftList/connection HTTP/1.1" 200 1393
127.0.0.1 - - [05/Jan/2023:15:39:42 +0100] "POST /Veltri_GiftListAPI/api/user/login HTTP/1.1" 500 4224
0:0:0:0:0:0:0:1 - - [05/Jan/2023:15:39:42 +0100] "POST /Veltri_GiftList/authentication HTTP/1.1" 302 -
0:0:0:0:0:0:0:1 - - [05/Jan/2023:15:39:42 +0100] "GET /Veltri_GiftList/connection HTTP/1.1" 200 1393
0:0:0:0:0:0:0:1 - - [05/Jan/2023:15:39:47 +0100] "GET /Veltri_GiftList/connection HTTP/1.1" 200 1393
0:0:0:0:0:0:0:1 - - [05/Jan/2023:15:39:47 +0100] "GET /Veltri_GiftList/IMG/background.jpg HTTP/1.1" 200 46624
0:0:0:0:0:0:0:1 - - [05/Jan/2023:15:39:47 +0100] "GET /favicon.ico HTTP/1.1" 404 692
127.0.0.1 - - [05/Jan/2023:15:39:50 +0100] "POST /Veltri_GiftListAPI/api/user/login HTTP/1.1" 500 4224
0:0:0:0:0:0:0:1 - - [05/Jan/2023:15:39:50 +0100] "POST /Veltri_GiftList/authentication HTTP/1.1" 302 -
0:0:0:0:0:0:0:1 - - [05/Jan/2023:15:39:50 +0100] "GET /Veltri_GiftList/connection HTTP/1.1" 200 1393
0:0:0:0:0:0:0:1 - - [05/Jan/2023:15:40:41 +0100] "GET /Veltri_GiftList/connection HTTP/1.1" 200 1393
0:0:0:0:0:0:0:1 - - [05/Jan/2023:15:40:43 +0100] "GET /Veltri_GiftList/connection HTTP/1.1" 200 1393
127.0.0.1 - - [05/Jan/2023:15:40:46 +0100] "POST /Veltri_GiftListAPI/api/user/login HTTP/1.1" 500 4224
0:0:0:0:0:0:0:1 - - [05/Jan/2023:15:40:46 +0100] "POST /Veltri_GiftList/authentication HTTP/1.1" 302 -
0:0:0:0:0:0:0:1 - - [05/Jan/2023:15:40:46 +0100] "GET /Veltri_GiftList/connection HTTP/1.1" 200 1393
0:0:0:0:0:0:0:1 - - [05/Jan/2023:15:41:39 +0100] "GET /Veltri_GiftList/connection HTTP/1.1" 200 1393
127.0.0.1 - - [05/Jan/2023:15:41:51 +0100] "POST /Veltri_GiftListAPI/api/user/login HTTP/1.1" 500 4224
0:0:0:0:0:0:0:1 - - [05/Jan/2023:15:41:51 +0100] "POST /Veltri_GiftList/authentication HTTP/1.1" 302 -
0:0:0:0:0:0:0:1 - - [05/Jan/2023:15:41:51 +0100] "GET /Veltri_GiftList/connection HTTP/1.1" 200 1393
127.0.0.1 - - [05/Jan/2023:15:42:08 +0100] "POST /Veltri_GiftListAPI/api/user/login HTTP/1.1" 500 4224
0:0:0:0:0:0:0:1 - - [05/Jan/2023:15:42:08 +0100] "POST /Veltri_GiftList/authentication HTTP/1.1" 302 -
0:0:0:0:0:0:0:1 - - [05/Jan/2023:15:42:08 +0100] "GET /Veltri_GiftList/connection HTTP/1.1" 200 1393
0:0:0:0:0:0:0:1 - - [05/Jan/2023:15:42:33 +0100] "GET /Veltri_GiftList/connection HTTP/1.1" 200 1393
127.0.0.1 - - [05/Jan/2023:15:42:47 +0100] "POST /Veltri_GiftListAPI/api/user/login HTTP/1.1" 500 4224
0:0:0:0:0:0:0:1 - - [05/Jan/2023:15:42:47 +0100] "POST /Veltri_GiftList/authentication HTTP/1.1" 302 -
0:0:0:0:0:0:0:1 - - [05/Jan/2023:15:42:47 +0100] "GET /Veltri_GiftList/connection HTTP/1.1" 200 1393
127.0.0.1 - - [05/Jan/2023:15:45:08 +0100] "POST /Veltri_GiftListAPI/api/user/login HTTP/1.1" 500 4224
0:0:0:0:0:0:0:1 - - [05/Jan/2023:15:45:08 +0100] "POST /Veltri_GiftList/authentication HTTP/1.1" 302 -
0:0:0:0:0:0:0:1 - - [05/Jan/2023:15:45:08 +0100] "GET /Veltri_GiftList/connection HTTP/1.1" 200 1393
127.0.0.1 - - [05/Jan/2023:15:45:26 +0100] "POST /Veltri_GiftListAPI/api/user/login HTTP/1.1" 200 2005
0:0:0:0:0:0:0:1 - - [05/Jan/2023:15:45:27 +0100] "POST /Veltri_GiftList/authentication HTTP/1.1" 302 -
127.0.0.1 - - [05/Jan/2023:15:45:27 +0100] "POST /Veltri_GiftListAPI/api/user/login HTTP/1.1" 200 2005
0:0:0:0:0:0:0:1 - - [05/Jan/2023:15:45:27 +0100] "GET /Veltri_GiftList/home HTTP/1.1" 200 3124
0:0:0:0:0:0:0:1 - - [05/Jan/2023:15:45:37 +0100] "GET /Veltri_GiftList/myGifts HTTP/1.1" 200 2193
0:0:0:0:0:0:0:1 - - [05/Jan/2023:15:45:37 +0100] "GET /Veltri_GiftList/CSS/infoListCSS.css HTTP/1.1" 200 1376
0:0:0:0:0:0:0:1 - - [05/Jan/2023:15:47:26 +0100] "GET /Veltri_GiftList/deconnection HTTP/1.1" 302 -
0:0:0:0:0:0:0:1 - - [05/Jan/2023:15:47:26 +0100] "GET /Veltri_GiftList/connection HTTP/1.1" 200 1366
0:0:0:0:0:0:0:1 - - [05/Jan/2023:15:47:27 +0100] "POST /Veltri_GiftList/authentication HTTP/1.1" 200 1431
127.0.0.1 - - [05/Jan/2023:15:47:32 +0100] "POST /Veltri_GiftListAPI/api/user/login HTTP/1.1" 500 4224
127.0.0.1 - - [05/Jan/2023:15:48:55 +0100] "POST /Veltri_GiftListAPI/api/user/login HTTP/1.1" 500 4224
0:0:0:0:0:0:0:1 - - [05/Jan/2023:15:48:58 +0100] "POST /Veltri_GiftList/authentication HTTP/1.1" 302 -
0:0:0:0:0:0:0:1 - - [05/Jan/2023:15:48:59 +0100] "GET /Veltri_GiftList/connection HTTP/1.1" 200 1466
127.0.0.1 - - [05/Jan/2023:15:49:43 +0100] "POST /Veltri_GiftListAPI/api/user/login HTTP/1.1" 200 2005
0:0:0:0:0:0:0:1 - - [05/Jan/2023:15:49:43 +0100] "POST /Veltri_GiftList/authentication HTTP/1.1" 302 -
127.0.0.1 - - [05/Jan/2023:15:49:43 +0100] "POST /Veltri_GiftListAPI/api/user/login HTTP/1.1" 200 2005
0:0:0:0:0:0:0:1 - - [05/Jan/2023:15:49:43 +0100] "GET /Veltri_GiftList/home HTTP/1.1" 200 3124
0:0:0:0:0:0:0:1 - - [05/Jan/2023:15:49:45 +0100] "GET /Veltri_GiftList/myGifts HTTP/1.1" 200 2193
0:0:0:0:0:0:0:1 - - [05/Jan/2023:16:04:22 +0100] "GET /Veltri_GiftList/myAccount HTTP/1.1" 200 3491
0:0:0:0:0:0:0:1 - - [05/Jan/2023:16:04:22 +0100] "GET /Veltri_GiftList/IMG/eye.png HTTP/1.1" 304 -
127.0.0.1 - - [05/Jan/2023:16:04:48 +0100] "GET /Veltri_GiftListAPI/api/user/all HTTP/1.1" 400 673
0:0:0:0:0:0:0:1 - - [05/Jan/2023:16:04:48 +0100] "POST /Veltri_GiftList/myAccount HTTP/1.1" 500 1662
127.0.0.1 - - [05/Jan/2023:16:06:08 +0100] "GET / HTTP/1.1" 404 681
0:0:0:0:0:0:0:1 - - [05/Jan/2023:16:06:10 +0100] "GET /Veltri_GiftList/connection HTTP/1.1" 200 1366
127.0.0.1 - - [05/Jan/2023:16:06:18 +0100] "POST /Veltri_GiftListAPI/api/user/login HTTP/1.1" 200 2005
0:0:0:0:0:0:0:1 - - [05/Jan/2023:16:06:19 +0100] "POST /Veltri_GiftList/authentication HTTP/1.1" 302 -
127.0.0.1 - - [05/Jan/2023:16:06:19 +0100] "POST /Veltri_GiftListAPI/api/user/login HTTP/1.1" 200 2005
0:0:0:0:0:0:0:1 - - [05/Jan/2023:16:06:19 +0100] "GET /Veltri_GiftList/home HTTP/1.1" 200 3124
0:0:0:0:0:0:0:1 - - [05/Jan/2023:16:06:21 +0100] "GET /Veltri_GiftList/myAccount HTTP/1.1" 200 3491
127.0.0.1 - - [05/Jan/2023:16:06:27 +0100] "GET /Veltri_GiftListAPI/api/user/all HTTP/1.1" 200 1001
127.0.0.1 - - [05/Jan/2023:16:06:27 +0100] "POST /Veltri_GiftListAPI/api/user/update HTTP/1.1" 202 4
0:0:0:0:0:0:0:1 - - [05/Jan/2023:16:06:27 +0100] "POST /Veltri_GiftList/myAccount HTTP/1.1" 200 3490
127.0.0.1 - - [05/Jan/2023:16:06:31 +0100] "POST /Veltri_GiftListAPI/api/user/login HTTP/1.1" 200 2001
0:0:0:0:0:0:0:1 - - [05/Jan/2023:16:06:31 +0100] "GET /Veltri_GiftList/home HTTP/1.1" 200 3124
0:0:0:0:0:0:0:1 - - [05/Jan/2023:16:06:32 +0100] "GET /Veltri_GiftList/addList HTTP/1.1" 200 4617
0:0:0:0:0:0:0:1 - - [05/Jan/2023:16:06:32 +0100] "GET /Veltri_GiftList/IMG/plus.png HTTP/1.1" 304 -
127.0.0.1 - - [05/Jan/2023:16:06:36 +0100] "POST /Veltri_GiftListAPI/api/user/login HTTP/1.1" 200 2001
0:0:0:0:0:0:0:1 - - [05/Jan/2023:16:06:36 +0100] "GET /Veltri_GiftList/home HTTP/1.1" 200 3124
127.0.0.1 - - [05/Jan/2023:16:06:38 +0100] "GET /Veltri_GiftListAPI/api/giftList/findById?idGiftList=102 HTTP/1.1" 200 10621
0:0:0:0:0:0:0:1 - - [05/Jan/2023:16:06:38 +0100] "GET /Veltri_GiftList/getInfoList?orderId=102 HTTP/1.1" 200 16212
0:0:0:0:0:0:0:1 - - [05/Jan/2023:16:06:38 +0100] "GET /Veltri_GiftList/IMG/pen.png HTTP/1.1" 304 -
0:0:0:0:0:0:0:1 - - [05/Jan/2023:16:06:38 +0100] "GET /Veltri_GiftList/IMG/deleteRed.png HTTP/1.1" 304 -
0:0:0:0:0:0:0:1 - - [05/Jan/2023:16:06:38 +0100] "GET /Veltri_GiftList/IMG/delete.png HTTP/1.1" 304 -
127.0.0.1 - - [05/Jan/2023:16:06:49 +0100] "POST /Veltri_GiftListAPI/api/user/login HTTP/1.1" 200 2001
0:0:0:0:0:0:0:1 - - [05/Jan/2023:16:06:49 +0100] "GET /Veltri_GiftList/home HTTP/1.1" 200 3124
127.0.0.1 - - [05/Jan/2023:16:06:56 +0100] "GET /Veltri_GiftListAPI/api/giftList/findById?idGiftList=81 HTTP/1.1" 200 519
0:0:0:0:0:0:0:1 - - [05/Jan/2023:16:06:56 +0100] "GET /Veltri_GiftList/getInfoList?orderId=81 HTTP/1.1" 200 5328
127.0.0.1 - - [05/Jan/2023:16:06:57 +0100] "POST /Veltri_GiftListAPI/api/user/login HTTP/1.1" 200 2001
0:0:0:0:0:0:0:1 - - [05/Jan/2023:16:06:57 +0100] "GET /Veltri_GiftList/home HTTP/1.1" 200 3124
127.0.0.1 - - [05/Jan/2023:16:06:58 +0100] "GET /Veltri_GiftListAPI/api/giftList/findById?idGiftList=50 HTTP/1.1" 200 835
0:0:0:0:0:0:0:1 - - [05/Jan/2023:16:06:58 +0100] "GET /Veltri_GiftList/getInfoList?orderId=50 HTTP/1.1" 200 5016
127.0.0.1 - - [05/Jan/2023:16:07:00 +0100] "GET /Veltri_GiftListAPI/api/giftList/findById?idGiftList=50 HTTP/1.1" 200 835
127.0.0.1 - - [05/Jan/2023:16:07:00 +0100] "POST /Veltri_GiftListAPI/api/giftList/update HTTP/1.1" 202 4
0:0:0:0:0:0:0:1 - - [05/Jan/2023:16:07:00 +0100] "GET /Veltri_GiftList/infoList?idGiftList=50&isActive=Inactive HTTP/1.1" 200 5021
127.0.0.1 - - [05/Jan/2023:16:07:02 +0100] "POST /Veltri_GiftListAPI/api/user/login HTTP/1.1" 200 1999
0:0:0:0:0:0:0:1 - - [05/Jan/2023:16:07:02 +0100] "GET /Veltri_GiftList/home HTTP/1.1" 200 3124
127.0.0.1 - - [05/Jan/2023:16:07:03 +0100] "GET /Veltri_GiftListAPI/api/giftList/findById?idGiftList=81 HTTP/1.1" 200 519
0:0:0:0:0:0:0:1 - - [05/Jan/2023:16:07:03 +0100] "GET /Veltri_GiftList/getInfoList?orderId=81 HTTP/1.1" 200 5328
127.0.0.1 - - [05/Jan/2023:16:07:05 +0100] "POST /Veltri_GiftListAPI/api/user/login HTTP/1.1" 200 1999
0:0:0:0:0:0:0:1 - - [05/Jan/2023:16:07:05 +0100] "GET /Veltri_GiftList/home HTTP/1.1" 200 3124
127.0.0.1 - - [05/Jan/2023:16:07:06 +0100] "GET /Veltri_GiftListAPI/api/giftList/findById?idGiftList=50 HTTP/1.1" 200 833
0:0:0:0:0:0:0:1 - - [05/Jan/2023:16:07:06 +0100] "GET /Veltri_GiftList/getInfoList?orderId=50 HTTP/1.1" 200 5021
127.0.0.1 - - [05/Jan/2023:16:07:11 +0100] "POST /Veltri_GiftListAPI/api/user/login HTTP/1.1" 200 1999
0:0:0:0:0:0:0:1 - - [05/Jan/2023:16:07:11 +0100] "GET /Veltri_GiftList/home HTTP/1.1" 200 3124
127.0.0.1 - - [05/Jan/2023:16:07:13 +0100] "GET /Veltri_GiftListAPI/api/giftList/findById?idGiftList=81 HTTP/1.1" 200 519
0:0:0:0:0:0:0:1 - - [05/Jan/2023:16:07:13 +0100] "GET /Veltri_GiftList/getInfoList?orderId=81 HTTP/1.1" 200 5328
127.0.0.1 - - [05/Jan/2023:16:07:18 +0100] "POST /Veltri_GiftListAPI/api/user/login HTTP/1.1" 200 1999
0:0:0:0:0:0:0:1 - - [05/Jan/2023:16:07:18 +0100] "GET /Veltri_GiftList/home HTTP/1.1" 200 3124
127.0.0.1 - - [05/Jan/2023:16:07:19 +0100] "GET /Veltri_GiftListAPI/api/giftList/findById?idGiftList=102 HTTP/1.1" 200 10621
0:0:0:0:0:0:0:1 - - [05/Jan/2023:16:07:19 +0100] "GET /Veltri_GiftList/getInfoList?orderId=102 HTTP/1.1" 200 16212
127.0.0.1 - - [05/Jan/2023:16:07:21 +0100] "POST /Veltri_GiftListAPI/api/user/login HTTP/1.1" 200 1999
0:0:0:0:0:0:0:1 - - [05/Jan/2023:16:07:21 +0100] "GET /Veltri_GiftList/home HTTP/1.1" 200 3124
0:0:0:0:0:0:0:1 - - [05/Jan/2023:16:07:34 +0100] "GET /Veltri_GiftList/myGifts HTTP/1.1" 200 2193
127.0.0.1 - - [05/Jan/2023:17:54:12 +0100] "GET / HTTP/1.1" 404 681
0:0:0:0:0:0:0:1 - - [05/Jan/2023:17:54:25 +0100] "GET /Veltri_GiftList/connection HTTP/1.1" 200 1366
127.0.0.1 - - [05/Jan/2023:17:54:38 +0100] "POST /Veltri_GiftListAPI/api/user/login HTTP/1.1" 200 1676
0:0:0:0:0:0:0:1 - - [05/Jan/2023:17:54:38 +0100] "POST /Veltri_GiftList/authentication HTTP/1.1" 302 -
127.0.0.1 - - [05/Jan/2023:17:54:39 +0100] "POST /Veltri_GiftListAPI/api/user/login HTTP/1.1" 200 1676
0:0:0:0:0:0:0:1 - - [05/Jan/2023:17:54:39 +0100] "GET /Veltri_GiftList/home HTTP/1.1" 200 2847
127.0.0.1 - - [05/Jan/2023:17:54:41 +0100] "GET /Veltri_GiftListAPI/api/reserve/allByUser?idUser=2 HTTP/1.1" 200 2
0:0:0:0:0:0:0:1 - - [05/Jan/2023:17:54:44 +0100] "GET /Veltri_GiftList/myGifts HTTP/1.1" 200 2158
127.0.0.1 - - [05/Jan/2023:17:55:40 +0100] "GET /Veltri_GiftListAPI/api/reserve/allByUser?idUser=2 HTTP/1.1" 200 2
0:0:0:0:0:0:0:1 - - [05/Jan/2023:17:56:22 +0100] "GET /Veltri_GiftList/myGifts HTTP/1.1" 200 2158
127.0.0.1 - - [05/Jan/2023:17:57:25 +0100] "GET /Veltri_GiftListAPI/api/reserve/allByUser?idUser=2 HTTP/1.1" 200 2
0:0:0:0:0:0:0:1 - - [05/Jan/2023:17:57:31 +0100] "GET /Veltri_GiftList/myGifts HTTP/1.1" 200 2158
127.0.0.1 - - [05/Jan/2023:17:57:43 +0100] "GET /Veltri_GiftListAPI/api/reserve/allByUser?idUser=2 HTTP/1.1" 200 2
0:0:0:0:0:0:0:1 - - [05/Jan/2023:17:57:47 +0100] "GET /Veltri_GiftList/myGifts HTTP/1.1" 200 2158
127.0.0.1 - - [05/Jan/2023:17:59:31 +0100] "POST /Veltri_GiftListAPI/api/user/login HTTP/1.1" 200 1676
0:0:0:0:0:0:0:1 - - [05/Jan/2023:17:59:31 +0100] "GET /Veltri_GiftList/home HTTP/1.1" 200 2847
127.0.0.1 - - [05/Jan/2023:17:59:32 +0100] "GET /Veltri_GiftListAPI/api/giftList/findById?idGiftList=102 HTTP/1.1" 200 10621
0:0:0:0:0:0:0:1 - - [05/Jan/2023:17:59:33 +0100] "GET /Veltri_GiftList/getInfoList?orderId=102 HTTP/1.1" 200 16215
127.0.0.1 - - [05/Jan/2023:17:59:36 +0100] "GET /Veltri_GiftListAPI/api/giftList/findById?idGiftList=50 HTTP/1.1" 200 833
0:0:0:0:0:0:0:1 - - [05/Jan/2023:17:59:36 +0100] "GET /Veltri_GiftList/getInfoList?orderId=50 HTTP/1.1" 200 5024
127.0.0.1 - - [05/Jan/2023:17:59:41 +0100] "POST /Veltri_GiftListAPI/api/user/login HTTP/1.1" 200 1676
0:0:0:0:0:0:0:1 - - [05/Jan/2023:17:59:41 +0100] "GET /Veltri_GiftList/home HTTP/1.1" 200 2847
127.0.0.1 - - [05/Jan/2023:18:02:11 +0100] "GET /Veltri_GiftListAPI/api/reserve/allByUser?idUser=2 HTTP/1.1" 500 220
0:0:0:0:0:0:0:1 - - [05/Jan/2023:18:02:11 +0100] "GET /Veltri_GiftList/myGifts HTTP/1.1" 500 1736
127.0.0.1 - - [05/Jan/2023:18:02:21 +0100] "POST /Veltri_GiftListAPI/api/user/login HTTP/1.1" 200 1676
0:0:0:0:0:0:0:1 - - [05/Jan/2023:18:02:21 +0100] "GET /Veltri_GiftList/home HTTP/1.1" 200 2847
127.0.0.1 - - [05/Jan/2023:18:02:36 +0100] "GET /Veltri_GiftListAPI/api/reserve/allByUser?idUser=2 HTTP/1.1" 200 220
0:0:0:0:0:0:0:1 - - [05/Jan/2023:18:02:58 +0100] "GET /Veltri_GiftList/myGifts HTTP/1.1" 500 3154
127.0.0.1 - - [05/Jan/2023:18:03:23 +0100] "GET / HTTP/1.1" 404 681
0:0:0:0:0:0:0:1 - - [05/Jan/2023:18:03:30 +0100] "GET /Veltri_GiftList/deconnection HTTP/1.1" 302 -
0:0:0:0:0:0:0:1 - - [05/Jan/2023:18:03:30 +0100] "GET /Veltri_GiftList/connection HTTP/1.1" 200 1366
127.0.0.1 - - [05/Jan/2023:18:03:39 +0100] "POST /Veltri_GiftListAPI/api/user/login HTTP/1.1" 500 4224
0:0:0:0:0:0:0:1 - - [05/Jan/2023:18:03:39 +0100] "POST /Veltri_GiftList/authentication HTTP/1.1" 302 -
0:0:0:0:0:0:0:1 - - [05/Jan/2023:18:03:39 +0100] "GET /Veltri_GiftList/connection HTTP/1.1" 200 1467
127.0.0.1 - - [05/Jan/2023:18:03:48 +0100] "POST /Veltri_GiftListAPI/api/user/login HTTP/1.1" 200 1676
0:0:0:0:0:0:0:1 - - [05/Jan/2023:18:03:48 +0100] "POST /Veltri_GiftList/authentication HTTP/1.1" 302 -
127.0.0.1 - - [05/Jan/2023:18:03:48 +0100] "POST /Veltri_GiftListAPI/api/user/login HTTP/1.1" 200 1676
0:0:0:0:0:0:0:1 - - [05/Jan/2023:18:03:48 +0100] "GET /Veltri_GiftList/home HTTP/1.1" 200 2847
127.0.0.1 - - [05/Jan/2023:18:03:50 +0100] "GET /Veltri_GiftListAPI/api/reserve/allByUser?idUser=2 HTTP/1.1" 200 220
0:0:0:0:0:0:0:1 - - [05/Jan/2023:18:03:50 +0100] "GET /Veltri_GiftList/myGifts HTTP/1.1" 500 3144
127.0.0.1 - - [05/Jan/2023:18:04:09 +0100] "GET /Veltri_GiftListAPI/api/reserve/allByUser?idUser=2 HTTP/1.1" 200 220
0:0:0:0:0:0:0:1 - - [05/Jan/2023:18:04:27 +0100] "GET /Veltri_GiftList/myGifts HTTP/1.1" 500 3144
127.0.0.1 - - [05/Jan/2023:18:05:59 +0100] "GET / HTTP/1.1" 404 681
0:0:0:0:0:0:0:1 - - [05/Jan/2023:18:06:13 +0100] "GET /Veltri_GiftList/myGifts HTTP/1.1" 500 1460
0:0:0:0:0:0:0:1 - - [05/Jan/2023:18:06:16 +0100] "GET /Veltri_GiftList/connection HTTP/1.1" 200 1366
127.0.0.1 - - [05/Jan/2023:18:06:32 +0100] "POST /Veltri_GiftListAPI/api/user/login HTTP/1.1" 200 1676
0:0:0:0:0:0:0:1 - - [05/Jan/2023:18:06:33 +0100] "POST /Veltri_GiftList/authentication HTTP/1.1" 302 -
127.0.0.1 - - [05/Jan/2023:18:06:33 +0100] "POST /Veltri_GiftListAPI/api/user/login HTTP/1.1" 200 1676
0:0:0:0:0:0:0:1 - - [05/Jan/2023:18:06:33 +0100] "GET /Veltri_GiftList/home HTTP/1.1" 200 2847
127.0.0.1 - - [05/Jan/2023:18:06:49 +0100] "GET /Veltri_GiftListAPI/api/reserve/allByUser?idUser=2 HTTP/1.1" 200 405
0:0:0:0:0:0:0:1 - - [05/Jan/2023:18:06:49 +0100] "GET /Veltri_GiftList/myGifts HTTP/1.1" 500 3153
127.0.0.1 - - [05/Jan/2023:18:07:17 +0100] "GET /Veltri_GiftListAPI/api/reserve/allByUser?idUser=2 HTTP/1.1" 200 405
0:0:0:0:0:0:0:1 - - [05/Jan/2023:18:07:52 +0100] "GET /Veltri_GiftList/myGifts HTTP/1.1" 500 3153
127.0.0.1 - - [05/Jan/2023:18:08:15 +0100] "GET /Veltri_GiftListAPI/api/reserve/allByUser?idUser=2 HTTP/1.1" 200 405
0:0:0:0:0:0:0:1 - - [05/Jan/2023:18:09:02 +0100] "GET /Veltri_GiftList/myGifts HTTP/1.1" 500 3153
127.0.0.1 - - [05/Jan/2023:18:09:50 +0100] "GET /Veltri_GiftListAPI/api/reserve/allByUser?idUser=2 HTTP/1.1" 200 405
0:0:0:0:0:0:0:1 - - [05/Jan/2023:18:10:39 +0100] "GET /Veltri_GiftList/myGifts HTTP/1.1" 500 3153
127.0.0.1 - - [05/Jan/2023:18:10:52 +0100] "GET /Veltri_GiftListAPI/api/reserve/allByUser?idUser=2 HTTP/1.1" 200 405
127.0.0.1 - - [05/Jan/2023:18:13:34 +0100] "GET / HTTP/1.1" 404 681
0:0:0:0:0:0:0:1 - - [05/Jan/2023:18:13:37 +0100] "GET /Veltri_GiftList/connection HTTP/1.1" 200 1366
127.0.0.1 - - [05/Jan/2023:18:13:49 +0100] "POST /Veltri_GiftListAPI/api/user/login HTTP/1.1" 200 1676
0:0:0:0:0:0:0:1 - - [05/Jan/2023:18:13:50 +0100] "POST /Veltri_GiftList/authentication HTTP/1.1" 302 -
127.0.0.1 - - [05/Jan/2023:18:13:50 +0100] "POST /Veltri_GiftListAPI/api/user/login HTTP/1.1" 200 1676
0:0:0:0:0:0:0:1 - - [05/Jan/2023:18:13:51 +0100] "GET /Veltri_GiftList/home HTTP/1.1" 200 2847
127.0.0.1 - - [05/Jan/2023:18:14:02 +0100] "GET /Veltri_GiftListAPI/api/reserve/allByUser?idUser=2 HTTP/1.1" 200 405
127.0.0.1 - - [05/Jan/2023:18:16:20 +0100] "GET / HTTP/1.1" 404 681
0:0:0:0:0:0:0:1 - - [05/Jan/2023:18:16:25 +0100] "GET /Veltri_GiftList/myGifts HTTP/1.1" 500 1460
0:0:0:0:0:0:0:1 - - [05/Jan/2023:18:16:48 +0100] "GET /Veltri_GiftList/connection HTTP/1.1" 200 1366
127.0.0.1 - - [05/Jan/2023:18:16:56 +0100] "POST /Veltri_GiftListAPI/api/user/login HTTP/1.1" 200 1676
0:0:0:0:0:0:0:1 - - [05/Jan/2023:18:16:57 +0100] "POST /Veltri_GiftList/authentication HTTP/1.1" 302 -
127.0.0.1 - - [05/Jan/2023:18:16:57 +0100] "POST /Veltri_GiftListAPI/api/user/login HTTP/1.1" 200 1676
0:0:0:0:0:0:0:1 - - [05/Jan/2023:18:16:57 +0100] "GET /Veltri_GiftList/home HTTP/1.1" 200 2847
127.0.0.1 - - [05/Jan/2023:18:17:39 +0100] "GET /Veltri_GiftListAPI/api/reserve/allByUser?idUser=2 HTTP/1.1" 200 405
0:0:0:0:0:0:0:1 - - [05/Jan/2023:18:19:07 +0100] "GET /Veltri_GiftList/myGifts HTTP/1.1" 500 1449
127.0.0.1 - - [05/Jan/2023:18:19:26 +0100] "GET / HTTP/1.1" 404 681
0:0:0:0:0:0:0:1 - - [05/Jan/2023:18:19:29 +0100] "GET /Veltri_GiftList/connection HTTP/1.1" 200 1366
127.0.0.1 - - [05/Jan/2023:18:19:37 +0100] "POST /Veltri_GiftListAPI/api/user/login HTTP/1.1" 200 1676
0:0:0:0:0:0:0:1 - - [05/Jan/2023:18:19:38 +0100] "POST /Veltri_GiftList/authentication HTTP/1.1" 302 -
127.0.0.1 - - [05/Jan/2023:18:19:39 +0100] "POST /Veltri_GiftListAPI/api/user/login HTTP/1.1" 200 1676
0:0:0:0:0:0:0:1 - - [05/Jan/2023:18:19:39 +0100] "GET /Veltri_GiftList/home HTTP/1.1" 200 2847
127.0.0.1 - - [05/Jan/2023:18:19:41 +0100] "GET /Veltri_GiftListAPI/api/reserve/allByUser?idUser=2 HTTP/1.1" 200 405
127.0.0.1 - - [05/Jan/2023:18:19:58 +0100] "GET /Veltri_GiftListAPI/api/gift/findById?idGift=143 HTTP/1.1" 200 213702
0:0:0:0:0:0:0:1 - - [05/Jan/2023:18:36:26 +0100] "GET /Veltri_GiftList/myGifts HTTP/1.1" 500 1460
0:0:0:0:0:0:0:1 - - [05/Jan/2023:18:40:23 +0100] "GET /Veltri_GiftList/home HTTP/1.1" 500 1330
127.0.0.1 - - [05/Jan/2023:18:41:09 +0100] "GET / HTTP/1.1" 404 681
0:0:0:0:0:0:0:1 - - [05/Jan/2023:18:41:18 +0100] "GET /Veltri_GiftList/connection HTTP/1.1" 200 1366
127.0.0.1 - - [05/Jan/2023:18:41:29 +0100] "POST /Veltri_GiftListAPI/api/user/login HTTP/1.1" 200 1676
127.0.0.1 - - [05/Jan/2023:18:41:29 +0100] "POST /Veltri_GiftListAPI/api/user/login HTTP/1.1" 200 1676
0:0:0:0:0:0:0:1 - - [05/Jan/2023:18:41:29 +0100] "POST /Veltri_GiftList/authentication HTTP/1.1" 302 -
0:0:0:0:0:0:0:1 - - [05/Jan/2023:18:41:29 +0100] "POST /Veltri_GiftList/authentication HTTP/1.1" 302 -
127.0.0.1 - - [05/Jan/2023:18:41:29 +0100] "POST /Veltri_GiftListAPI/api/user/login HTTP/1.1" 200 1676
0:0:0:0:0:0:0:1 - - [05/Jan/2023:18:41:29 +0100] "GET /Veltri_GiftList/home HTTP/1.1" 200 2847
127.0.0.1 - - [05/Jan/2023:18:41:44 +0100] "GET /Veltri_GiftListAPI/api/reserve/allByUser?idUser=2 HTTP/1.1" 200 405
127.0.0.1 - - [05/Jan/2023:18:41:45 +0100] "GET /Veltri_GiftListAPI/api/gift/findById?idGift=143 HTTP/1.1" 200 221776
0:0:0:0:0:0:0:1 - - [05/Jan/2023:18:41:45 +0100] "GET /Veltri_GiftList/myGifts HTTP/1.1" 500 3153
127.0.0.1 - - [05/Jan/2023:18:42:16 +0100] "GET /Veltri_GiftListAPI/api/reserve/allByUser?idUser=2 HTTP/1.1" 200 405
127.0.0.1 - - [05/Jan/2023:18:42:17 +0100] "GET /Veltri_GiftListAPI/api/gift/findById?idGift=143 HTTP/1.1" 200 259889
0:0:0:0:0:0:0:1 - - [05/Jan/2023:18:42:17 +0100] "GET /Veltri_GiftList/myGifts HTTP/1.1" 500 3153
127.0.0.1 - - [05/Jan/2023:18:42:25 +0100] "GET /Veltri_GiftListAPI/api/reserve/allByUser?idUser=2 HTTP/1.1" 200 405
127.0.0.1 - - [05/Jan/2023:18:42:26 +0100] "GET /Veltri_GiftListAPI/api/gift/findById?idGift=143 HTTP/1.1" 200 280968
0:0:0:0:0:0:0:1 - - [05/Jan/2023:18:42:26 +0100] "GET /Veltri_GiftList/myGifts HTTP/1.1" 500 3153
127.0.0.1 - - [05/Jan/2023:18:42:35 +0100] "GET /Veltri_GiftListAPI/api/reserve/allByUser?idUser=2 HTTP/1.1" 200 405
127.0.0.1 - - [05/Jan/2023:18:42:35 +0100] "GET /Veltri_GiftListAPI/api/gift/findById?idGift=143 HTTP/1.1" 200 421182
0:0:0:0:0:0:0:1 - - [05/Jan/2023:18:42:36 +0100] "GET /Veltri_GiftList/myGifts HTTP/1.1" 500 107080
127.0.0.1 - - [05/Jan/2023:18:42:41 +0100] "GET /Veltri_GiftListAPI/api/reserve/allByUser?idUser=2 HTTP/1.1" 200 405
127.0.0.1 - - [05/Jan/2023:18:42:41 +0100] "GET /Veltri_GiftListAPI/api/gift/findById?idGift=143 HTTP/1.1" 200 479624
0:0:0:0:0:0:0:1 - - [05/Jan/2023:18:42:41 +0100] "GET /Veltri_GiftList/myGifts HTTP/1.1" 500 107077
127.0.0.1 - - [05/Jan/2023:18:42:46 +0100] "POST /Veltri_GiftListAPI/api/user/login HTTP/1.1" 200 1676
0:0:0:0:0:0:0:1 - - [05/Jan/2023:18:42:46 +0100] "GET /Veltri_GiftList/home HTTP/1.1" 200 2847
127.0.0.1 - - [05/Jan/2023:18:42:48 +0100] "GET /Veltri_GiftListAPI/api/reserve/allByUser?idUser=2 HTTP/1.1" 200 405
127.0.0.1 - - [05/Jan/2023:18:42:48 +0100] "GET /Veltri_GiftListAPI/api/gift/findById?idGift=143 HTTP/1.1" 200 283209
0:0:0:0:0:0:0:1 - - [05/Jan/2023:18:42:48 +0100] "GET /Veltri_GiftList/myGifts HTTP/1.1" 500 3153
127.0.0.1 - - [05/Jan/2023:18:43:03 +0100] "GET /Veltri_GiftListAPI/api/reserve/allByUser?idUser=2 HTTP/1.1" 200 405
127.0.0.1 - - [05/Jan/2023:18:43:47 +0100] "GET /Veltri_GiftListAPI/api/gift/findById?idGift=143 HTTP/1.1" 200 284255
0:0:0:0:0:0:0:1 - - [05/Jan/2023:18:43:47 +0100] "GET /Veltri_GiftList/myGifts HTTP/1.1" 500 3153
127.0.0.1 - - [05/Jan/2023:18:44:05 +0100] "POST /Veltri_GiftListAPI/api/user/login HTTP/1.1" 200 1676
0:0:0:0:0:0:0:1 - - [05/Jan/2023:18:44:05 +0100] "GET /Veltri_GiftList/home HTTP/1.1" 200 2847
127.0.0.1 - - [05/Jan/2023:18:44:06 +0100] "GET /Veltri_GiftListAPI/api/reserve/allByUser?idUser=2 HTTP/1.1" 200 405
127.0.0.1 - - [05/Jan/2023:18:44:07 +0100] "GET /Veltri_GiftListAPI/api/gift/findById?idGift=143 HTTP/1.1" 200 361276
0:0:0:0:0:0:0:1 - - [05/Jan/2023:18:44:07 +0100] "GET /Veltri_GiftList/myGifts HTTP/1.1" 500 3153
127.0.0.1 - - [05/Jan/2023:18:44:51 +0100] "GET /Veltri_GiftListAPI/api/reserve/allByUser?idUser=2 HTTP/1.1" 200 405
127.0.0.1 - - [05/Jan/2023:18:47:13 +0100] "GET / HTTP/1.1" 404 681
0:0:0:0:0:0:0:1 - - [05/Jan/2023:18:47:20 +0100] "GET /Veltri_GiftList/connection HTTP/1.1" 200 1366
127.0.0.1 - - [05/Jan/2023:18:47:29 +0100] "POST /Veltri_GiftListAPI/api/user/login HTTP/1.1" 200 1676
0:0:0:0:0:0:0:1 - - [05/Jan/2023:18:47:30 +0100] "POST /Veltri_GiftList/authentication HTTP/1.1" 302 -
127.0.0.1 - - [05/Jan/2023:18:47:30 +0100] "POST /Veltri_GiftListAPI/api/user/login HTTP/1.1" 200 1676
0:0:0:0:0:0:0:1 - - [05/Jan/2023:18:47:30 +0100] "GET /Veltri_GiftList/home HTTP/1.1" 200 2847
127.0.0.1 - - [05/Jan/2023:18:47:32 +0100] "GET /Veltri_GiftListAPI/api/reserve/allByUser?idUser=2 HTTP/1.1" 200 405
127.0.0.1 - - [05/Jan/2023:18:47:39 +0100] "GET /Veltri_GiftListAPI/api/giftList/findById?idGiftList=102 HTTP/1.1" 200 221286
127.0.0.1 - - [05/Jan/2023:18:47:40 +0100] "GET /Veltri_GiftListAPI/api/giftList/findById?idGiftList=50 HTTP/1.1" 200 833
0:0:0:0:0:0:0:1 - - [05/Jan/2023:18:47:40 +0100] "GET /Veltri_GiftList/myGifts HTTP/1.1" 200 2239
0:0:0:0:0:0:0:1 - - [05/Jan/2023:18:47:40 +0100] "GET /Veltri_GiftList/CSS/infoListCSS.css HTTP/1.1" 304 -
127.0.0.1 - - [05/Jan/2023:18:47:43 +0100] "GET /Veltri_GiftListAPI/api/reserve/allByUser?idUser=2 HTTP/1.1" 200 405
127.0.0.1 - - [05/Jan/2023:18:47:44 +0100] "GET /Veltri_GiftListAPI/api/giftList/findById?idGiftList=102 HTTP/1.1" 200 269272
127.0.0.1 - - [05/Jan/2023:18:47:44 +0100] "GET /Veltri_GiftListAPI/api/giftList/findById?idGiftList=50 HTTP/1.1" 200 833
0:0:0:0:0:0:0:1 - - [05/Jan/2023:18:47:44 +0100] "GET /Veltri_GiftList/myGifts HTTP/1.1" 200 2239
