127.0.0.1 - - [29/Dec/2022:16:20:17 +0100] "GET / HTTP/1.1" 404 681
0:0:0:0:0:0:0:1 - - [29/Dec/2022:16:20:44 +0100] "GET /Veltri_GiftList/connection HTTP/1.1" 200 1366
0:0:0:0:0:0:0:1 - - [29/Dec/2022:16:20:44 +0100] "GET /favicon.ico HTTP/1.1" 404 692
127.0.0.1 - - [29/Dec/2022:16:20:51 +0100] "POST /Veltri_GiftListAPI/api/user/login HTTP/1.1" 200 1685
127.0.0.1 - - [29/Dec/2022:16:20:53 +0100] "POST /Veltri_GiftListAPI/api/user/login HTTP/1.1" 200 1685
0:0:0:0:0:0:0:1 - - [29/Dec/2022:16:20:53 +0100] "POST /Veltri_GiftList/authentication HTTP/1.1" 200 3383
127.0.0.1 - - [29/Dec/2022:16:20:57 +0100] "POST /Veltri_GiftListAPI/api/giftList/find HTTP/1.1" 200 1421
0:0:0:0:0:0:0:1 - - [29/Dec/2022:16:20:58 +0100] "GET /Veltri_GiftList/getInfoList?from=my&orderId=0 HTTP/1.1" 200 5504
0:0:0:0:0:0:0:1 - - [29/Dec/2022:16:21:04 +0100] "GET /Veltri_GiftList/addList HTTP/1.1" 200 4487
0:0:0:0:0:0:0:1 - - [29/Dec/2022:16:21:06 +0100] "GET /Veltri_GiftList/addGift?nameList=&limitDate=&isActive=on&occasion=wedding HTTP/1.1" 200 3388
0:0:0:0:0:0:0:1 - - [29/Dec/2022:16:21:16 +0100] "POST /Veltri_GiftList/verifAddGift HTTP/1.1" 200 5122
0:0:0:0:0:0:0:1 - - [29/Dec/2022:16:23:13 +0100] "GET /Veltri_GiftList/modifyGift?idGift=0&where=local HTTP/1.1" 200 3442
0:0:0:0:0:0:0:1 - - [29/Dec/2022:16:32:47 +0100] "GET /Veltri_GiftList/modifyGift?idGift=0&where=local HTTP/1.1" 200 3556
0:0:0:0:0:0:0:1 - - [29/Dec/2022:16:46:08 +0100] "GET /Veltri_GiftList/addList HTTP/1.1" 200 5122
0:0:0:0:0:0:0:1 - - [29/Dec/2022:16:46:40 +0100] "GET /Veltri_GiftList/addGift?nameList=test&limitDate=&isActive=on&occasion=wedding HTTP/1.1" 200 3388
0:0:0:0:0:0:0:1 - - [29/Dec/2022:16:46:44 +0100] "GET /Veltri_GiftList/addList HTTP/1.1" 200 5126
0:0:0:0:0:0:0:1 - - [29/Dec/2022:16:46:51 +0100] "GET /Veltri_GiftList/modifyGift?idGift=0&where=local HTTP/1.1" 200 3619
0:0:0:0:0:0:0:1 - - [29/Dec/2022:16:46:58 +0100] "POST /Veltri_GiftList/verifModifyGift HTTP/1.1" 404 716
127.0.0.1 - - [29/Dec/2022:16:49:34 +0100] "GET / HTTP/1.1" 404 681
0:0:0:0:0:0:0:1 - - [29/Dec/2022:16:49:48 +0100] "GET /Veltri_GiftList/connection HTTP/1.1" 200 1366
127.0.0.1 - - [29/Dec/2022:16:49:54 +0100] "POST /Veltri_GiftListAPI/api/user/login HTTP/1.1" 200 1685
127.0.0.1 - - [29/Dec/2022:16:49:55 +0100] "POST /Veltri_GiftListAPI/api/user/login HTTP/1.1" 200 1685
0:0:0:0:0:0:0:1 - - [29/Dec/2022:16:49:55 +0100] "POST /Veltri_GiftList/authentication HTTP/1.1" 200 3383
0:0:0:0:0:0:0:1 - - [29/Dec/2022:16:49:57 +0100] "GET /Veltri_GiftList/addList HTTP/1.1" 200 4487
0:0:0:0:0:0:0:1 - - [29/Dec/2022:16:50:01 +0100] "GET /Veltri_GiftList/addGift?nameList=test&limitDate=&isActive=on&occasion=wedding HTTP/1.1" 200 3388
0:0:0:0:0:0:0:1 - - [29/Dec/2022:16:50:11 +0100] "POST /Veltri_GiftList/verifAddGift HTTP/1.1" 200 14679
0:0:0:0:0:0:0:1 - - [29/Dec/2022:16:50:15 +0100] "GET /Veltri_GiftList/modifyGift?idGift=0&where=local HTTP/1.1" 200 3617
0:0:0:0:0:0:0:1 - - [29/Dec/2022:16:50:32 +0100] "POST /Veltri_GiftList/verifModifyGift HTTP/1.1" 500 1328
0:0:0:0:0:0:0:1 - - [29/Dec/2022:16:51:27 +0100] "GET /Veltri_GiftList/modifyGift?idGift=0&where=local HTTP/1.1" 200 3614
0:0:0:0:0:0:0:1 - - [29/Dec/2022:16:51:33 +0100] "POST /Veltri_GiftList/verifModifyGift HTTP/1.1" 500 1453
0:0:0:0:0:0:0:1 - - [29/Dec/2022:16:52:52 +0100] "POST /Veltri_GiftList/verifModifyGift HTTP/1.1" 200 4476
0:0:0:0:0:0:0:1 - - [29/Dec/2022:16:52:56 +0100] "POST /Veltri_GiftList/verifModifyGift HTTP/1.1" 500 1623
0:0:0:0:0:0:0:1 - - [29/Dec/2022:16:53:03 +0100] "POST /Veltri_GiftList/verifModifyGift HTTP/1.1" 500 1623
0:0:0:0:0:0:0:1 - - [29/Dec/2022:16:53:08 +0100] "POST /Veltri_GiftList/verifAddGift HTTP/1.1" 200 14679
0:0:0:0:0:0:0:1 - - [29/Dec/2022:16:53:10 +0100] "POST /Veltri_GiftList/verifAddGift HTTP/1.1" 200 14679
0:0:0:0:0:0:0:1 - - [29/Dec/2022:16:53:12 +0100] "POST /Veltri_GiftList/verifAddGift HTTP/1.1" 200 14679
0:0:0:0:0:0:0:1 - - [29/Dec/2022:16:53:12 +0100] "GET /Veltri_GiftList/CSS/infoListCSS.css HTTP/1.1" 200 1376
0:0:0:0:0:0:0:1 - - [29/Dec/2022:16:53:12 +0100] "GET /Veltri_GiftList/IMG/logOut.png HTTP/1.1" 200 1901
0:0:0:0:0:0:0:1 - - [29/Dec/2022:16:53:12 +0100] "GET /Veltri_GiftList/IMG/pen.png HTTP/1.1" 200 15056
0:0:0:0:0:0:0:1 - - [29/Dec/2022:16:53:12 +0100] "GET /Veltri_GiftList/IMG/delete.png HTTP/1.1" 200 8709
0:0:0:0:0:0:0:1 - - [29/Dec/2022:16:53:12 +0100] "GET /Veltri_GiftList/IMG/plus.png HTTP/1.1" 200 6948
0:0:0:0:0:0:0:1 - - [29/Dec/2022:16:53:12 +0100] "GET /favicon.ico HTTP/1.1" 404 692
0:0:0:0:0:0:0:1 - - [29/Dec/2022:16:53:16 +0100] "GET /Veltri_GiftList/modifyGift?idGift=0&where=local HTTP/1.1" 200 3614
0:0:0:0:0:0:0:1 - - [29/Dec/2022:16:53:21 +0100] "POST /Veltri_GiftList/verifModifyGift HTTP/1.1" 200 4476
0:0:0:0:0:0:0:1 - - [29/Dec/2022:16:53:30 +0100] "GET /Veltri_GiftList/addList HTTP/1.1" 200 4476
0:0:0:0:0:0:0:1 - - [29/Dec/2022:16:53:32 +0100] "GET /Veltri_GiftList/addList HTTP/1.1" 200 4476
0:0:0:0:0:0:0:1 - - [29/Dec/2022:16:54:29 +0100] "GET /Veltri_GiftList/addGift?nameList=test&limitDate=&isActive=on&occasion=wedding HTTP/1.1" 200 3388
0:0:0:0:0:0:0:1 - - [29/Dec/2022:16:54:35 +0100] "POST /Veltri_GiftList/verifAddGift HTTP/1.1" 200 5127
0:0:0:0:0:0:0:1 - - [29/Dec/2022:16:54:37 +0100] "GET /Veltri_GiftList/modifyGift?idGift=0&where=local HTTP/1.1" 200 3617
0:0:0:0:0:0:0:1 - - [29/Dec/2022:16:56:29 +0100] "POST /Veltri_GiftList/verifModifyGift HTTP/1.1" 500 1337
0:0:0:0:0:0:0:1 - - [29/Dec/2022:16:56:36 +0100] "POST /Veltri_GiftList/verifAddGift HTTP/1.1" 200 5777
0:0:0:0:0:0:0:1 - - [29/Dec/2022:16:56:39 +0100] "POST /Veltri_GiftList/verifAddGift HTTP/1.1" 200 5777
0:0:0:0:0:0:0:1 - - [29/Dec/2022:16:56:39 +0100] "POST /Veltri_GiftList/verifAddGift HTTP/1.1" 200 5777
0:0:0:0:0:0:0:1 - - [29/Dec/2022:16:56:41 +0100] "GET /Veltri_GiftList/modifyGift?idGift=0&where=local HTTP/1.1" 200 3627
0:0:0:0:0:0:0:1 - - [29/Dec/2022:16:56:46 +0100] "POST /Veltri_GiftList/verifModifyGift HTTP/1.1" 200 5825
0:0:0:0:0:0:0:1 - - [29/Dec/2022:16:56:49 +0100] "POST /Veltri_GiftList/verifModifyGift HTTP/1.1" 200 5825
0:0:0:0:0:0:0:1 - - [29/Dec/2022:16:56:51 +0100] "POST /Veltri_GiftList/verifModifyGift HTTP/1.1" 200 5825
0:0:0:0:0:0:0:1 - - [29/Dec/2022:16:56:58 +0100] "GET /Veltri_GiftList/modifyGift?idGift=1&where=local HTTP/1.1" 200 3623
0:0:0:0:0:0:0:1 - - [29/Dec/2022:16:57:04 +0100] "POST /Veltri_GiftList/verifModifyGift HTTP/1.1" 200 15380
0:0:0:0:0:0:0:1 - - [29/Dec/2022:16:57:08 +0100] "GET /Veltri_GiftList/addGift?nameList=test&limitDate=&isActive=on&occasion=wedding HTTP/1.1" 200 3388
0:0:0:0:0:0:0:1 - - [29/Dec/2022:16:57:20 +0100] "POST /Veltri_GiftList/verifAddGift HTTP/1.1" 200 25574
0:0:0:0:0:0:0:1 - - [29/Dec/2022:16:57:25 +0100] "GET /Veltri_GiftList/modifyGift?idGift=2&where=local HTTP/1.1" 200 3622
0:0:0:0:0:0:0:1 - - [29/Dec/2022:16:57:34 +0100] "POST /Veltri_GiftList/verifModifyGift HTTP/1.1" 200 16052
0:0:0:0:0:0:0:1 - - [29/Dec/2022:16:58:15 +0100] "GET /Veltri_GiftList/modifyGift?idGift=1&where=local HTTP/1.1" 200 3623
0:0:0:0:0:0:0:1 - - [29/Dec/2022:16:58:45 +0100] "POST /Veltri_GiftList/verifModifyGift HTTP/1.1" 200 6497
0:0:0:0:0:0:0:1 - - [29/Dec/2022:16:58:50 +0100] "GET /Veltri_GiftList/modifyGift?idGift=2&where=local HTTP/1.1" 200 3649
0:0:0:0:0:0:0:1 - - [29/Dec/2022:16:58:57 +0100] "POST /Veltri_GiftList/verifModifyGift HTTP/1.1" 200 16052
0:0:0:0:0:0:0:1 - - [29/Dec/2022:16:59:02 +0100] "GET /Veltri_GiftList/modifyGift?idGift=2&where=local HTTP/1.1" 200 3649
0:0:0:0:0:0:0:1 - - [29/Dec/2022:16:59:10 +0100] "POST /Veltri_GiftList/verifModifyGift HTTP/1.1" 200 16023
0:0:0:0:0:0:0:1 - - [29/Dec/2022:16:59:15 +0100] "GET /Veltri_GiftList/modifyGift?idGift=2&where=local HTTP/1.1" 200 3620
0:0:0:0:0:0:0:1 - - [29/Dec/2022:16:59:46 +0100] "GET /Veltri_GiftList/modifyGift?idGift=2&where=local HTTP/1.1" 200 3623
0:0:0:0:0:0:0:1 - - [29/Dec/2022:16:59:47 +0100] "GET /Veltri_GiftList/addList HTTP/1.1" 200 16023
0:0:0:0:0:0:0:1 - - [29/Dec/2022:16:59:49 +0100] "GET /Veltri_GiftList/addList HTTP/1.1" 200 16023
127.0.0.1 - - [29/Dec/2022:17:00:19 +0100] "POST /Veltri_GiftListAPI/api/giftList/create HTTP/1.1" 503 673
0:0:0:0:0:0:0:1 - - [29/Dec/2022:17:00:19 +0100] "POST /Veltri_GiftList/verifAddList HTTP/1.1" 200 -
127.0.0.1 - - [29/Dec/2022:17:00:28 +0100] "POST /Veltri_GiftListAPI/api/user/login HTTP/1.1" 204 -
0:0:0:0:0:0:0:1 - - [29/Dec/2022:17:00:28 +0100] "GET /Veltri_GiftList/home HTTP/1.1" 200 3383
0:0:0:0:0:0:0:1 - - [29/Dec/2022:17:00:29 +0100] "GET /Veltri_GiftList/home HTTP/1.1" 500 3111
0:0:0:0:0:0:0:1 - - [29/Dec/2022:17:00:48 +0100] "GET /Veltri_GiftList/connection HTTP/1.1" 200 1366
127.0.0.1 - - [29/Dec/2022:17:00:51 +0100] "POST /Veltri_GiftListAPI/api/user/login HTTP/1.1" 204 -
0:0:0:0:0:0:0:1 - - [29/Dec/2022:17:00:51 +0100] "POST /Veltri_GiftList/authentication HTTP/1.1" 200 1466
127.0.0.1 - - [29/Dec/2022:17:00:54 +0100] "POST /Veltri_GiftListAPI/api/user/login HTTP/1.1" 204 -
0:0:0:0:0:0:0:1 - - [29/Dec/2022:17:00:54 +0100] "POST /Veltri_GiftList/authentication HTTP/1.1" 200 1466
0:0:0:0:0:0:0:1 - - [29/Dec/2022:17:00:57 +0100] "POST /Veltri_GiftList/authentication HTTP/1.1" 200 1466
127.0.0.1 - - [29/Dec/2022:17:00:57 +0100] "POST /Veltri_GiftListAPI/api/user/login HTTP/1.1" 204 -
127.0.0.1 - - [29/Dec/2022:17:01:04 +0100] "POST /Veltri_GiftListAPI/api/user/login HTTP/1.1" 204 -
0:0:0:0:0:0:0:1 - - [29/Dec/2022:17:01:04 +0100] "POST /Veltri_GiftList/authentication HTTP/1.1" 200 1466
0:0:0:0:0:0:0:1 - - [29/Dec/2022:17:01:04 +0100] "GET /Veltri_GiftList/IMG/background.jpg HTTP/1.1" 200 46624
0:0:0:0:0:0:0:1 - - [29/Dec/2022:17:01:04 +0100] "GET /favicon.ico HTTP/1.1" 404 692
127.0.0.1 - - [29/Dec/2022:17:01:05 +0100] "POST /Veltri_GiftListAPI/api/user/login HTTP/1.1" 204 -
0:0:0:0:0:0:0:1 - - [29/Dec/2022:17:01:05 +0100] "POST /Veltri_GiftList/authentication HTTP/1.1" 200 1466
127.0.0.1 - - [29/Dec/2022:17:01:07 +0100] "POST /Veltri_GiftListAPI/api/user/login HTTP/1.1" 204 -
0:0:0:0:0:0:0:1 - - [29/Dec/2022:17:01:07 +0100] "POST /Veltri_GiftList/authentication HTTP/1.1" 200 1466
127.0.0.1 - - [29/Dec/2022:17:01:32 +0100] "GET / HTTP/1.1" 404 681
0:0:0:0:0:0:0:1 - - [29/Dec/2022:17:01:36 +0100] "GET /Veltri_GiftList/verifAddList HTTP/1.1" 500 1461
0:0:0:0:0:0:0:1 - - [29/Dec/2022:17:01:37 +0100] "GET /favicon.ico HTTP/1.1" 404 692
0:0:0:0:0:0:0:1 - - [29/Dec/2022:17:01:40 +0100] "GET /Veltri_GiftList/connection HTTP/1.1" 200 1366
127.0.0.1 - - [29/Dec/2022:17:01:46 +0100] "POST /Veltri_GiftListAPI/api/user/login HTTP/1.1" 200 1685
127.0.0.1 - - [29/Dec/2022:17:01:46 +0100] "POST /Veltri_GiftListAPI/api/user/login HTTP/1.1" 200 1685
0:0:0:0:0:0:0:1 - - [29/Dec/2022:17:01:46 +0100] "POST /Veltri_GiftList/authentication HTTP/1.1" 200 3383
127.0.0.1 - - [29/Dec/2022:17:01:51 +0100] "POST /Veltri_GiftListAPI/api/giftList/find HTTP/1.1" 200 10019
0:0:0:0:0:0:0:1 - - [29/Dec/2022:17:01:51 +0100] "GET /Veltri_GiftList/getInfoList?from=my&orderId=4 HTTP/1.1" 200 13048
127.0.0.1 - - [29/Dec/2022:17:01:55 +0100] "POST /Veltri_GiftListAPI/api/giftList/find HTTP/1.1" 200 10019
0:0:0:0:0:0:0:1 - - [29/Dec/2022:17:01:55 +0100] "GET /Veltri_GiftList/getInfoList?from=my&orderId=3 HTTP/1.1" 200 13048
127.0.0.1 - - [29/Dec/2022:17:02:00 +0100] "POST /Veltri_GiftListAPI/api/giftList/find HTTP/1.1" 200 46186
0:0:0:0:0:0:0:1 - - [29/Dec/2022:17:02:00 +0100] "GET /Veltri_GiftList/getInfoList?from=my&orderId=2 HTTP/1.1" 200 49216
0:0:0:0:0:0:0:1 - - [29/Dec/2022:17:02:02 +0100] "GET /Veltri_GiftList/addList HTTP/1.1" 200 4487
0:0:0:0:0:0:0:1 - - [29/Dec/2022:17:02:08 +0100] "GET /Veltri_GiftList/addGift?nameList=zeiojdzeiojfiozejfe&limitDate=&isActive=on&occasion=wedding HTTP/1.1" 200 3388
0:0:0:0:0:0:0:1 - - [29/Dec/2022:17:02:19 +0100] "POST /Veltri_GiftList/verifAddGift HTTP/1.1" 200 14714
127.0.0.1 - - [29/Dec/2022:17:02:25 +0100] "POST /Veltri_GiftListAPI/api/giftList/create HTTP/1.1" 201 4
127.0.0.1 - - [29/Dec/2022:17:02:25 +0100] "POST /Veltri_GiftListAPI/api/gift/create HTTP/1.1" 201 4
0:0:0:0:0:0:0:1 - - [29/Dec/2022:17:02:25 +0100] "POST /Veltri_GiftList/verifAddList HTTP/1.1" 200 -
127.0.0.1 - - [29/Dec/2022:17:02:30 +0100] "POST /Veltri_GiftListAPI/api/user/login HTTP/1.1" 200 1999
0:0:0:0:0:0:0:1 - - [29/Dec/2022:17:02:30 +0100] "GET /Veltri_GiftList/home HTTP/1.1" 200 3383
127.0.0.1 - - [29/Dec/2022:17:02:34 +0100] "POST /Veltri_GiftListAPI/api/user/login HTTP/1.1" 200 1999
0:0:0:0:0:0:0:1 - - [29/Dec/2022:17:02:34 +0100] "GET /Veltri_GiftList/home HTTP/1.1" 200 3569
127.0.0.1 - - [29/Dec/2022:17:02:36 +0100] "POST /Veltri_GiftListAPI/api/giftList/find HTTP/1.1" 200 10007
0:0:0:0:0:0:0:1 - - [29/Dec/2022:17:02:36 +0100] "GET /Veltri_GiftList/getInfoList?from=my&orderId=5 HTTP/1.1" 200 13038
