127.0.0.1 - - [07/Jan/2023:13:04:13 +0100] "GET / HTTP/1.1" 404 681
0:0:0:0:0:0:0:1 - - [07/Jan/2023:13:04:52 +0100] "GET /Veltri_GiftList/connection HTTP/1.1" 200 1366
0:0:0:0:0:0:0:1 - - [07/Jan/2023:13:04:52 +0100] "GET /favicon.ico HTTP/1.1" 404 692
0:0:0:0:0:0:0:1 - - [07/Jan/2023:13:04:55 +0100] "GET /Veltri_GiftList/home HTTP/1.1" 302 -
0:0:0:0:0:0:0:1 - - [07/Jan/2023:13:04:55 +0100] "GET /Veltri_GiftList/connection HTTP/1.1" 200 1366
0:0:0:0:0:0:0:1 - - [07/Jan/2023:13:04:58 +0100] "GET /Veltri_GiftList/home HTTP/1.1" 302 -
0:0:0:0:0:0:0:1 - - [07/Jan/2023:13:04:58 +0100] "GET /Veltri_GiftList/connection HTTP/1.1" 200 1366
0:0:0:0:0:0:0:1 - - [07/Jan/2023:13:05:28 +0100] "GET /Veltri_GiftList/connection HTTP/1.1" 200 1366
0:0:0:0:0:0:0:1 - - [07/Jan/2023:13:05:31 +0100] "GET /Veltri_GiftList/home HTTP/1.1" 302 -
0:0:0:0:0:0:0:1 - - [07/Jan/2023:13:05:31 +0100] "GET /Veltri_GiftList/connection HTTP/1.1" 200 1366
0:0:0:0:0:0:0:1 - - [07/Jan/2023:13:05:50 +0100] "GET /Veltri_GiftList/home HTTP/1.1" 302 -
0:0:0:0:0:0:0:1 - - [07/Jan/2023:13:05:52 +0100] "GET /Veltri_GiftList/connection HTTP/1.1" 200 1366
127.0.0.1 - - [07/Jan/2023:13:08:16 +0100] "GET / HTTP/1.1" 404 681
0:0:0:0:0:0:0:1 - - [07/Jan/2023:13:08:23 +0100] "GET /Veltri_GiftList/connection HTTP/1.1" 200 1366
0:0:0:0:0:0:0:1 - - [07/Jan/2023:13:08:52 +0100] "GET /Veltri_GiftList/inscription HTTP/1.1" 200 1795
127.0.0.1 - - [07/Jan/2023:13:09:14 +0100] "GET /Veltri_GiftListAPI/api/user/all HTTP/1.1" 200 1000
0:0:0:0:0:0:0:1 - - [07/Jan/2023:13:09:14 +0100] "POST /Veltri_GiftList/createUser HTTP/1.1" 302 -
0:0:0:0:0:0:0:1 - - [07/Jan/2023:13:09:14 +0100] "GET /Veltri_GiftList/inscription HTTP/1.1" 200 1821
127.0.0.1 - - [07/Jan/2023:13:09:45 +0100] "GET /Veltri_GiftListAPI/api/user/all HTTP/1.1" 200 1000
127.0.0.1 - - [07/Jan/2023:13:09:45 +0100] "POST /Veltri_GiftListAPI/api/user/create HTTP/1.1" 201 4
0:0:0:0:0:0:0:1 - - [07/Jan/2023:13:09:46 +0100] "POST /Veltri_GiftList/createUser HTTP/1.1" 500 1440
127.0.0.1 - - [07/Jan/2023:13:10:06 +0100] "POST /Veltri_GiftListAPI/api/user/login HTTP/1.1" 200 156
0:0:0:0:0:0:0:1 - - [07/Jan/2023:13:10:06 +0100] "POST /Veltri_GiftList/authentication HTTP/1.1" 302 -
127.0.0.1 - - [07/Jan/2023:13:10:10 +0100] "POST /Veltri_GiftListAPI/api/user/login HTTP/1.1" 200 156
0:0:0:0:0:0:0:1 - - [07/Jan/2023:13:10:10 +0100] "GET /Veltri_GiftList/home HTTP/1.1" 200 2611
0:0:0:0:0:0:0:1 - - [07/Jan/2023:13:10:20 +0100] "GET /Veltri_GiftList/deconnection HTTP/1.1" 302 -
0:0:0:0:0:0:0:1 - - [07/Jan/2023:13:10:20 +0100] "GET /Veltri_GiftList/connection HTTP/1.1" 200 1366
127.0.0.1 - - [07/Jan/2023:13:10:28 +0100] "POST /Veltri_GiftListAPI/api/user/login HTTP/1.1" 200 160
0:0:0:0:0:0:0:1 - - [07/Jan/2023:13:10:28 +0100] "POST /Veltri_GiftList/authentication HTTP/1.1" 302 -
127.0.0.1 - - [07/Jan/2023:13:10:29 +0100] "POST /Veltri_GiftListAPI/api/user/login HTTP/1.1" 200 160
0:0:0:0:0:0:0:1 - - [07/Jan/2023:13:10:29 +0100] "GET /Veltri_GiftList/home HTTP/1.1" 200 2611
0:0:0:0:0:0:0:1 - - [07/Jan/2023:13:10:37 +0100] "GET /Veltri_GiftList/deconnection HTTP/1.1" 302 -
0:0:0:0:0:0:0:1 - - [07/Jan/2023:13:10:37 +0100] "GET /Veltri_GiftList/connection HTTP/1.1" 200 1366
0:0:0:0:0:0:0:1 - - [07/Jan/2023:13:10:39 +0100] "GET /Veltri_GiftList/inscription HTTP/1.1" 200 1795
127.0.0.1 - - [07/Jan/2023:13:10:47 +0100] "GET /Veltri_GiftListAPI/api/user/all HTTP/1.1" 200 1161
127.0.0.1 - - [07/Jan/2023:13:10:47 +0100] "POST /Veltri_GiftListAPI/api/user/create HTTP/1.1" 201 4
0:0:0:0:0:0:0:1 - - [07/Jan/2023:13:10:47 +0100] "POST /Veltri_GiftList/createUser HTTP/1.1" 500 1440
127.0.0.1 - - [07/Jan/2023:13:11:39 +0100] "GET /Veltri_GiftListAPI/api/user/all HTTP/1.1" 200 1315
0:0:0:0:0:0:0:1 - - [07/Jan/2023:13:11:39 +0100] "POST /Veltri_GiftList/createUser HTTP/1.1" 302 -
0:0:0:0:0:0:0:1 - - [07/Jan/2023:13:11:39 +0100] "GET /Veltri_GiftList/inscription HTTP/1.1" 200 1818
127.0.0.1 - - [07/Jan/2023:13:11:50 +0100] "GET /Veltri_GiftListAPI/api/user/all HTTP/1.1" 200 1315
127.0.0.1 - - [07/Jan/2023:13:11:50 +0100] "POST /Veltri_GiftListAPI/api/user/create HTTP/1.1" 503 673
0:0:0:0:0:0:0:1 - - [07/Jan/2023:13:11:50 +0100] "POST /Veltri_GiftList/createUser HTTP/1.1" 200 -
127.0.0.1 - - [07/Jan/2023:13:12:11 +0100] "GET /Veltri_GiftListAPI/api/user/all HTTP/1.1" 200 1315
127.0.0.1 - - [07/Jan/2023:13:12:11 +0100] "POST /Veltri_GiftListAPI/api/user/create HTTP/1.1" 201 4
0:0:0:0:0:0:0:1 - - [07/Jan/2023:13:12:11 +0100] "POST /Veltri_GiftList/createUser HTTP/1.1" 500 1440
127.0.0.1 - - [07/Jan/2023:13:12:40 +0100] "GET / HTTP/1.1" 404 681
127.0.0.1 - - [07/Jan/2023:13:14:13 +0100] "GET /Veltri_GiftListAPI/api/user/all HTTP/1.1" 200 1000
0:0:0:0:0:0:0:1 - - [07/Jan/2023:13:15:01 +0100] "POST /Veltri_GiftList/createUser HTTP/1.1" 302 -
0:0:0:0:0:0:0:1 - - [07/Jan/2023:13:15:02 +0100] "GET /Veltri_GiftList/inscription HTTP/1.1" 200 1819
127.0.0.1 - - [07/Jan/2023:13:16:30 +0100] "GET /Veltri_GiftListAPI/api/user/all HTTP/1.1" 200 1000
0:0:0:0:0:0:0:1 - - [07/Jan/2023:13:16:33 +0100] "POST /Veltri_GiftList/createUser HTTP/1.1" 200 1886
127.0.0.1 - - [07/Jan/2023:13:16:43 +0100] "GET /Veltri_GiftListAPI/api/user/all HTTP/1.1" 200 1000
127.0.0.1 - - [07/Jan/2023:13:16:44 +0100] "POST /Veltri_GiftListAPI/api/user/create HTTP/1.1" 201 4
0:0:0:0:0:0:0:1 - - [07/Jan/2023:13:16:44 +0100] "POST /Veltri_GiftList/createUser HTTP/1.1" 500 1440
127.0.0.1 - - [07/Jan/2023:13:17:02 +0100] "GET /Veltri_GiftListAPI/api/user/all HTTP/1.1" 200 1159
0:0:0:0:0:0:0:1 - - [07/Jan/2023:13:17:02 +0100] "POST /Veltri_GiftList/createUser HTTP/1.1" 200 1890
127.0.0.1 - - [07/Jan/2023:13:17:06 +0100] "GET /Veltri_GiftListAPI/api/user/all HTTP/1.1" 200 1159
0:0:0:0:0:0:0:1 - - [07/Jan/2023:13:17:06 +0100] "POST /Veltri_GiftList/createUser HTTP/1.1" 200 1890
127.0.0.1 - - [07/Jan/2023:13:17:11 +0100] "GET /Veltri_GiftListAPI/api/user/all HTTP/1.1" 200 1159
127.0.0.1 - - [07/Jan/2023:13:17:11 +0100] "POST /Veltri_GiftListAPI/api/user/create HTTP/1.1" 201 4
0:0:0:0:0:0:0:1 - - [07/Jan/2023:13:17:19 +0100] "POST /Veltri_GiftList/createUser HTTP/1.1" 500 1440
127.0.0.1 - - [07/Jan/2023:13:17:29 +0100] "GET /Veltri_GiftListAPI/api/user/all HTTP/1.1" 200 1322
0:0:0:0:0:0:0:1 - - [07/Jan/2023:13:17:29 +0100] "POST /Veltri_GiftList/createUser HTTP/1.1" 200 1894
127.0.0.1 - - [07/Jan/2023:13:17:39 +0100] "GET /Veltri_GiftListAPI/api/user/all HTTP/1.1" 200 1322
127.0.0.1 - - [07/Jan/2023:13:17:39 +0100] "POST /Veltri_GiftListAPI/api/user/create HTTP/1.1" 201 4
0:0:0:0:0:0:0:1 - - [07/Jan/2023:13:17:43 +0100] "POST /Veltri_GiftList/createUser HTTP/1.1" 500 1440
127.0.0.1 - - [07/Jan/2023:13:18:23 +0100] "GET /Veltri_GiftListAPI/api/user/all HTTP/1.1" 200 843
127.0.0.1 - - [07/Jan/2023:13:18:23 +0100] "POST /Veltri_GiftListAPI/api/user/create HTTP/1.1" 201 4
127.0.0.1 - - [07/Jan/2023:13:18:52 +0100] "GET /Veltri_GiftListAPI/api/user/all HTTP/1.1" 200 998
0:0:0:0:0:0:0:1 - - [07/Jan/2023:13:18:52 +0100] "POST /Veltri_GiftList/createUser HTTP/1.1" 200 1886
127.0.0.1 - - [07/Jan/2023:13:19:02 +0100] "GET /Veltri_GiftListAPI/api/user/all HTTP/1.1" 200 998
127.0.0.1 - - [07/Jan/2023:13:19:02 +0100] "POST /Veltri_GiftListAPI/api/user/create HTTP/1.1" 201 4
127.0.0.1 - - [07/Jan/2023:13:19:35 +0100] "GET /Veltri_GiftListAPI/api/user/all HTTP/1.1" 200 1157
0:0:0:0:0:0:0:1 - - [07/Jan/2023:13:19:35 +0100] "POST /Veltri_GiftList/createUser HTTP/1.1" 200 1890
127.0.0.1 - - [07/Jan/2023:13:19:47 +0100] "GET /Veltri_GiftListAPI/api/user/all HTTP/1.1" 200 1157
127.0.0.1 - - [07/Jan/2023:13:19:47 +0100] "POST /Veltri_GiftListAPI/api/user/create HTTP/1.1" 201 4
0:0:0:0:0:0:0:1 - - [07/Jan/2023:13:20:08 +0100] "POST /Veltri_GiftList/createUser HTTP/1.1" 500 1635
127.0.0.1 - - [07/Jan/2023:13:21:13 +0100] "GET /Veltri_GiftListAPI/api/user/all HTTP/1.1" 200 843
127.0.0.1 - - [07/Jan/2023:13:21:13 +0100] "POST /Veltri_GiftListAPI/api/user/create HTTP/1.1" 201 4
0:0:0:0:0:0:0:1 - - [07/Jan/2023:13:21:13 +0100] "POST /Veltri_GiftList/createUser HTTP/1.1" 500 1635
127.0.0.1 - - [07/Jan/2023:13:21:58 +0100] "GET /Veltri_GiftListAPI/api/user/all HTTP/1.1" 200 998
127.0.0.1 - - [07/Jan/2023:13:21:58 +0100] "POST /Veltri_GiftListAPI/api/user/create HTTP/1.1" 201 4
127.0.0.1 - - [07/Jan/2023:13:23:10 +0100] "GET /Veltri_GiftListAPI/api/user/all HTTP/1.1" 200 1157
0:0:0:0:0:0:0:1 - - [07/Jan/2023:13:23:10 +0100] "POST /Veltri_GiftList/createUser HTTP/1.1" 200 1890
127.0.0.1 - - [07/Jan/2023:13:23:15 +0100] "GET /Veltri_GiftListAPI/api/user/all HTTP/1.1" 200 1157
127.0.0.1 - - [07/Jan/2023:13:23:15 +0100] "POST /Veltri_GiftListAPI/api/user/create HTTP/1.1" 201 4
127.0.0.1 - - [07/Jan/2023:13:23:15 +0100] "POST /Veltri_GiftListAPI/api/user/find HTTP/1.1" 200 162
0:0:0:0:0:0:0:1 - - [07/Jan/2023:13:23:32 +0100] "POST /Veltri_GiftList/createUser HTTP/1.1" 500 1635
127.0.0.1 - - [07/Jan/2023:13:23:44 +0100] "GET /Veltri_GiftListAPI/api/user/all HTTP/1.1" 200 1320
127.0.0.1 - - [07/Jan/2023:13:23:44 +0100] "POST /Veltri_GiftListAPI/api/user/create HTTP/1.1" 201 4
127.0.0.1 - - [07/Jan/2023:13:23:44 +0100] "POST /Veltri_GiftListAPI/api/user/find HTTP/1.1" 200 167
127.0.0.1 - - [07/Jan/2023:13:25:03 +0100] "GET /Veltri_GiftListAPI/api/user/all HTTP/1.1" 200 1488
0:0:0:0:0:0:0:1 - - [07/Jan/2023:13:25:03 +0100] "POST /Veltri_GiftList/createUser HTTP/1.1" 200 1899
127.0.0.1 - - [07/Jan/2023:13:25:12 +0100] "GET /Veltri_GiftListAPI/api/user/all HTTP/1.1" 200 1488
127.0.0.1 - - [07/Jan/2023:13:25:13 +0100] "POST /Veltri_GiftListAPI/api/user/create HTTP/1.1" 201 4
127.0.0.1 - - [07/Jan/2023:13:25:13 +0100] "POST /Veltri_GiftListAPI/api/user/find HTTP/1.1" 200 168
127.0.0.1 - - [07/Jan/2023:13:25:26 +0100] "POST /Veltri_GiftListAPI/api/user/login HTTP/1.1" 200 168
0:0:0:0:0:0:0:1 - - [07/Jan/2023:13:25:26 +0100] "POST /Veltri_GiftList/createUser HTTP/1.1" 200 2610
0:0:0:0:0:0:0:1 - - [07/Jan/2023:13:26:01 +0100] "GET /Veltri_GiftList/deconnection HTTP/1.1" 302 -
0:0:0:0:0:0:0:1 - - [07/Jan/2023:13:26:01 +0100] "GET /Veltri_GiftList/connection HTTP/1.1" 200 1366
0:0:0:0:0:0:0:1 - - [07/Jan/2023:13:26:07 +0100] "GET /Veltri_GiftList/inscription HTTP/1.1" 200 1795
127.0.0.1 - - [07/Jan/2023:13:26:18 +0100] "GET /Veltri_GiftListAPI/api/user/all HTTP/1.1" 200 843
127.0.0.1 - - [07/Jan/2023:13:26:18 +0100] "POST /Veltri_GiftListAPI/api/user/create HTTP/1.1" 201 4
127.0.0.1 - - [07/Jan/2023:13:26:18 +0100] "POST /Veltri_GiftListAPI/api/user/find HTTP/1.1" 200 156
127.0.0.1 - - [07/Jan/2023:13:26:18 +0100] "POST /Veltri_GiftListAPI/api/user/login HTTP/1.1" 200 156
0:0:0:0:0:0:0:1 - - [07/Jan/2023:13:26:18 +0100] "POST /Veltri_GiftList/createUser HTTP/1.1" 200 2611
0:0:0:0:0:0:0:1 - - [07/Jan/2023:13:26:23 +0100] "GET /Veltri_GiftList/addList HTTP/1.1" 200 4617
0:0:0:0:0:0:0:1 - - [07/Jan/2023:13:26:23 +0100] "GET /Veltri_GiftList/CSS/infoListCSS.css HTTP/1.1" 304 -
0:0:0:0:0:0:0:1 - - [07/Jan/2023:13:26:32 +0100] "GET /Veltri_GiftList/addGift?nameList=test&limitDate=&isActive=on&occasion=wedding HTTP/1.1" 200 3515
0:0:0:0:0:0:0:1 - - [07/Jan/2023:13:26:46 +0100] "POST /Veltri_GiftList/verifAddGift HTTP/1.1" 200 14827
0:0:0:0:0:0:0:1 - - [07/Jan/2023:13:26:46 +0100] "GET /Veltri_GiftList/IMG/pen.png HTTP/1.1" 304 -
127.0.0.1 - - [07/Jan/2023:13:26:54 +0100] "POST /Veltri_GiftListAPI/api/giftList/create HTTP/1.1" 201 4
127.0.0.1 - - [07/Jan/2023:13:26:55 +0100] "POST /Veltri_GiftListAPI/api/gift/create HTTP/1.1" 201 4
0:0:0:0:0:0:0:1 - - [07/Jan/2023:13:26:55 +0100] "POST /Veltri_GiftList/verifAddList HTTP/1.1" 302 -
127.0.0.1 - - [07/Jan/2023:13:26:56 +0100] "POST /Veltri_GiftListAPI/api/user/login HTTP/1.1" 200 472
0:0:0:0:0:0:0:1 - - [07/Jan/2023:13:26:56 +0100] "GET /Veltri_GiftList/home HTTP/1.1" 200 2776
127.0.0.1 - - [07/Jan/2023:13:26:58 +0100] "GET /Veltri_GiftListAPI/api/giftList/findById?idGiftList=121 HTTP/1.1" 200 10006
0:0:0:0:0:0:0:1 - - [07/Jan/2023:13:26:58 +0100] "GET /Veltri_GiftList/getInfoList?orderId=121 HTTP/1.1" 200 14902
0:0:0:0:0:0:0:1 - - [07/Jan/2023:13:26:58 +0100] "GET /Veltri_GiftList/IMG/deleteRed.png HTTP/1.1" 304 -
127.0.0.1 - - [07/Jan/2023:13:27:01 +0100] "GET /Veltri_GiftListAPI/api/giftList/findById?idGiftList=121 HTTP/1.1" 200 10006
0:0:0:0:0:0:0:1 - - [07/Jan/2023:13:27:01 +0100] "GET /Veltri_GiftList/addGift?idGiftList=121 HTTP/1.1" 200 3514
127.0.0.1 - - [07/Jan/2023:13:27:20 +0100] "GET /Veltri_GiftListAPI/api/giftList/findById?idGiftList=121 HTTP/1.1" 200 10006
127.0.0.1 - - [07/Jan/2023:13:27:21 +0100] "POST /Veltri_GiftListAPI/api/gift/create HTTP/1.1" 201 4
127.0.0.1 - - [07/Jan/2023:13:27:21 +0100] "GET /Veltri_GiftListAPI/api/giftList/findById?idGiftList=121 HTTP/1.1" 200 10209
0:0:0:0:0:0:0:1 - - [07/Jan/2023:13:27:21 +0100] "POST /Veltri_GiftList/verifAddGift HTTP/1.1" 200 15594
127.0.0.1 - - [07/Jan/2023:13:27:25 +0100] "GET /Veltri_GiftListAPI/api/gift/findById?idGift=0 HTTP/1.1" 400 673
0:0:0:0:0:0:0:1 - - [07/Jan/2023:13:27:25 +0100] "GET /Veltri_GiftList/modifyGift?idGift=0&where=server HTTP/1.1" 200 -
127.0.0.1 - - [07/Jan/2023:13:27:30 +0100] "GET /Veltri_GiftListAPI/api/gift/findById?idGift=161 HTTP/1.1" 200 9689
0:0:0:0:0:0:0:1 - - [07/Jan/2023:13:27:30 +0100] "GET /Veltri_GiftList/modifyGift?idGift=161&where=server HTTP/1.1" 200 3647
127.0.0.1 - - [07/Jan/2023:13:27:34 +0100] "GET /Veltri_GiftListAPI/api/gift/findById?idGift=0 HTTP/1.1" 400 673
0:0:0:0:0:0:0:1 - - [07/Jan/2023:13:27:34 +0100] "GET /Veltri_GiftList/modifyGift?idGift=0&where=server HTTP/1.1" 200 -
127.0.0.1 - - [07/Jan/2023:13:27:39 +0100] "GET /Veltri_GiftListAPI/api/gift/findById?idGift=161 HTTP/1.1" 200 9689
0:0:0:0:0:0:0:1 - - [07/Jan/2023:13:27:39 +0100] "GET /Veltri_GiftList/modifyGift?idGift=161&where=server HTTP/1.1" 200 3647
127.0.0.1 - - [07/Jan/2023:13:27:43 +0100] "POST /Veltri_GiftListAPI/api/user/login HTTP/1.1" 200 472
0:0:0:0:0:0:0:1 - - [07/Jan/2023:13:27:43 +0100] "GET /Veltri_GiftList/home HTTP/1.1" 200 2776
127.0.0.1 - - [07/Jan/2023:13:27:44 +0100] "GET /Veltri_GiftListAPI/api/giftList/findById?idGiftList=121 HTTP/1.1" 200 10209
0:0:0:0:0:0:0:1 - - [07/Jan/2023:13:27:44 +0100] "GET /Veltri_GiftList/getInfoList?orderId=121 HTTP/1.1" 200 15598
127.0.0.1 - - [07/Jan/2023:13:27:47 +0100] "GET /Veltri_GiftListAPI/api/gift/findById?idGift=162 HTTP/1.1" 200 202
0:0:0:0:0:0:0:1 - - [07/Jan/2023:13:27:47 +0100] "GET /Veltri_GiftList/modifyGift?idGift=162&where=server HTTP/1.1" 200 3656
127.0.0.1 - - [07/Jan/2023:13:27:51 +0100] "GET /Veltri_GiftListAPI/api/gift/findById?idGift=161 HTTP/1.1" 200 9689
0:0:0:0:0:0:0:1 - - [07/Jan/2023:13:27:51 +0100] "GET /Veltri_GiftList/modifyGift?idGift=161&where=server HTTP/1.1" 200 3647
127.0.0.1 - - [07/Jan/2023:13:28:05 +0100] "GET /Veltri_GiftListAPI/api/giftList/findById?idGiftList=121 HTTP/1.1" 200 10209
127.0.0.1 - - [07/Jan/2023:13:28:05 +0100] "GET /Veltri_GiftListAPI/api/gift/findById?idGift=162 HTTP/1.1" 200 202
127.0.0.1 - - [07/Jan/2023:13:28:05 +0100] "DELETE /Veltri_GiftListAPI/api/gift/delete?idGift=162 HTTP/1.1" 204 -
127.0.0.1 - - [07/Jan/2023:13:28:05 +0100] "GET /Veltri_GiftListAPI/api/giftList/findById?idGiftList=121 HTTP/1.1" 200 10006
0:0:0:0:0:0:0:1 - - [07/Jan/2023:13:28:05 +0100] "GET /Veltri_GiftList/infoList?idGift=162&idGiftList=121 HTTP/1.1" 200 14902
127.0.0.1 - - [07/Jan/2023:13:28:07 +0100] "POST /Veltri_GiftListAPI/api/user/login HTTP/1.1" 200 472
0:0:0:0:0:0:0:1 - - [07/Jan/2023:13:28:07 +0100] "GET /Veltri_GiftList/home HTTP/1.1" 200 2776
127.0.0.1 - - [07/Jan/2023:13:28:09 +0100] "GET /Veltri_GiftListAPI/api/giftList/findById?idGiftList=121 HTTP/1.1" 200 10006
0:0:0:0:0:0:0:1 - - [07/Jan/2023:13:28:09 +0100] "GET /Veltri_GiftList/getInfoList?orderId=121 HTTP/1.1" 200 14902
0:0:0:0:0:0:0:1 - - [07/Jan/2023:13:28:11 +0100] "GET /Veltri_GiftList/addParticipant?idGiftList=121 HTTP/1.1" 200 3224
0:0:0:0:0:0:0:1 - - [07/Jan/2023:13:28:11 +0100] "GET /Veltri_GiftList/CSS/addParticipantCSS.css HTTP/1.1" 304 -
0:0:0:0:0:0:0:1 - - [07/Jan/2023:13:28:11 +0100] "GET /Veltri_GiftList/IMG/search.png HTTP/1.1" 304 -
0:0:0:0:0:0:0:1 - - [07/Jan/2023:13:28:11 +0100] "GET /Veltri_GiftList/IMG/copy.png HTTP/1.1" 304 -
127.0.0.1 - - [07/Jan/2023:13:28:19 +0100] "GET /Veltri_GiftListAPI/api/user/all HTTP/1.1" 200 1000
0:0:0:0:0:0:0:1 - - [07/Jan/2023:13:28:19 +0100] "GET /Veltri_GiftList/addParticipant?name=zaretti&firstname=&idGiftList=121 HTTP/1.1" 200 3514
127.0.0.1 - - [07/Jan/2023:13:28:23 +0100] "GET /Veltri_GiftListAPI/api/giftList/findById?idGiftList=121 HTTP/1.1" 200 10006
127.0.0.1 - - [07/Jan/2023:13:28:23 +0100] "GET /Veltri_GiftListAPI/api/user/findById?idUser=2 HTTP/1.1" 200 170
127.0.0.1 - - [07/Jan/2023:13:28:23 +0100] "POST /Veltri_GiftListAPI/api/user/addParticipation HTTP/1.1" 200 4
127.0.0.1 - - [07/Jan/2023:13:28:25 +0100] "POST /Veltri_GiftListAPI/api/notif/create HTTP/1.1" 201 4
127.0.0.1 - - [07/Jan/2023:13:28:25 +0100] "GET /Veltri_GiftListAPI/api/giftList/findById?idGiftList=121 HTTP/1.1" 200 10176
127.0.0.1 - - [07/Jan/2023:13:28:25 +0100] "GET /Veltri_GiftListAPI/api/giftList/findById?idGiftList=121 HTTP/1.1" 200 10176
0:0:0:0:0:0:0:1 - - [07/Jan/2023:13:28:25 +0100] "GET /Veltri_GiftList/verifAddParticipant?idUser=2&idGiftList=121 HTTP/1.1" 200 15189
0:0:0:0:0:0:0:1 - - [07/Jan/2023:13:28:28 +0100] "GET /Veltri_GiftList/addParticipant?idGiftList=121 HTTP/1.1" 200 3224
0:0:0:0:0:0:0:1 - - [07/Jan/2023:13:28:35 +0100] "GET /Veltri_GiftList/deconnection HTTP/1.1" 302 -
0:0:0:0:0:0:0:1 - - [07/Jan/2023:13:28:35 +0100] "GET /Veltri_GiftList/connection HTTP/1.1" 200 1366
0:0:0:0:0:0:0:1 - - [07/Jan/2023:13:28:37 +0100] "GET /Veltri_GiftList/inscription?idGiftList=121 HTTP/1.1" 200 1794
127.0.0.1 - - [07/Jan/2023:13:29:01 +0100] "GET /Veltri_GiftListAPI/api/user/all HTTP/1.1" 200 1000
127.0.0.1 - - [07/Jan/2023:13:29:01 +0100] "POST /Veltri_GiftListAPI/api/user/create HTTP/1.1" 201 4
127.0.0.1 - - [07/Jan/2023:13:29:01 +0100] "POST /Veltri_GiftListAPI/api/user/find HTTP/1.1" 200 162
127.0.0.1 - - [07/Jan/2023:13:29:01 +0100] "GET /Veltri_GiftListAPI/api/giftList/findById?idGiftList=121 HTTP/1.1" 200 10176
127.0.0.1 - - [07/Jan/2023:13:29:01 +0100] "POST /Veltri_GiftListAPI/api/user/addParticipation HTTP/1.1" 200 4
127.0.0.1 - - [07/Jan/2023:13:29:01 +0100] "POST /Veltri_GiftListAPI/api/user/login HTTP/1.1" 200 811
0:0:0:0:0:0:0:1 - - [07/Jan/2023:13:29:02 +0100] "POST /Veltri_GiftList/createUser HTTP/1.1" 200 2730
127.0.0.1 - - [07/Jan/2023:13:29:04 +0100] "GET /Veltri_GiftListAPI/api/giftList/findById?idGiftList=121 HTTP/1.1" 200 10339
0:0:0:0:0:0:0:1 - - [07/Jan/2023:13:29:04 +0100] "GET /Veltri_GiftList/getInfoListParticipant?orderId=121 HTTP/1.1" 302 -
0:0:0:0:0:0:0:1 - - [07/Jan/2023:13:29:04 +0100] "GET /Veltri_GiftList/infoListParticipant HTTP/1.1" 200 12564
0:0:0:0:0:0:0:1 - - [07/Jan/2023:13:29:04 +0100] "GET /Veltri_GiftList/IMG/reserve.png HTTP/1.1" 304 -
127.0.0.1 - - [07/Jan/2023:13:29:07 +0100] "GET /Veltri_GiftListAPI/api/gift/findById?idGift=161 HTTP/1.1" 200 9689
0:0:0:0:0:0:0:1 - - [07/Jan/2023:13:29:07 +0100] "GET /Veltri_GiftList/addReserve?idGift=161 HTTP/1.1" 200 2752
127.0.0.1 - - [07/Jan/2023:13:29:10 +0100] "POST /Veltri_GiftListAPI/api/reserve/create HTTP/1.1" 201 4
127.0.0.1 - - [07/Jan/2023:13:29:10 +0100] "POST /Veltri_GiftListAPI/api/gift/update HTTP/1.1" 202 4
0:0:0:0:0:0:0:1 - - [07/Jan/2023:13:29:10 +0100] "POST /Veltri_GiftList/verifAddReserve HTTP/1.1" 302 -
0:0:0:0:0:0:0:1 - - [07/Jan/2023:13:29:10 +0100] "GET /Veltri_GiftList/infoListParticipant HTTP/1.1" 200 12596
127.0.0.1 - - [07/Jan/2023:13:29:17 +0100] "GET /Veltri_GiftListAPI/api/reserve/allByUser?idUser=76 HTTP/1.1" 200 202
127.0.0.1 - - [07/Jan/2023:13:29:17 +0100] "GET /Veltri_GiftListAPI/api/giftList/findById?idGiftList=121 HTTP/1.1" 200 10543
127.0.0.1 - - [07/Jan/2023:13:29:17 +0100] "GET /Veltri_GiftListAPI/api/gift/findById?idGift=161 HTTP/1.1" 200 9893
0:0:0:0:0:0:0:1 - - [07/Jan/2023:13:29:18 +0100] "GET /Veltri_GiftList/myGifts HTTP/1.1" 200 2457
127.0.0.1 - - [07/Jan/2023:13:29:19 +0100] "GET /Veltri_GiftListAPI/api/reserve/allByUser?idUser=76 HTTP/1.1" 200 202
127.0.0.1 - - [07/Jan/2023:13:29:20 +0100] "GET /Veltri_GiftListAPI/api/giftList/findById?idGiftList=121 HTTP/1.1" 200 10543
127.0.0.1 - - [07/Jan/2023:13:29:20 +0100] "GET /Veltri_GiftListAPI/api/gift/findById?idGift=161 HTTP/1.1" 200 9893
127.0.0.1 - - [07/Jan/2023:13:29:20 +0100] "DELETE /Veltri_GiftListAPI/api/reserve/delete?idReserve=81 HTTP/1.1" 204 -
127.0.0.1 - - [07/Jan/2023:13:29:20 +0100] "POST /Veltri_GiftListAPI/api/gift/update HTTP/1.1" 202 4
0:0:0:0:0:0:0:1 - - [07/Jan/2023:13:29:20 +0100] "GET /Veltri_GiftList/myGifts?idReserve=81 HTTP/1.1" 200 2156
127.0.0.1 - - [07/Jan/2023:13:29:22 +0100] "POST /Veltri_GiftListAPI/api/user/login HTTP/1.1" 200 811
0:0:0:0:0:0:0:1 - - [07/Jan/2023:13:29:22 +0100] "GET /Veltri_GiftList/home HTTP/1.1" 200 2730
127.0.0.1 - - [07/Jan/2023:13:29:23 +0100] "GET /Veltri_GiftListAPI/api/giftList/findById?idGiftList=121 HTTP/1.1" 200 10339
0:0:0:0:0:0:0:1 - - [07/Jan/2023:13:29:23 +0100] "GET /Veltri_GiftList/getInfoListParticipant?orderId=121 HTTP/1.1" 302 -
0:0:0:0:0:0:0:1 - - [07/Jan/2023:13:29:23 +0100] "GET /Veltri_GiftList/infoListParticipant HTTP/1.1" 200 12564
127.0.0.1 - - [07/Jan/2023:13:29:25 +0100] "GET /Veltri_GiftListAPI/api/notif/all HTTP/1.1" 200 1566
0:0:0:0:0:0:0:1 - - [07/Jan/2023:13:29:25 +0100] "GET /Veltri_GiftList/myNotifications HTTP/1.1" 200 -
127.0.0.1 - - [07/Jan/2023:13:29:31 +0100] "POST /Veltri_GiftListAPI/api/user/login HTTP/1.1" 204 -
0:0:0:0:0:0:0:1 - - [07/Jan/2023:13:29:31 +0100] "GET /Veltri_GiftList/home HTTP/1.1" 200 -
127.0.0.1 - - [07/Jan/2023:13:29:37 +0100] "POST /Veltri_GiftListAPI/api/user/login HTTP/1.1" 204 -
0:0:0:0:0:0:0:1 - - [07/Jan/2023:13:29:37 +0100] "GET /Veltri_GiftList/home HTTP/1.1" 200 -
127.0.0.1 - - [07/Jan/2023:13:30:11 +0100] "GET / HTTP/1.1" 404 681
0:0:0:0:0:0:0:1 - - [07/Jan/2023:13:30:20 +0100] "GET /Veltri_GiftList/connection HTTP/1.1" 200 1366
127.0.0.1 - - [07/Jan/2023:13:30:37 +0100] "POST /Veltri_GiftListAPI/api/user/login HTTP/1.1" 200 811
0:0:0:0:0:0:0:1 - - [07/Jan/2023:13:30:37 +0100] "POST /Veltri_GiftList/authentication HTTP/1.1" 302 -
127.0.0.1 - - [07/Jan/2023:13:30:38 +0100] "POST /Veltri_GiftListAPI/api/user/login HTTP/1.1" 200 811
0:0:0:0:0:0:0:1 - - [07/Jan/2023:13:30:38 +0100] "GET /Veltri_GiftList/home HTTP/1.1" 200 2730
127.0.0.1 - - [07/Jan/2023:13:30:45 +0100] "GET /Veltri_GiftListAPI/api/giftList/findById?idGiftList=121 HTTP/1.1" 200 10339
0:0:0:0:0:0:0:1 - - [07/Jan/2023:13:30:45 +0100] "GET /Veltri_GiftList/getInfoListParticipant?orderId=121 HTTP/1.1" 302 -
0:0:0:0:0:0:0:1 - - [07/Jan/2023:13:30:45 +0100] "GET /Veltri_GiftList/infoListParticipant HTTP/1.1" 200 12564
127.0.0.1 - - [07/Jan/2023:13:30:48 +0100] "GET /Veltri_GiftListAPI/api/reserve/allByUser?idUser=76 HTTP/1.1" 200 2
127.0.0.1 - - [07/Jan/2023:13:30:48 +0100] "GET /Veltri_GiftListAPI/api/giftList/findById?idGiftList=121 HTTP/1.1" 200 10339
127.0.0.1 - - [07/Jan/2023:13:30:48 +0100] "GET /Veltri_GiftListAPI/api/gift/findById?idGift=161 HTTP/1.1" 200 9689
0:0:0:0:0:0:0:1 - - [07/Jan/2023:13:30:48 +0100] "GET /Veltri_GiftList/myGifts HTTP/1.1" 200 2156
127.0.0.1 - - [07/Jan/2023:13:30:50 +0100] "POST /Veltri_GiftListAPI/api/user/login HTTP/1.1" 200 811
0:0:0:0:0:0:0:1 - - [07/Jan/2023:13:30:50 +0100] "GET /Veltri_GiftList/home HTTP/1.1" 200 2730
127.0.0.1 - - [07/Jan/2023:13:30:52 +0100] "GET /Veltri_GiftListAPI/api/notif/all HTTP/1.1" 200 2210
0:0:0:0:0:0:0:1 - - [07/Jan/2023:13:30:52 +0100] "GET /Veltri_GiftList/myNotifications HTTP/1.1" 200 2136
127.0.0.1 - - [07/Jan/2023:13:30:54 +0100] "POST /Veltri_GiftListAPI/api/user/login HTTP/1.1" 200 811
0:0:0:0:0:0:0:1 - - [07/Jan/2023:13:30:54 +0100] "GET /Veltri_GiftList/home HTTP/1.1" 200 2730
127.0.0.1 - - [07/Jan/2023:13:31:14 +0100] "GET /Veltri_GiftListAPI/api/notif/all HTTP/1.1" 200 2210
0:0:0:0:0:0:0:1 - - [07/Jan/2023:13:31:14 +0100] "GET /Veltri_GiftList/myNotifications HTTP/1.1" 200 2136
127.0.0.1 - - [07/Jan/2023:13:31:25 +0100] "POST /Veltri_GiftListAPI/api/user/login HTTP/1.1" 200 811
0:0:0:0:0:0:0:1 - - [07/Jan/2023:13:31:25 +0100] "GET /Veltri_GiftList/home HTTP/1.1" 200 2730
0:0:0:0:0:0:0:1 - - [07/Jan/2023:13:31:29 +0100] "GET /Veltri_GiftList/deconnection HTTP/1.1" 302 -
0:0:0:0:0:0:0:1 - - [07/Jan/2023:13:31:29 +0100] "GET /Veltri_GiftList/connection HTTP/1.1" 200 1366
127.0.0.1 - - [07/Jan/2023:13:31:36 +0100] "POST /Veltri_GiftListAPI/api/user/login HTTP/1.1" 200 1999
0:0:0:0:0:0:0:1 - - [07/Jan/2023:13:31:36 +0100] "POST /Veltri_GiftList/authentication HTTP/1.1" 302 -
127.0.0.1 - - [07/Jan/2023:13:31:36 +0100] "POST /Veltri_GiftListAPI/api/user/login HTTP/1.1" 200 1999
127.0.0.1 - - [07/Jan/2023:13:31:37 +0100] "POST /Veltri_GiftListAPI/api/giftList/update HTTP/1.1" 202 4
0:0:0:0:0:0:0:1 - - [07/Jan/2023:13:31:37 +0100] "GET /Veltri_GiftList/home HTTP/1.1" 200 3124
127.0.0.1 - - [07/Jan/2023:13:31:39 +0100] "GET /Veltri_GiftListAPI/api/giftList/findById?idGiftList=102 HTTP/1.1" 200 10830
0:0:0:0:0:0:0:1 - - [07/Jan/2023:13:31:39 +0100] "GET /Veltri_GiftList/getInfoList?orderId=102 HTTP/1.1" 200 16290
0:0:0:0:0:0:0:1 - - [07/Jan/2023:13:31:42 +0100] "GET /Veltri_GiftList/addParticipant?idGiftList=102 HTTP/1.1" 200 3224
127.0.0.1 - - [07/Jan/2023:13:31:45 +0100] "GET /Veltri_GiftListAPI/api/user/all HTTP/1.1" 200 1163
0:0:0:0:0:0:0:1 - - [07/Jan/2023:13:31:45 +0100] "GET /Veltri_GiftList/addParticipant?name=test&firstname=&idGiftList=102 HTTP/1.1" 200 3509
127.0.0.1 - - [07/Jan/2023:13:32:35 +0100] "GET /Veltri_GiftListAPI/api/user/all HTTP/1.1" 200 1163
0:0:0:0:0:0:0:1 - - [07/Jan/2023:13:32:35 +0100] "GET /Veltri_GiftList/addParticipant?name=testi&firstname=&idGiftList=102 HTTP/1.1" 200 3511
127.0.0.1 - - [07/Jan/2023:13:32:37 +0100] "GET /Veltri_GiftListAPI/api/giftList/findById?idGiftList=102 HTTP/1.1" 200 10830
127.0.0.1 - - [07/Jan/2023:13:32:37 +0100] "GET /Veltri_GiftListAPI/api/user/findById?idUser=76 HTTP/1.1" 200 162
127.0.0.1 - - [07/Jan/2023:13:32:38 +0100] "POST /Veltri_GiftListAPI/api/user/addParticipation HTTP/1.1" 200 4
127.0.0.1 - - [07/Jan/2023:13:32:38 +0100] "POST /Veltri_GiftListAPI/api/notif/create HTTP/1.1" 201 4
127.0.0.1 - - [07/Jan/2023:13:32:38 +0100] "GET /Veltri_GiftListAPI/api/giftList/findById?idGiftList=102 HTTP/1.1" 200 10993
127.0.0.1 - - [07/Jan/2023:13:32:38 +0100] "GET /Veltri_GiftListAPI/api/giftList/findById?idGiftList=102 HTTP/1.1" 200 10993
0:0:0:0:0:0:0:1 - - [07/Jan/2023:13:32:38 +0100] "GET /Veltri_GiftList/verifAddParticipant?idUser=76&idGiftList=102 HTTP/1.1" 200 16580
0:0:0:0:0:0:0:1 - - [07/Jan/2023:13:32:40 +0100] "GET /Veltri_GiftList/deconnection HTTP/1.1" 302 -
0:0:0:0:0:0:0:1 - - [07/Jan/2023:13:32:40 +0100] "GET /Veltri_GiftList/connection HTTP/1.1" 200 1366
127.0.0.1 - - [07/Jan/2023:13:32:47 +0100] "POST /Veltri_GiftListAPI/api/user/login HTTP/1.1" 200 1647
0:0:0:0:0:0:0:1 - - [07/Jan/2023:13:32:47 +0100] "POST /Veltri_GiftList/authentication HTTP/1.1" 302 -
127.0.0.1 - - [07/Jan/2023:13:32:47 +0100] "POST /Veltri_GiftListAPI/api/user/login HTTP/1.1" 200 1647
0:0:0:0:0:0:0:1 - - [07/Jan/2023:13:32:47 +0100] "GET /Veltri_GiftList/home HTTP/1.1" 200 2859
127.0.0.1 - - [07/Jan/2023:13:32:50 +0100] "GET /Veltri_GiftListAPI/api/notif/all HTTP/1.1" 200 2484
0:0:0:0:0:0:0:1 - - [07/Jan/2023:13:32:50 +0100] "GET /Veltri_GiftList/myNotifications HTTP/1.1" 200 2474
127.0.0.1 - - [07/Jan/2023:13:32:52 +0100] "GET /Veltri_GiftListAPI/api/notif/findById?idNotif=42 HTTP/1.1" 200 273
127.0.0.1 - - [07/Jan/2023:13:32:53 +0100] "POST /Veltri_GiftListAPI/api/notif/update HTTP/1.1" 202 4
0:0:0:0:0:0:0:1 - - [07/Jan/2023:13:32:53 +0100] "GET /Veltri_GiftList/readNotification?idNotif=42 HTTP/1.1" 302 -
127.0.0.1 - - [07/Jan/2023:13:32:53 +0100] "GET /Veltri_GiftListAPI/api/notif/all HTTP/1.1" 200 2483
0:0:0:0:0:0:0:1 - - [07/Jan/2023:13:32:53 +0100] "GET /Veltri_GiftList/myNotifications HTTP/1.1" 200 2468
127.0.0.1 - - [07/Jan/2023:13:32:56 +0100] "POST /Veltri_GiftListAPI/api/user/login HTTP/1.1" 200 1647
0:0:0:0:0:0:0:1 - - [07/Jan/2023:13:32:56 +0100] "GET /Veltri_GiftList/home HTTP/1.1" 200 2859
0:0:0:0:0:0:0:1 - - [07/Jan/2023:13:32:58 +0100] "GET /Veltri_GiftList/deconnection HTTP/1.1" 302 -
0:0:0:0:0:0:0:1 - - [07/Jan/2023:13:32:58 +0100] "GET /Veltri_GiftList/connection HTTP/1.1" 200 1366
127.0.0.1 - - [07/Jan/2023:13:34:42 +0100] "POST /Veltri_GiftListAPI/api/user/login HTTP/1.1" 204 -
0:0:0:0:0:0:0:1 - - [07/Jan/2023:13:34:42 +0100] "POST /Veltri_GiftList/authentication HTTP/1.1" 302 -
0:0:0:0:0:0:0:1 - - [07/Jan/2023:13:34:42 +0100] "GET /Veltri_GiftList/connection HTTP/1.1" 200 1457
127.0.0.1 - - [07/Jan/2023:13:34:45 +0100] "POST /Veltri_GiftListAPI/api/user/login HTTP/1.1" 204 -
0:0:0:0:0:0:0:1 - - [07/Jan/2023:13:34:45 +0100] "POST /Veltri_GiftList/authentication HTTP/1.1" 302 -
0:0:0:0:0:0:0:1 - - [07/Jan/2023:13:34:45 +0100] "GET /Veltri_GiftList/connection HTTP/1.1" 200 1457
127.0.0.1 - - [07/Jan/2023:13:34:53 +0100] "POST /Veltri_GiftListAPI/api/user/login HTTP/1.1" 204 -
0:0:0:0:0:0:0:1 - - [07/Jan/2023:13:34:53 +0100] "POST /Veltri_GiftList/authentication HTTP/1.1" 302 -
0:0:0:0:0:0:0:1 - - [07/Jan/2023:13:34:53 +0100] "GET /Veltri_GiftList/connection HTTP/1.1" 200 1457
127.0.0.1 - - [07/Jan/2023:13:35:14 +0100] "GET / HTTP/1.1" 404 681
127.0.0.1 - - [07/Jan/2023:13:35:23 +0100] "POST /Veltri_GiftListAPI/api/user/login HTTP/1.1" 200 642
0:0:0:0:0:0:0:1 - - [07/Jan/2023:13:35:23 +0100] "POST /Veltri_GiftList/authentication HTTP/1.1" 302 -
127.0.0.1 - - [07/Jan/2023:13:35:24 +0100] "POST /Veltri_GiftListAPI/api/user/login HTTP/1.1" 200 642
0:0:0:0:0:0:0:1 - - [07/Jan/2023:13:35:24 +0100] "GET /Veltri_GiftList/home HTTP/1.1" 200 2776
127.0.0.1 - - [07/Jan/2023:13:35:26 +0100] "GET /Veltri_GiftListAPI/api/giftList/findById?idGiftList=121 HTTP/1.1" 200 487
0:0:0:0:0:0:0:1 - - [07/Jan/2023:13:35:27 +0100] "GET /Veltri_GiftList/getInfoList?orderId=121 HTTP/1.1" 200 4947
127.0.0.1 - - [07/Jan/2023:13:35:28 +0100] "DELETE /Veltri_GiftListAPI/api/giftList/delete?idGiftList=121 HTTP/1.1" 204 -
0:0:0:0:0:0:0:1 - - [07/Jan/2023:13:35:28 +0100] "GET /Veltri_GiftList/deleteGiftList?idGiftList=121 HTTP/1.1" 302 -
127.0.0.1 - - [07/Jan/2023:13:35:29 +0100] "POST /Veltri_GiftListAPI/api/user/login HTTP/1.1" 200 156
0:0:0:0:0:0:0:1 - - [07/Jan/2023:13:35:29 +0100] "GET /Veltri_GiftList/home HTTP/1.1" 200 2611
0:0:0:0:0:0:0:1 - - [07/Jan/2023:13:35:31 +0100] "GET /Veltri_GiftList/deconnection HTTP/1.1" 302 -
0:0:0:0:0:0:0:1 - - [07/Jan/2023:13:35:31 +0100] "GET /Veltri_GiftList/connection HTTP/1.1" 200 1366
