127.0.0.1 - - [04/Jan/2023:11:00:28 +0100] "GET / HTTP/1.1" 404 681
0:0:0:0:0:0:0:1 - - [04/Jan/2023:11:00:30 +0100] "GET /Veltri_GiftList/connection HTTP/1.1" 200 1366
0:0:0:0:0:0:0:1 - - [04/Jan/2023:11:00:30 +0100] "GET /favicon.ico HTTP/1.1" 404 692
127.0.0.1 - - [04/Jan/2023:11:00:38 +0100] "POST /Veltri_GiftListAPI/api/user/login HTTP/1.1" 200 1987
0:0:0:0:0:0:0:1 - - [04/Jan/2023:11:00:38 +0100] "POST /Veltri_GiftList/authentication HTTP/1.1" 302 -
127.0.0.1 - - [04/Jan/2023:11:00:38 +0100] "POST /Veltri_GiftListAPI/api/user/login HTTP/1.1" 200 1987
0:0:0:0:0:0:0:1 - - [04/Jan/2023:11:00:38 +0100] "GET /Veltri_GiftList/home HTTP/1.1" 200 3124
0:0:0:0:0:0:0:1 - - [04/Jan/2023:11:00:40 +0100] "GET /Veltri_GiftList/addList HTTP/1.1" 200 4786
0:0:0:0:0:0:0:1 - - [04/Jan/2023:11:00:49 +0100] "GET /Veltri_GiftList/addGift?nameList=Blabla&limitDate=&isActive=on&occasion=other HTTP/1.1" 200 3515
0:0:0:0:0:0:0:1 - - [04/Jan/2023:11:00:58 +0100] "POST /Veltri_GiftList/verifAddGift HTTP/1.1" 200 5449
127.0.0.1 - - [04/Jan/2023:11:01:12 +0100] "POST /Veltri_GiftListAPI/api/giftList/create HTTP/1.1" 201 4
127.0.0.1 - - [04/Jan/2023:11:01:12 +0100] "POST /Veltri_GiftListAPI/api/gift/create HTTP/1.1" 201 4
0:0:0:0:0:0:0:1 - - [04/Jan/2023:11:01:12 +0100] "POST /Veltri_GiftList/verifAddList HTTP/1.1" 302 -
127.0.0.1 - - [04/Jan/2023:11:01:13 +0100] "POST /Veltri_GiftListAPI/api/user/login HTTP/1.1" 200 2317
0:0:0:0:0:0:0:1 - - [04/Jan/2023:11:01:13 +0100] "GET /Veltri_GiftList/home HTTP/1.1" 200 3291
127.0.0.1 - - [04/Jan/2023:11:13:59 +0100] "GET /Veltri_GiftListAPI/api/giftList/findById?idGiftList=101 HTTP/1.1" 503 673
127.0.0.1 - - [04/Jan/2023:11:13:59 +0100] "POST /Veltri_GiftListAPI/api/user/login HTTP/1.1" 204 -
0:0:0:0:0:0:0:1 - - [04/Jan/2023:11:13:59 +0100] "GET /Veltri_GiftList/getInfoList?orderId=101 HTTP/1.1" 500 3629
127.0.0.1 - - [04/Jan/2023:11:21:44 +0100] "GET / HTTP/1.1" 404 681
0:0:0:0:0:0:0:1 - - [04/Jan/2023:11:21:59 +0100] "GET /Veltri_GiftList/connection HTTP/1.1" 200 1366
0:0:0:0:0:0:0:1 - - [04/Jan/2023:11:22:00 +0100] "GET /Veltri_GiftList/IMG/background.jpg HTTP/1.1" 304 -
127.0.0.1 - - [04/Jan/2023:11:22:06 +0100] "POST /Veltri_GiftListAPI/api/user/login HTTP/1.1" 200 2317
0:0:0:0:0:0:0:1 - - [04/Jan/2023:11:22:06 +0100] "POST /Veltri_GiftList/authentication HTTP/1.1" 302 -
127.0.0.1 - - [04/Jan/2023:11:22:06 +0100] "POST /Veltri_GiftListAPI/api/user/login HTTP/1.1" 200 2317
0:0:0:0:0:0:0:1 - - [04/Jan/2023:11:22:06 +0100] "GET /Veltri_GiftList/home HTTP/1.1" 200 3291
127.0.0.1 - - [04/Jan/2023:11:22:08 +0100] "GET /Veltri_GiftListAPI/api/giftList/findById?idGiftList=101 HTTP/1.1" 200 528
0:0:0:0:0:0:0:1 - - [04/Jan/2023:11:22:08 +0100] "GET /Veltri_GiftList/getInfoList?orderId=101 HTTP/1.1" 200 5214
0:0:0:0:0:0:0:1 - - [04/Jan/2023:11:22:08 +0100] "GET /Veltri_GiftList/IMG/deleteRed.png HTTP/1.1" 304 -
127.0.0.1 - - [04/Jan/2023:11:22:11 +0100] "DELETE /Veltri_GiftListAPI/api/giftList/delete?idGiftList=101 HTTP/1.1" 204 -
0:0:0:0:0:0:0:1 - - [04/Jan/2023:11:22:11 +0100] "GET /Veltri_GiftList/deleteGiftList?idGiftList=101 HTTP/1.1" 302 -
127.0.0.1 - - [04/Jan/2023:11:22:11 +0100] "POST /Veltri_GiftListAPI/api/user/login HTTP/1.1" 200 1987
0:0:0:0:0:0:0:1 - - [04/Jan/2023:11:22:11 +0100] "GET /Veltri_GiftList/home HTTP/1.1" 200 3124
127.0.0.1 - - [04/Jan/2023:11:24:13 +0100] "GET /Veltri_GiftListAPI/api/giftList/findById?idGiftList=81 HTTP/1.1" 200 519
0:0:0:0:0:0:0:1 - - [04/Jan/2023:11:24:13 +0100] "GET /Veltri_GiftList/getInfoList?orderId=81 HTTP/1.1" 200 5201
127.0.0.1 - - [04/Jan/2023:11:24:17 +0100] "GET /Veltri_GiftListAPI/api/giftList/findById?idGiftList=50 HTTP/1.1" 200 835
0:0:0:0:0:0:0:1 - - [04/Jan/2023:11:24:17 +0100] "GET /Veltri_GiftList/getInfoList?orderId=50 HTTP/1.1" 200 4892
127.0.0.1 - - [04/Jan/2023:11:24:19 +0100] "GET /Veltri_GiftListAPI/api/giftList/findById?idGiftList=50 HTTP/1.1" 200 835
127.0.0.1 - - [04/Jan/2023:11:24:19 +0100] "POST /Veltri_GiftListAPI/api/giftList/update HTTP/1.1" 202 4
0:0:0:0:0:0:0:1 - - [04/Jan/2023:11:24:19 +0100] "GET /Veltri_GiftList/infoList?idGiftList=50&isActive=Inactive HTTP/1.1" 200 4897
127.0.0.1 - - [04/Jan/2023:11:24:21 +0100] "POST /Veltri_GiftListAPI/api/user/login HTTP/1.1" 200 1985
0:0:0:0:0:0:0:1 - - [04/Jan/2023:11:24:21 +0100] "GET /Veltri_GiftList/home HTTP/1.1" 200 3124
127.0.0.1 - - [04/Jan/2023:11:24:22 +0100] "GET /Veltri_GiftListAPI/api/giftList/findById?idGiftList=81 HTTP/1.1" 200 519
0:0:0:0:0:0:0:1 - - [04/Jan/2023:11:24:22 +0100] "GET /Veltri_GiftList/getInfoList?orderId=81 HTTP/1.1" 200 5201
127.0.0.1 - - [04/Jan/2023:11:24:25 +0100] "POST /Veltri_GiftListAPI/api/user/login HTTP/1.1" 200 1985
0:0:0:0:0:0:0:1 - - [04/Jan/2023:11:24:25 +0100] "GET /Veltri_GiftList/home HTTP/1.1" 200 3124
127.0.0.1 - - [04/Jan/2023:11:24:25 +0100] "GET /Veltri_GiftListAPI/api/giftList/findById?idGiftList=50 HTTP/1.1" 200 833
0:0:0:0:0:0:0:1 - - [04/Jan/2023:11:24:25 +0100] "GET /Veltri_GiftList/getInfoList?orderId=50 HTTP/1.1" 200 4897
127.0.0.1 - - [04/Jan/2023:11:24:26 +0100] "GET /Veltri_GiftListAPI/api/giftList/findById?idGiftList=50 HTTP/1.1" 200 833
127.0.0.1 - - [04/Jan/2023:11:24:26 +0100] "POST /Veltri_GiftListAPI/api/giftList/update HTTP/1.1" 202 4
0:0:0:0:0:0:0:1 - - [04/Jan/2023:11:24:26 +0100] "GET /Veltri_GiftList/infoList?idGiftList=50&isActive=Active HTTP/1.1" 200 4892
127.0.0.1 - - [04/Jan/2023:11:24:32 +0100] "POST /Veltri_GiftListAPI/api/user/login HTTP/1.1" 200 1987
0:0:0:0:0:0:0:1 - - [04/Jan/2023:11:24:32 +0100] "GET /Veltri_GiftList/home HTTP/1.1" 200 3124
127.0.0.1 - - [04/Jan/2023:14:12:53 +0100] "GET / HTTP/1.1" 404 681
0:0:0:0:0:0:0:1 - - [04/Jan/2023:14:12:55 +0100] "GET /Veltri_GiftList/connection HTTP/1.1" 200 1366
127.0.0.1 - - [04/Jan/2023:14:13:02 +0100] "POST /Veltri_GiftListAPI/api/user/login HTTP/1.1" 200 1987
0:0:0:0:0:0:0:1 - - [04/Jan/2023:14:13:02 +0100] "POST /Veltri_GiftList/authentication HTTP/1.1" 302 -
127.0.0.1 - - [04/Jan/2023:14:13:02 +0100] "POST /Veltri_GiftListAPI/api/user/login HTTP/1.1" 200 1987
127.0.0.1 - - [04/Jan/2023:14:13:02 +0100] "POST /Veltri_GiftListAPI/api/giftList/update HTTP/1.1" 202 4
0:0:0:0:0:0:0:1 - - [04/Jan/2023:14:13:02 +0100] "GET /Veltri_GiftList/home HTTP/1.1" 500 3124
127.0.0.1 - - [04/Jan/2023:14:13:05 +0100] "GET /Veltri_GiftListAPI/api/giftList/findById?idGiftList=81 HTTP/1.1" 200 520
0:0:0:0:0:0:0:1 - - [04/Jan/2023:14:13:05 +0100] "GET /Veltri_GiftList/getInfoList?orderId=81 HTTP/1.1" 200 5201
0:0:0:0:0:0:0:1 - - [04/Jan/2023:14:13:05 +0100] "GET /Veltri_GiftList/IMG/deleteRed.png HTTP/1.1" 304 -
127.0.0.1 - - [04/Jan/2023:14:13:13 +0100] "POST /Veltri_GiftListAPI/api/user/login HTTP/1.1" 200 1988
0:0:0:0:0:0:0:1 - - [04/Jan/2023:14:13:13 +0100] "GET /Veltri_GiftList/home HTTP/1.1" 200 3124
127.0.0.1 - - [04/Jan/2023:14:13:15 +0100] "GET /Veltri_GiftListAPI/api/giftList/findById?idGiftList=81 HTTP/1.1" 200 520
0:0:0:0:0:0:0:1 - - [04/Jan/2023:14:13:15 +0100] "GET /Veltri_GiftList/getInfoList?orderId=81 HTTP/1.1" 200 5201
127.0.0.1 - - [04/Jan/2023:14:13:21 +0100] "GET /Veltri_GiftListAPI/api/giftList/findById?idGiftList=81 HTTP/1.1" 200 520
127.0.0.1 - - [04/Jan/2023:14:13:21 +0100] "POST /Veltri_GiftListAPI/api/giftList/update HTTP/1.1" 202 4
0:0:0:0:0:0:0:1 - - [04/Jan/2023:14:13:21 +0100] "GET /Veltri_GiftList/infoList?limitDateModify=2023-01-05&idGiftList=81 HTTP/1.1" 200 5201
127.0.0.1 - - [04/Jan/2023:14:13:23 +0100] "POST /Veltri_GiftListAPI/api/user/login HTTP/1.1" 200 1988
0:0:0:0:0:0:0:1 - - [04/Jan/2023:14:13:23 +0100] "GET /Veltri_GiftList/home HTTP/1.1" 200 3124
127.0.0.1 - - [04/Jan/2023:14:13:25 +0100] "POST /Veltri_GiftListAPI/api/user/login HTTP/1.1" 200 1988
0:0:0:0:0:0:0:1 - - [04/Jan/2023:14:13:25 +0100] "GET /Veltri_GiftList/home HTTP/1.1" 200 3124
127.0.0.1 - - [04/Jan/2023:14:13:26 +0100] "POST /Veltri_GiftListAPI/api/user/login HTTP/1.1" 200 1988
0:0:0:0:0:0:0:1 - - [04/Jan/2023:14:13:26 +0100] "GET /Veltri_GiftList/home HTTP/1.1" 200 3124
127.0.0.1 - - [04/Jan/2023:14:13:28 +0100] "GET /Veltri_GiftListAPI/api/giftList/findById?idGiftList=81 HTTP/1.1" 200 520
0:0:0:0:0:0:0:1 - - [04/Jan/2023:14:13:28 +0100] "GET /Veltri_GiftList/getInfoList?orderId=81 HTTP/1.1" 200 5201
127.0.0.1 - - [04/Jan/2023:14:13:42 +0100] "POST /Veltri_GiftListAPI/api/user/login HTTP/1.1" 200 1988
0:0:0:0:0:0:0:1 - - [04/Jan/2023:14:13:42 +0100] "GET /Veltri_GiftList/home HTTP/1.1" 200 3124
127.0.0.1 - - [04/Jan/2023:14:13:43 +0100] "POST /Veltri_GiftListAPI/api/user/login HTTP/1.1" 200 1988
0:0:0:0:0:0:0:1 - - [04/Jan/2023:14:13:43 +0100] "GET /Veltri_GiftList/home HTTP/1.1" 200 3124
127.0.0.1 - - [04/Jan/2023:14:14:01 +0100] "GET /Veltri_GiftListAPI/api/giftList/findById?idGiftList=81 HTTP/1.1" 200 520
0:0:0:0:0:0:0:1 - - [04/Jan/2023:14:14:01 +0100] "GET /Veltri_GiftList/getInfoList?orderId=81 HTTP/1.1" 200 5201
127.0.0.1 - - [04/Jan/2023:14:14:50 +0100] "GET / HTTP/1.1" 404 681
127.0.0.1 - - [04/Jan/2023:14:15:01 +0100] "POST /Veltri_GiftListAPI/api/user/login HTTP/1.1" 200 1988
0:0:0:0:0:0:0:1 - - [04/Jan/2023:14:15:01 +0100] "GET /Veltri_GiftList/home HTTP/1.1" 200 3124
127.0.0.1 - - [04/Jan/2023:14:15:04 +0100] "GET /Veltri_GiftListAPI/api/giftList/findById?idGiftList=81 HTTP/1.1" 200 520
0:0:0:0:0:0:0:1 - - [04/Jan/2023:14:17:58 +0100] "GET /Veltri_GiftList/getInfoList?orderId=81 HTTP/1.1" 500 3848
127.0.0.1 - - [04/Jan/2023:14:18:34 +0100] "GET / HTTP/1.1" 404 681
0:0:0:0:0:0:0:1 - - [04/Jan/2023:14:18:38 +0100] "GET /Veltri_GiftList/connection HTTP/1.1" 200 1366
127.0.0.1 - - [04/Jan/2023:14:18:45 +0100] "POST /Veltri_GiftListAPI/api/user/login HTTP/1.1" 200 1988
0:0:0:0:0:0:0:1 - - [04/Jan/2023:14:18:45 +0100] "POST /Veltri_GiftList/authentication HTTP/1.1" 302 -
127.0.0.1 - - [04/Jan/2023:14:18:45 +0100] "POST /Veltri_GiftListAPI/api/user/login HTTP/1.1" 200 1988
0:0:0:0:0:0:0:1 - - [04/Jan/2023:14:18:46 +0100] "GET /Veltri_GiftList/home HTTP/1.1" 200 3124
127.0.0.1 - - [04/Jan/2023:14:18:48 +0100] "GET /Veltri_GiftListAPI/api/giftList/findById?idGiftList=81 HTTP/1.1" 200 520
0:0:0:0:0:0:0:1 - - [04/Jan/2023:14:18:58 +0100] "GET /Veltri_GiftList/getInfoList?orderId=81 HTTP/1.1" 200 5201
127.0.0.1 - - [04/Jan/2023:14:19:05 +0100] "GET /Veltri_GiftListAPI/api/giftList/findById?idGiftList=81 HTTP/1.1" 200 520
127.0.0.1 - - [04/Jan/2023:14:19:13 +0100] "POST /Veltri_GiftListAPI/api/giftList/update HTTP/1.1" 202 4
0:0:0:0:0:0:0:1 - - [04/Jan/2023:14:19:37 +0100] "GET /Veltri_GiftList/infoList?limitDateModify=2023-01-06&idGiftList=81 HTTP/1.1" 200 5201
127.0.0.1 - - [04/Jan/2023:14:19:41 +0100] "POST /Veltri_GiftListAPI/api/user/login HTTP/1.1" 200 1987
0:0:0:0:0:0:0:1 - - [04/Jan/2023:14:19:41 +0100] "GET /Veltri_GiftList/home HTTP/1.1" 200 3124
127.0.0.1 - - [04/Jan/2023:14:21:16 +0100] "GET /Veltri_GiftListAPI/api/giftList/findById?idGiftList=1 HTTP/1.1" 200 1714
0:0:0:0:0:0:0:1 - - [04/Jan/2023:14:21:16 +0100] "GET /Veltri_GiftList/getInfoList?orderId=1 HTTP/1.1" 200 7850
127.0.0.1 - - [04/Jan/2023:14:22:09 +0100] "GET /Veltri_GiftListAPI/api/giftList/findById?idGiftList=1 HTTP/1.1" 200 1714
0:0:0:0:0:0:0:1 - - [04/Jan/2023:14:22:10 +0100] "GET /Veltri_GiftList/getInfoList?orderId=1 HTTP/1.1" 200 7856
127.0.0.1 - - [04/Jan/2023:14:23:17 +0100] "GET /Veltri_GiftListAPI/api/giftList/findById?idGiftList=1 HTTP/1.1" 200 1714
0:0:0:0:0:0:0:1 - - [04/Jan/2023:14:23:18 +0100] "GET /Veltri_GiftList/getInfoList?orderId=1 HTTP/1.1" 200 7976
127.0.0.1 - - [04/Jan/2023:14:24:17 +0100] "GET /Veltri_GiftListAPI/api/giftList/findById?idGiftList=1 HTTP/1.1" 200 1714
0:0:0:0:0:0:0:1 - - [04/Jan/2023:14:24:17 +0100] "GET /Veltri_GiftList/getInfoList?orderId=1 HTTP/1.1" 200 7976
127.0.0.1 - - [04/Jan/2023:14:25:05 +0100] "GET /Veltri_GiftListAPI/api/giftList/findById?idGiftList=1 HTTP/1.1" 200 1714
0:0:0:0:0:0:0:1 - - [04/Jan/2023:14:25:05 +0100] "GET /Veltri_GiftList/getInfoList?orderId=1 HTTP/1.1" 200 7973
127.0.0.1 - - [04/Jan/2023:14:25:37 +0100] "GET /Veltri_GiftListAPI/api/giftList/findById?idGiftList=1 HTTP/1.1" 200 1714
0:0:0:0:0:0:0:1 - - [04/Jan/2023:14:25:37 +0100] "GET /Veltri_GiftList/getInfoList?orderId=1 HTTP/1.1" 200 7973
127.0.0.1 - - [04/Jan/2023:14:26:46 +0100] "GET /Veltri_GiftListAPI/api/giftList/findById?idGiftList=1 HTTP/1.1" 200 1714
0:0:0:0:0:0:0:1 - - [04/Jan/2023:14:26:46 +0100] "GET /Veltri_GiftList/getInfoList?orderId=1 HTTP/1.1" 200 8029
127.0.0.1 - - [04/Jan/2023:14:26:50 +0100] "DELETE /Veltri_GiftListAPI/api/giftList/delete?idGiftList=1 HTTP/1.1" 204 -
0:0:0:0:0:0:0:1 - - [04/Jan/2023:14:26:50 +0100] "GET /Veltri_GiftList/deleteGiftList?idGiftList=1 HTTP/1.1" 302 -
127.0.0.1 - - [04/Jan/2023:14:26:50 +0100] "POST /Veltri_GiftListAPI/api/user/login HTTP/1.1" 200 1328
0:0:0:0:0:0:0:1 - - [04/Jan/2023:14:26:50 +0100] "GET /Veltri_GiftList/home HTTP/1.1" 200 2948
0:0:0:0:0:0:0:1 - - [04/Jan/2023:14:27:08 +0100] "GET /Veltri_GiftList/addList HTTP/1.1" 200 4786
127.0.0.1 - - [04/Jan/2023:14:27:10 +0100] "POST /Veltri_GiftListAPI/api/user/login HTTP/1.1" 200 1328
0:0:0:0:0:0:0:1 - - [04/Jan/2023:14:27:10 +0100] "GET /Veltri_GiftList/home HTTP/1.1" 200 2948
0:0:0:0:0:0:0:1 - - [04/Jan/2023:14:27:12 +0100] "GET /Veltri_GiftList/addList HTTP/1.1" 200 4786
0:0:0:0:0:0:0:1 - - [04/Jan/2023:14:27:33 +0100] "GET /Veltri_GiftList/addGift?nameList=Wedding%20of%20John&limitDate=2023-02-03&isActive=on&occasion=wedding HTTP/1.1" 200 3515
0:0:0:0:0:0:0:1 - - [04/Jan/2023:14:27:56 +0100] "POST /Veltri_GiftList/verifAddGift HTTP/1.1" 200 15042
0:0:0:0:0:0:0:1 - - [04/Jan/2023:14:27:58 +0100] "GET /Veltri_GiftList/addGift?nameList=Wedding%20of%20John&limitDate=2023-02-03&isActive=on&occasion=wedding HTTP/1.1" 200 3515
0:0:0:0:0:0:0:1 - - [04/Jan/2023:14:28:20 +0100] "POST /Veltri_GiftList/verifAddGift HTTP/1.1" 200 15742
127.0.0.1 - - [04/Jan/2023:14:28:44 +0100] "POST /Veltri_GiftListAPI/api/giftList/create HTTP/1.1" 201 4
127.0.0.1 - - [04/Jan/2023:14:28:44 +0100] "POST /Veltri_GiftListAPI/api/gift/create HTTP/1.1" 201 4
127.0.0.1 - - [04/Jan/2023:14:28:45 +0100] "POST /Veltri_GiftListAPI/api/gift/create HTTP/1.1" 201 4
0:0:0:0:0:0:0:1 - - [04/Jan/2023:14:28:45 +0100] "POST /Veltri_GiftList/verifAddList HTTP/1.1" 302 -
127.0.0.1 - - [04/Jan/2023:14:28:45 +0100] "POST /Veltri_GiftListAPI/api/user/login HTTP/1.1" 200 1667
0:0:0:0:0:0:0:1 - - [04/Jan/2023:14:28:45 +0100] "GET /Veltri_GiftList/home HTTP/1.1" 200 3124
127.0.0.1 - - [04/Jan/2023:14:28:48 +0100] "GET /Veltri_GiftListAPI/api/giftList/findById?idGiftList=102 HTTP/1.1" 200 10287
0:0:0:0:0:0:0:1 - - [04/Jan/2023:14:28:48 +0100] "GET /Veltri_GiftList/getInfoList?orderId=102 HTTP/1.1" 200 15641
127.0.0.1 - - [04/Jan/2023:14:28:54 +0100] "GET /Veltri_GiftListAPI/api/giftList/findById?idGiftList=102 HTTP/1.1" 200 10287
127.0.0.1 - - [04/Jan/2023:14:28:54 +0100] "POST /Veltri_GiftListAPI/api/giftList/update HTTP/1.1" 202 4
0:0:0:0:0:0:0:1 - - [04/Jan/2023:14:29:01 +0100] "GET /Veltri_GiftList/infoList?limitDateModify=2023-02-03&idGiftList=102 HTTP/1.1" 200 15641
0:0:0:0:0:0:0:1 - - [04/Jan/2023:14:29:04 +0100] "GET /Veltri_GiftList/addParticipant?idGiftList=102 HTTP/1.1" 200 3224
0:0:0:0:0:0:0:1 - - [04/Jan/2023:14:29:04 +0100] "GET /Veltri_GiftList/CSS/addParticipantCSS.css HTTP/1.1" 304 -
0:0:0:0:0:0:0:1 - - [04/Jan/2023:14:29:04 +0100] "GET /Veltri_GiftList/IMG/search.png HTTP/1.1" 304 -
0:0:0:0:0:0:0:1 - - [04/Jan/2023:14:29:04 +0100] "GET /Veltri_GiftList/IMG/copy.png HTTP/1.1" 304 -
127.0.0.1 - - [04/Jan/2023:14:29:07 +0100] "GET /Veltri_GiftListAPI/api/user/all HTTP/1.1" 200 1000
0:0:0:0:0:0:0:1 - - [04/Jan/2023:14:29:07 +0100] "GET /Veltri_GiftList/addParticipant?name=zaretti&firstname=&idGiftList=102 HTTP/1.1" 200 3514
127.0.0.1 - - [04/Jan/2023:14:29:09 +0100] "GET /Veltri_GiftListAPI/api/giftList/findById?idGiftList=102 HTTP/1.1" 200 10287
127.0.0.1 - - [04/Jan/2023:14:29:09 +0100] "GET /Veltri_GiftListAPI/api/user/findById?idUser=2 HTTP/1.1" 200 170
127.0.0.1 - - [04/Jan/2023:14:29:09 +0100] "POST /Veltri_GiftListAPI/api/user/addParticipation HTTP/1.1" 200 4
127.0.0.1 - - [04/Jan/2023:14:29:09 +0100] "GET /Veltri_GiftListAPI/api/giftList/findById?idGiftList=102 HTTP/1.1" 200 10457
0:0:0:0:0:0:0:1 - - [04/Jan/2023:14:29:09 +0100] "GET /Veltri_GiftList/verifAddParticipant?idUser=2&idGiftList=102 HTTP/1.1" 200 15928
0:0:0:0:0:0:0:1 - - [04/Jan/2023:14:29:11 +0100] "GET /Veltri_GiftList/addParticipant?idGiftList=102 HTTP/1.1" 200 3224
127.0.0.1 - - [04/Jan/2023:14:29:13 +0100] "GET /Veltri_GiftListAPI/api/user/all HTTP/1.1" 200 1000
0:0:0:0:0:0:0:1 - - [04/Jan/2023:14:29:13 +0100] "GET /Veltri_GiftList/addParticipant?name=Gerard&firstname=&idGiftList=102 HTTP/1.1" 200 3511
127.0.0.1 - - [04/Jan/2023:14:29:15 +0100] "GET /Veltri_GiftListAPI/api/giftList/findById?idGiftList=102 HTTP/1.1" 200 10457
127.0.0.1 - - [04/Jan/2023:14:29:15 +0100] "GET /Veltri_GiftListAPI/api/user/findById?idUser=4 HTTP/1.1" 200 163
127.0.0.1 - - [04/Jan/2023:14:29:15 +0100] "POST /Veltri_GiftListAPI/api/user/addParticipation HTTP/1.1" 200 4
127.0.0.1 - - [04/Jan/2023:14:29:15 +0100] "GET /Veltri_GiftListAPI/api/giftList/findById?idGiftList=102 HTTP/1.1" 200 10621
0:0:0:0:0:0:0:1 - - [04/Jan/2023:14:29:15 +0100] "GET /Veltri_GiftList/verifAddParticipant?idUser=4&idGiftList=102 HTTP/1.1" 200 16212
127.0.0.1 - - [04/Jan/2023:14:29:18 +0100] "POST /Veltri_GiftListAPI/api/user/login HTTP/1.1" 204 -
0:0:0:0:0:0:0:1 - - [04/Jan/2023:14:29:18 +0100] "GET /Veltri_GiftList/home HTTP/1.1" 500 1342
127.0.0.1 - - [04/Jan/2023:14:30:03 +0100] "POST /Veltri_GiftListAPI/api/user/login HTTP/1.1" 204 -
0:0:0:0:0:0:0:1 - - [04/Jan/2023:14:30:03 +0100] "GET /Veltri_GiftList/home HTTP/1.1" 500 1342
0:0:0:0:0:0:0:1 - - [04/Jan/2023:14:30:06 +0100] "GET /Veltri_GiftList/connection HTTP/1.1" 200 1366
127.0.0.1 - - [04/Jan/2023:14:30:11 +0100] "POST /Veltri_GiftListAPI/api/user/login HTTP/1.1" 204 -
0:0:0:0:0:0:0:1 - - [04/Jan/2023:14:30:11 +0100] "POST /Veltri_GiftList/authentication HTTP/1.1" 302 -
0:0:0:0:0:0:0:1 - - [04/Jan/2023:14:30:11 +0100] "GET /Veltri_GiftList/connection HTTP/1.1" 200 1393
127.0.0.1 - - [04/Jan/2023:14:30:13 +0100] "POST /Veltri_GiftListAPI/api/user/login HTTP/1.1" 204 -
0:0:0:0:0:0:0:1 - - [04/Jan/2023:14:30:13 +0100] "POST /Veltri_GiftList/authentication HTTP/1.1" 302 -
0:0:0:0:0:0:0:1 - - [04/Jan/2023:14:30:13 +0100] "GET /Veltri_GiftList/connection HTTP/1.1" 200 1393
127.0.0.1 - - [04/Jan/2023:14:30:14 +0100] "POST /Veltri_GiftListAPI/api/user/login HTTP/1.1" 204 -
0:0:0:0:0:0:0:1 - - [04/Jan/2023:14:30:14 +0100] "POST /Veltri_GiftList/authentication HTTP/1.1" 302 -
0:0:0:0:0:0:0:1 - - [04/Jan/2023:14:30:14 +0100] "GET /Veltri_GiftList/connection HTTP/1.1" 200 1393
127.0.0.1 - - [04/Jan/2023:14:30:22 +0100] "POST /Veltri_GiftListAPI/api/user/login HTTP/1.1" 204 -
0:0:0:0:0:0:0:1 - - [04/Jan/2023:14:30:22 +0100] "POST /Veltri_GiftList/authentication HTTP/1.1" 302 -
0:0:0:0:0:0:0:1 - - [04/Jan/2023:14:30:22 +0100] "GET /Veltri_GiftList/connection HTTP/1.1" 200 1393
127.0.0.1 - - [04/Jan/2023:14:31:42 +0100] "GET / HTTP/1.1" 404 681
0:0:0:0:0:0:0:1 - - [04/Jan/2023:14:31:42 +0100] "GET /Veltri_GiftList/connection HTTP/1.1" 200 1393
127.0.0.1 - - [04/Jan/2023:14:31:47 +0100] "POST /Veltri_GiftListAPI/api/user/login HTTP/1.1" 200 2001
0:0:0:0:0:0:0:1 - - [04/Jan/2023:14:31:47 +0100] "POST /Veltri_GiftList/authentication HTTP/1.1" 302 -
127.0.0.1 - - [04/Jan/2023:14:31:48 +0100] "POST /Veltri_GiftListAPI/api/user/login HTTP/1.1" 200 2001
0:0:0:0:0:0:0:1 - - [04/Jan/2023:14:31:48 +0100] "GET /Veltri_GiftList/home HTTP/1.1" 200 3124
127.0.0.1 - - [04/Jan/2023:14:31:49 +0100] "GET /Veltri_GiftListAPI/api/giftList/findById?idGiftList=102 HTTP/1.1" 200 10621
0:0:0:0:0:0:0:1 - - [04/Jan/2023:14:31:49 +0100] "GET /Veltri_GiftList/getInfoList?orderId=102 HTTP/1.1" 200 16212
127.0.0.1 - - [04/Jan/2023:14:31:51 +0100] "POST /Veltri_GiftListAPI/api/user/login HTTP/1.1" 200 2001
0:0:0:0:0:0:0:1 - - [04/Jan/2023:14:31:51 +0100] "GET /Veltri_GiftList/home HTTP/1.1" 200 3124
0:0:0:0:0:0:0:1 - - [04/Jan/2023:14:33:12 +0100] "GET /Veltri_GiftList/addList HTTP/1.1" 200 4617
0:0:0:0:0:0:0:1 - - [04/Jan/2023:14:33:27 +0100] "GET /Veltri_GiftList/addList HTTP/1.1" 200 4617
0:0:0:0:0:0:0:1 - - [04/Jan/2023:14:33:33 +0100] "GET /Veltri_GiftList/addList HTTP/1.1" 200 4617
127.0.0.1 - - [04/Jan/2023:14:35:53 +0100] "POST /Veltri_GiftListAPI/api/user/login HTTP/1.1" 200 2001
0:0:0:0:0:0:0:1 - - [04/Jan/2023:14:35:53 +0100] "GET /Veltri_GiftList/home HTTP/1.1" 200 3124
127.0.0.1 - - [04/Jan/2023:14:35:54 +0100] "GET /Veltri_GiftListAPI/api/giftList/findById?idGiftList=102 HTTP/1.1" 200 10621
0:0:0:0:0:0:0:1 - - [04/Jan/2023:14:35:54 +0100] "GET /Veltri_GiftList/getInfoList?orderId=102 HTTP/1.1" 200 16212
0:0:0:0:0:0:0:1 - - [04/Jan/2023:14:35:56 +0100] "GET /Veltri_GiftList/addParticipant?idGiftList=102 HTTP/1.1" 200 3224
127.0.0.1 - - [04/Jan/2023:14:35:59 +0100] "GET /Veltri_GiftListAPI/api/user/all HTTP/1.1" 200 1000
0:0:0:0:0:0:0:1 - - [04/Jan/2023:14:35:59 +0100] "GET /Veltri_GiftList/addParticipant?name=zaretti&firstname=&idGiftList=102 HTTP/1.1" 200 3514
127.0.0.1 - - [04/Jan/2023:14:36:00 +0100] "GET /Veltri_GiftListAPI/api/giftList/findById?idGiftList=102 HTTP/1.1" 200 10621
127.0.0.1 - - [04/Jan/2023:14:36:00 +0100] "GET /Veltri_GiftListAPI/api/user/findById?idUser=2 HTTP/1.1" 200 170
127.0.0.1 - - [04/Jan/2023:14:36:01 +0100] "GET /Veltri_GiftListAPI/api/giftList/findById?idGiftList=102 HTTP/1.1" 200 10621
0:0:0:0:0:0:0:1 - - [04/Jan/2023:14:36:01 +0100] "GET /Veltri_GiftList/verifAddParticipant?idUser=2&idGiftList=102 HTTP/1.1" 200 16212
127.0.0.1 - - [04/Jan/2023:14:36:35 +0100] "GET /Veltri_GiftListAPI/api/giftList/findById?idGiftList=102 HTTP/1.1" 200 10621
127.0.0.1 - - [04/Jan/2023:14:36:35 +0100] "GET /Veltri_GiftListAPI/api/user/findById?idUser=2 HTTP/1.1" 200 170
127.0.0.1 - - [04/Jan/2023:14:36:35 +0100] "GET /Veltri_GiftListAPI/api/giftList/findById?idGiftList=102 HTTP/1.1" 200 10621
0:0:0:0:0:0:0:1 - - [04/Jan/2023:14:36:35 +0100] "GET /Veltri_GiftList/verifAddParticipant?idUser=2&idGiftList=102 HTTP/1.1" 200 16282
127.0.0.1 - - [04/Jan/2023:15:05:38 +0100] "POST /Veltri_GiftListAPI/api/user/login HTTP/1.1" 204 -
0:0:0:0:0:0:0:1 - - [04/Jan/2023:15:05:38 +0100] "GET /Veltri_GiftList/home HTTP/1.1" 500 1342
127.0.0.1 - - [04/Jan/2023:15:20:49 +0100] "GET / HTTP/1.1" 404 681
0:0:0:0:0:0:0:1 - - [04/Jan/2023:15:20:49 +0100] "GET /Veltri_GiftList/connection HTTP/1.1" 200 1366
127.0.0.1 - - [04/Jan/2023:15:20:57 +0100] "POST /Veltri_GiftListAPI/api/user/login HTTP/1.1" 200 2001
0:0:0:0:0:0:0:1 - - [04/Jan/2023:15:20:57 +0100] "POST /Veltri_GiftList/authentication HTTP/1.1" 302 -
127.0.0.1 - - [04/Jan/2023:15:20:57 +0100] "POST /Veltri_GiftListAPI/api/user/login HTTP/1.1" 200 2001
0:0:0:0:0:0:0:1 - - [04/Jan/2023:15:20:57 +0100] "GET /Veltri_GiftList/home HTTP/1.1" 200 3124
127.0.0.1 - - [04/Jan/2023:15:20:59 +0100] "GET /Veltri_GiftListAPI/api/giftList/findById?idGiftList=102 HTTP/1.1" 200 10621
0:0:0:0:0:0:0:1 - - [04/Jan/2023:15:20:59 +0100] "GET /Veltri_GiftList/getInfoList?orderId=102 HTTP/1.1" 200 16212
127.0.0.1 - - [04/Jan/2023:15:21:01 +0100] "GET /Veltri_GiftListAPI/api/giftList/findById?idGiftList=102 HTTP/1.1" 200 10621
127.0.0.1 - - [04/Jan/2023:15:21:01 +0100] "GET /Veltri_GiftListAPI/api/user/findById?idUser=4 HTTP/1.1" 200 163
127.0.0.1 - - [04/Jan/2023:15:21:02 +0100] "DELETE /Veltri_GiftListAPI/api/user/deleteParticipation?idGiftList=102&idUser=4 HTTP/1.1" 204 -
0:0:0:0:0:0:0:1 - - [04/Jan/2023:15:21:02 +0100] "GET /Veltri_GiftList/infoList?idUser=4&idGiftList=102 HTTP/1.1" 200 15928
0:0:0:0:0:0:0:1 - - [04/Jan/2023:15:21:03 +0100] "GET /Veltri_GiftList/addParticipant?idGiftList=102 HTTP/1.1" 200 3224
127.0.0.1 - - [04/Jan/2023:15:21:06 +0100] "GET /Veltri_GiftListAPI/api/user/all HTTP/1.1" 200 1000
0:0:0:0:0:0:0:1 - - [04/Jan/2023:15:21:06 +0100] "GET /Veltri_GiftList/addParticipant?name=Gerard&firstname=&idGiftList=102 HTTP/1.1" 200 3511
127.0.0.1 - - [04/Jan/2023:15:21:07 +0100] "GET /Veltri_GiftListAPI/api/giftList/findById?idGiftList=102 HTTP/1.1" 200 10457
127.0.0.1 - - [04/Jan/2023:15:21:07 +0100] "GET /Veltri_GiftListAPI/api/user/findById?idUser=4 HTTP/1.1" 200 163
127.0.0.1 - - [04/Jan/2023:15:21:08 +0100] "POST /Veltri_GiftListAPI/api/user/addParticipation HTTP/1.1" 200 4
127.0.0.1 - - [04/Jan/2023:15:21:09 +0100] "POST /Veltri_GiftListAPI/api/notif/create HTTP/1.1" 201 4
127.0.0.1 - - [04/Jan/2023:15:21:09 +0100] "GET /Veltri_GiftListAPI/api/giftList/findById?idGiftList=102 HTTP/1.1" 200 10621
0:0:0:0:0:0:0:1 - - [04/Jan/2023:15:21:09 +0100] "GET /Veltri_GiftList/verifAddParticipant?idUser=4&idGiftList=102 HTTP/1.1" 500 15928
127.0.0.1 - - [04/Jan/2023:15:21:18 +0100] "POST /Veltri_GiftListAPI/api/user/login HTTP/1.1" 200 2001
0:0:0:0:0:0:0:1 - - [04/Jan/2023:15:21:18 +0100] "GET /Veltri_GiftList/home HTTP/1.1" 200 3124
127.0.0.1 - - [04/Jan/2023:15:21:19 +0100] "GET /Veltri_GiftListAPI/api/giftList/findById?idGiftList=102 HTTP/1.1" 200 10621
0:0:0:0:0:0:0:1 - - [04/Jan/2023:15:21:19 +0100] "GET /Veltri_GiftList/getInfoList?orderId=102 HTTP/1.1" 200 16212
127.0.0.1 - - [04/Jan/2023:15:21:43 +0100] "GET /Veltri_GiftListAPI/api/giftList/findById?idGiftList=102 HTTP/1.1" 200 10621
0:0:0:0:0:0:0:1 - - [04/Jan/2023:15:21:43 +0100] "GET /Veltri_GiftList/getInfoList?orderId=102 HTTP/1.1" 200 16212
127.0.0.1 - - [04/Jan/2023:15:21:45 +0100] "GET /Veltri_GiftListAPI/api/giftList/findById?idGiftList=102 HTTP/1.1" 200 10621
127.0.0.1 - - [04/Jan/2023:15:21:45 +0100] "GET /Veltri_GiftListAPI/api/user/findById?idUser=4 HTTP/1.1" 200 163
127.0.0.1 - - [04/Jan/2023:15:21:45 +0100] "DELETE /Veltri_GiftListAPI/api/user/deleteParticipation?idGiftList=102&idUser=4 HTTP/1.1" 204 -
0:0:0:0:0:0:0:1 - - [04/Jan/2023:15:21:45 +0100] "GET /Veltri_GiftList/infoList?idUser=4&idGiftList=102 HTTP/1.1" 200 15928
0:0:0:0:0:0:0:1 - - [04/Jan/2023:15:21:46 +0100] "GET /Veltri_GiftList/addParticipant?idGiftList=102 HTTP/1.1" 200 3224
127.0.0.1 - - [04/Jan/2023:15:21:49 +0100] "GET /Veltri_GiftListAPI/api/user/all HTTP/1.1" 200 1000
0:0:0:0:0:0:0:1 - - [04/Jan/2023:15:21:49 +0100] "GET /Veltri_GiftList/addParticipant?name=Gerard&firstname=&idGiftList=102 HTTP/1.1" 200 3511
127.0.0.1 - - [04/Jan/2023:15:21:54 +0100] "GET /Veltri_GiftListAPI/api/giftList/findById?idGiftList=102 HTTP/1.1" 200 10457
127.0.0.1 - - [04/Jan/2023:15:21:55 +0100] "GET /Veltri_GiftListAPI/api/user/findById?idUser=4 HTTP/1.1" 200 163
127.0.0.1 - - [04/Jan/2023:15:21:55 +0100] "POST /Veltri_GiftListAPI/api/user/addParticipation HTTP/1.1" 200 4
127.0.0.1 - - [04/Jan/2023:15:21:55 +0100] "POST /Veltri_GiftListAPI/api/notif/create HTTP/1.1" 201 4
127.0.0.1 - - [04/Jan/2023:15:21:55 +0100] "GET /Veltri_GiftListAPI/api/giftList/findById?idGiftList=102 HTTP/1.1" 200 10621
127.0.0.1 - - [04/Jan/2023:15:21:56 +0100] "GET /Veltri_GiftListAPI/api/giftList/findById?idGiftList=102 HTTP/1.1" 200 10621
0:0:0:0:0:0:0:1 - - [04/Jan/2023:15:21:56 +0100] "GET /Veltri_GiftList/verifAddParticipant?idUser=4&idGiftList=102 HTTP/1.1" 500 16212
0:0:0:0:0:0:0:1 - - [04/Jan/2023:15:22:12 +0100] "GET /Veltri_GiftList/deconnection HTTP/1.1" 302 -
0:0:0:0:0:0:0:1 - - [04/Jan/2023:15:22:12 +0100] "GET /Veltri_GiftList/connection HTTP/1.1" 200 1366
127.0.0.1 - - [04/Jan/2023:15:22:16 +0100] "POST /Veltri_GiftListAPI/api/user/login HTTP/1.1" 200 1671
0:0:0:0:0:0:0:1 - - [04/Jan/2023:15:22:16 +0100] "POST /Veltri_GiftList/authentication HTTP/1.1" 302 -
127.0.0.1 - - [04/Jan/2023:15:22:16 +0100] "POST /Veltri_GiftListAPI/api/user/login HTTP/1.1" 200 1671
0:0:0:0:0:0:0:1 - - [04/Jan/2023:15:22:16 +0100] "GET /Veltri_GiftList/home HTTP/1.1" 200 2800
0:0:0:0:0:0:0:1 - - [04/Jan/2023:15:26:43 +0100] "GET /Veltri_GiftList/myNotifications HTTP/1.1" 200 2111
0:0:0:0:0:0:0:1 - - [04/Jan/2023:15:27:29 +0100] "GET /Veltri_GiftList/deconnection HTTP/1.1" 302 -
0:0:0:0:0:0:0:1 - - [04/Jan/2023:15:27:29 +0100] "GET /Veltri_GiftList/connection HTTP/1.1" 200 1366
0:0:0:0:0:0:0:1 - - [04/Jan/2023:15:27:30 +0100] "GET /Veltri_GiftList/inscription HTTP/1.1" 200 1795
127.0.0.1 - - [04/Jan/2023:15:29:10 +0100] "POST /Veltri_GiftListAPI/api/user/login HTTP/1.1" 204 -
0:0:0:0:0:0:0:1 - - [04/Jan/2023:15:29:10 +0100] "POST /Veltri_GiftList/authentication HTTP/1.1" 302 -
0:0:0:0:0:0:0:1 - - [04/Jan/2023:15:29:10 +0100] "GET /Veltri_GiftList/connection HTTP/1.1" 200 1393
127.0.0.1 - - [04/Jan/2023:15:33:14 +0100] "GET / HTTP/1.1" 404 681
0:0:0:0:0:0:0:1 - - [04/Jan/2023:15:33:14 +0100] "GET /Veltri_GiftList/connection HTTP/1.1" 200 1393
127.0.0.1 - - [04/Jan/2023:15:33:41 +0100] "POST /Veltri_GiftListAPI/api/user/login HTTP/1.1" 200 2001
0:0:0:0:0:0:0:1 - - [04/Jan/2023:15:33:42 +0100] "POST /Veltri_GiftList/authentication HTTP/1.1" 302 -
127.0.0.1 - - [04/Jan/2023:15:33:42 +0100] "POST /Veltri_GiftListAPI/api/user/login HTTP/1.1" 200 2001
0:0:0:0:0:0:0:1 - - [04/Jan/2023:15:33:42 +0100] "GET /Veltri_GiftList/home HTTP/1.1" 200 3124
0:0:0:0:0:0:0:1 - - [04/Jan/2023:15:33:46 +0100] "GET /Veltri_GiftList/myNotifications HTTP/1.1" 200 2166
0:0:0:0:0:0:0:1 - - [04/Jan/2023:15:34:29 +0100] "GET /Veltri_GiftList/myNotifications HTTP/1.1" 200 2165
0:0:0:0:0:0:0:1 - - [04/Jan/2023:15:34:56 +0100] "GET /Veltri_GiftList/myNotifications HTTP/1.1" 200 2165
0:0:0:0:0:0:0:1 - - [04/Jan/2023:15:34:59 +0100] "GET /Veltri_GiftList/myNotifications HTTP/1.1" 200 2165
0:0:0:0:0:0:0:1 - - [04/Jan/2023:15:35:06 +0100] "GET /Veltri_GiftList/myNotifications HTTP/1.1" 200 2166
127.0.0.1 - - [04/Jan/2023:16:06:29 +0100] "GET / HTTP/1.1" 404 681
0:0:0:0:0:0:0:1 - - [04/Jan/2023:16:06:31 +0100] "GET /Veltri_GiftList/connection HTTP/1.1" 200 1366
0:0:0:0:0:0:0:1 - - [04/Jan/2023:16:06:36 +0100] "GET /Veltri_GiftList/connection HTTP/1.1" 200 1366
127.0.0.1 - - [04/Jan/2023:16:06:43 +0100] "POST /Veltri_GiftListAPI/api/user/login HTTP/1.1" 200 1671
0:0:0:0:0:0:0:1 - - [04/Jan/2023:16:06:44 +0100] "POST /Veltri_GiftList/authentication HTTP/1.1" 302 -
127.0.0.1 - - [04/Jan/2023:16:06:44 +0100] "POST /Veltri_GiftListAPI/api/user/login HTTP/1.1" 200 1671
0:0:0:0:0:0:0:1 - - [04/Jan/2023:16:06:44 +0100] "GET /Veltri_GiftList/home HTTP/1.1" 200 2800
127.0.0.1 - - [04/Jan/2023:16:06:46 +0100] "GET /Veltri_GiftListAPI/api/notif/all HTTP/1.1" 200 1939
0:0:0:0:0:0:0:1 - - [04/Jan/2023:16:06:48 +0100] "GET /Veltri_GiftList/myNotifications HTTP/1.1" 200 2729
127.0.0.1 - - [04/Jan/2023:17:30:55 +0100] "GET / HTTP/1.1" 404 681
0:0:0:0:0:0:0:1 - - [04/Jan/2023:17:31:20 +0100] "GET /Veltri_GiftList/connection HTTP/1.1" 200 1366
127.0.0.1 - - [04/Jan/2023:17:31:29 +0100] "POST /Veltri_GiftListAPI/api/user/login HTTP/1.1" 200 1671
0:0:0:0:0:0:0:1 - - [04/Jan/2023:17:31:30 +0100] "POST /Veltri_GiftList/authentication HTTP/1.1" 302 -
127.0.0.1 - - [04/Jan/2023:17:31:30 +0100] "POST /Veltri_GiftListAPI/api/user/login HTTP/1.1" 200 1671
0:0:0:0:0:0:0:1 - - [04/Jan/2023:17:31:30 +0100] "GET /Veltri_GiftList/home HTTP/1.1" 200 2800
127.0.0.1 - - [04/Jan/2023:17:31:32 +0100] "GET /Veltri_GiftListAPI/api/notif/all HTTP/1.1" 200 1941
0:0:0:0:0:0:0:1 - - [04/Jan/2023:17:31:35 +0100] "GET /Veltri_GiftList/myNotifications HTTP/1.1" 200 3096
127.0.0.1 - - [04/Jan/2023:17:33:02 +0100] "GET /Veltri_GiftListAPI/api/notif/findById?idNotif=21 HTTP/1.1" 503 673
0:0:0:0:0:0:0:1 - - [04/Jan/2023:17:33:02 +0100] "GET /Veltri_GiftList/readNotification?idNotif=21 HTTP/1.1" 500 1368
0:0:0:0:0:0:0:1 - - [04/Jan/2023:17:33:47 +0100] "GET /Veltri_GiftList/deconnection HTTP/1.1" 302 -
0:0:0:0:0:0:0:1 - - [04/Jan/2023:17:33:47 +0100] "GET /Veltri_GiftList/connection HTTP/1.1" 200 1366
127.0.0.1 - - [04/Jan/2023:17:33:57 +0100] "POST /Veltri_GiftListAPI/api/user/login HTTP/1.1" 200 2001
0:0:0:0:0:0:0:1 - - [04/Jan/2023:17:33:57 +0100] "POST /Veltri_GiftList/authentication HTTP/1.1" 302 -
127.0.0.1 - - [04/Jan/2023:17:33:57 +0100] "POST /Veltri_GiftListAPI/api/user/login HTTP/1.1" 200 2001
0:0:0:0:0:0:0:1 - - [04/Jan/2023:17:33:57 +0100] "GET /Veltri_GiftList/home HTTP/1.1" 200 3124
127.0.0.1 - - [04/Jan/2023:17:33:58 +0100] "GET /Veltri_GiftListAPI/api/notif/all HTTP/1.1" 200 1941
0:0:0:0:0:0:0:1 - - [04/Jan/2023:17:33:58 +0100] "GET /Veltri_GiftList/myNotifications HTTP/1.1" 200 2454
127.0.0.1 - - [04/Jan/2023:17:34:51 +0100] "GET /Veltri_GiftListAPI/api/notif/all HTTP/1.1" 200 1941
0:0:0:0:0:0:0:1 - - [04/Jan/2023:17:40:54 +0100] "GET /Veltri_GiftList/myNotifications HTTP/1.1" 200 2773
127.0.0.1 - - [04/Jan/2023:17:44:07 +0100] "GET /Veltri_GiftListAPI/api/notif/all HTTP/1.1" 200 1941
0:0:0:0:0:0:0:1 - - [04/Jan/2023:17:44:14 +0100] "GET /Veltri_GiftList/myNotifications HTTP/1.1" 200 3092
127.0.0.1 - - [04/Jan/2023:17:47:10 +0100] "GET / HTTP/1.1" 404 681
127.0.0.1 - - [04/Jan/2023:17:48:01 +0100] "GET /Veltri_GiftListAPI/api/notif/all HTTP/1.1" 200 1941
127.0.0.1 - - [04/Jan/2023:17:48:02 +0100] "GET /Veltri_GiftList/myNotifications HTTP/1.1" 500 1354
127.0.0.1 - - [04/Jan/2023:17:48:29 +0100] "GET / HTTP/1.1" 404 681
0:0:0:0:0:0:0:1 - - [04/Jan/2023:17:48:32 +0100] "GET /Veltri_GiftList/connection HTTP/1.1" 200 1366
127.0.0.1 - - [04/Jan/2023:17:48:56 +0100] "POST /Veltri_GiftListAPI/api/user/login HTTP/1.1" 200 2001
0:0:0:0:0:0:0:1 - - [04/Jan/2023:17:48:57 +0100] "POST /Veltri_GiftList/authentication HTTP/1.1" 302 -
127.0.0.1 - - [04/Jan/2023:17:48:57 +0100] "POST /Veltri_GiftListAPI/api/user/login HTTP/1.1" 200 2001
0:0:0:0:0:0:0:1 - - [04/Jan/2023:17:48:57 +0100] "GET /Veltri_GiftList/home HTTP/1.1" 200 3124
127.0.0.1 - - [04/Jan/2023:17:49:06 +0100] "GET /Veltri_GiftListAPI/api/notif/all HTTP/1.1" 200 1941
0:0:0:0:0:0:0:1 - - [04/Jan/2023:17:49:06 +0100] "GET /Veltri_GiftList/myNotifications HTTP/1.1" 200 2734
127.0.0.1 - - [04/Jan/2023:17:50:28 +0100] "GET /Veltri_GiftListAPI/api/notif/all HTTP/1.1" 200 1941
0:0:0:0:0:0:0:1 - - [04/Jan/2023:17:50:28 +0100] "GET /Veltri_GiftList/myNotifications HTTP/1.1" 200 3333
127.0.0.1 - - [04/Jan/2023:17:50:29 +0100] "GET /Veltri_GiftListAPI/api/notif/all HTTP/1.1" 200 1941
0:0:0:0:0:0:0:1 - - [04/Jan/2023:17:50:29 +0100] "GET /Veltri_GiftList/myNotifications HTTP/1.1" 200 3932
127.0.0.1 - - [04/Jan/2023:17:50:30 +0100] "GET /Veltri_GiftListAPI/api/notif/all HTTP/1.1" 200 1941
0:0:0:0:0:0:0:1 - - [04/Jan/2023:17:50:30 +0100] "GET /Veltri_GiftList/myNotifications HTTP/1.1" 200 4531
127.0.0.1 - - [04/Jan/2023:17:50:30 +0100] "GET /Veltri_GiftListAPI/api/notif/all HTTP/1.1" 200 1941
0:0:0:0:0:0:0:1 - - [04/Jan/2023:17:50:30 +0100] "GET /Veltri_GiftList/myNotifications HTTP/1.1" 200 5130
127.0.0.1 - - [04/Jan/2023:17:50:55 +0100] "GET /Veltri_GiftListAPI/api/notif/all HTTP/1.1" 200 1941
0:0:0:0:0:0:0:1 - - [04/Jan/2023:17:50:55 +0100] "GET /Veltri_GiftList/myNotifications HTTP/1.1" 200 2734
127.0.0.1 - - [04/Jan/2023:17:50:56 +0100] "GET /Veltri_GiftListAPI/api/notif/all HTTP/1.1" 200 1941
0:0:0:0:0:0:0:1 - - [04/Jan/2023:17:50:56 +0100] "GET /Veltri_GiftList/myNotifications HTTP/1.1" 200 2734
127.0.0.1 - - [04/Jan/2023:17:50:57 +0100] "GET /Veltri_GiftListAPI/api/notif/all HTTP/1.1" 200 1941
0:0:0:0:0:0:0:1 - - [04/Jan/2023:17:50:57 +0100] "GET /Veltri_GiftList/myNotifications HTTP/1.1" 200 2734
127.0.0.1 - - [04/Jan/2023:17:51:03 +0100] "GET /Veltri_GiftListAPI/api/notif/all HTTP/1.1" 200 1941
0:0:0:0:0:0:0:1 - - [04/Jan/2023:17:51:03 +0100] "GET /Veltri_GiftList/myNotifications HTTP/1.1" 200 2734
127.0.0.1 - - [04/Jan/2023:17:52:49 +0100] "GET /Veltri_GiftListAPI/api/notif/findById?idNotif=1 HTTP/1.1" 503 673
0:0:0:0:0:0:0:1 - - [04/Jan/2023:17:53:01 +0100] "GET /Veltri_GiftList/readNotification?idNotif=1 HTTP/1.1" 500 1368
127.0.0.1 - - [04/Jan/2023:17:53:22 +0100] "GET /Veltri_GiftListAPI/api/notif/all HTTP/1.1" 200 1941
0:0:0:0:0:0:0:1 - - [04/Jan/2023:17:53:23 +0100] "GET /Veltri_GiftList/myNotifications HTTP/1.1" 200 2734
127.0.0.1 - - [04/Jan/2023:17:56:42 +0100] "GET / HTTP/1.1" 404 681
0:0:0:0:0:0:0:1 - - [04/Jan/2023:17:56:42 +0100] "GET /Veltri_GiftList/connection HTTP/1.1" 200 1366
127.0.0.1 - - [04/Jan/2023:17:56:52 +0100] "POST /Veltri_GiftListAPI/api/user/login HTTP/1.1" 200 2001
0:0:0:0:0:0:0:1 - - [04/Jan/2023:17:56:53 +0100] "POST /Veltri_GiftList/authentication HTTP/1.1" 302 -
127.0.0.1 - - [04/Jan/2023:17:56:53 +0100] "POST /Veltri_GiftListAPI/api/user/login HTTP/1.1" 200 2001
0:0:0:0:0:0:0:1 - - [04/Jan/2023:17:56:53 +0100] "GET /Veltri_GiftList/home HTTP/1.1" 200 3124
127.0.0.1 - - [04/Jan/2023:17:56:55 +0100] "GET /Veltri_GiftListAPI/api/notif/all HTTP/1.1" 200 1941
0:0:0:0:0:0:0:1 - - [04/Jan/2023:17:56:55 +0100] "GET /Veltri_GiftList/myNotifications HTTP/1.1" 200 2734
127.0.0.1 - - [04/Jan/2023:17:57:14 +0100] "GET /Veltri_GiftListAPI/api/notif/findById?idNotif=1 HTTP/1.1" 200 258
127.0.0.1 - - [04/Jan/2023:17:57:21 +0100] "GET /Veltri_GiftListAPI/api/notif/findById?idNotif=1 HTTP/1.1" 200 258
127.0.0.1 - - [04/Jan/2023:17:57:43 +0100] "POST /Veltri_GiftListAPI/api/notif/update HTTP/1.1" 202 4
127.0.0.1 - - [04/Jan/2023:17:57:55 +0100] "POST /Veltri_GiftListAPI/api/notif/update HTTP/1.1" 202 4
0:0:0:0:0:0:0:1 - - [04/Jan/2023:17:58:02 +0100] "GET /Veltri_GiftList/readNotification?idNotif=1 HTTP/1.1" 500 1438
0:0:0:0:0:0:0:1 - - [04/Jan/2023:17:58:11 +0100] "GET /Veltri_GiftList/readNotification?idNotif=1 HTTP/1.1" 500 1438
127.0.0.1 - - [04/Jan/2023:17:58:41 +0100] "GET /Veltri_GiftListAPI/api/notif/all HTTP/1.1" 200 1940
0:0:0:0:0:0:0:1 - - [04/Jan/2023:17:58:41 +0100] "GET /Veltri_GiftList/myNotifications HTTP/1.1" 200 2728
0:0:0:0:0:0:0:1 - - [04/Jan/2023:17:58:46 +0100] "GET /Veltri_GiftList/deconnection HTTP/1.1" 302 -
0:0:0:0:0:0:0:1 - - [04/Jan/2023:17:58:46 +0100] "GET /Veltri_GiftList/connection HTTP/1.1" 200 1366
127.0.0.1 - - [04/Jan/2023:17:58:51 +0100] "POST /Veltri_GiftListAPI/api/user/login HTTP/1.1" 200 1671
0:0:0:0:0:0:0:1 - - [04/Jan/2023:17:58:51 +0100] "POST /Veltri_GiftList/authentication HTTP/1.1" 302 -
127.0.0.1 - - [04/Jan/2023:17:58:52 +0100] "POST /Veltri_GiftListAPI/api/user/login HTTP/1.1" 200 1671
0:0:0:0:0:0:0:1 - - [04/Jan/2023:17:58:52 +0100] "GET /Veltri_GiftList/home HTTP/1.1" 200 2800
127.0.0.1 - - [04/Jan/2023:17:59:01 +0100] "GET /Veltri_GiftListAPI/api/notif/all HTTP/1.1" 200 1940
0:0:0:0:0:0:0:1 - - [04/Jan/2023:17:59:01 +0100] "GET /Veltri_GiftList/myNotifications HTTP/1.1" 200 2812
127.0.0.1 - - [04/Jan/2023:17:59:04 +0100] "GET /Veltri_GiftListAPI/api/notif/findById?idNotif=21 HTTP/1.1" 200 274
127.0.0.1 - - [04/Jan/2023:17:59:04 +0100] "POST /Veltri_GiftListAPI/api/notif/update HTTP/1.1" 202 4
0:0:0:0:0:0:0:1 - - [04/Jan/2023:17:59:04 +0100] "GET /Veltri_GiftList/readNotification?idNotif=21 HTTP/1.1" 302 -
127.0.0.1 - - [04/Jan/2023:17:59:04 +0100] "GET /Veltri_GiftListAPI/api/notif/all HTTP/1.1" 200 1939
0:0:0:0:0:0:0:1 - - [04/Jan/2023:17:59:04 +0100] "GET /Veltri_GiftList/myNotifications HTTP/1.1" 200 2806
0:0:0:0:0:0:0:1 - - [04/Jan/2023:18:04:59 +0100] "GET /Veltri_GiftList/myAccount HTTP/1.1" 200 2141
0:0:0:0:0:0:0:1 - - [04/Jan/2023:18:13:16 +0100] "GET /Veltri_GiftList/myAccount HTTP/1.1" 200 2485
0:0:0:0:0:0:0:1 - - [04/Jan/2023:18:13:16 +0100] "GET /Veltri_GiftList/IMG/eye.png HTTP/1.1" 200 414
0:0:0:0:0:0:0:1 - - [04/Jan/2023:18:40:36 +0100] "GET /Veltri_GiftList/myAccount HTTP/1.1" 200 2675
0:0:0:0:0:0:0:1 - - [04/Jan/2023:18:40:36 +0100] "GET /Veltri_GiftList/IMG/eye.png HTTP/1.1" 304 -
0:0:0:0:0:0:0:1 - - [04/Jan/2023:18:43:15 +0100] "GET /Veltri_GiftList/myAccount HTTP/1.1" 200 2945
0:0:0:0:0:0:0:1 - - [04/Jan/2023:18:44:03 +0100] "GET /Veltri_GiftList/myAccount HTTP/1.1" 200 2986
0:0:0:0:0:0:0:1 - - [04/Jan/2023:18:44:03 +0100] "GET /Veltri_GiftList/IMG/eye.png HTTP/1.1" 304 -
0:0:0:0:0:0:0:1 - - [04/Jan/2023:18:52:03 +0100] "GET /Veltri_GiftList/myAccount HTTP/1.1" 500 2643
0:0:0:0:0:0:0:1 - - [04/Jan/2023:18:52:26 +0100] "GET /Veltri_GiftList/myAccount HTTP/1.1" 500 2651
0:0:0:0:0:0:0:1 - - [04/Jan/2023:18:52:56 +0100] "GET /Veltri_GiftList/myAccount HTTP/1.1" 200 3377
0:0:0:0:0:0:0:1 - - [04/Jan/2023:18:52:56 +0100] "GET /Veltri_GiftList/IMG/eye.png HTTP/1.1" 304 -
0:0:0:0:0:0:0:1 - - [04/Jan/2023:18:53:39 +0100] "GET /Veltri_GiftList/myAccount HTTP/1.1" 200 3422
0:0:0:0:0:0:0:1 - - [04/Jan/2023:18:54:11 +0100] "GET /Veltri_GiftList/myAccount HTTP/1.1" 200 3412
0:0:0:0:0:0:0:1 - - [04/Jan/2023:18:54:11 +0100] "GET /Veltri_GiftList/IMG/eye.png HTTP/1.1" 200 414
0:0:0:0:0:0:0:1 - - [04/Jan/2023:18:54:11 +0100] "GET /Veltri_GiftList/IMG/logOut.png HTTP/1.1" 200 1901
0:0:0:0:0:0:0:1 - - [04/Jan/2023:18:54:11 +0100] "GET /favicon.ico HTTP/1.1" 404 692
0:0:0:0:0:0:0:1 - - [04/Jan/2023:18:54:27 +0100] "GET /Veltri_GiftList/myAccount HTTP/1.1" 200 3425
0:0:0:0:0:0:0:1 - - [04/Jan/2023:18:54:46 +0100] "GET /Veltri_GiftList/myAccount HTTP/1.1" 200 3421
0:0:0:0:0:0:0:1 - - [04/Jan/2023:18:55:45 +0100] "GET /Veltri_GiftList/myAccount HTTP/1.1" 200 3419
0:0:0:0:0:0:0:1 - - [04/Jan/2023:18:56:11 +0100] "GET /Veltri_GiftList/myAccount HTTP/1.1" 200 3417
0:0:0:0:0:0:0:1 - - [04/Jan/2023:18:56:50 +0100] "GET /Veltri_GiftList/myAccount HTTP/1.1" 200 3413
0:0:0:0:0:0:0:1 - - [04/Jan/2023:18:57:04 +0100] "GET /Veltri_GiftList/myAccount HTTP/1.1" 200 3413
0:0:0:0:0:0:0:1 - - [04/Jan/2023:18:57:54 +0100] "GET /Veltri_GiftList/myAccount HTTP/1.1" 200 3417
127.0.0.1 - - [04/Jan/2023:19:15:47 +0100] "GET / HTTP/1.1" 404 681
0:0:0:0:0:0:0:1 - - [04/Jan/2023:19:15:57 +0100] "GET /Veltri_GiftList/connection HTTP/1.1" 200 1366
127.0.0.1 - - [04/Jan/2023:19:16:09 +0100] "POST /Veltri_GiftListAPI/api/user/login HTTP/1.1" 200 2001
0:0:0:0:0:0:0:1 - - [04/Jan/2023:19:16:09 +0100] "POST /Veltri_GiftList/authentication HTTP/1.1" 302 -
127.0.0.1 - - [04/Jan/2023:19:16:10 +0100] "POST /Veltri_GiftListAPI/api/user/login HTTP/1.1" 200 2001
0:0:0:0:0:0:0:1 - - [04/Jan/2023:19:16:10 +0100] "GET /Veltri_GiftList/home HTTP/1.1" 200 3124
0:0:0:0:0:0:0:1 - - [04/Jan/2023:19:16:15 +0100] "GET /Veltri_GiftList/myAccount HTTP/1.1" 200 3490
0:0:0:0:0:0:0:1 - - [04/Jan/2023:19:16:15 +0100] "GET /Veltri_GiftList/IMG/eye.png HTTP/1.1" 304 -
127.0.0.1 - - [04/Jan/2023:19:16:38 +0100] "POST /Veltri_GiftListAPI/api/user/update HTTP/1.1" 202 4
0:0:0:0:0:0:0:1 - - [04/Jan/2023:19:16:38 +0100] "POST /Veltri_GiftList/myAccount HTTP/1.1" 200 3532
127.0.0.1 - - [04/Jan/2023:19:18:53 +0100] "POST /Veltri_GiftListAPI/api/user/update HTTP/1.1" 202 4
0:0:0:0:0:0:0:1 - - [04/Jan/2023:19:18:54 +0100] "POST /Veltri_GiftList/myAccount HTTP/1.1" 200 3490
127.0.0.1 - - [04/Jan/2023:19:19:14 +0100] "POST /Veltri_GiftListAPI/api/user/login HTTP/1.1" 500 4224
0:0:0:0:0:0:0:1 - - [04/Jan/2023:19:19:14 +0100] "GET /Veltri_GiftList/home HTTP/1.1" 500 1342
0:0:0:0:0:0:0:1 - - [04/Jan/2023:19:19:25 +0100] "GET /Veltri_GiftList/connection HTTP/1.1" 200 1366
127.0.0.1 - - [04/Jan/2023:19:19:50 +0100] "GET / HTTP/1.1" 404 681
0:0:0:0:0:0:0:1 - - [04/Jan/2023:19:19:50 +0100] "GET /Veltri_GiftList/connection HTTP/1.1" 200 1366
127.0.0.1 - - [04/Jan/2023:19:19:59 +0100] "POST /Veltri_GiftListAPI/api/user/login HTTP/1.1" 200 2001
0:0:0:0:0:0:0:1 - - [04/Jan/2023:19:19:59 +0100] "POST /Veltri_GiftList/authentication HTTP/1.1" 302 -
127.0.0.1 - - [04/Jan/2023:19:20:00 +0100] "POST /Veltri_GiftListAPI/api/user/login HTTP/1.1" 200 2001
0:0:0:0:0:0:0:1 - - [04/Jan/2023:19:20:00 +0100] "GET /Veltri_GiftList/home HTTP/1.1" 200 3124
0:0:0:0:0:0:0:1 - - [04/Jan/2023:19:20:01 +0100] "GET /Veltri_GiftList/myAccount HTTP/1.1" 200 3490
127.0.0.1 - - [04/Jan/2023:19:22:44 +0100] "POST /Veltri_GiftListAPI/api/user/update HTTP/1.1" 202 4
0:0:0:0:0:0:0:1 - - [04/Jan/2023:19:22:46 +0100] "POST /Veltri_GiftList/myAccount HTTP/1.1" 200 3490
0:0:0:0:0:0:0:1 - - [04/Jan/2023:19:23:27 +0100] "GET /Veltri_GiftList/deconnection HTTP/1.1" 302 -
0:0:0:0:0:0:0:1 - - [04/Jan/2023:19:23:27 +0100] "GET /Veltri_GiftList/connection HTTP/1.1" 200 1366
127.0.0.1 - - [04/Jan/2023:19:23:34 +0100] "POST /Veltri_GiftListAPI/api/user/login HTTP/1.1" 200 2001
0:0:0:0:0:0:0:1 - - [04/Jan/2023:19:23:34 +0100] "POST /Veltri_GiftList/authentication HTTP/1.1" 302 -
127.0.0.1 - - [04/Jan/2023:19:23:34 +0100] "POST /Veltri_GiftListAPI/api/user/login HTTP/1.1" 200 2001
0:0:0:0:0:0:0:1 - - [04/Jan/2023:19:23:34 +0100] "GET /Veltri_GiftList/home HTTP/1.1" 200 3124
0:0:0:0:0:0:0:1 - - [04/Jan/2023:19:23:36 +0100] "GET /Veltri_GiftList/myAccount HTTP/1.1" 200 3490
0:0:0:0:0:0:0:1 - - [04/Jan/2023:19:23:36 +0100] "GET /Veltri_GiftList/IMG/eye.png HTTP/1.1" 304 -
0:0:0:0:0:0:0:1 - - [04/Jan/2023:19:23:44 +0100] "POST /Veltri_GiftList/myAccount HTTP/1.1" 200 3561
127.0.0.1 - - [04/Jan/2023:19:24:08 +0100] "POST /Veltri_GiftListAPI/api/user/update HTTP/1.1" 202 4
0:0:0:0:0:0:0:1 - - [04/Jan/2023:19:24:08 +0100] "POST /Veltri_GiftList/myAccount HTTP/1.1" 200 3490
127.0.0.1 - - [04/Jan/2023:19:27:51 +0100] "GET /Veltri_GiftListAPI/api/user/all HTTP/1.1" 200 1000
0:0:0:0:0:0:0:1 - - [04/Jan/2023:19:27:51 +0100] "POST /Veltri_GiftList/myAccount HTTP/1.1" 200 3558
127.0.0.1 - - [04/Jan/2023:19:28:00 +0100] "GET /Veltri_GiftListAPI/api/user/all HTTP/1.1" 200 1000
0:0:0:0:0:0:0:1 - - [04/Jan/2023:19:28:01 +0100] "POST /Veltri_GiftList/myAccount HTTP/1.1" 200 3554
0:0:0:0:0:0:0:1 - - [04/Jan/2023:19:28:55 +0100] "GET /Veltri_GiftList/deconnection HTTP/1.1" 302 -
0:0:0:0:0:0:0:1 - - [04/Jan/2023:19:28:55 +0100] "GET /Veltri_GiftList/connection HTTP/1.1" 200 1366
0:0:0:0:0:0:0:1 - - [04/Jan/2023:19:28:57 +0100] "GET /Veltri_GiftList/connection HTTP/1.1" 200 1366
127.0.0.1 - - [04/Jan/2023:19:29:05 +0100] "POST /Veltri_GiftListAPI/api/user/login HTTP/1.1" 500 4224
0:0:0:0:0:0:0:1 - - [04/Jan/2023:19:29:05 +0100] "POST /Veltri_GiftList/authentication HTTP/1.1" 302 -
0:0:0:0:0:0:0:1 - - [04/Jan/2023:19:29:05 +0100] "GET /Veltri_GiftList/connection HTTP/1.1" 200 1393
127.0.0.1 - - [04/Jan/2023:19:29:12 +0100] "POST /Veltri_GiftListAPI/api/user/login HTTP/1.1" 200 2001
0:0:0:0:0:0:0:1 - - [04/Jan/2023:19:29:13 +0100] "POST /Veltri_GiftList/authentication HTTP/1.1" 302 -
127.0.0.1 - - [04/Jan/2023:19:29:13 +0100] "POST /Veltri_GiftListAPI/api/user/login HTTP/1.1" 200 2001
0:0:0:0:0:0:0:1 - - [04/Jan/2023:19:29:13 +0100] "GET /Veltri_GiftList/home HTTP/1.1" 200 3124
0:0:0:0:0:0:0:1 - - [04/Jan/2023:19:29:17 +0100] "GET /Veltri_GiftList/myAccount HTTP/1.1" 200 3490
127.0.0.1 - - [04/Jan/2023:19:29:24 +0100] "GET /Veltri_GiftListAPI/api/user/all HTTP/1.1" 200 1000
0:0:0:0:0:0:0:1 - - [04/Jan/2023:19:29:24 +0100] "POST /Veltri_GiftList/myAccount HTTP/1.1" 200 3558
127.0.0.1 - - [04/Jan/2023:19:29:32 +0100] "GET /Veltri_GiftListAPI/api/user/all HTTP/1.1" 200 1000
0:0:0:0:0:0:0:1 - - [04/Jan/2023:19:29:32 +0100] "POST /Veltri_GiftList/myAccount HTTP/1.1" 200 3558
127.0.0.1 - - [04/Jan/2023:19:31:13 +0100] "GET /Veltri_GiftListAPI/api/user/all HTTP/1.1" 200 1000
127.0.0.1 - - [04/Jan/2023:19:31:13 +0100] "POST /Veltri_GiftListAPI/api/user/update HTTP/1.1" 202 4
0:0:0:0:0:0:0:1 - - [04/Jan/2023:19:31:13 +0100] "POST /Veltri_GiftList/myAccount HTTP/1.1" 200 3490
0:0:0:0:0:0:0:1 - - [04/Jan/2023:19:31:13 +0100] "GET /Veltri_GiftList/IMG/eye.png HTTP/1.1" 304 -
127.0.0.1 - - [04/Jan/2023:19:32:00 +0100] "GET /Veltri_GiftListAPI/api/user/all HTTP/1.1" 200 1000
127.0.0.1 - - [04/Jan/2023:19:32:00 +0100] "POST /Veltri_GiftListAPI/api/user/update HTTP/1.1" 202 4
0:0:0:0:0:0:0:1 - - [04/Jan/2023:19:32:00 +0100] "POST /Veltri_GiftList/myAccount HTTP/1.1" 200 3491
127.0.0.1 - - [04/Jan/2023:19:32:07 +0100] "POST /Veltri_GiftListAPI/api/user/login HTTP/1.1" 200 2005
0:0:0:0:0:0:0:1 - - [04/Jan/2023:19:32:07 +0100] "GET /Veltri_GiftList/home HTTP/1.1" 200 3124
127.0.0.1 - - [04/Jan/2023:19:32:09 +0100] "POST /Veltri_GiftListAPI/api/user/login HTTP/1.1" 200 2005
0:0:0:0:0:0:0:1 - - [04/Jan/2023:19:32:09 +0100] "GET /Veltri_GiftList/home HTTP/1.1" 200 3124
0:0:0:0:0:0:0:1 - - [04/Jan/2023:19:32:33 +0100] "GET /Veltri_GiftList/myGifts HTTP/1.1" 200 1924
