127.0.0.1 - - [03/Jan/2023:19:22:31 +0100] "GET / HTTP/1.1" 404 681
0:0:0:0:0:0:0:1 - - [03/Jan/2023:19:22:43 +0100] "GET /Veltri_GiftList/connection HTTP/1.1" 200 1366
0:0:0:0:0:0:0:1 - - [03/Jan/2023:19:22:44 +0100] "GET /favicon.ico HTTP/1.1" 404 692
127.0.0.1 - - [03/Jan/2023:19:22:51 +0100] "POST /Veltri_GiftListAPI/api/user/login HTTP/1.1" 200 163
127.0.0.1 - - [03/Jan/2023:19:22:52 +0100] "POST /Veltri_GiftListAPI/api/user/login HTTP/1.1" 200 163
0:0:0:0:0:0:0:1 - - [03/Jan/2023:19:22:52 +0100] "POST /Veltri_GiftList/authentication HTTP/1.1" 200 2495
127.0.0.1 - - [03/Jan/2023:19:25:01 +0100] "GET / HTTP/1.1" 404 681
0:0:0:0:0:0:0:1 - - [03/Jan/2023:19:26:01 +0100] "GET /Veltri_GiftList/connection HTTP/1.1" 200 1366
127.0.0.1 - - [03/Jan/2023:19:27:40 +0100] "POST /Veltri_GiftListAPI/api/user/login HTTP/1.1" 200 163
127.0.0.1 - - [03/Jan/2023:19:27:45 +0100] "POST /Veltri_GiftListAPI/api/user/login HTTP/1.1" 200 163
0:0:0:0:0:0:0:1 - - [03/Jan/2023:19:27:45 +0100] "POST /Veltri_GiftList/authentication HTTP/1.1" 200 2495
0:0:0:0:0:0:0:1 - - [03/Jan/2023:19:29:21 +0100] "GET /Veltri_GiftList/connection HTTP/1.1" 200 1366
0:0:0:0:0:0:0:1 - - [03/Jan/2023:19:31:32 +0100] "GET /Veltri_GiftList/connection HTTP/1.1" 200 1366
127.0.0.1 - - [03/Jan/2023:19:31:58 +0100] "POST /Veltri_GiftListAPI/api/user/login HTTP/1.1" 200 821
127.0.0.1 - - [03/Jan/2023:19:31:59 +0100] "POST /Veltri_GiftListAPI/api/user/login HTTP/1.1" 200 821
0:0:0:0:0:0:0:1 - - [03/Jan/2023:19:31:59 +0100] "POST /Veltri_GiftList/authentication HTTP/1.1" 200 2613
127.0.0.1 - - [03/Jan/2023:19:32:02 +0100] "POST /Veltri_GiftListAPI/api/user/login HTTP/1.1" 500 5216
0:0:0:0:0:0:0:1 - - [03/Jan/2023:19:32:02 +0100] "POST /Veltri_GiftList/authentication HTTP/1.1" 500 1537
0:0:0:0:0:0:0:1 - - [03/Jan/2023:19:32:08 +0100] "GET /Veltri_GiftList/getinfoList?orderId=1 HTTP/1.1" 404 712
0:0:0:0:0:0:0:1 - - [03/Jan/2023:19:32:13 +0100] "GET /Veltri_GiftList/getinfoList?orderId=1 HTTP/1.1" 404 712
127.0.0.1 - - [03/Jan/2023:19:32:57 +0100] "POST /Veltri_GiftListAPI/api/user/login HTTP/1.1" 200 821
127.0.0.1 - - [03/Jan/2023:19:32:59 +0100] "POST /Veltri_GiftListAPI/api/user/login HTTP/1.1" 200 821
0:0:0:0:0:0:0:1 - - [03/Jan/2023:19:32:59 +0100] "POST /Veltri_GiftList/authentication HTTP/1.1" 200 2613
127.0.0.1 - - [03/Jan/2023:19:33:01 +0100] "GET /Veltri_GiftListAPI/api/giftList/findById?idGiftList=1 HTTP/1.1" 200 1714
0:0:0:0:0:0:0:1 - - [03/Jan/2023:19:33:01 +0100] "GET /Veltri_GiftList/getInfoList?orderId=1 HTTP/1.1" 200 7265
0:0:0:0:0:0:0:1 - - [03/Jan/2023:19:33:01 +0100] "GET /Veltri_GiftList/CSS/infoListCSS.css HTTP/1.1" 304 -
0:0:0:0:0:0:0:1 - - [03/Jan/2023:19:33:01 +0100] "GET /Veltri_GiftList/IMG/pen.png HTTP/1.1" 304 -
0:0:0:0:0:0:0:1 - - [03/Jan/2023:19:33:01 +0100] "GET /Veltri_GiftList/IMG/plus.png HTTP/1.1" 304 -
0:0:0:0:0:0:0:1 - - [03/Jan/2023:19:33:01 +0100] "GET /Veltri_GiftList/IMG/delete.png HTTP/1.1" 304 -
0:0:0:0:0:0:0:1 - - [03/Jan/2023:19:37:03 +0100] "GET /Veltri_GiftList/connection HTTP/1.1" 200 1366
127.0.0.1 - - [03/Jan/2023:19:37:12 +0100] "POST /Veltri_GiftListAPI/api/user/login HTTP/1.1" 200 2154
127.0.0.1 - - [03/Jan/2023:19:37:12 +0100] "POST /Veltri_GiftListAPI/api/user/login HTTP/1.1" 200 2154
0:0:0:0:0:0:0:1 - - [03/Jan/2023:19:37:12 +0100] "POST /Veltri_GiftList/authentication HTTP/1.1" 200 3363
127.0.0.1 - - [03/Jan/2023:19:37:40 +0100] "POST /Veltri_GiftListAPI/api/user/login HTTP/1.1" 200 2154
0:0:0:0:0:0:0:1 - - [03/Jan/2023:19:37:40 +0100] "GET /Veltri_GiftList/home HTTP/1.1" 200 3363
127.0.0.1 - - [03/Jan/2023:19:40:02 +0100] "POST /Veltri_GiftListAPI/api/user/login HTTP/1.1" 200 2154
0:0:0:0:0:0:0:1 - - [03/Jan/2023:19:40:02 +0100] "GET /Veltri_GiftList/home HTTP/1.1" 200 3467
127.0.0.1 - - [03/Jan/2023:19:40:04 +0100] "GET /Veltri_GiftListAPI/api/giftList/findById?idGiftList=50 HTTP/1.1" 200 336
0:0:0:0:0:0:0:1 - - [03/Jan/2023:19:40:04 +0100] "GET /Veltri_GiftList/getInfoList?orderId=50 HTTP/1.1" 200 3414
0:0:0:0:0:0:0:1 - - [03/Jan/2023:19:43:22 +0100] "GET /Veltri_GiftList/connection HTTP/1.1" 200 1366
127.0.0.1 - - [03/Jan/2023:19:43:36 +0100] "POST /Veltri_GiftListAPI/api/user/login HTTP/1.1" 200 1005
127.0.0.1 - - [03/Jan/2023:19:43:37 +0100] "POST /Veltri_GiftListAPI/api/user/login HTTP/1.1" 200 1005
0:0:0:0:0:0:0:1 - - [03/Jan/2023:19:43:37 +0100] "POST /Veltri_GiftList/authentication HTTP/1.1" 200 2684
127.0.0.1 - - [03/Jan/2023:19:53:15 +0100] "POST /Veltri_GiftListAPI/api/user/login HTTP/1.1" 204 -
0:0:0:0:0:0:0:1 - - [03/Jan/2023:19:53:15 +0100] "POST /Veltri_GiftList/authentication HTTP/1.1" 200 1466
127.0.0.1 - - [03/Jan/2023:19:54:01 +0100] "GET / HTTP/1.1" 404 681
0:0:0:0:0:0:0:1 - - [03/Jan/2023:19:54:02 +0100] "GET /Veltri_GiftList/connection HTTP/1.1" 200 1393
127.0.0.1 - - [03/Jan/2023:19:54:06 +0100] "POST /Veltri_GiftListAPI/api/user/login HTTP/1.1" 200 2653
127.0.0.1 - - [03/Jan/2023:19:54:07 +0100] "POST /Veltri_GiftListAPI/api/user/login HTTP/1.1" 200 2653
0:0:0:0:0:0:0:1 - - [03/Jan/2023:19:54:07 +0100] "POST /Veltri_GiftList/authentication HTTP/1.1" 200 3467
127.0.0.1 - - [03/Jan/2023:19:54:10 +0100] "GET /Veltri_GiftListAPI/api/giftList/findById?idGiftList=1 HTTP/1.1" 200 1714
0:0:0:0:0:0:0:1 - - [03/Jan/2023:19:54:11 +0100] "GET /Veltri_GiftList/getInfoList?orderId=1 HTTP/1.1" 200 7402
0:0:0:0:0:0:0:1 - - [03/Jan/2023:19:54:19 +0100] "GET /Veltri_GiftList/infoList?modifyDate=undefined HTTP/1.1" 500 3030
127.0.0.1 - - [03/Jan/2023:19:55:35 +0100] "GET /Veltri_GiftListAPI/api/giftList/findById?idGiftList=1 HTTP/1.1" 200 1714
0:0:0:0:0:0:0:1 - - [03/Jan/2023:19:55:35 +0100] "GET /Veltri_GiftList/getInfoList?orderId=1 HTTP/1.1" 200 7458
0:0:0:0:0:0:0:1 - - [03/Jan/2023:19:55:39 +0100] "GET /Veltri_GiftList/infoList?limitDate=undefined HTTP/1.1" 500 3030
127.0.0.1 - - [03/Jan/2023:19:56:36 +0100] "GET /Veltri_GiftListAPI/api/giftList/findById?idGiftList=1 HTTP/1.1" 200 1714
0:0:0:0:0:0:0:1 - - [03/Jan/2023:19:56:37 +0100] "GET /Veltri_GiftList/getInfoList?orderId=1 HTTP/1.1" 200 7424
0:0:0:0:0:0:0:1 - - [03/Jan/2023:19:56:44 +0100] "GET /Veltri_GiftList/infoList HTTP/1.1" 500 3020
127.0.0.1 - - [03/Jan/2023:19:57:27 +0100] "GET /Veltri_GiftListAPI/api/giftList/findById?idGiftList=1 HTTP/1.1" 200 1714
0:0:0:0:0:0:0:1 - - [03/Jan/2023:19:57:27 +0100] "GET /Veltri_GiftList/getInfoList?orderId=1 HTTP/1.1" 200 7424
0:0:0:0:0:0:0:1 - - [03/Jan/2023:19:57:34 +0100] "GET /Veltri_GiftList/infoList HTTP/1.1" 500 3020
127.0.0.1 - - [03/Jan/2023:19:58:15 +0100] "GET /Veltri_GiftListAPI/api/giftList/findById?idGiftList=1 HTTP/1.1" 200 1714
0:0:0:0:0:0:0:1 - - [03/Jan/2023:19:58:21 +0100] "GET /Veltri_GiftList/getInfoList?orderId=1 HTTP/1.1" 200 7424
127.0.0.1 - - [03/Jan/2023:19:59:23 +0100] "POST /Veltri_GiftListAPI/api/user/login HTTP/1.1" 200 2653
0:0:0:0:0:0:0:1 - - [03/Jan/2023:19:59:23 +0100] "GET /Veltri_GiftList/home HTTP/1.1" 200 3467
127.0.0.1 - - [03/Jan/2023:19:59:27 +0100] "GET /Veltri_GiftListAPI/api/giftList/findById?idGiftList=1 HTTP/1.1" 200 1714
0:0:0:0:0:0:0:1 - - [03/Jan/2023:19:59:31 +0100] "GET /Veltri_GiftList/infoList HTTP/1.1" 500 3030
0:0:0:0:0:0:0:1 - - [03/Jan/2023:19:59:33 +0100] "GET /Veltri_GiftList/getInfoList?orderId=1 HTTP/1.1" 200 7476
127.0.0.1 - - [03/Jan/2023:20:00:01 +0100] "GET /Veltri_GiftListAPI/api/giftList/findById?idGiftList=1 HTTP/1.1" 200 1714
0:0:0:0:0:0:0:1 - - [03/Jan/2023:20:00:19 +0100] "GET /Veltri_GiftList/infoList?limitDate=undefined&idGiftList=1 HTTP/1.1" 200 7476
127.0.0.1 - - [03/Jan/2023:20:09:06 +0100] "GET /Veltri_GiftListAPI/api/giftList/findById?idGiftList=1 HTTP/1.1" 503 673
0:0:0:0:0:0:0:1 - - [03/Jan/2023:20:15:35 +0100] "GET /Veltri_GiftList/infoList?limitDate=undefined&idGiftList=1 HTTP/1.1" 500 3030
127.0.0.1 - - [03/Jan/2023:20:15:40 +0100] "GET /Veltri_GiftListAPI/api/giftList/findById?idGiftList=1 HTTP/1.1" 503 673
127.0.0.1 - - [03/Jan/2023:20:15:40 +0100] "POST /Veltri_GiftListAPI/api/user/login HTTP/1.1" 204 -
0:0:0:0:0:0:0:1 - - [03/Jan/2023:20:15:40 +0100] "GET /Veltri_GiftList/getInfoList?orderId=1 HTTP/1.1" 200 3467
0:0:0:0:0:0:0:1 - - [03/Jan/2023:20:15:42 +0100] "GET /Veltri_GiftList/home HTTP/1.1" 500 3111
127.0.0.1 - - [03/Jan/2023:20:15:59 +0100] "GET / HTTP/1.1" 404 681
0:0:0:0:0:0:0:1 - - [03/Jan/2023:20:16:01 +0100] "GET /Veltri_GiftList/connection HTTP/1.1" 200 1366
127.0.0.1 - - [03/Jan/2023:20:16:28 +0100] "POST /Veltri_GiftListAPI/api/user/login HTTP/1.1" 200 2653
127.0.0.1 - - [03/Jan/2023:20:16:29 +0100] "POST /Veltri_GiftListAPI/api/user/login HTTP/1.1" 200 2653
0:0:0:0:0:0:0:1 - - [03/Jan/2023:20:16:29 +0100] "POST /Veltri_GiftList/authentication HTTP/1.1" 200 3467
127.0.0.1 - - [03/Jan/2023:20:16:31 +0100] "GET /Veltri_GiftListAPI/api/giftList/findById?idGiftList=1 HTTP/1.1" 200 1714
0:0:0:0:0:0:0:1 - - [03/Jan/2023:20:16:40 +0100] "GET /Veltri_GiftList/getInfoList?orderId=1 HTTP/1.1" 200 7506
127.0.0.1 - - [03/Jan/2023:20:16:51 +0100] "GET /Veltri_GiftListAPI/api/giftList/findById?idGiftList=1 HTTP/1.1" 200 1714
127.0.0.1 - - [03/Jan/2023:20:17:24 +0100] "GET /Veltri_GiftListAPI/api/giftList/findById?idGiftList=1 HTTP/1.1" 200 1714
0:0:0:0:0:0:0:1 - - [03/Jan/2023:20:17:48 +0100] "GET /Veltri_GiftList/infoList?limitDate=2023-02-09&idGiftList=1 HTTP/1.1" 500 3020
127.0.0.1 - - [03/Jan/2023:20:18:30 +0100] "POST /Veltri_GiftListAPI/api/user/login HTTP/1.1" 200 2653
0:0:0:0:0:0:0:1 - - [03/Jan/2023:20:18:30 +0100] "GET /Veltri_GiftList/home HTTP/1.1" 200 3467
127.0.0.1 - - [03/Jan/2023:20:18:32 +0100] "GET /Veltri_GiftListAPI/api/giftList/findById?idGiftList=1 HTTP/1.1" 200 1714
0:0:0:0:0:0:0:1 - - [03/Jan/2023:20:18:37 +0100] "GET /Veltri_GiftList/getInfoList?orderId=1 HTTP/1.1" 200 7512
127.0.0.1 - - [03/Jan/2023:20:18:44 +0100] "GET /Veltri_GiftListAPI/api/giftList/findById?idGiftList=1 HTTP/1.1" 200 1714
0:0:0:0:0:0:0:1 - - [03/Jan/2023:20:19:25 +0100] "GET /Veltri_GiftList/infoList?limitDateModify=2023-02-08&idGiftList=1 HTTP/1.1" 200 7512
127.0.0.1 - - [03/Jan/2023:20:20:23 +0100] "GET /Veltri_GiftListAPI/api/giftList/findById?idGiftList=1 HTTP/1.1" 200 1714
0:0:0:0:0:0:0:1 - - [03/Jan/2023:20:20:28 +0100] "GET /Veltri_GiftList/infoList?limitDateModify=2023-02-08&idGiftList=1 HTTP/1.1" 503 700
127.0.0.1 - - [03/Jan/2023:20:20:37 +0100] "POST /Veltri_GiftListAPI/api/user/login HTTP/1.1" 200 2653
0:0:0:0:0:0:0:1 - - [03/Jan/2023:20:20:37 +0100] "GET /Veltri_GiftList/home HTTP/1.1" 200 3467
127.0.0.1 - - [03/Jan/2023:20:20:39 +0100] "GET /Veltri_GiftListAPI/api/giftList/findById?idGiftList=1 HTTP/1.1" 200 1714
0:0:0:0:0:0:0:1 - - [03/Jan/2023:20:20:41 +0100] "GET /Veltri_GiftList/getInfoList?orderId=1 HTTP/1.1" 200 7512
127.0.0.1 - - [03/Jan/2023:20:20:47 +0100] "GET /Veltri_GiftListAPI/api/giftList/findById?idGiftList=1 HTTP/1.1" 200 1714
0:0:0:0:0:0:0:1 - - [03/Jan/2023:20:20:54 +0100] "GET /Veltri_GiftList/infoList?limitDateModify=2023-01-31&idGiftList=1 HTTP/1.1" 200 7512
127.0.0.1 - - [03/Jan/2023:20:41:44 +0100] "GET / HTTP/1.1" 404 681
0:0:0:0:0:0:0:1 - - [03/Jan/2023:20:42:26 +0100] "GET /Veltri_GiftList/connection HTTP/1.1" 200 1366
127.0.0.1 - - [03/Jan/2023:20:42:32 +0100] "POST /Veltri_GiftListAPI/api/user/login HTTP/1.1" 200 2653
127.0.0.1 - - [03/Jan/2023:20:42:33 +0100] "POST /Veltri_GiftListAPI/api/user/login HTTP/1.1" 200 2653
0:0:0:0:0:0:0:1 - - [03/Jan/2023:20:42:33 +0100] "POST /Veltri_GiftList/authentication HTTP/1.1" 200 3467
127.0.0.1 - - [03/Jan/2023:20:42:35 +0100] "GET /Veltri_GiftListAPI/api/giftList/findById?idGiftList=1 HTTP/1.1" 200 1714
0:0:0:0:0:0:0:1 - - [03/Jan/2023:20:42:46 +0100] "GET /Veltri_GiftList/getInfoList?orderId=1 HTTP/1.1" 200 7512
127.0.0.1 - - [03/Jan/2023:20:42:54 +0100] "GET /Veltri_GiftListAPI/api/giftList/findById?idGiftList=1 HTTP/1.1" 200 1714
0:0:0:0:0:0:0:1 - - [03/Jan/2023:20:42:54 +0100] "GET /Veltri_GiftList/infoList?limitDateModify=2022-12-28&idGiftList=1 HTTP/1.1" 500 3020
127.0.0.1 - - [03/Jan/2023:20:45:59 +0100] "GET /Veltri_GiftListAPI/api/giftList/findById?idGiftList=1 HTTP/1.1" 200 1714
0:0:0:0:0:0:0:1 - - [03/Jan/2023:20:45:59 +0100] "GET /Veltri_GiftList/getInfoList?orderId=1 HTTP/1.1" 200 7512
127.0.0.1 - - [03/Jan/2023:20:46:04 +0100] "GET /Veltri_GiftListAPI/api/giftList/findById?idGiftList=1 HTTP/1.1" 200 1714
0:0:0:0:0:0:0:1 - - [03/Jan/2023:20:46:04 +0100] "GET /Veltri_GiftList/infoList?limitDateModify=2022-12-27&idGiftList=1 HTTP/1.1" 200 7512
127.0.0.1 - - [03/Jan/2023:20:46:30 +0100] "GET /Veltri_GiftListAPI/api/giftList/findById?idGiftList=1 HTTP/1.1" 200 1714
0:0:0:0:0:0:0:1 - - [03/Jan/2023:20:46:31 +0100] "GET /Veltri_GiftList/infoList?limitDateModify=2022-12-27&idGiftList=1 HTTP/1.1" 200 7584
127.0.0.1 - - [03/Jan/2023:20:46:42 +0100] "GET /Veltri_GiftListAPI/api/giftList/findById?idGiftList=1 HTTP/1.1" 200 1714
127.0.0.1 - - [03/Jan/2023:20:46:42 +0100] "POST /Veltri_GiftListAPI/api/giftList/update HTTP/1.1" 201 4
0:0:0:0:0:0:0:1 - - [03/Jan/2023:20:46:42 +0100] "GET /Veltri_GiftList/infoList?limitDateModify=2023-02-01&idGiftList=1 HTTP/1.1" 500 3030
127.0.0.1 - - [03/Jan/2023:20:48:29 +0100] "GET /Veltri_GiftListAPI/api/giftList/findById?idGiftList=1 HTTP/1.1" 200 1713
0:0:0:0:0:0:0:1 - - [03/Jan/2023:20:48:29 +0100] "GET /Veltri_GiftList/infoList?limitDateModify=2022-12-27&idGiftList=1 HTTP/1.1" 200 7027
127.0.0.1 - - [03/Jan/2023:20:48:42 +0100] "GET /Veltri_GiftListAPI/api/giftList/findById?idGiftList=1 HTTP/1.1" 200 1713
0:0:0:0:0:0:0:1 - - [03/Jan/2023:20:48:42 +0100] "GET /Veltri_GiftList/getInfoList?orderId=1 HTTP/1.1" 200 6955
127.0.0.1 - - [03/Jan/2023:20:53:30 +0100] "POST /Veltri_GiftListAPI/api/user/login HTTP/1.1" 200 2653
0:0:0:0:0:0:0:1 - - [03/Jan/2023:20:53:30 +0100] "GET /Veltri_GiftList/home HTTP/1.1" 200 3467
127.0.0.1 - - [03/Jan/2023:20:53:54 +0100] "GET /Veltri_GiftListAPI/api/giftList/findById?idGiftList=1 HTTP/1.1" 200 1714
0:0:0:0:0:0:0:1 - - [03/Jan/2023:20:53:54 +0100] "GET /Veltri_GiftList/getInfoList?orderId=1 HTTP/1.1" 200 7512
127.0.0.1 - - [03/Jan/2023:20:54:05 +0100] "GET /Veltri_GiftListAPI/api/giftList/findById?idGiftList=1 HTTP/1.1" 200 1714
127.0.0.1 - - [03/Jan/2023:20:54:17 +0100] "POST /Veltri_GiftListAPI/api/giftList/update HTTP/1.1" 201 4
0:0:0:0:0:0:0:1 - - [03/Jan/2023:20:54:27 +0100] "GET /Veltri_GiftList/infoList?limitDateModify=2023-02-03&idGiftList=1 HTTP/1.1" 500 3030
127.0.0.1 - - [03/Jan/2023:20:54:36 +0100] "GET /Veltri_GiftListAPI/api/giftList/findById?idGiftList=1 HTTP/1.1" 200 1714
0:0:0:0:0:0:0:1 - - [03/Jan/2023:20:54:36 +0100] "GET /Veltri_GiftList/getInfoList?orderId=1 HTTP/1.1" 200 7512
127.0.0.1 - - [03/Jan/2023:20:55:26 +0100] "GET /Veltri_GiftListAPI/api/giftList/findById?idGiftList=1 HTTP/1.1" 200 1714
0:0:0:0:0:0:0:1 - - [03/Jan/2023:20:55:26 +0100] "GET /Veltri_GiftList/getInfoList?orderId=1 HTTP/1.1" 503 705
127.0.0.1 - - [03/Jan/2023:20:55:33 +0100] "GET /Veltri_GiftListAPI/api/giftList/findById?idGiftList=1 HTTP/1.1" 200 1714
0:0:0:0:0:0:0:1 - - [03/Jan/2023:20:55:34 +0100] "GET /Veltri_GiftList/getInfoList?orderId=1 HTTP/1.1" 200 7512
127.0.0.1 - - [03/Jan/2023:20:55:39 +0100] "GET /Veltri_GiftListAPI/api/giftList/findById?idGiftList=1 HTTP/1.1" 200 1714
127.0.0.1 - - [03/Jan/2023:20:55:42 +0100] "POST /Veltri_GiftListAPI/api/giftList/update HTTP/1.1" 202 4
0:0:0:0:0:0:0:1 - - [03/Jan/2023:20:55:47 +0100] "GET /Veltri_GiftList/infoList?limitDateModify=2023-02-01&idGiftList=1 HTTP/1.1" 200 7512
127.0.0.1 - - [03/Jan/2023:20:56:04 +0100] "GET /Veltri_GiftListAPI/api/giftList/findById?idGiftList=1 HTTP/1.1" 200 1714
127.0.0.1 - - [03/Jan/2023:20:56:04 +0100] "POST /Veltri_GiftListAPI/api/giftList/update HTTP/1.1" 202 4
0:0:0:0:0:0:0:1 - - [03/Jan/2023:20:56:04 +0100] "GET /Veltri_GiftList/infoList?limitDateModify=2023-01-24&idGiftList=1 HTTP/1.1" 200 7512
127.0.0.1 - - [03/Jan/2023:20:57:54 +0100] "POST /Veltri_GiftListAPI/api/user/login HTTP/1.1" 200 2653
0:0:0:0:0:0:0:1 - - [03/Jan/2023:20:57:54 +0100] "GET /Veltri_GiftList/home HTTP/1.1" 200 3467
127.0.0.1 - - [03/Jan/2023:20:57:56 +0100] "GET /Veltri_GiftListAPI/api/giftList/findById?idGiftList=61 HTTP/1.1" 200 325
0:0:0:0:0:0:0:1 - - [03/Jan/2023:20:57:56 +0100] "GET /Veltri_GiftList/getInfoList?orderId=61 HTTP/1.1" 200 3642
127.0.0.1 - - [03/Jan/2023:20:59:54 +0100] "GET /Veltri_GiftListAPI/api/giftList/findById?idGiftList=50 HTTP/1.1" 200 835
0:0:0:0:0:0:0:1 - - [03/Jan/2023:20:59:54 +0100] "GET /Veltri_GiftList/getInfoList?orderId=50 HTTP/1.1" 200 4480
127.0.0.1 - - [03/Jan/2023:21:06:18 +0100] "GET /Veltri_GiftListAPI/api/giftList/findById?idGiftList=61 HTTP/1.1" 503 673
127.0.0.1 - - [03/Jan/2023:21:06:18 +0100] "POST /Veltri_GiftListAPI/api/user/login HTTP/1.1" 204 -
0:0:0:0:0:0:0:1 - - [03/Jan/2023:21:06:18 +0100] "GET /Veltri_GiftList/getInfoList?orderId=61 HTTP/1.1" 200 3467
127.0.0.1 - - [03/Jan/2023:21:09:42 +0100] "GET / HTTP/1.1" 404 681
0:0:0:0:0:0:0:1 - - [03/Jan/2023:21:09:48 +0100] "GET /Veltri_GiftList/connection HTTP/1.1" 200 1366
127.0.0.1 - - [03/Jan/2023:21:09:55 +0100] "POST /Veltri_GiftListAPI/api/user/login HTTP/1.1" 200 2653
127.0.0.1 - - [03/Jan/2023:21:09:56 +0100] "POST /Veltri_GiftListAPI/api/user/login HTTP/1.1" 200 2653
0:0:0:0:0:0:0:1 - - [03/Jan/2023:21:09:56 +0100] "POST /Veltri_GiftList/authentication HTTP/1.1" 200 3467
127.0.0.1 - - [03/Jan/2023:21:09:57 +0100] "GET /Veltri_GiftListAPI/api/giftList/findById?idGiftList=61 HTTP/1.1" 200 325
0:0:0:0:0:0:0:1 - - [03/Jan/2023:21:09:58 +0100] "GET /Veltri_GiftList/getInfoList?orderId=61 HTTP/1.1" 200 3713
127.0.0.1 - - [03/Jan/2023:21:10:00 +0100] "GET /Veltri_GiftListAPI/api/giftList/findById?idGiftList=61 HTTP/1.1" 200 325
127.0.0.1 - - [03/Jan/2023:21:10:00 +0100] "POST /Veltri_GiftListAPI/api/giftList/update HTTP/1.1" 202 4
0:0:0:0:0:0:0:1 - - [03/Jan/2023:21:10:00 +0100] "GET /Veltri_GiftList/infoList?idGiftList=61&isActive=Active HTTP/1.1" 200 3708
127.0.0.1 - - [03/Jan/2023:21:10:04 +0100] "POST /Veltri_GiftListAPI/api/user/login HTTP/1.1" 200 2655
0:0:0:0:0:0:0:1 - - [03/Jan/2023:21:10:04 +0100] "GET /Veltri_GiftList/home HTTP/1.1" 200 3467
127.0.0.1 - - [03/Jan/2023:21:10:12 +0100] "POST /Veltri_GiftListAPI/api/user/login HTTP/1.1" 200 2655
0:0:0:0:0:0:0:1 - - [03/Jan/2023:21:10:12 +0100] "GET /Veltri_GiftList/home HTTP/1.1" 200 3467
127.0.0.1 - - [03/Jan/2023:21:10:16 +0100] "GET /Veltri_GiftListAPI/api/giftList/findById?idGiftList=61 HTTP/1.1" 200 327
0:0:0:0:0:0:0:1 - - [03/Jan/2023:21:10:16 +0100] "GET /Veltri_GiftList/getInfoList?orderId=61 HTTP/1.1" 200 3708
127.0.0.1 - - [03/Jan/2023:21:10:18 +0100] "GET /Veltri_GiftListAPI/api/giftList/findById?idGiftList=61 HTTP/1.1" 200 327
127.0.0.1 - - [03/Jan/2023:21:10:18 +0100] "POST /Veltri_GiftListAPI/api/giftList/update HTTP/1.1" 202 4
0:0:0:0:0:0:0:1 - - [03/Jan/2023:21:10:18 +0100] "GET /Veltri_GiftList/infoList?idGiftList=61&isActive=Inactive HTTP/1.1" 200 3713
127.0.0.1 - - [03/Jan/2023:21:10:20 +0100] "POST /Veltri_GiftListAPI/api/user/login HTTP/1.1" 200 2653
0:0:0:0:0:0:0:1 - - [03/Jan/2023:21:10:20 +0100] "GET /Veltri_GiftList/home HTTP/1.1" 200 3467
127.0.0.1 - - [03/Jan/2023:21:10:24 +0100] "POST /Veltri_GiftListAPI/api/user/login HTTP/1.1" 200 2653
0:0:0:0:0:0:0:1 - - [03/Jan/2023:21:10:24 +0100] "GET /Veltri_GiftList/home HTTP/1.1" 200 3467
127.0.0.1 - - [03/Jan/2023:21:10:34 +0100] "GET /Veltri_GiftListAPI/api/giftList/findById?idGiftList=61 HTTP/1.1" 200 325
0:0:0:0:0:0:0:1 - - [03/Jan/2023:21:10:34 +0100] "GET /Veltri_GiftList/getInfoList?orderId=61 HTTP/1.1" 200 3713
127.0.0.1 - - [03/Jan/2023:21:10:35 +0100] "GET /Veltri_GiftListAPI/api/giftList/findById?idGiftList=61 HTTP/1.1" 200 325
127.0.0.1 - - [03/Jan/2023:21:10:35 +0100] "POST /Veltri_GiftListAPI/api/giftList/update HTTP/1.1" 202 4
0:0:0:0:0:0:0:1 - - [03/Jan/2023:21:10:35 +0100] "GET /Veltri_GiftList/infoList?idGiftList=61&isActive=Active HTTP/1.1" 200 3708
127.0.0.1 - - [03/Jan/2023:21:10:37 +0100] "POST /Veltri_GiftListAPI/api/user/login HTTP/1.1" 200 2655
0:0:0:0:0:0:0:1 - - [03/Jan/2023:21:10:37 +0100] "GET /Veltri_GiftList/home HTTP/1.1" 200 3467
127.0.0.1 - - [03/Jan/2023:21:10:38 +0100] "POST /Veltri_GiftListAPI/api/user/login HTTP/1.1" 200 2655
0:0:0:0:0:0:0:1 - - [03/Jan/2023:21:10:38 +0100] "GET /Veltri_GiftList/home HTTP/1.1" 200 3467
127.0.0.1 - - [03/Jan/2023:21:10:46 +0100] "GET /Veltri_GiftListAPI/api/giftList/findById?idGiftList=61 HTTP/1.1" 200 327
0:0:0:0:0:0:0:1 - - [03/Jan/2023:21:10:46 +0100] "GET /Veltri_GiftList/getInfoList?orderId=61 HTTP/1.1" 200 3708
127.0.0.1 - - [03/Jan/2023:21:10:47 +0100] "GET /Veltri_GiftListAPI/api/giftList/findById?idGiftList=61 HTTP/1.1" 200 327
127.0.0.1 - - [03/Jan/2023:21:10:47 +0100] "POST /Veltri_GiftListAPI/api/giftList/update HTTP/1.1" 202 4
0:0:0:0:0:0:0:1 - - [03/Jan/2023:21:10:47 +0100] "GET /Veltri_GiftList/infoList?idGiftList=61&isActive=Inactive HTTP/1.1" 200 3713
127.0.0.1 - - [03/Jan/2023:21:10:53 +0100] "POST /Veltri_GiftListAPI/api/user/login HTTP/1.1" 200 2653
0:0:0:0:0:0:0:1 - - [03/Jan/2023:21:10:53 +0100] "GET /Veltri_GiftList/home HTTP/1.1" 200 3467
127.0.0.1 - - [03/Jan/2023:21:10:55 +0100] "POST /Veltri_GiftListAPI/api/user/login HTTP/1.1" 200 2653
0:0:0:0:0:0:0:1 - - [03/Jan/2023:21:10:55 +0100] "GET /Veltri_GiftList/home HTTP/1.1" 200 3467
127.0.0.1 - - [03/Jan/2023:21:11:39 +0100] "GET /Veltri_GiftListAPI/api/giftList/findById?idGiftList=1 HTTP/1.1" 200 1714
0:0:0:0:0:0:0:1 - - [03/Jan/2023:21:11:40 +0100] "GET /Veltri_GiftList/getInfoList?orderId=1 HTTP/1.1" 200 7512
127.0.0.1 - - [03/Jan/2023:21:32:18 +0100] "GET / HTTP/1.1" 404 681
127.0.0.1 - - [03/Jan/2023:21:32:21 +0100] "GET /Veltri_GiftListAPI/api/giftList/findById?idGiftList=1 HTTP/1.1" 200 1714
0:0:0:0:0:0:0:1 - - [03/Jan/2023:21:32:21 +0100] "GET /Veltri_GiftList/getInfoList?orderId=1 HTTP/1.1" 200 7512
127.0.0.1 - - [03/Jan/2023:21:32:32 +0100] "GET /Veltri_GiftListAPI/api/giftList/findById?idGiftList=1 HTTP/1.1" 200 1714
0:0:0:0:0:0:0:1 - - [03/Jan/2023:21:32:33 +0100] "GET /Veltri_GiftList/getInfoList?orderId=1 HTTP/1.1" 200 7512
127.0.0.1 - - [03/Jan/2023:21:33:41 +0100] "GET /Veltri_GiftListAPI/api/giftList/findById?idGiftList=1 HTTP/1.1" 200 1714
0:0:0:0:0:0:0:1 - - [03/Jan/2023:21:33:41 +0100] "GET /Veltri_GiftList/getInfoList?orderId=1 HTTP/1.1" 200 7512
127.0.0.1 - - [03/Jan/2023:21:34:06 +0100] "GET /Veltri_GiftListAPI/api/giftList/findById?idGiftList=1 HTTP/1.1" 200 1714
0:0:0:0:0:0:0:1 - - [03/Jan/2023:21:34:06 +0100] "GET /Veltri_GiftList/getInfoList?orderId=1 HTTP/1.1" 200 7512
0:0:0:0:0:0:0:1 - - [03/Jan/2023:21:35:09 +0100] "GET /Veltri_GiftList/addList HTTP/1.1" 200 4786
127.0.0.1 - - [03/Jan/2023:21:35:33 +0100] "POST /Veltri_GiftListAPI/api/user/login HTTP/1.1" 200 2653
0:0:0:0:0:0:0:1 - - [03/Jan/2023:21:35:33 +0100] "GET /Veltri_GiftList/home HTTP/1.1" 200 3467
127.0.0.1 - - [03/Jan/2023:21:35:34 +0100] "GET /Veltri_GiftListAPI/api/giftList/findById?idGiftList=1 HTTP/1.1" 200 1714
0:0:0:0:0:0:0:1 - - [03/Jan/2023:21:35:34 +0100] "GET /Veltri_GiftList/getInfoList?orderId=1 HTTP/1.1" 200 7512
127.0.0.1 - - [03/Jan/2023:21:38:01 +0100] "GET /Veltri_GiftListAPI/api/giftList/findById?idGiftList=1 HTTP/1.1" 200 1714
0:0:0:0:0:0:0:1 - - [03/Jan/2023:21:38:02 +0100] "GET /Veltri_GiftList/getInfoList?orderId=1 HTTP/1.1" 200 7704
127.0.0.1 - - [03/Jan/2023:21:38:20 +0100] "GET /Veltri_GiftListAPI/api/giftList/findById?idGiftList=1 HTTP/1.1" 200 1714
0:0:0:0:0:0:0:1 - - [03/Jan/2023:21:38:21 +0100] "GET /Veltri_GiftList/getInfoList?orderId=1 HTTP/1.1" 200 7725
127.0.0.1 - - [03/Jan/2023:21:39:48 +0100] "GET /Veltri_GiftListAPI/api/giftList/findById?idGiftList=1 HTTP/1.1" 200 1714
0:0:0:0:0:0:0:1 - - [03/Jan/2023:21:39:49 +0100] "GET /Veltri_GiftList/getInfoList?orderId=1 HTTP/1.1" 200 7708
0:0:0:0:0:0:0:1 - - [03/Jan/2023:21:39:49 +0100] "GET /Veltri_GiftList/IMG/deleteRed.png HTTP/1.1" 200 11905
127.0.0.1 - - [03/Jan/2023:21:40:24 +0100] "GET /Veltri_GiftListAPI/api/giftList/findById?idGiftList=1 HTTP/1.1" 200 1714
0:0:0:0:0:0:0:1 - - [03/Jan/2023:21:40:24 +0100] "GET /Veltri_GiftList/getInfoList?orderId=1 HTTP/1.1" 200 7739
0:0:0:0:0:0:0:1 - - [03/Jan/2023:21:40:24 +0100] "GET /Veltri_GiftList/IMG/deleteRed.png HTTP/1.1" 304 -
127.0.0.1 - - [03/Jan/2023:21:40:45 +0100] "GET /Veltri_GiftListAPI/api/giftList/findById?idGiftList=1 HTTP/1.1" 200 1714
0:0:0:0:0:0:0:1 - - [03/Jan/2023:21:40:45 +0100] "GET /Veltri_GiftList/getInfoList?orderId=1 HTTP/1.1" 200 7753
0:0:0:0:0:0:0:1 - - [03/Jan/2023:21:40:45 +0100] "GET /Veltri_GiftList/IMG/deleteRed.png HTTP/1.1" 304 -
127.0.0.1 - - [03/Jan/2023:21:41:56 +0100] "GET /Veltri_GiftListAPI/api/giftList/findById?idGiftList=1 HTTP/1.1" 200 1714
0:0:0:0:0:0:0:1 - - [03/Jan/2023:21:41:56 +0100] "GET /Veltri_GiftList/getInfoList?orderId=1 HTTP/1.1" 200 7783
0:0:0:0:0:0:0:1 - - [03/Jan/2023:21:41:56 +0100] "GET /Veltri_GiftList/IMG/deleteRed.png HTTP/1.1" 304 -
127.0.0.1 - - [03/Jan/2023:21:42:23 +0100] "GET /Veltri_GiftListAPI/api/giftList/findById?idGiftList=1 HTTP/1.1" 200 1714
0:0:0:0:0:0:0:1 - - [03/Jan/2023:21:42:24 +0100] "GET /Veltri_GiftList/getInfoList?orderId=1 HTTP/1.1" 200 7795
0:0:0:0:0:0:0:1 - - [03/Jan/2023:21:42:24 +0100] "GET /Veltri_GiftList/IMG/deleteRed.png HTTP/1.1" 304 -
127.0.0.1 - - [03/Jan/2023:21:42:41 +0100] "GET /Veltri_GiftListAPI/api/giftList/findById?idGiftList=1 HTTP/1.1" 200 1714
0:0:0:0:0:0:0:1 - - [03/Jan/2023:21:42:41 +0100] "GET /Veltri_GiftList/getInfoList?orderId=1 HTTP/1.1" 200 7803
0:0:0:0:0:0:0:1 - - [03/Jan/2023:21:42:41 +0100] "GET /Veltri_GiftList/IMG/deleteRed.png HTTP/1.1" 304 -
127.0.0.1 - - [03/Jan/2023:21:42:43 +0100] "GET /Veltri_GiftListAPI/api/giftList/findById?idGiftList=1 HTTP/1.1" 200 1714
0:0:0:0:0:0:0:1 - - [03/Jan/2023:21:42:43 +0100] "GET /Veltri_GiftList/getInfoList?orderId=1 HTTP/1.1" 200 7803
127.0.0.1 - - [03/Jan/2023:21:42:50 +0100] "GET /Veltri_GiftListAPI/api/giftList/findById?idGiftList=1 HTTP/1.1" 200 1714
0:0:0:0:0:0:0:1 - - [03/Jan/2023:21:42:50 +0100] "GET /Veltri_GiftList/getInfoList?orderId=1 HTTP/1.1" 200 7803
127.0.0.1 - - [03/Jan/2023:21:43:01 +0100] "GET /Veltri_GiftListAPI/api/giftList/findById?idGiftList=1 HTTP/1.1" 200 1714
0:0:0:0:0:0:0:1 - - [03/Jan/2023:21:43:01 +0100] "GET /Veltri_GiftList/getInfoList?orderId=1 HTTP/1.1" 200 7795
0:0:0:0:0:0:0:1 - - [03/Jan/2023:21:43:01 +0100] "GET /Veltri_GiftList/IMG/deleteRed.png HTTP/1.1" 304 -
127.0.0.1 - - [03/Jan/2023:21:43:36 +0100] "GET /Veltri_GiftListAPI/api/giftList/findById?idGiftList=1 HTTP/1.1" 200 1714
0:0:0:0:0:0:0:1 - - [03/Jan/2023:21:43:36 +0100] "GET /Veltri_GiftList/getInfoList?orderId=1 HTTP/1.1" 200 7795
0:0:0:0:0:0:0:1 - - [03/Jan/2023:21:43:36 +0100] "GET /Veltri_GiftList/IMG/deleteRed.png HTTP/1.1" 304 -
127.0.0.1 - - [03/Jan/2023:21:43:38 +0100] "GET /Veltri_GiftListAPI/api/giftList/findById?idGiftList=1 HTTP/1.1" 200 1714
0:0:0:0:0:0:0:1 - - [03/Jan/2023:21:43:38 +0100] "GET /Veltri_GiftList/getInfoList?orderId=1 HTTP/1.1" 200 7795
127.0.0.1 - - [03/Jan/2023:21:43:44 +0100] "GET /Veltri_GiftListAPI/api/giftList/findById?idGiftList=1 HTTP/1.1" 500 4350
127.0.0.1 - - [03/Jan/2023:21:43:44 +0100] "POST /Veltri_GiftListAPI/api/user/login HTTP/1.1" 204 -
0:0:0:0:0:0:0:1 - - [03/Jan/2023:21:43:44 +0100] "GET /Veltri_GiftList/getInfoList?orderId=1 HTTP/1.1" 200 3467
127.0.0.1 - - [03/Jan/2023:21:43:46 +0100] "GET /Veltri_GiftListAPI/api/giftList/findById?idGiftList=1 HTTP/1.1" 503 673
0:0:0:0:0:0:0:1 - - [03/Jan/2023:21:43:47 +0100] "GET /Veltri_GiftList/getInfoList?orderId=1 HTTP/1.1" 500 3629
127.0.0.1 - - [03/Jan/2023:21:44:05 +0100] "GET / HTTP/1.1" 404 681
127.0.0.1 - - [03/Jan/2023:21:44:08 +0100] "GET /Veltri_GiftListAPI/api/giftList/findById?idGiftList=1 HTTP/1.1" 200 1714
0:0:0:0:0:0:0:1 - - [03/Jan/2023:21:44:11 +0100] "GET /Veltri_GiftList/getInfoList?orderId=1 HTTP/1.1" 500 6320
127.0.0.1 - - [03/Jan/2023:21:44:14 +0100] "GET /Veltri_GiftListAPI/api/giftList/findById?idGiftList=1 HTTP/1.1" 200 1714
0:0:0:0:0:0:0:1 - - [03/Jan/2023:21:44:14 +0100] "GET /Veltri_GiftList/getInfoList?orderId=1 HTTP/1.1" 500 6320
127.0.0.1 - - [03/Jan/2023:21:44:15 +0100] "GET /Veltri_GiftListAPI/api/giftList/findById?idGiftList=1 HTTP/1.1" 200 1714
0:0:0:0:0:0:0:1 - - [03/Jan/2023:21:44:15 +0100] "GET /Veltri_GiftList/getInfoList?orderId=1 HTTP/1.1" 500 6320
127.0.0.1 - - [03/Jan/2023:21:44:18 +0100] "GET /Veltri_GiftListAPI/api/giftList/findById?idGiftList=1 HTTP/1.1" 200 1714
0:0:0:0:0:0:0:1 - - [03/Jan/2023:21:44:18 +0100] "GET /Veltri_GiftList/getInfoList?orderId=1 HTTP/1.1" 500 6320
0:0:0:0:0:0:0:1 - - [03/Jan/2023:21:44:21 +0100] "GET /Veltri_GiftList/connection HTTP/1.1" 200 1366
127.0.0.1 - - [03/Jan/2023:21:44:27 +0100] "POST /Veltri_GiftListAPI/api/user/login HTTP/1.1" 200 2653
127.0.0.1 - - [03/Jan/2023:21:44:27 +0100] "POST /Veltri_GiftListAPI/api/user/login HTTP/1.1" 200 2653
0:0:0:0:0:0:0:1 - - [03/Jan/2023:21:44:27 +0100] "POST /Veltri_GiftList/authentication HTTP/1.1" 200 3467
127.0.0.1 - - [03/Jan/2023:21:44:29 +0100] "GET /Veltri_GiftListAPI/api/giftList/findById?idGiftList=1 HTTP/1.1" 200 1714
0:0:0:0:0:0:0:1 - - [03/Jan/2023:21:44:29 +0100] "GET /Veltri_GiftList/getInfoList?orderId=1 HTTP/1.1" 200 7799
0:0:0:0:0:0:0:1 - - [03/Jan/2023:21:44:29 +0100] "GET /Veltri_GiftList/IMG/deleteRed.png HTTP/1.1" 304 -
127.0.0.1 - - [03/Jan/2023:21:44:47 +0100] "GET /Veltri_GiftListAPI/api/giftList/findById?idGiftList=1 HTTP/1.1" 200 1714
0:0:0:0:0:0:0:1 - - [03/Jan/2023:21:44:47 +0100] "GET /Veltri_GiftList/getInfoList?orderId=1 HTTP/1.1" 200 7799
127.0.0.1 - - [03/Jan/2023:21:46:07 +0100] "GET /Veltri_GiftListAPI/api/giftList/findById?idGiftList=1 HTTP/1.1" 200 1714
0:0:0:0:0:0:0:1 - - [03/Jan/2023:21:46:07 +0100] "GET /Veltri_GiftList/getInfoList?orderId=1 HTTP/1.1" 200 7799
0:0:0:0:0:0:0:1 - - [03/Jan/2023:21:46:07 +0100] "GET /Veltri_GiftList/IMG/deleteRed.png HTTP/1.1" 304 -
127.0.0.1 - - [03/Jan/2023:21:46:14 +0100] "GET /Veltri_GiftListAPI/api/giftList/findById?idGiftList=1 HTTP/1.1" 200 1714
0:0:0:0:0:0:0:1 - - [03/Jan/2023:21:46:14 +0100] "GET /Veltri_GiftList/getInfoList?orderId=1 HTTP/1.1" 200 7789
127.0.0.1 - - [03/Jan/2023:21:46:31 +0100] "GET /Veltri_GiftListAPI/api/giftList/findById?idGiftList=1 HTTP/1.1" 200 1714
0:0:0:0:0:0:0:1 - - [03/Jan/2023:21:46:31 +0100] "GET /Veltri_GiftList/getInfoList?orderId=1 HTTP/1.1" 200 7789
127.0.0.1 - - [03/Jan/2023:21:46:49 +0100] "GET /Veltri_GiftListAPI/api/giftList/findById?idGiftList=1 HTTP/1.1" 200 1714
0:0:0:0:0:0:0:1 - - [03/Jan/2023:21:46:49 +0100] "GET /Veltri_GiftList/getInfoList?orderId=1 HTTP/1.1" 200 7789
0:0:0:0:0:0:0:1 - - [03/Jan/2023:21:46:49 +0100] "GET /Veltri_GiftList/IMG/deleteRed.png HTTP/1.1" 304 -
127.0.0.1 - - [03/Jan/2023:21:49:41 +0100] "POST /Veltri_GiftListAPI/api/user/login HTTP/1.1" 200 2653
0:0:0:0:0:0:0:1 - - [03/Jan/2023:21:49:41 +0100] "GET /Veltri_GiftList/home HTTP/1.1" 200 3467
127.0.0.1 - - [03/Jan/2023:22:02:05 +0100] "GET / HTTP/1.1" 404 681
0:0:0:0:0:0:0:1 - - [03/Jan/2023:22:02:10 +0100] "GET /Veltri_GiftList/connection HTTP/1.1" 200 1366
0:0:0:0:0:0:0:1 - - [03/Jan/2023:22:02:13 +0100] "POST /Veltri_GiftList/authentication HTTP/1.1" 200 1433
127.0.0.1 - - [03/Jan/2023:22:02:19 +0100] "POST /Veltri_GiftListAPI/api/user/login HTTP/1.1" 200 2653
127.0.0.1 - - [03/Jan/2023:22:02:20 +0100] "POST /Veltri_GiftListAPI/api/user/login HTTP/1.1" 200 2653
0:0:0:0:0:0:0:1 - - [03/Jan/2023:22:02:20 +0100] "POST /Veltri_GiftList/authentication HTTP/1.1" 200 3467
127.0.0.1 - - [03/Jan/2023:22:02:22 +0100] "GET /Veltri_GiftListAPI/api/giftList/findById?idGiftList=62 HTTP/1.1" 200 340
0:0:0:0:0:0:0:1 - - [03/Jan/2023:22:02:23 +0100] "GET /Veltri_GiftList/getInfoList?orderId=62 HTTP/1.1" 200 4067
0:0:0:0:0:0:0:1 - - [03/Jan/2023:22:02:24 +0100] "GET /Veltri_GiftList/IMG/deleteRed.png HTTP/1.1" 304 -
127.0.0.1 - - [03/Jan/2023:22:02:25 +0100] "DELETE /Veltri_GiftListAPI/api/giftList/delete?idGiftList=62 HTTP/1.1" 204 -
127.0.0.1 - - [03/Jan/2023:22:02:26 +0100] "POST /Veltri_GiftListAPI/api/user/login HTTP/1.1" 200 2312
0:0:0:0:0:0:0:1 - - [03/Jan/2023:22:02:26 +0100] "GET /Veltri_GiftList/deleteGiftList?idGiftList=62 HTTP/1.1" 200 3467
127.0.0.1 - - [03/Jan/2023:22:02:28 +0100] "DELETE /Veltri_GiftListAPI/api/giftList/delete?idGiftList=62 HTTP/1.1" 500 4156
0:0:0:0:0:0:0:1 - - [03/Jan/2023:22:02:28 +0100] "GET /Veltri_GiftList/deleteGiftList?idGiftList=62 HTTP/1.1" 200 -
127.0.0.1 - - [03/Jan/2023:22:02:29 +0100] "DELETE /Veltri_GiftListAPI/api/giftList/delete?idGiftList=62 HTTP/1.1" 500 4156
0:0:0:0:0:0:0:1 - - [03/Jan/2023:22:02:29 +0100] "GET /Veltri_GiftList/deleteGiftList?idGiftList=62 HTTP/1.1" 200 -
127.0.0.1 - - [03/Jan/2023:22:02:39 +0100] "POST /Veltri_GiftListAPI/api/user/login HTTP/1.1" 200 2312
0:0:0:0:0:0:0:1 - - [03/Jan/2023:22:02:39 +0100] "GET /Veltri_GiftList/home HTTP/1.1" 200 3288
0:0:0:0:0:0:0:1 - - [03/Jan/2023:22:04:32 +0100] "GET /Veltri_GiftList/connection HTTP/1.1" 200 1366
0:0:0:0:0:0:0:1 - - [03/Jan/2023:22:04:38 +0100] "GET /Veltri_GiftList/connection HTTP/1.1" 200 1366
127.0.0.1 - - [03/Jan/2023:22:04:43 +0100] "POST /Veltri_GiftListAPI/api/user/login HTTP/1.1" 200 2312
127.0.0.1 - - [03/Jan/2023:22:04:44 +0100] "POST /Veltri_GiftListAPI/api/user/login HTTP/1.1" 200 2312
0:0:0:0:0:0:0:1 - - [03/Jan/2023:22:04:44 +0100] "POST /Veltri_GiftList/authentication HTTP/1.1" 200 3288
127.0.0.1 - - [03/Jan/2023:22:04:47 +0100] "GET /Veltri_GiftListAPI/api/giftList/findById?idGiftList=51 HTTP/1.1" 200 46243
0:0:0:0:0:0:0:1 - - [03/Jan/2023:22:04:47 +0100] "GET /Veltri_GiftList/getInfoList?orderId=51 HTTP/1.1" 200 50497
0:0:0:0:0:0:0:1 - - [03/Jan/2023:22:04:47 +0100] "GET /Veltri_GiftList/IMG/deleteRed.png HTTP/1.1" 304 -
127.0.0.1 - - [03/Jan/2023:22:04:51 +0100] "DELETE /Veltri_GiftListAPI/api/giftList/delete?idGiftList=51 HTTP/1.1" 503 673
0:0:0:0:0:0:0:1 - - [03/Jan/2023:22:04:51 +0100] "GET /Veltri_GiftList/deleteGiftList?idGiftList=51 HTTP/1.1" 200 -
127.0.0.1 - - [03/Jan/2023:22:05:08 +0100] "POST /Veltri_GiftListAPI/api/user/login HTTP/1.1" 200 2312
0:0:0:0:0:0:0:1 - - [03/Jan/2023:22:05:08 +0100] "GET /Veltri_GiftList/home HTTP/1.1" 200 3288
127.0.0.1 - - [03/Jan/2023:22:05:10 +0100] "POST /Veltri_GiftListAPI/api/user/login HTTP/1.1" 200 2312
0:0:0:0:0:0:0:1 - - [03/Jan/2023:22:05:10 +0100] "GET /Veltri_GiftList/home HTTP/1.1" 200 3288
127.0.0.1 - - [03/Jan/2023:22:05:12 +0100] "POST /Veltri_GiftListAPI/api/user/login HTTP/1.1" 200 2312
0:0:0:0:0:0:0:1 - - [03/Jan/2023:22:05:12 +0100] "GET /Veltri_GiftList/home HTTP/1.1" 200 3288
127.0.0.1 - - [03/Jan/2023:22:05:13 +0100] "POST /Veltri_GiftListAPI/api/user/login HTTP/1.1" 200 2312
0:0:0:0:0:0:0:1 - - [03/Jan/2023:22:05:13 +0100] "GET /Veltri_GiftList/home HTTP/1.1" 200 3288
127.0.0.1 - - [03/Jan/2023:22:15:04 +0100] "GET / HTTP/1.1" 404 681
0:0:0:0:0:0:0:1 - - [03/Jan/2023:22:15:09 +0100] "GET /Veltri_GiftList/home HTTP/1.1" 500 3111
0:0:0:0:0:0:0:1 - - [03/Jan/2023:22:15:14 +0100] "GET /Veltri_GiftList/connection HTTP/1.1" 200 1366
127.0.0.1 - - [03/Jan/2023:22:15:21 +0100] "POST /Veltri_GiftListAPI/api/user/login HTTP/1.1" 200 2312
127.0.0.1 - - [03/Jan/2023:22:15:22 +0100] "POST /Veltri_GiftListAPI/api/user/login HTTP/1.1" 200 2312
0:0:0:0:0:0:0:1 - - [03/Jan/2023:22:15:22 +0100] "POST /Veltri_GiftList/authentication HTTP/1.1" 200 3288
127.0.0.1 - - [03/Jan/2023:22:15:27 +0100] "GET /Veltri_GiftListAPI/api/giftList/findById?idGiftList=51 HTTP/1.1" 200 46243
0:0:0:0:0:0:0:1 - - [03/Jan/2023:22:15:27 +0100] "GET /Veltri_GiftList/getInfoList?orderId=51 HTTP/1.1" 200 50497
0:0:0:0:0:0:0:1 - - [03/Jan/2023:22:15:27 +0100] "GET /Veltri_GiftList/IMG/deleteRed.png HTTP/1.1" 304 -
127.0.0.1 - - [03/Jan/2023:22:15:30 +0100] "DELETE /Veltri_GiftListAPI/api/giftList/delete?idGiftList=51 HTTP/1.1" 204 -
127.0.0.1 - - [03/Jan/2023:22:15:30 +0100] "POST /Veltri_GiftListAPI/api/user/login HTTP/1.1" 200 1986
0:0:0:0:0:0:0:1 - - [03/Jan/2023:22:15:30 +0100] "GET /Veltri_GiftList/deleteGiftList?idGiftList=51 HTTP/1.1" 200 3288
127.0.0.1 - - [03/Jan/2023:22:15:34 +0100] "POST /Veltri_GiftListAPI/api/user/login HTTP/1.1" 200 1986
0:0:0:0:0:0:0:1 - - [03/Jan/2023:22:15:34 +0100] "GET /Veltri_GiftList/home HTTP/1.1" 200 3124
127.0.0.1 - - [03/Jan/2023:22:19:36 +0100] "GET /Veltri_GiftListAPI/api/giftList/findById?idGiftList=61 HTTP/1.1" 200 325
0:0:0:0:0:0:0:1 - - [03/Jan/2023:22:19:36 +0100] "GET /Veltri_GiftList/getInfoList?orderId=61 HTTP/1.1" 200 4052
0:0:0:0:0:0:0:1 - - [03/Jan/2023:22:19:36 +0100] "GET /Veltri_GiftList/IMG/deleteRed.png HTTP/1.1" 304 -
127.0.0.1 - - [03/Jan/2023:22:19:55 +0100] "GET /Veltri_GiftListAPI/api/giftList/findById?idGiftList=61 HTTP/1.1" 200 325
0:0:0:0:0:0:0:1 - - [03/Jan/2023:22:19:55 +0100] "GET /Veltri_GiftList/getInfoList?orderId=61 HTTP/1.1" 200 4052
0:0:0:0:0:0:0:1 - - [03/Jan/2023:22:19:57 +0100] "GET /Veltri_GiftList/addParticipant?idGiftList=61 HTTP/1.1" 200 3222
0:0:0:0:0:0:0:1 - - [03/Jan/2023:22:19:57 +0100] "GET /Veltri_GiftList/CSS/addParticipantCSS.css HTTP/1.1" 304 -
0:0:0:0:0:0:0:1 - - [03/Jan/2023:22:19:57 +0100] "GET /Veltri_GiftList/IMG/search.png HTTP/1.1" 304 -
0:0:0:0:0:0:0:1 - - [03/Jan/2023:22:19:57 +0100] "GET /Veltri_GiftList/IMG/copy.png HTTP/1.1" 304 -
127.0.0.1 - - [03/Jan/2023:22:20:05 +0100] "GET /Veltri_GiftListAPI/api/user/all HTTP/1.1" 200 1000
0:0:0:0:0:0:0:1 - - [03/Jan/2023:22:20:05 +0100] "GET /Veltri_GiftList/addParticipant?name=zaretti&firstname=&idGiftList=61 HTTP/1.1" 200 3511
127.0.0.1 - - [03/Jan/2023:22:20:07 +0100] "GET /Veltri_GiftListAPI/api/giftList/findById?idGiftList=61 HTTP/1.1" 200 325
127.0.0.1 - - [03/Jan/2023:22:20:07 +0100] "GET /Veltri_GiftListAPI/api/user/findById?idUser=2 HTTP/1.1" 200 170
127.0.0.1 - - [03/Jan/2023:22:20:07 +0100] "POST /Veltri_GiftListAPI/api/user/addParticipation HTTP/1.1" 200 4
127.0.0.1 - - [03/Jan/2023:22:20:07 +0100] "GET /Veltri_GiftListAPI/api/giftList/findById?idGiftList=61 HTTP/1.1" 200 495
0:0:0:0:0:0:0:1 - - [03/Jan/2023:22:20:07 +0100] "GET /Veltri_GiftList/verifAddParticipant?idUser=2&idGiftList=61 HTTP/1.1" 200 4333
127.0.0.1 - - [03/Jan/2023:22:20:14 +0100] "DELETE /Veltri_GiftListAPI/api/giftList/delete?idGiftList=61 HTTP/1.1" 204 -
0:0:0:0:0:0:0:1 - - [03/Jan/2023:22:20:14 +0100] "GET /Veltri_GiftList/deleteGiftList?idGiftList=61 HTTP/1.1" 302 -
127.0.0.1 - - [03/Jan/2023:22:20:14 +0100] "POST /Veltri_GiftListAPI/api/user/login HTTP/1.1" 200 1660
0:0:0:0:0:0:0:1 - - [03/Jan/2023:22:20:14 +0100] "GET /Veltri_GiftList/home HTTP/1.1" 200 3124
127.0.0.1 - - [03/Jan/2023:22:20:20 +0100] "POST /Veltri_GiftListAPI/api/user/login HTTP/1.1" 200 1660
0:0:0:0:0:0:0:1 - - [03/Jan/2023:22:20:20 +0100] "GET /Veltri_GiftList/home HTTP/1.1" 200 2960
0:0:0:0:0:0:0:1 - - [03/Jan/2023:22:23:17 +0100] "GET /Veltri_GiftList/connection HTTP/1.1" 200 1366
127.0.0.1 - - [03/Jan/2023:22:23:20 +0100] "POST /Veltri_GiftListAPI/api/user/login HTTP/1.1" 200 1660
0:0:0:0:0:0:0:1 - - [03/Jan/2023:22:23:21 +0100] "POST /Veltri_GiftList/authentication HTTP/1.1" 302 -
127.0.0.1 - - [03/Jan/2023:22:23:21 +0100] "POST /Veltri_GiftListAPI/api/user/login HTTP/1.1" 200 1660
0:0:0:0:0:0:0:1 - - [03/Jan/2023:22:23:21 +0100] "GET /Veltri_GiftList/home HTTP/1.1" 200 2960
127.0.0.1 - - [03/Jan/2023:22:26:00 +0100] "POST /Veltri_GiftListAPI/api/user/login HTTP/1.1" 200 1660
0:0:0:0:0:0:0:1 - - [03/Jan/2023:22:26:00 +0100] "GET /Veltri_GiftList/home HTTP/1.1" 200 2960
127.0.0.1 - - [03/Jan/2023:22:26:02 +0100] "GET /Veltri_GiftListAPI/api/giftList/findById?idGiftList=1 HTTP/1.1" 200 1714
0:0:0:0:0:0:0:1 - - [03/Jan/2023:22:26:02 +0100] "GET /Veltri_GiftList/getInfoList?orderId=1 HTTP/1.1" 302 -
0:0:0:0:0:0:0:1 - - [03/Jan/2023:22:26:02 +0100] "GET /Veltri_GiftList/infoList HTTP/1.1" 500 3022
127.0.0.1 - - [03/Jan/2023:22:28:12 +0100] "POST /Veltri_GiftListAPI/api/user/login HTTP/1.1" 200 1660
0:0:0:0:0:0:0:1 - - [03/Jan/2023:22:28:12 +0100] "GET /Veltri_GiftList/home HTTP/1.1" 200 2960
0:0:0:0:0:0:0:1 - - [03/Jan/2023:22:29:29 +0100] "GET /Veltri_GiftList/addList HTTP/1.1" 200 4786
0:0:0:0:0:0:0:1 - - [03/Jan/2023:22:29:34 +0100] "GET /Veltri_GiftList/addGift?nameList=test&limitDate=&isActive=on&occasion=bacheloretteParty HTTP/1.1" 200 3515
0:0:0:0:0:0:0:1 - - [03/Jan/2023:22:29:42 +0100] "POST /Veltri_GiftList/verifAddGift HTTP/1.1" 500 1445
127.0.0.1 - - [03/Jan/2023:22:30:11 +0100] "GET / HTTP/1.1" 404 681
0:0:0:0:0:0:0:1 - - [03/Jan/2023:22:30:11 +0100] "GET /Veltri_GiftList/connection HTTP/1.1" 200 1366
127.0.0.1 - - [03/Jan/2023:22:30:18 +0100] "POST /Veltri_GiftListAPI/api/user/login HTTP/1.1" 200 1660
0:0:0:0:0:0:0:1 - - [03/Jan/2023:22:30:18 +0100] "POST /Veltri_GiftList/authentication HTTP/1.1" 302 -
127.0.0.1 - - [03/Jan/2023:22:30:18 +0100] "POST /Veltri_GiftListAPI/api/user/login HTTP/1.1" 200 1660
0:0:0:0:0:0:0:1 - - [03/Jan/2023:22:30:18 +0100] "GET /Veltri_GiftList/home HTTP/1.1" 200 2960
0:0:0:0:0:0:0:1 - - [03/Jan/2023:22:30:19 +0100] "GET /Veltri_GiftList/addList HTTP/1.1" 200 4786
0:0:0:0:0:0:0:1 - - [03/Jan/2023:22:30:24 +0100] "GET /Veltri_GiftList/addGift?nameList=test&limitDate=&isActive=on&occasion=bacheloretteParty HTTP/1.1" 200 3515
0:0:0:0:0:0:0:1 - - [03/Jan/2023:22:30:30 +0100] "POST /Veltri_GiftList/verifAddGift HTTP/1.1" 500 1445
0:0:0:0:0:0:0:1 - - [03/Jan/2023:22:31:51 +0100] "POST /Veltri_GiftList/verifAddGift HTTP/1.1" 500 1445
0:0:0:0:0:0:0:1 - - [03/Jan/2023:22:32:32 +0100] "POST /Veltri_GiftList/verifAddGift HTTP/1.1" 500 1445
127.0.0.1 - - [03/Jan/2023:22:33:29 +0100] "GET / HTTP/1.1" 404 681
0:0:0:0:0:0:0:1 - - [03/Jan/2023:22:33:29 +0100] "GET /Veltri_GiftList/connection HTTP/1.1" 200 1366
127.0.0.1 - - [03/Jan/2023:22:33:37 +0100] "POST /Veltri_GiftListAPI/api/user/login HTTP/1.1" 200 1660
0:0:0:0:0:0:0:1 - - [03/Jan/2023:22:33:37 +0100] "POST /Veltri_GiftList/authentication HTTP/1.1" 302 -
127.0.0.1 - - [03/Jan/2023:22:33:37 +0100] "POST /Veltri_GiftListAPI/api/user/login HTTP/1.1" 200 1660
0:0:0:0:0:0:0:1 - - [03/Jan/2023:22:33:37 +0100] "GET /Veltri_GiftList/home HTTP/1.1" 200 2960
0:0:0:0:0:0:0:1 - - [03/Jan/2023:22:33:39 +0100] "GET /Veltri_GiftList/addList HTTP/1.1" 200 4786
0:0:0:0:0:0:0:1 - - [03/Jan/2023:22:33:46 +0100] "GET /Veltri_GiftList/addGift?nameList=test&limitDate=&isActive=on&occasion=wedding HTTP/1.1" 200 3515
0:0:0:0:0:0:0:1 - - [03/Jan/2023:22:33:53 +0100] "POST /Veltri_GiftList/verifAddGift HTTP/1.1" 500 1445
127.0.0.1 - - [03/Jan/2023:22:34:40 +0100] "GET / HTTP/1.1" 404 681
0:0:0:0:0:0:0:1 - - [03/Jan/2023:22:34:41 +0100] "GET /Veltri_GiftList/connection HTTP/1.1" 200 1366
127.0.0.1 - - [03/Jan/2023:22:34:47 +0100] "POST /Veltri_GiftListAPI/api/user/login HTTP/1.1" 200 1660
0:0:0:0:0:0:0:1 - - [03/Jan/2023:22:34:47 +0100] "POST /Veltri_GiftList/authentication HTTP/1.1" 302 -
127.0.0.1 - - [03/Jan/2023:22:34:48 +0100] "POST /Veltri_GiftListAPI/api/user/login HTTP/1.1" 200 1660
0:0:0:0:0:0:0:1 - - [03/Jan/2023:22:34:48 +0100] "GET /Veltri_GiftList/home HTTP/1.1" 200 2960
0:0:0:0:0:0:0:1 - - [03/Jan/2023:22:34:49 +0100] "GET /Veltri_GiftList/addList HTTP/1.1" 200 4786
0:0:0:0:0:0:0:1 - - [03/Jan/2023:22:34:54 +0100] "GET /Veltri_GiftList/addGift?nameList=test&limitDate=&isActive=on&occasion=wedding HTTP/1.1" 200 3515
0:0:0:0:0:0:0:1 - - [03/Jan/2023:22:36:36 +0100] "POST /Veltri_GiftList/verifAddGift HTTP/1.1" 500 1830
0:0:0:0:0:0:0:1 - - [03/Jan/2023:22:37:02 +0100] "GET /Veltri_GiftList/addList HTTP/1.1" 200 4775
0:0:0:0:0:0:0:1 - - [03/Jan/2023:22:37:07 +0100] "GET /Veltri_GiftList/addGift?nameList=test&limitDate=&isActive=on&occasion=wedding HTTP/1.1" 200 3515
0:0:0:0:0:0:0:1 - - [03/Jan/2023:22:37:24 +0100] "POST /Veltri_GiftList/verifAddGift HTTP/1.1" 200 5441
127.0.0.1 - - [03/Jan/2023:22:37:35 +0100] "POST /Veltri_GiftListAPI/api/giftList/create HTTP/1.1" 201 4
127.0.0.1 - - [03/Jan/2023:22:37:35 +0100] "POST /Veltri_GiftListAPI/api/gift/create HTTP/1.1" 201 4
0:0:0:0:0:0:0:1 - - [03/Jan/2023:22:37:35 +0100] "POST /Veltri_GiftList/verifAddList HTTP/1.1" 200 -
127.0.0.1 - - [03/Jan/2023:22:39:07 +0100] "POST /Veltri_GiftListAPI/api/user/login HTTP/1.1" 200 1987
0:0:0:0:0:0:0:1 - - [03/Jan/2023:22:39:07 +0100] "GET /Veltri_GiftList/home HTTP/1.1" 200 3124
127.0.0.1 - - [03/Jan/2023:22:39:10 +0100] "GET /Veltri_GiftListAPI/api/giftList/findById?idGiftList=81 HTTP/1.1" 200 519
0:0:0:0:0:0:0:1 - - [03/Jan/2023:22:39:10 +0100] "GET /Veltri_GiftList/getInfoList?orderId=81 HTTP/1.1" 200 5201
0:0:0:0:0:0:0:1 - - [03/Jan/2023:22:39:10 +0100] "GET /Veltri_GiftList/IMG/deleteRed.png HTTP/1.1" 304 -
