127.0.0.1 - - [31/Dec/2022:15:32:38 +0100] "GET / HTTP/1.1" 404 681
0:0:0:0:0:0:0:1 - - [31/Dec/2022:15:32:40 +0100] "GET /Veltri_GiftList/connection HTTP/1.1" 200 1366
0:0:0:0:0:0:0:1 - - [31/Dec/2022:15:32:40 +0100] "GET /Veltri_GiftList/IMG/background.jpg HTTP/1.1" 304 -
0:0:0:0:0:0:0:1 - - [31/Dec/2022:15:32:40 +0100] "GET /favicon.ico HTTP/1.1" 404 692
127.0.0.1 - - [31/Dec/2022:15:32:50 +0100] "POST /Veltri_GiftListAPI/api/user/login HTTP/1.1" 200 2166
127.0.0.1 - - [31/Dec/2022:15:32:51 +0100] "POST /Veltri_GiftListAPI/api/user/login HTTP/1.1" 200 2166
0:0:0:0:0:0:0:1 - - [31/Dec/2022:15:32:51 +0100] "POST /Veltri_GiftList/authentication HTTP/1.1" 200 3569
127.0.0.1 - - [31/Dec/2022:15:32:54 +0100] "POST /Veltri_GiftListAPI/api/giftList/find HTTP/1.1" 200 11014
0:0:0:0:0:0:0:1 - - [31/Dec/2022:15:32:54 +0100] "GET /Veltri_GiftList/getInfoList?from=my&orderId=0 HTTP/1.1" 200 15325
0:0:0:0:0:0:0:1 - - [31/Dec/2022:15:32:54 +0100] "GET /Veltri_GiftList/CSS/infoListCSS.css HTTP/1.1" 304 -
0:0:0:0:0:0:0:1 - - [31/Dec/2022:15:32:54 +0100] "GET /Veltri_GiftList/IMG/delete.png HTTP/1.1" 304 -
127.0.0.1 - - [31/Dec/2022:15:32:57 +0100] "GET /Veltri_GiftListAPI/api/gift/findById?idGift=1 HTTP/1.1" 200 433
0:0:0:0:0:0:0:1 - - [31/Dec/2022:15:32:59 +0100] "GET /Veltri_GiftList/modifyGift?idGift=1&where=server HTTP/1.1" 200 3678
127.0.0.1 - - [31/Dec/2022:15:33:07 +0100] "GET /Veltri_GiftListAPI/api/gift/findById?idGift=1 HTTP/1.1" 200 433
0:0:0:0:0:0:0:1 - - [31/Dec/2022:15:33:07 +0100] "POST /Veltri_GiftList/verifModifyGift HTTP/1.1" 200 3781
127.0.0.1 - - [31/Dec/2022:15:33:16 +0100] "POST /Veltri_GiftListAPI/api/giftList/find HTTP/1.1" 200 11014
0:0:0:0:0:0:0:1 - - [31/Dec/2022:15:33:16 +0100] "GET /Veltri_GiftList/getInfoList?from=my&orderId=0 HTTP/1.1" 200 15325
127.0.0.1 - - [31/Dec/2022:15:34:43 +0100] "POST /Veltri_GiftListAPI/api/user/login HTTP/1.1" 200 2166
0:0:0:0:0:0:0:1 - - [31/Dec/2022:15:34:43 +0100] "GET /Veltri_GiftList/home HTTP/1.1" 200 3569
0:0:0:0:0:0:0:1 - - [31/Dec/2022:15:34:45 +0100] "GET /Veltri_GiftList/addList HTTP/1.1" 200 4487
0:0:0:0:0:0:0:1 - - [31/Dec/2022:15:34:45 +0100] "GET /Veltri_GiftList/IMG/plus.png HTTP/1.1" 304 -
127.0.0.1 - - [31/Dec/2022:15:34:51 +0100] "POST /Veltri_GiftListAPI/api/user/login HTTP/1.1" 200 2166
0:0:0:0:0:0:0:1 - - [31/Dec/2022:15:34:51 +0100] "GET /Veltri_GiftList/home HTTP/1.1" 200 3569
127.0.0.1 - - [31/Dec/2022:15:34:52 +0100] "POST /Veltri_GiftListAPI/api/giftList/find HTTP/1.1" 200 11014
0:0:0:0:0:0:0:1 - - [31/Dec/2022:15:34:52 +0100] "GET /Veltri_GiftList/getInfoList?from=my&orderId=0 HTTP/1.1" 200 15325
127.0.0.1 - - [31/Dec/2022:16:22:06 +0100] "GET / HTTP/1.1" 404 681
0:0:0:0:0:0:0:1 - - [31/Dec/2022:16:22:14 +0100] "GET /Veltri_GiftList/connection HTTP/1.1" 200 1366
127.0.0.1 - - [31/Dec/2022:16:22:22 +0100] "POST /Veltri_GiftListAPI/api/user/login HTTP/1.1" 200 2166
127.0.0.1 - - [31/Dec/2022:16:22:26 +0100] "POST /Veltri_GiftListAPI/api/user/login HTTP/1.1" 200 2166
0:0:0:0:0:0:0:1 - - [31/Dec/2022:16:22:26 +0100] "POST /Veltri_GiftList/authentication HTTP/1.1" 200 3569
127.0.0.1 - - [31/Dec/2022:16:22:28 +0100] "POST /Veltri_GiftListAPI/api/giftList/find HTTP/1.1" 200 11014
0:0:0:0:0:0:0:1 - - [31/Dec/2022:16:22:29 +0100] "GET /Veltri_GiftList/getInfoList?from=my&orderId=0 HTTP/1.1" 200 15525
127.0.0.1 - - [31/Dec/2022:16:23:20 +0100] "POST /Veltri_GiftListAPI/api/giftList/find HTTP/1.1" 200 11014
0:0:0:0:0:0:0:1 - - [31/Dec/2022:16:23:21 +0100] "GET /Veltri_GiftList/getInfoList?from=my&orderId=0 HTTP/1.1" 200 15528
127.0.0.1 - - [31/Dec/2022:16:23:23 +0100] "GET /Veltri_GiftListAPI/api/gift/findById?idGift=1 HTTP/1.1" 200 433
0:0:0:0:0:0:0:1 - - [31/Dec/2022:16:23:23 +0100] "GET /Veltri_GiftList/infoList?idGift=1 HTTP/1.1" 500 3030
127.0.0.1 - - [31/Dec/2022:16:23:45 +0100] "POST /Veltri_GiftListAPI/api/giftList/find HTTP/1.1" 200 11014
0:0:0:0:0:0:0:1 - - [31/Dec/2022:16:23:45 +0100] "GET /Veltri_GiftList/getInfoList?from=my&orderId=0 HTTP/1.1" 200 15528
127.0.0.1 - - [31/Dec/2022:16:25:34 +0100] "GET / HTTP/1.1" 404 681
127.0.0.1 - - [31/Dec/2022:16:25:36 +0100] "GET /Veltri_GiftList/connection HTTP/1.1" 200 1366
127.0.0.1 - - [31/Dec/2022:16:25:44 +0100] "POST /Veltri_GiftListAPI/api/user/login HTTP/1.1" 200 2166
127.0.0.1 - - [31/Dec/2022:16:25:45 +0100] "POST /Veltri_GiftListAPI/api/user/login HTTP/1.1" 200 2166
127.0.0.1 - - [31/Dec/2022:16:25:45 +0100] "POST /Veltri_GiftList/authentication HTTP/1.1" 200 3569
127.0.0.1 - - [31/Dec/2022:16:25:47 +0100] "POST /Veltri_GiftListAPI/api/giftList/find HTTP/1.1" 200 11014
127.0.0.1 - - [31/Dec/2022:16:25:47 +0100] "GET /Veltri_GiftList/getInfoList?from=my&orderId=0 HTTP/1.1" 200 15528
127.0.0.1 - - [31/Dec/2022:16:25:49 +0100] "GET /Veltri_GiftListAPI/api/gift/findById?idGift=1 HTTP/1.1" 200 433
127.0.0.1 - - [31/Dec/2022:16:25:49 +0100] "GET /Veltri_GiftList/infoList?idGift=1 HTTP/1.1" 500 3020
127.0.0.1 - - [31/Dec/2022:16:27:54 +0100] "POST /Veltri_GiftListAPI/api/giftList/find HTTP/1.1" 200 11014
0:0:0:0:0:0:0:1 - - [31/Dec/2022:16:27:54 +0100] "GET /Veltri_GiftList/getInfoList?from=my&orderId=0 HTTP/1.1" 200 15528
127.0.0.1 - - [31/Dec/2022:16:27:56 +0100] "GET /Veltri_GiftListAPI/api/gift/findById?idGift=1 HTTP/1.1" 200 433
0:0:0:0:0:0:0:1 - - [31/Dec/2022:16:27:56 +0100] "GET /Veltri_GiftList/infoList?idGift=1 HTTP/1.1" 500 3020
0:0:0:0:0:0:0:1 - - [31/Dec/2022:16:30:06 +0100] "GET /Veltri_GiftList/connection HTTP/1.1" 200 1366
127.0.0.1 - - [31/Dec/2022:16:30:11 +0100] "POST /Veltri_GiftListAPI/api/user/login HTTP/1.1" 200 2166
127.0.0.1 - - [31/Dec/2022:16:30:11 +0100] "POST /Veltri_GiftListAPI/api/user/login HTTP/1.1" 200 2166
0:0:0:0:0:0:0:1 - - [31/Dec/2022:16:30:11 +0100] "POST /Veltri_GiftList/authentication HTTP/1.1" 200 3569
127.0.0.1 - - [31/Dec/2022:16:30:13 +0100] "POST /Veltri_GiftListAPI/api/giftList/find HTTP/1.1" 200 11014
0:0:0:0:0:0:0:1 - - [31/Dec/2022:16:30:13 +0100] "GET /Veltri_GiftList/getInfoList?from=my&orderId=0 HTTP/1.1" 200 15528
127.0.0.1 - - [31/Dec/2022:16:30:15 +0100] "GET /Veltri_GiftListAPI/api/gift/findById?idGift=1 HTTP/1.1" 200 433
0:0:0:0:0:0:0:1 - - [31/Dec/2022:16:30:15 +0100] "GET /Veltri_GiftList/infoList?idGift=1 HTTP/1.1" 500 3020
127.0.0.1 - - [31/Dec/2022:16:31:11 +0100] "GET / HTTP/1.1" 404 681
0:0:0:0:0:0:0:1 - - [31/Dec/2022:16:31:22 +0100] "GET /Veltri_GiftList/connection HTTP/1.1" 200 1366
127.0.0.1 - - [31/Dec/2022:16:31:22 +0100] "POST /Veltri_GiftListAPI/api/user/login HTTP/1.1" 200 2166
0:0:0:0:0:0:0:1 - - [31/Dec/2022:16:31:23 +0100] "GET /Veltri_GiftList/home HTTP/1.1" 200 3569
127.0.0.1 - - [31/Dec/2022:16:31:27 +0100] "POST /Veltri_GiftListAPI/api/user/login HTTP/1.1" 200 2166
127.0.0.1 - - [31/Dec/2022:16:31:27 +0100] "POST /Veltri_GiftListAPI/api/user/login HTTP/1.1" 200 2166
0:0:0:0:0:0:0:1 - - [31/Dec/2022:16:31:27 +0100] "POST /Veltri_GiftList/authentication HTTP/1.1" 200 3569
127.0.0.1 - - [31/Dec/2022:16:31:29 +0100] "POST /Veltri_GiftListAPI/api/giftList/find HTTP/1.1" 200 11014
0:0:0:0:0:0:0:1 - - [31/Dec/2022:16:31:29 +0100] "GET /Veltri_GiftList/getInfoList?from=my&orderId=0 HTTP/1.1" 200 15528
127.0.0.1 - - [31/Dec/2022:16:31:31 +0100] "GET /Veltri_GiftListAPI/api/gift/findById?idGift=1 HTTP/1.1" 200 433
0:0:0:0:0:0:0:1 - - [31/Dec/2022:16:31:31 +0100] "GET /Veltri_GiftList/infoList?idGift=1 HTTP/1.1" 500 3020
127.0.0.1 - - [31/Dec/2022:16:32:03 +0100] "GET /Veltri_GiftListAPI/api/gift/findById?idGift=1 HTTP/1.1" 200 433
0:0:0:0:0:0:0:1 - - [31/Dec/2022:16:34:02 +0100] "GET /Veltri_GiftList/infoList?idGift=1 HTTP/1.1" 500 3020
127.0.0.1 - - [31/Dec/2022:16:37:00 +0100] "GET / HTTP/1.1" 404 681
0:0:0:0:0:0:0:1 - - [31/Dec/2022:16:37:13 +0100] "GET /Veltri_GiftList/connection HTTP/1.1" 200 1366
127.0.0.1 - - [31/Dec/2022:16:37:22 +0100] "POST /Veltri_GiftListAPI/api/user/login HTTP/1.1" 200 2166
127.0.0.1 - - [31/Dec/2022:16:37:23 +0100] "POST /Veltri_GiftListAPI/api/user/login HTTP/1.1" 200 2166
0:0:0:0:0:0:0:1 - - [31/Dec/2022:16:37:23 +0100] "POST /Veltri_GiftList/authentication HTTP/1.1" 200 3569
127.0.0.1 - - [31/Dec/2022:16:37:26 +0100] "POST /Veltri_GiftListAPI/api/giftList/find HTTP/1.1" 200 11014
0:0:0:0:0:0:0:1 - - [31/Dec/2022:16:37:30 +0100] "GET /Veltri_GiftList/getInfoList?from=my&orderId=0 HTTP/1.1" 200 15528
127.0.0.1 - - [31/Dec/2022:16:37:33 +0100] "GET /Veltri_GiftListAPI/api/gift/findById?idGift=1 HTTP/1.1" 200 433
127.0.0.1 - - [31/Dec/2022:16:37:33 +0100] "POST /Veltri_GiftListAPI/api/giftList/find HTTP/1.1" 200 11014
127.0.0.1 - - [31/Dec/2022:16:37:40 +0100] "POST /Veltri_GiftListAPI/api/giftList/find HTTP/1.1" 200 329
127.0.0.1 - - [31/Dec/2022:16:37:41 +0100] "POST /Veltri_GiftListAPI/api/giftList/find HTTP/1.1" 200 46224
127.0.0.1 - - [31/Dec/2022:16:37:41 +0100] "POST /Veltri_GiftListAPI/api/giftList/find HTTP/1.1" 200 10057
127.0.0.1 - - [31/Dec/2022:16:37:41 +0100] "POST /Veltri_GiftListAPI/api/giftList/find HTTP/1.1" 200 10057
127.0.0.1 - - [31/Dec/2022:16:37:41 +0100] "POST /Veltri_GiftListAPI/api/giftList/find HTTP/1.1" 200 10045
0:0:0:0:0:0:0:1 - - [31/Dec/2022:16:37:41 +0100] "GET /Veltri_GiftList/infoList?idGift=1 HTTP/1.1" 200 15631
127.0.0.1 - - [31/Dec/2022:16:37:56 +0100] "GET /Veltri_GiftListAPI/api/gift/findById?idGift=1 HTTP/1.1" 200 433
127.0.0.1 - - [31/Dec/2022:16:37:56 +0100] "POST /Veltri_GiftListAPI/api/giftList/find HTTP/1.1" 200 11014
127.0.0.1 - - [31/Dec/2022:16:37:56 +0100] "POST /Veltri_GiftListAPI/api/giftList/find HTTP/1.1" 200 329
127.0.0.1 - - [31/Dec/2022:16:37:56 +0100] "POST /Veltri_GiftListAPI/api/giftList/find HTTP/1.1" 200 46224
127.0.0.1 - - [31/Dec/2022:16:37:56 +0100] "POST /Veltri_GiftListAPI/api/giftList/find HTTP/1.1" 200 10057
127.0.0.1 - - [31/Dec/2022:16:37:57 +0100] "POST /Veltri_GiftListAPI/api/giftList/find HTTP/1.1" 200 10057
127.0.0.1 - - [31/Dec/2022:16:37:57 +0100] "POST /Veltri_GiftListAPI/api/giftList/find HTTP/1.1" 200 10045
0:0:0:0:0:0:0:1 - - [31/Dec/2022:16:37:57 +0100] "GET /Veltri_GiftList/infoList?idGift=1 HTTP/1.1" 200 15631
127.0.0.1 - - [31/Dec/2022:16:38:02 +0100] "GET /Veltri_GiftListAPI/api/gift/findById?idGift=1 HTTP/1.1" 200 433
127.0.0.1 - - [31/Dec/2022:16:38:02 +0100] "POST /Veltri_GiftListAPI/api/giftList/find HTTP/1.1" 200 11014
127.0.0.1 - - [31/Dec/2022:16:38:02 +0100] "POST /Veltri_GiftListAPI/api/giftList/find HTTP/1.1" 200 329
127.0.0.1 - - [31/Dec/2022:16:38:03 +0100] "POST /Veltri_GiftListAPI/api/giftList/find HTTP/1.1" 200 46224
127.0.0.1 - - [31/Dec/2022:16:38:03 +0100] "POST /Veltri_GiftListAPI/api/giftList/find HTTP/1.1" 200 10057
127.0.0.1 - - [31/Dec/2022:16:38:03 +0100] "POST /Veltri_GiftListAPI/api/giftList/find HTTP/1.1" 200 10057
127.0.0.1 - - [31/Dec/2022:16:38:03 +0100] "POST /Veltri_GiftListAPI/api/giftList/find HTTP/1.1" 200 10045
0:0:0:0:0:0:0:1 - - [31/Dec/2022:16:38:03 +0100] "GET /Veltri_GiftList/infoList?idGift=1 HTTP/1.1" 200 15631
127.0.0.1 - - [31/Dec/2022:16:38:13 +0100] "GET /Veltri_GiftListAPI/api/gift/findById?idGift=23 HTTP/1.1" 200 9691
127.0.0.1 - - [31/Dec/2022:16:38:13 +0100] "DELETE /Veltri_GiftListAPI/api/gift/delete/23 HTTP/1.1" 404 635
0:0:0:0:0:0:0:1 - - [31/Dec/2022:16:38:13 +0100] "GET /Veltri_GiftList/infoList?idGift=23 HTTP/1.1" 500 3030
127.0.0.1 - - [31/Dec/2022:16:38:33 +0100] "GET /Veltri_GiftListAPI/api/gift/findById?idGift=1 HTTP/1.1" 200 433
127.0.0.1 - - [31/Dec/2022:16:38:33 +0100] "POST /Veltri_GiftListAPI/api/giftList/find HTTP/1.1" 200 11014
127.0.0.1 - - [31/Dec/2022:16:38:33 +0100] "POST /Veltri_GiftListAPI/api/giftList/find HTTP/1.1" 200 329
127.0.0.1 - - [31/Dec/2022:16:38:33 +0100] "POST /Veltri_GiftListAPI/api/giftList/find HTTP/1.1" 200 46224
127.0.0.1 - - [31/Dec/2022:16:38:34 +0100] "POST /Veltri_GiftListAPI/api/giftList/find HTTP/1.1" 200 10057
127.0.0.1 - - [31/Dec/2022:16:38:34 +0100] "POST /Veltri_GiftListAPI/api/giftList/find HTTP/1.1" 200 10057
127.0.0.1 - - [31/Dec/2022:16:38:34 +0100] "POST /Veltri_GiftListAPI/api/giftList/find HTTP/1.1" 200 10045
0:0:0:0:0:0:0:1 - - [31/Dec/2022:16:38:34 +0100] "GET /Veltri_GiftList/infoList?idGift=1 HTTP/1.1" 200 15631
127.0.0.1 - - [31/Dec/2022:16:38:47 +0100] "GET /Veltri_GiftListAPI/api/gift/findById?idGift=23 HTTP/1.1" 200 9691
127.0.0.1 - - [31/Dec/2022:16:38:47 +0100] "DELETE /Veltri_GiftListAPI/api/gift/delete/23 HTTP/1.1" 404 635
0:0:0:0:0:0:0:1 - - [31/Dec/2022:16:38:47 +0100] "GET /Veltri_GiftList/infoList?idGift=23 HTTP/1.1" 500 3020
127.0.0.1 - - [31/Dec/2022:16:39:09 +0100] "POST /Veltri_GiftListAPI/api/giftList/find HTTP/1.1" 200 11014
0:0:0:0:0:0:0:1 - - [31/Dec/2022:16:39:09 +0100] "GET /Veltri_GiftList/getInfoList?from=my&orderId=0 HTTP/1.1" 200 15528
127.0.0.1 - - [31/Dec/2022:16:39:11 +0100] "POST /Veltri_GiftListAPI/api/giftList/find HTTP/1.1" 200 11014
0:0:0:0:0:0:0:1 - - [31/Dec/2022:16:39:11 +0100] "GET /Veltri_GiftList/getInfoList?from=my&orderId=0 HTTP/1.1" 200 15528
0:0:0:0:0:0:0:1 - - [31/Dec/2022:16:39:23 +0100] "GET /Veltri_GiftList/connection HTTP/1.1" 200 1366
127.0.0.1 - - [31/Dec/2022:16:39:47 +0100] "POST /Veltri_GiftListAPI/api/user/login HTTP/1.1" 200 2166
127.0.0.1 - - [31/Dec/2022:16:39:47 +0100] "POST /Veltri_GiftListAPI/api/user/login HTTP/1.1" 500 4389
0:0:0:0:0:0:0:1 - - [31/Dec/2022:16:39:47 +0100] "POST /Veltri_GiftList/authentication HTTP/1.1" 200 3569
0:0:0:0:0:0:0:1 - - [31/Dec/2022:16:39:49 +0100] "GET /Veltri_GiftList/getInfoList?from=my&orderId=0 HTTP/1.1" 500 1348
127.0.0.1 - - [31/Dec/2022:16:40:29 +0100] "GET / HTTP/1.1" 404 681
0:0:0:0:0:0:0:1 - - [31/Dec/2022:16:40:32 +0100] "GET /Veltri_GiftList/connection HTTP/1.1" 200 1366
127.0.0.1 - - [31/Dec/2022:16:41:15 +0100] "POST /Veltri_GiftListAPI/api/user/login HTTP/1.1" 200 2166
127.0.0.1 - - [31/Dec/2022:16:41:16 +0100] "POST /Veltri_GiftListAPI/api/user/login HTTP/1.1" 200 2166
0:0:0:0:0:0:0:1 - - [31/Dec/2022:16:41:16 +0100] "POST /Veltri_GiftList/authentication HTTP/1.1" 200 3569
127.0.0.1 - - [31/Dec/2022:16:41:18 +0100] "POST /Veltri_GiftListAPI/api/giftList/find HTTP/1.1" 200 11014
0:0:0:0:0:0:0:1 - - [31/Dec/2022:16:41:18 +0100] "GET /Veltri_GiftList/getInfoList?from=my&orderId=0 HTTP/1.1" 200 15528
127.0.0.1 - - [31/Dec/2022:16:41:22 +0100] "GET /Veltri_GiftListAPI/api/gift/findById?idGift=23 HTTP/1.1" 200 9691
127.0.0.1 - - [31/Dec/2022:16:41:22 +0100] "DELETE /Veltri_GiftListAPI/api/gift/delete/23 HTTP/1.1" 404 635
0:0:0:0:0:0:0:1 - - [31/Dec/2022:16:41:22 +0100] "GET /Veltri_GiftList/infoList?idGift=23 HTTP/1.1" 500 3020
127.0.0.1 - - [31/Dec/2022:16:41:31 +0100] "GET /Veltri_GiftListAPI/api/gift/findById?idGift=23 HTTP/1.1" 200 9691
127.0.0.1 - - [31/Dec/2022:16:41:31 +0100] "DELETE /Veltri_GiftListAPI/api/gift/delete/23 HTTP/1.1" 404 635
0:0:0:0:0:0:0:1 - - [31/Dec/2022:16:41:31 +0100] "GET /Veltri_GiftList/infoList?idGift=23 HTTP/1.1" 500 3020
127.0.0.1 - - [31/Dec/2022:16:41:43 +0100] "GET /Veltri_GiftListAPI/api/gift/findById?idGift=23 HTTP/1.1" 200 9691
127.0.0.1 - - [31/Dec/2022:16:41:43 +0100] "DELETE /Veltri_GiftListAPI/api/gift/delete/23 HTTP/1.1" 404 635
0:0:0:0:0:0:0:1 - - [31/Dec/2022:16:41:43 +0100] "GET /Veltri_GiftList/infoList?idGift=23 HTTP/1.1" 500 3020
127.0.0.1 - - [31/Dec/2022:16:42:00 +0100] "GET /Veltri_GiftListAPI/api/gift/findById?idGift=23 HTTP/1.1" 200 9691
127.0.0.1 - - [31/Dec/2022:16:42:00 +0100] "DELETE /Veltri_GiftListAPI/api/gift/delete/23 HTTP/1.1" 404 635
0:0:0:0:0:0:0:1 - - [31/Dec/2022:16:42:00 +0100] "GET /Veltri_GiftList/infoList?idGift=23 HTTP/1.1" 500 3020
127.0.0.1 - - [31/Dec/2022:16:42:54 +0100] "GET /Veltri_GiftListAPI/api/gift/findById?idGift=23 HTTP/1.1" 200 9691
127.0.0.1 - - [31/Dec/2022:16:43:18 +0100] "DELETE /Veltri_GiftListAPI/api/gift/delete/23 HTTP/1.1" 404 635
0:0:0:0:0:0:0:1 - - [31/Dec/2022:16:43:18 +0100] "GET /Veltri_GiftList/infoList?idGift=23 HTTP/1.1" 500 3020
127.0.0.1 - - [31/Dec/2022:16:43:49 +0100] "GET /Veltri_GiftListAPI/api/gift/findById?idGift=23 HTTP/1.1" 200 9691
127.0.0.1 - - [31/Dec/2022:16:43:58 +0100] "DELETE /Veltri_GiftListAPI/api/gift/delete/23 HTTP/1.1" 404 635
0:0:0:0:0:0:0:1 - - [31/Dec/2022:16:44:07 +0100] "GET /Veltri_GiftList/infoList?idGift=23 HTTP/1.1" 500 3020
127.0.0.1 - - [31/Dec/2022:16:46:15 +0100] "POST /Veltri_GiftListAPI/api/giftList/find HTTP/1.1" 200 11014
0:0:0:0:0:0:0:1 - - [31/Dec/2022:16:46:15 +0100] "GET /Veltri_GiftList/getInfoList?from=my&orderId=0 HTTP/1.1" 200 15528
127.0.0.1 - - [31/Dec/2022:16:46:35 +0100] "GET /Veltri_GiftListAPI/api/gift/findById?idGift=23 HTTP/1.1" 200 9691
127.0.0.1 - - [31/Dec/2022:16:46:35 +0100] "DELETE /Veltri_GiftListAPI/api/gift/delete/23 HTTP/1.1" 404 635
0:0:0:0:0:0:0:1 - - [31/Dec/2022:16:46:35 +0100] "GET /Veltri_GiftList/infoList?idGift=23 HTTP/1.1" 503 700
127.0.0.1 - - [31/Dec/2022:16:47:20 +0100] "GET /Veltri_GiftListAPI/api/gift/findById?idGift=23 HTTP/1.1" 200 9691
127.0.0.1 - - [31/Dec/2022:16:47:20 +0100] "DELETE /Veltri_GiftListAPI/api/gift/delete?idGift=23 HTTP/1.1" 204 -
127.0.0.1 - - [31/Dec/2022:16:47:21 +0100] "POST /Veltri_GiftListAPI/api/giftList/find HTTP/1.1" 200 1322
127.0.0.1 - - [31/Dec/2022:16:47:21 +0100] "POST /Veltri_GiftListAPI/api/giftList/find HTTP/1.1" 200 329
127.0.0.1 - - [31/Dec/2022:16:47:21 +0100] "POST /Veltri_GiftListAPI/api/giftList/find HTTP/1.1" 200 46224
127.0.0.1 - - [31/Dec/2022:16:47:21 +0100] "POST /Veltri_GiftListAPI/api/giftList/find HTTP/1.1" 200 10057
127.0.0.1 - - [31/Dec/2022:16:47:22 +0100] "POST /Veltri_GiftListAPI/api/giftList/find HTTP/1.1" 200 10057
127.0.0.1 - - [31/Dec/2022:16:47:22 +0100] "POST /Veltri_GiftListAPI/api/giftList/find HTTP/1.1" 200 10045
0:0:0:0:0:0:0:1 - - [31/Dec/2022:16:47:22 +0100] "GET /Veltri_GiftList/infoList?idGift=23 HTTP/1.1" 500 3020
127.0.0.1 - - [31/Dec/2022:16:47:39 +0100] "POST /Veltri_GiftListAPI/api/giftList/find HTTP/1.1" 200 1322
0:0:0:0:0:0:0:1 - - [31/Dec/2022:16:47:39 +0100] "GET /Veltri_GiftList/getInfoList?from=my&orderId=0 HTTP/1.1" 200 5325
127.0.0.1 - - [31/Dec/2022:16:48:41 +0100] "GET / HTTP/1.1" 404 681
0:0:0:0:0:0:0:1 - - [31/Dec/2022:16:48:53 +0100] "GET /Veltri_GiftList/connection HTTP/1.1" 200 1366
127.0.0.1 - - [31/Dec/2022:16:49:01 +0100] "POST /Veltri_GiftListAPI/api/user/login HTTP/1.1" 200 2166
127.0.0.1 - - [31/Dec/2022:16:49:02 +0100] "POST /Veltri_GiftListAPI/api/user/login HTTP/1.1" 200 2166
0:0:0:0:0:0:0:1 - - [31/Dec/2022:16:49:02 +0100] "POST /Veltri_GiftList/authentication HTTP/1.1" 200 3569
127.0.0.1 - - [31/Dec/2022:16:49:04 +0100] "POST /Veltri_GiftListAPI/api/giftList/find HTTP/1.1" 200 1322
0:0:0:0:0:0:0:1 - - [31/Dec/2022:16:49:04 +0100] "GET /Veltri_GiftList/getInfoList?from=my&orderId=0 HTTP/1.1" 200 5325
127.0.0.1 - - [31/Dec/2022:16:49:10 +0100] "GET /Veltri_GiftListAPI/api/gift/findById?idGift=2 HTTP/1.1" 200 214
127.0.0.1 - - [31/Dec/2022:16:49:10 +0100] "DELETE /Veltri_GiftListAPI/api/gift/delete?idGift=2 HTTP/1.1" 204 -
127.0.0.1 - - [31/Dec/2022:16:49:10 +0100] "POST /Veltri_GiftListAPI/api/giftList/find HTTP/1.1" 200 1107
127.0.0.1 - - [31/Dec/2022:16:49:10 +0100] "POST /Veltri_GiftListAPI/api/giftList/find HTTP/1.1" 200 329
127.0.0.1 - - [31/Dec/2022:16:49:10 +0100] "POST /Veltri_GiftListAPI/api/giftList/find HTTP/1.1" 200 46224
127.0.0.1 - - [31/Dec/2022:16:49:11 +0100] "POST /Veltri_GiftListAPI/api/giftList/find HTTP/1.1" 200 10057
127.0.0.1 - - [31/Dec/2022:16:49:11 +0100] "POST /Veltri_GiftListAPI/api/giftList/find HTTP/1.1" 200 10057
127.0.0.1 - - [31/Dec/2022:16:49:11 +0100] "POST /Veltri_GiftListAPI/api/giftList/find HTTP/1.1" 200 10045
0:0:0:0:0:0:0:1 - - [31/Dec/2022:16:49:11 +0100] "GET /Veltri_GiftList/infoList?idGift=2 HTTP/1.1" 500 3020
127.0.0.1 - - [31/Dec/2022:16:49:55 +0100] "GET / HTTP/1.1" 404 681
0:0:0:0:0:0:0:1 - - [31/Dec/2022:16:50:10 +0100] "GET /Veltri_GiftList/connection HTTP/1.1" 200 1366
127.0.0.1 - - [31/Dec/2022:16:50:11 +0100] "POST /Veltri_GiftListAPI/api/user/login HTTP/1.1" 200 2166
0:0:0:0:0:0:0:1 - - [31/Dec/2022:16:50:11 +0100] "GET /Veltri_GiftList/home HTTP/1.1" 200 3569
127.0.0.1 - - [31/Dec/2022:16:50:16 +0100] "POST /Veltri_GiftListAPI/api/user/login HTTP/1.1" 200 2166
127.0.0.1 - - [31/Dec/2022:16:50:16 +0100] "POST /Veltri_GiftListAPI/api/user/login HTTP/1.1" 200 2166
0:0:0:0:0:0:0:1 - - [31/Dec/2022:16:50:16 +0100] "POST /Veltri_GiftList/authentication HTTP/1.1" 200 3569
127.0.0.1 - - [31/Dec/2022:16:50:19 +0100] "POST /Veltri_GiftListAPI/api/giftList/find HTTP/1.1" 200 1107
0:0:0:0:0:0:0:1 - - [31/Dec/2022:16:50:19 +0100] "GET /Veltri_GiftList/getInfoList?from=my&orderId=0 HTTP/1.1" 200 4659
127.0.0.1 - - [31/Dec/2022:16:50:23 +0100] "POST /Veltri_GiftListAPI/api/giftList/find HTTP/1.1" 200 46224
0:0:0:0:0:0:0:1 - - [31/Dec/2022:16:50:23 +0100] "GET /Veltri_GiftList/getInfoList?from=my&orderId=2 HTTP/1.1" 200 49414
127.0.0.1 - - [31/Dec/2022:16:50:29 +0100] "POST /Veltri_GiftListAPI/api/giftList/find HTTP/1.1" 200 10057
0:0:0:0:0:0:0:1 - - [31/Dec/2022:16:50:30 +0100] "GET /Veltri_GiftList/getInfoList?from=my&orderId=4 HTTP/1.1" 200 13245
127.0.0.1 - - [31/Dec/2022:16:50:32 +0100] "POST /Veltri_GiftListAPI/api/giftList/find HTTP/1.1" 200 10045
0:0:0:0:0:0:0:1 - - [31/Dec/2022:16:50:32 +0100] "GET /Veltri_GiftList/getInfoList?from=my&orderId=5 HTTP/1.1" 200 13235
127.0.0.1 - - [31/Dec/2022:16:50:35 +0100] "POST /Veltri_GiftListAPI/api/giftList/find HTTP/1.1" 200 329
0:0:0:0:0:0:0:1 - - [31/Dec/2022:16:50:35 +0100] "GET /Veltri_GiftList/getInfoList?from=my&orderId=1 HTTP/1.1" 200 3012
127.0.0.1 - - [31/Dec/2022:16:50:37 +0100] "POST /Veltri_GiftListAPI/api/giftList/find HTTP/1.1" 200 46224
0:0:0:0:0:0:0:1 - - [31/Dec/2022:16:50:37 +0100] "GET /Veltri_GiftList/getInfoList?from=my&orderId=2 HTTP/1.1" 200 49414
127.0.0.1 - - [31/Dec/2022:16:50:40 +0100] "POST /Veltri_GiftListAPI/api/giftList/find HTTP/1.1" 200 10057
0:0:0:0:0:0:0:1 - - [31/Dec/2022:16:50:40 +0100] "GET /Veltri_GiftList/getInfoList?from=my&orderId=3 HTTP/1.1" 200 13245
127.0.0.1 - - [31/Dec/2022:16:50:43 +0100] "GET /Veltri_GiftListAPI/api/gift/findById?idGift=61 HTTP/1.1" 200 9733
127.0.0.1 - - [31/Dec/2022:16:50:43 +0100] "DELETE /Veltri_GiftListAPI/api/gift/delete?idGift=61 HTTP/1.1" 204 -
127.0.0.1 - - [31/Dec/2022:16:50:54 +0100] "POST /Veltri_GiftListAPI/api/giftList/find HTTP/1.1" 200 1107
127.0.0.1 - - [31/Dec/2022:16:51:13 +0100] "POST /Veltri_GiftListAPI/api/giftList/find HTTP/1.1" 200 329
127.0.0.1 - - [31/Dec/2022:16:51:13 +0100] "POST /Veltri_GiftListAPI/api/giftList/find HTTP/1.1" 200 46224
127.0.0.1 - - [31/Dec/2022:16:51:14 +0100] "POST /Veltri_GiftListAPI/api/giftList/find HTTP/1.1" 200 324
127.0.0.1 - - [31/Dec/2022:16:51:14 +0100] "POST /Veltri_GiftListAPI/api/giftList/find HTTP/1.1" 200 324
127.0.0.1 - - [31/Dec/2022:16:51:14 +0100] "POST /Veltri_GiftListAPI/api/giftList/find HTTP/1.1" 200 10045
0:0:0:0:0:0:0:1 - - [31/Dec/2022:16:51:14 +0100] "GET /Veltri_GiftList/infoList?idGift=61 HTTP/1.1" 500 3020
127.0.0.1 - - [31/Dec/2022:16:54:12 +0100] "GET /Veltri_GiftListAPI/api/gift/findById?idGift=61 HTTP/1.1" 503 673
0:0:0:0:0:0:0:1 - - [31/Dec/2022:16:54:12 +0100] "GET /Veltri_GiftList/infoList?idGift=61 HTTP/1.1" 500 1348
127.0.0.1 - - [31/Dec/2022:16:54:17 +0100] "POST /Veltri_GiftListAPI/api/giftList/find HTTP/1.1" 200 324
0:0:0:0:0:0:0:1 - - [31/Dec/2022:16:54:17 +0100] "GET /Veltri_GiftList/getInfoList?from=my&orderId=4 HTTP/1.1" 200 3000
127.0.0.1 - - [31/Dec/2022:16:54:20 +0100] "POST /Veltri_GiftListAPI/api/giftList/find HTTP/1.1" 200 324
0:0:0:0:0:0:0:1 - - [31/Dec/2022:16:54:20 +0100] "GET /Veltri_GiftList/getInfoList?from=my&orderId=3 HTTP/1.1" 200 3000
127.0.0.1 - - [31/Dec/2022:16:54:23 +0100] "POST /Veltri_GiftListAPI/api/giftList/find HTTP/1.1" 200 46224
0:0:0:0:0:0:0:1 - - [31/Dec/2022:16:54:23 +0100] "GET /Veltri_GiftList/getInfoList?from=my&orderId=2 HTTP/1.1" 200 49414
127.0.0.1 - - [31/Dec/2022:16:54:25 +0100] "GET /Veltri_GiftListAPI/api/gift/findById?idGift=58 HTTP/1.1" 200 45891
127.0.0.1 - - [31/Dec/2022:16:54:26 +0100] "DELETE /Veltri_GiftListAPI/api/gift/delete?idGift=58 HTTP/1.1" 204 -
127.0.0.1 - - [31/Dec/2022:16:54:26 +0100] "POST /Veltri_GiftListAPI/api/giftList/find HTTP/1.1" 200 1107
127.0.0.1 - - [31/Dec/2022:16:54:26 +0100] "POST /Veltri_GiftListAPI/api/giftList/find HTTP/1.1" 200 329
127.0.0.1 - - [31/Dec/2022:16:54:26 +0100] "POST /Veltri_GiftListAPI/api/giftList/find HTTP/1.1" 200 333
127.0.0.1 - - [31/Dec/2022:16:54:26 +0100] "POST /Veltri_GiftListAPI/api/giftList/find HTTP/1.1" 200 324
127.0.0.1 - - [31/Dec/2022:16:54:26 +0100] "POST /Veltri_GiftListAPI/api/giftList/find HTTP/1.1" 200 324
127.0.0.1 - - [31/Dec/2022:16:54:27 +0100] "POST /Veltri_GiftListAPI/api/giftList/find HTTP/1.1" 200 10045
0:0:0:0:0:0:0:1 - - [31/Dec/2022:16:54:27 +0100] "GET /Veltri_GiftList/infoList?idGift=58 HTTP/1.1" 500 1408
127.0.0.1 - - [31/Dec/2022:16:55:00 +0100] "POST /Veltri_GiftListAPI/api/giftList/find HTTP/1.1" 200 329
0:0:0:0:0:0:0:1 - - [31/Dec/2022:16:55:00 +0100] "GET /Veltri_GiftList/getInfoList?from=my&orderId=1 HTTP/1.1" 200 3012
127.0.0.1 - - [31/Dec/2022:16:55:04 +0100] "POST /Veltri_GiftListAPI/api/giftList/find HTTP/1.1" 200 333
0:0:0:0:0:0:0:1 - - [31/Dec/2022:16:55:04 +0100] "GET /Veltri_GiftList/getInfoList?from=my&orderId=2 HTTP/1.1" 200 3009
127.0.0.1 - - [31/Dec/2022:16:55:06 +0100] "POST /Veltri_GiftListAPI/api/giftList/find HTTP/1.1" 200 324
0:0:0:0:0:0:0:1 - - [31/Dec/2022:16:55:06 +0100] "GET /Veltri_GiftList/getInfoList?from=my&orderId=3 HTTP/1.1" 200 3000
127.0.0.1 - - [31/Dec/2022:16:55:08 +0100] "POST /Veltri_GiftListAPI/api/giftList/find HTTP/1.1" 200 324
0:0:0:0:0:0:0:1 - - [31/Dec/2022:16:55:08 +0100] "GET /Veltri_GiftList/getInfoList?from=my&orderId=4 HTTP/1.1" 200 3000
127.0.0.1 - - [31/Dec/2022:16:55:09 +0100] "POST /Veltri_GiftListAPI/api/giftList/find HTTP/1.1" 200 10045
0:0:0:0:0:0:0:1 - - [31/Dec/2022:16:55:09 +0100] "GET /Veltri_GiftList/getInfoList?from=my&orderId=5 HTTP/1.1" 200 13235
127.0.0.1 - - [31/Dec/2022:16:55:12 +0100] "GET /Veltri_GiftListAPI/api/gift/findById?idGift=62 HTTP/1.1" 200 9706
127.0.0.1 - - [31/Dec/2022:16:55:12 +0100] "POST /Veltri_GiftListAPI/api/giftList/find HTTP/1.1" 200 1107
127.0.0.1 - - [31/Dec/2022:16:55:12 +0100] "POST /Veltri_GiftListAPI/api/giftList/find HTTP/1.1" 200 329
127.0.0.1 - - [31/Dec/2022:16:55:12 +0100] "POST /Veltri_GiftListAPI/api/giftList/find HTTP/1.1" 200 333
127.0.0.1 - - [31/Dec/2022:16:55:13 +0100] "POST /Veltri_GiftListAPI/api/giftList/find HTTP/1.1" 200 324
127.0.0.1 - - [31/Dec/2022:16:55:13 +0100] "POST /Veltri_GiftListAPI/api/giftList/find HTTP/1.1" 200 324
127.0.0.1 - - [31/Dec/2022:16:55:13 +0100] "POST /Veltri_GiftListAPI/api/giftList/find HTTP/1.1" 200 10045
127.0.0.1 - - [31/Dec/2022:16:55:18 +0100] "DELETE /Veltri_GiftListAPI/api/gift/delete?idGift=62 HTTP/1.1" 204 -
0:0:0:0:0:0:0:1 - - [31/Dec/2022:16:55:18 +0100] "GET /Veltri_GiftList/infoList?idGift=62 HTTP/1.1" 503 700
127.0.0.1 - - [31/Dec/2022:16:57:26 +0100] "GET /Veltri_GiftListAPI/api/gift/findById?idGift=62 HTTP/1.1" 503 673
0:0:0:0:0:0:0:1 - - [31/Dec/2022:16:57:26 +0100] "GET /Veltri_GiftList/infoList?idGift=62 HTTP/1.1" 500 1348
127.0.0.1 - - [31/Dec/2022:16:58:17 +0100] "POST /Veltri_GiftListAPI/api/user/login HTTP/1.1" 200 2166
127.0.0.1 - - [31/Dec/2022:16:58:17 +0100] "POST /Veltri_GiftListAPI/api/user/login HTTP/1.1" 200 2166
0:0:0:0:0:0:0:1 - - [31/Dec/2022:16:58:17 +0100] "POST /Veltri_GiftList/authentication HTTP/1.1" 200 3569
127.0.0.1 - - [31/Dec/2022:16:58:19 +0100] "POST /Veltri_GiftListAPI/api/giftList/find HTTP/1.1" 200 339
0:0:0:0:0:0:0:1 - - [31/Dec/2022:16:58:23 +0100] "GET /Veltri_GiftList/getInfoList?from=my&orderId=5 HTTP/1.1" 200 3015
127.0.0.1 - - [31/Dec/2022:16:58:46 +0100] "POST /Veltri_GiftListAPI/api/user/login HTTP/1.1" 500 4389
0:0:0:0:0:0:0:1 - - [31/Dec/2022:16:58:46 +0100] "GET /Veltri_GiftList/home HTTP/1.1" 200 3569
0:0:0:0:0:0:0:1 - - [31/Dec/2022:16:58:48 +0100] "GET /Veltri_GiftList/getInfoList?from=my&orderId=0 HTTP/1.1" 500 1348
0:0:0:0:0:0:0:1 - - [31/Dec/2022:16:58:53 +0100] "GET /Veltri_GiftList/deconnection HTTP/1.1" 302 -
0:0:0:0:0:0:0:1 - - [31/Dec/2022:16:58:53 +0100] "GET /Veltri_GiftList/connection HTTP/1.1" 200 1366
127.0.0.1 - - [31/Dec/2022:16:59:00 +0100] "POST /Veltri_GiftListAPI/api/user/login HTTP/1.1" 204 -
0:0:0:0:0:0:0:1 - - [31/Dec/2022:16:59:00 +0100] "POST /Veltri_GiftList/authentication HTTP/1.1" 200 1466
127.0.0.1 - - [31/Dec/2022:16:59:43 +0100] "GET / HTTP/1.1" 404 681
127.0.0.1 - - [31/Dec/2022:16:59:47 +0100] "POST /Veltri_GiftListAPI/api/user/login HTTP/1.1" 200 2166
127.0.0.1 - - [31/Dec/2022:16:59:49 +0100] "POST /Veltri_GiftListAPI/api/user/login HTTP/1.1" 200 2166
0:0:0:0:0:0:0:1 - - [31/Dec/2022:16:59:49 +0100] "POST /Veltri_GiftList/authentication HTTP/1.1" 200 3569
127.0.0.1 - - [31/Dec/2022:16:59:54 +0100] "POST /Veltri_GiftListAPI/api/giftList/find HTTP/1.1" 200 1336
0:0:0:0:0:0:0:1 - - [31/Dec/2022:16:59:59 +0100] "GET /Veltri_GiftList/getInfoList?from=my&orderId=0 HTTP/1.1" 200 5342
127.0.0.1 - - [31/Dec/2022:17:00:03 +0100] "GET /Veltri_GiftListAPI/api/gift/findById?idGift=81 HTTP/1.1" 200 228
127.0.0.1 - - [31/Dec/2022:17:00:04 +0100] "POST /Veltri_GiftListAPI/api/giftList/find HTTP/1.1" 200 1336
127.0.0.1 - - [31/Dec/2022:17:00:04 +0100] "POST /Veltri_GiftListAPI/api/giftList/find HTTP/1.1" 200 329
127.0.0.1 - - [31/Dec/2022:17:00:04 +0100] "POST /Veltri_GiftListAPI/api/giftList/find HTTP/1.1" 200 333
127.0.0.1 - - [31/Dec/2022:17:00:04 +0100] "POST /Veltri_GiftListAPI/api/giftList/find HTTP/1.1" 200 324
127.0.0.1 - - [31/Dec/2022:17:00:04 +0100] "POST /Veltri_GiftListAPI/api/giftList/find HTTP/1.1" 200 324
127.0.0.1 - - [31/Dec/2022:17:00:04 +0100] "POST /Veltri_GiftListAPI/api/giftList/find HTTP/1.1" 200 339
127.0.0.1 - - [31/Dec/2022:17:00:05 +0100] "DELETE /Veltri_GiftListAPI/api/gift/delete?idGift=81 HTTP/1.1" 204 -
0:0:0:0:0:0:0:1 - - [31/Dec/2022:17:00:37 +0100] "GET /Veltri_GiftList/infoList?idGift=81 HTTP/1.1" 200 4659
127.0.0.1 - - [31/Dec/2022:17:01:09 +0100] "GET /Veltri_GiftListAPI/api/gift/findById?idGift=81 HTTP/1.1" 503 673
0:0:0:0:0:0:0:1 - - [31/Dec/2022:17:01:09 +0100] "GET /Veltri_GiftList/infoList?idGift=81 HTTP/1.1" 500 1348
127.0.0.1 - - [31/Dec/2022:17:01:11 +0100] "POST /Veltri_GiftListAPI/api/user/login HTTP/1.1" 200 2166
0:0:0:0:0:0:0:1 - - [31/Dec/2022:17:01:11 +0100] "GET /Veltri_GiftList/home HTTP/1.1" 200 3569
127.0.0.1 - - [31/Dec/2022:17:01:13 +0100] "POST /Veltri_GiftListAPI/api/giftList/find HTTP/1.1" 200 1794
0:0:0:0:0:0:0:1 - - [31/Dec/2022:17:01:13 +0100] "GET /Veltri_GiftList/getInfoList?from=my&orderId=0 HTTP/1.1" 200 6708
127.0.0.1 - - [31/Dec/2022:17:01:16 +0100] "GET /Veltri_GiftListAPI/api/gift/findById?idGift=82 HTTP/1.1" 200 228
127.0.0.1 - - [31/Dec/2022:17:01:17 +0100] "POST /Veltri_GiftListAPI/api/giftList/find HTTP/1.1" 200 1794
127.0.0.1 - - [31/Dec/2022:17:01:17 +0100] "POST /Veltri_GiftListAPI/api/giftList/find HTTP/1.1" 200 329
127.0.0.1 - - [31/Dec/2022:17:01:17 +0100] "POST /Veltri_GiftListAPI/api/giftList/find HTTP/1.1" 200 333
127.0.0.1 - - [31/Dec/2022:17:01:17 +0100] "POST /Veltri_GiftListAPI/api/giftList/find HTTP/1.1" 200 324
127.0.0.1 - - [31/Dec/2022:17:01:17 +0100] "POST /Veltri_GiftListAPI/api/giftList/find HTTP/1.1" 200 324
127.0.0.1 - - [31/Dec/2022:17:01:17 +0100] "POST /Veltri_GiftListAPI/api/giftList/find HTTP/1.1" 200 339
127.0.0.1 - - [31/Dec/2022:17:01:17 +0100] "DELETE /Veltri_GiftListAPI/api/gift/delete?idGift=82 HTTP/1.1" 204 -
0:0:0:0:0:0:0:1 - - [31/Dec/2022:17:01:17 +0100] "GET /Veltri_GiftList/infoList?idGift=82 HTTP/1.1" 200 6025
127.0.0.1 - - [31/Dec/2022:17:02:00 +0100] "GET /Veltri_GiftListAPI/api/gift/findById?idGift=84 HTTP/1.1" 200 228
127.0.0.1 - - [31/Dec/2022:17:02:00 +0100] "POST /Veltri_GiftListAPI/api/giftList/find HTTP/1.1" 200 1565
127.0.0.1 - - [31/Dec/2022:17:02:00 +0100] "POST /Veltri_GiftListAPI/api/giftList/find HTTP/1.1" 200 329
127.0.0.1 - - [31/Dec/2022:17:02:00 +0100] "POST /Veltri_GiftListAPI/api/giftList/find HTTP/1.1" 200 333
127.0.0.1 - - [31/Dec/2022:17:02:01 +0100] "POST /Veltri_GiftListAPI/api/giftList/find HTTP/1.1" 200 324
127.0.0.1 - - [31/Dec/2022:17:02:01 +0100] "POST /Veltri_GiftListAPI/api/giftList/find HTTP/1.1" 200 324
127.0.0.1 - - [31/Dec/2022:17:02:01 +0100] "POST /Veltri_GiftListAPI/api/giftList/find HTTP/1.1" 200 339
127.0.0.1 - - [31/Dec/2022:17:02:01 +0100] "DELETE /Veltri_GiftListAPI/api/gift/delete?idGift=84 HTTP/1.1" 204 -
0:0:0:0:0:0:0:1 - - [31/Dec/2022:17:02:01 +0100] "GET /Veltri_GiftList/infoList?idGift=84 HTTP/1.1" 200 5342
